<?xml version="1.0" encoding="UTF-8" ?>
<testsuites name="vitest tests" tests="68" failures="12" errors="0" time="80.449">
    <testsuite name="src/pages/__tests__/AdminDashboard.access-control.test.tsx" timestamp="2025-08-10T08:32:00.672Z" hostname="DESKTOP-CSMHNRS" tests="1" failures="1" errors="0" skipped="0" time="0.368">
        <testcase classname="src/pages/__tests__/AdminDashboard.access-control.test.tsx" name="AdminDashboard access control &gt; redirects to /login when unauthenticated (renders null)" time="0.356">
            <system-err>
Warning: `ReactDOMTestUtils.act` is deprecated in favor of `React.act`. Import `act` from `react` instead of `react-dom/test-utils`. See https://react.dev/warnings/react-dom-test-utils for more info.

            </system-err>
            <failure message="expected &lt;div …(1)&gt;&lt;div …(1)&gt;…(2)&lt;/div&gt;&lt;/div&gt; to be null" type="AssertionError">
AssertionError: expected &lt;div …(1)&gt;&lt;div …(1)&gt;…(2)&lt;/div&gt;&lt;/div&gt; to be null
 ❯ src/pages/__tests__/AdminDashboard.access-control.test.tsx:13:38
            </failure>
        </testcase>
    </testsuite>
    <testsuite name="src/pages/__tests__/AdminDashboard.audit-filters.test.tsx" timestamp="2025-08-10T08:32:00.698Z" hostname="DESKTOP-CSMHNRS" tests="1" failures="0" errors="0" skipped="0" time="5.089">
        <testcase classname="src/pages/__tests__/AdminDashboard.audit-filters.test.tsx" name="AdminDashboard Audit filters &gt; applies audit filters and calls service with correct params" time="5.05">
            <system-err>
Warning: `ReactDOMTestUtils.act` is deprecated in favor of `React.act`. Import `act` from `react` instead of `react-dom/test-utils`. See https://react.dev/warnings/react-dom-test-utils for more info.

Warning: An update to AdminDashboard inside a test was not wrapped in act(...).

When testing, code that causes React state updates should be wrapped into act(...):

act(() =&gt; {
  /* fire events that update state */
});
/* assert on the output */

This ensures that you&apos;re testing the behavior the user would see in the browser. Learn more at https://reactjs.org/link/wrap-tests-with-act
    at AdminDashboard (/home/alex/projects/fin-model/frontend/src/pages/AdminDashboard.tsx:46:79)
Warning: An update to AdminDashboard inside a test was not wrapped in act(...).

When testing, code that causes React state updates should be wrapped into act(...):

act(() =&gt; {
  /* fire events that update state */
});
/* assert on the output */

This ensures that you&apos;re testing the behavior the user would see in the browser. Learn more at https://reactjs.org/link/wrap-tests-with-act
    at AdminDashboard (/home/alex/projects/fin-model/frontend/src/pages/AdminDashboard.tsx:46:79)
Warning: An update to AdminDashboard inside a test was not wrapped in act(...).

When testing, code that causes React state updates should be wrapped into act(...):

act(() =&gt; {
  /* fire events that update state */
});
/* assert on the output */

This ensures that you&apos;re testing the behavior the user would see in the browser. Learn more at https://reactjs.org/link/wrap-tests-with-act
    at AdminDashboard (/home/alex/projects/fin-model/frontend/src/pages/AdminDashboard.tsx:46:79)

            </system-err>
        </testcase>
    </testsuite>
    <testsuite name="src/pages/__tests__/AdminDashboard.audit-permissions.test.tsx" timestamp="2025-08-10T08:32:00.703Z" hostname="DESKTOP-CSMHNRS" tests="2" failures="2" errors="0" skipped="0" time="5.073">
        <testcase classname="src/pages/__tests__/AdminDashboard.audit-permissions.test.tsx" name="AdminDashboard Audit and Permissions &gt; displays permissions information" time="3.109">
            <system-err>
Warning: `ReactDOMTestUtils.act` is deprecated in favor of `React.act`. Import `act` from `react` instead of `react-dom/test-utils`. See https://react.dev/warnings/react-dom-test-utils for more info.

            </system-err>
            <failure message="Unable to find an element with the text: 99. This could be because the text is broken up by multiple elements. In this case, you can provide a function for your text matcher to make your matcher more flexible.

Ignored nodes: comments, script, style
[36m&lt;body&gt;[39m
  [36m&lt;div&gt;[39m
    [36m&lt;div[39m
      [33mclass[39m=[32m&quot;min-h-screen bg-background&quot;[39m
    [36m&gt;[39m
      [36m&lt;div[39m
        [33mclass[39m=[32m&quot;border-b bg-card&quot;[39m
      [36m&gt;[39m
        [36m&lt;div[39m
          [33mclass[39m=[32m&quot;container mx-auto px-4 py-4&quot;[39m
        [36m&gt;[39m
          [36m&lt;div[39m
            [33mclass[39m=[32m&quot;flex items-center justify-between&quot;[39m
          [36m&gt;[39m
            [36m&lt;div&gt;[39m
              [36m&lt;h1[39m
                [33mclass[39m=[32m&quot;text-2xl font-bold&quot;[39m
              [36m&gt;[39m
                [0mAdmin Dashboard[0m
              [36m&lt;/h1&gt;[39m
              [36m&lt;p[39m
                [33mclass[39m=[32m&quot;text-muted-foreground&quot;[39m
              [36m&gt;[39m
                [0mSystem administration and monitoring[0m
              [36m&lt;/p&gt;[39m
            [36m&lt;/div&gt;[39m
            [36m&lt;div[39m
              [33mclass[39m=[32m&quot;flex items-center space-x-2&quot;[39m
            [36m&gt;[39m
              [36m&lt;button[39m
                [33mclass[39m=[32m&quot;inline-flex items-center justify-center whitespace-nowrap rounded-md font-medium transition-all duration-200 disabled:pointer-events-none disabled:opacity-50 focus-visible:outline-none focus-visible:ring-2 focus-visible:ring-offset-2 active:scale-[0.98] [&amp;_svg]:pointer-events-none [&amp;_svg:not([class*=\&quot;size-\&quot;])]:size-4 [&amp;_svg]:shrink-0 border border-input bg-background hover:bg-accent hover:text-accent-foreground hover:shadow-sm focus-visible:ring-ring/20 h-8 px-3 text-sm gap-1.5 has-[&gt;svg]:px-2.5&quot;[39m
              [36m&gt;[39m
                [36m&lt;svg[39m
                  [33maria-hidden[39m=[32m&quot;true&quot;[39m
                  [33mclass[39m=[32m&quot;lucide lucide-refresh-cw h-4 w-4 mr-2&quot;[39m
                  [33mfill[39m=[32m&quot;none&quot;[39m
                  [33mheight[39m=[32m&quot;24&quot;[39m
                  [33mstroke[39m=[32m&quot;currentColor&quot;[39m
                  [33mstroke-linecap[39m=[32m&quot;round&quot;[39m
                  [33mstroke-linejoin[39m=[32m&quot;round&quot;[39m
                  [33mstroke-width[39m=[32m&quot;2&quot;[39m
                  [33mviewBox[39m=[32m&quot;0 0 24 24&quot;[39m
                  [33mwidth[39m=[32m&quot;24&quot;[39m
                  [33mxmlns[39m=[32m&quot;http://www.w3.org/2000/svg&quot;[39m
                [36m&gt;[39m
                  [36m&lt;path[39m
                    [33md[39m=[32m&quot;M3 12a9 9 0 0 1 9-9 9.75 9.75 0 0 1 6.74 2.74L21 8&quot;[39m
                  [36m/&gt;[39m
                  [36m&lt;path[39m
                    [33md[39m=[32m&quot;M21 3v5h-5&quot;[39m
                  [36m/&gt;[39m
                  [36m&lt;path[39m
                    [33md[39m=[32m&quot;M21 12a9 9 0 0 1-9 9 9.75 9.75 0 0 1-6.74-2.74L3 16&quot;[39m
                  [36m/&gt;[39m
                  [36m&lt;path[39m
                    [33md[39m=[32m&quot;M8 16H3v5&quot;[39m
                  [36m/&gt;[39m
                [36m&lt;/svg&gt;[39m
                [0mRefresh[0m
              [36m&lt;/button&gt;[39m
              [36m&lt;div[39m
                [33mclass[39m=[32m&quot;flex items-center space-x-2 pl-2&quot;[39m
              [36m&gt;[39m
                [36m&lt;span[39m
                  [33mclass[39m=[32m&quot;text-xs text-muted-foreground&quot;[39m
                [36m&gt;[39m
                  [0mAuto Refresh[0m
                [36m&lt;/span&gt;[39m
                [36m&lt;button[39m
                  [33maria-checked[39m=[32m&quot;true&quot;[39m
                  [33mrole[39m=[32m&quot;switch&quot;[39m
                [36m/&gt;[39m
              [36m&lt;/div&gt;[39m
              [36m&lt;button[39m
                [33mclass[39m=[32m&quot;inline-flex items-center justify-center whitespace-nowrap rounded-md font-medium transition-all duration-200 disabled:pointer-events-none disabled:opacity-50 focus-visible:outline-none focus-visible:ring-2 focus-visible:ring-offset-2 active:scale-[0.98] [&amp;_svg]:pointer-events-none [&amp;_svg:not([class*=\&quot;size-\&quot;])]:size-4 [&amp;_svg]:shrink-0 border border-input bg-background hover:bg-accent hover:text-accent-foreground hover:shadow-sm focus-visible:ring-ring/20 h-8 px-3 text-sm gap-1.5 has-[&gt;svg]:px-2.5&quot;[39m
              [36m&gt;[39m
                [0mBack to App[0m
              [36m&lt;/button&gt;[39m
            [36m&lt;/div&gt;[39m
          [36m&lt;/div&gt;[39m
        [36m&lt;/div&gt;[39m
      [36m&lt;/div&gt;[39m
      [36m&lt;div[39m
        [33mclass[39m=[32m&quot;container mx-auto px-4 py-6&quot;[39m
      [36m&gt;[39m
        [36m&lt;div[39m
          [33mdata-testid[39m=[32m&quot;Tabs&quot;[39m
        [36m&gt;[39m
          [36m&lt;div[39m
            [33mrole[39m=[32m&quot;tablist&quot;[39m
          [36m&gt;[39m
            [36m&lt;button[39m
              [33mrole[39m=[32m&quot;tab&quot;[39m
            [36m&gt;[39m
              [36m&lt;svg[39m
                [33maria-hidden[39m=[32m&quot;true&quot;[39m
                [33mclass[39m=[32m&quot;lucide lucide-activity h-4 w-4&quot;[39m
                [33mfill[39m=[32m&quot;none&quot;[39m
                [33mheight[39m=[32m&quot;24&quot;[39m
                [33mstroke[39m=[32m&quot;currentColor&quot;[39m
                [33mstroke-linecap[39m=[32m&quot;round&quot;[39m
                [33mstroke-linejoin[39m=[32m&quot;round&quot;[39m
                [33mstroke-width[39m=[32m&quot;2&quot;[39m
                [33mviewBox[39m=[32m&quot;0 0 24 24&quot;[39m
                [33mwidth[39m=[32m&quot;24&quot;[39m
                [33mxmlns[39m=[32m&quot;http://www.w3.org/2000/svg&quot;[39m
              [36m&gt;[39m
                [36m&lt;path[39m
                  [33md[39m=[32m&quot;M22 12h-2.48a2 2 0 0 0-1.93 1.46l-2.35 8.36a.25.25 0 0 1-.48 0L9.24 2.18a.25.25 0 0 0-.48 0l-2.35 8.36A2 2 0 0 1 4.49 12H2&quot;[39m
                [36m/&gt;[39m
              [36m&lt;/svg&gt;[39m
              [36m&lt;span[39m
                [33mclass[39m=[32m&quot;hidden lg:inline&quot;[39m
              [36m&gt;[39m
                [0mOverview[0m
              [36m&lt;/span&gt;[39m
            [36m&lt;/button&gt;[39m
            [36m&lt;button[39m
              [33mrole[39m=[32m&quot;tab&quot;[39m
            [36m&gt;[39m
              [36m&lt;svg[39m
                [33maria-hidden[39m=[32m&quot;true&quot;[39m
                [33mclass[39m=[32m&quot;lucide lucide-users h-4 w-4&quot;[39m
                [33mfill[39m=[32m&quot;none&quot;[39m
                [33mheight[39m=[32m&quot;24&quot;[39m
                [33mstroke[39m=[32m&quot;currentColor&quot;[39m
                [33mstroke-linecap[39m=[32m&quot;round&quot;[39m
                [33mstroke-linejoin[39m=[32m&quot;round&quot;[39m
                [33mstroke-width[39m=[32m&quot;2&quot;[39m
                [33mviewBox[39m=[32m&quot;0 0 24 24&quot;[39m
                [33mwidth[39m=[32m&quot;24&quot;[39m
                [33mxmlns[39m=[32m&quot;http://www.w3.org/2000/svg&quot;[39m
              [36m&gt;[39m
                [36m&lt;path[39m
                  [33md[39m=[32m&quot;M16 21v-2a4 4 0 0 0-4-4H6a4 4 0 0 0-4 4v2&quot;[39m
                [36m/&gt;[39m
                [36m&lt;path[39m
                  [33md[39m=[32m&quot;M16 3.128a4 4 0 0 1 0 7.744&quot;[39m
                [36m/&gt;[39m
                [36m&lt;path[39m
                  [33md[39m=[32...

Ignored nodes: comments, script, style
[36m&lt;body&gt;[39m
  [36m&lt;div&gt;[39m
    [36m&lt;div[39m
      [33mclass[39m=[32m&quot;min-h-screen bg-background&quot;[39m
    [36m&gt;[39m
      [36m&lt;div[39m
        [33mclass[39m=[32m&quot;border-b bg-card&quot;[39m
      [36m&gt;[39m
        [36m&lt;div[39m
          [33mclass[39m=[32m&quot;container mx-auto px-4 py-4&quot;[39m
        [36m&gt;[39m
          [36m&lt;div[39m
            [33mclass[39m=[32m&quot;flex items-center justify-between&quot;[39m
          [36m&gt;[39m
            [36m&lt;div&gt;[39m
              [36m&lt;h1[39m
                [33mclass[39m=[32m&quot;text-2xl font-bold&quot;[39m
              [36m&gt;[39m
                [0mAdmin Dashboard[0m
              [36m&lt;/h1&gt;[39m
              [36m&lt;p[39m
                [33mclass[39m=[32m&quot;text-muted-foreground&quot;[39m
              [36m&gt;[39m
                [0mSystem administration and monitoring[0m
              [36m&lt;/p&gt;[39m
            [36m&lt;/div&gt;[39m
            [36m&lt;div[39m
              [33mclass[39m=[32m&quot;flex items-center space-x-2&quot;[39m
            [36m&gt;[39m
              [36m&lt;button[39m
                [33mclass[39m=[32m&quot;inline-flex items-center justify-center whitespace-nowrap rounded-md font-medium transition-all duration-200 disabled:pointer-events-none disabled:opacity-50 focus-visible:outline-none focus-visible:ring-2 focus-visible:ring-offset-2 active:scale-[0.98] [&amp;_svg]:pointer-events-none [&amp;_svg:not([class*=\&quot;size-\&quot;])]:size-4 [&amp;_svg]:shrink-0 border border-input bg-background hover:bg-accent hover:text-accent-foreground hover:shadow-sm focus-visible:ring-ring/20 h-8 px-3 text-sm gap-1.5 has-[&gt;svg]:px-2.5&quot;[39m
              [36m&gt;[39m
                [36m&lt;svg[39m
                  [33maria-hidden[39m=[32m&quot;true&quot;[39m
                  [33mclass[39m=[32m&quot;lucide lucide-refresh-cw h-4 w-4 mr-2&quot;[39m
                  [33mfill[39m=[32m&quot;none&quot;[39m
                  [33mheight[39m=[32m&quot;24&quot;[39m
                  [33mstroke[39m=[32m&quot;currentColor&quot;[39m
                  [33mstroke-linecap[39m=[32m&quot;round&quot;[39m
                  [33mstroke-linejoin[39m=[32m&quot;round&quot;[39m
                  [33mstroke-width[39m=[32m&quot;2&quot;[39m
                  [33mviewBox[39m=[32m&quot;0 0 24 24&quot;[39m
                  [33mwidth[39m=[32m&quot;24&quot;[39m
                  [33mxmlns[39m=[32m&quot;http://www.w3.org/2000/svg&quot;[39m
                [36m&gt;[39m
                  [36m&lt;path[39m
                    [33md[39m=[32m&quot;M3 12a9 9 0 0 1 9-9 9.75 9.75 0 0 1 6.74 2.74L21 8&quot;[39m
                  [36m/&gt;[39m
                  [36m&lt;path[39m
                    [33md[39m=[32m&quot;M21 3v5h-5&quot;[39m
                  [36m/&gt;[39m
                  [36m&lt;path[39m
                    [33md[39m=[32m&quot;M21 12a9 9 0 0 1-9 9 9.75 9.75 0 0 1-6.74-2.74L3 16&quot;[39m
                  [36m/&gt;[39m
                  [36m&lt;path[39m
                    [33md[39m=[32m&quot;M8 16H3v5&quot;[39m
                  [36m/&gt;[39m
                [36m&lt;/svg&gt;[39m
                [0mRefresh[0m
              [36m&lt;/button&gt;[39m
              [36m&lt;div[39m
                [33mclass[39m=[32m&quot;flex items-center space-x-2 pl-2&quot;[39m
              [36m&gt;[39m
                [36m&lt;span[39m
                  [33mclass[39m=[32m&quot;text-xs text-muted-foreground&quot;[39m
                [36m&gt;[39m
                  [0mAuto Refresh[0m
                [36m&lt;/span&gt;[39m
                [36m&lt;button[39m
                  [33maria-checked[39m=[32m&quot;true&quot;[39m
                  [33mrole[39m=[32m&quot;switch&quot;[39m
                [36m/&gt;[39m
              [36m&lt;/div&gt;[39m
              [36m&lt;button[39m
                [33mclass[39m=[32m&quot;inline-flex items-center justify-center whitespace-nowrap rounded-md font-medium transition-all duration-200 disabled:pointer-events-none disabled:opacity-50 focus-visible:outline-none focus-visible:ring-2 focus-visible:ring-offset-2 active:scale-[0.98] [&amp;_svg]:pointer-events-none [&amp;_svg:not([class*=\&quot;size-\&quot;])]:size-4 [&amp;_svg]:shrink-0 border border-input bg-background hover:bg-accent hover:text-accent-foreground hover:shadow-sm focus-visible:ring-ring/20 h-8 px-3 text-sm gap-1.5 has-[&gt;svg]:px-2.5&quot;[39m
              [36m&gt;[39m
                [0mBack to App[0m
              [36m&lt;/button&gt;[39m
            [36m&lt;/div&gt;[39m
          [36m&lt;/div&gt;[39m
        [36m&lt;/div&gt;[39m
      [36m&lt;/div&gt;[39m
      [36m&lt;div[39m
        [33mclass[39m=[32m&quot;container mx-auto px-4 py-6&quot;[39m
      [36m&gt;[39m
        [36m&lt;div[39m
          [33mdata-testid[39m=[32m&quot;Tabs&quot;[39m
        [36m&gt;[39m
          [36m&lt;div[39m
            [33mrole[39m=[32m&quot;tablist&quot;[39m
          [36m&gt;[39m
            [36m&lt;button[39m
              [33mrole[39m=[32m&quot;tab&quot;[39m
            [36m&gt;[39m
              [36m&lt;svg[39m
                [33maria-hidden[39m=[32m&quot;true&quot;[39m
                [33mclass[39m=[32m&quot;lucide lucide-activity h-4 w-4&quot;[39m
                [33mfill[39m=[32m&quot;none&quot;[39m
                [33mheight[39m=[32m&quot;24&quot;[39m
                [33mstroke[39m=[32m&quot;currentColor&quot;[39m
                [33mstroke-linecap[39m=[32m&quot;round&quot;[39m
                [33mstroke-linejoin[39m=[32m&quot;round&quot;[39m
                [33mstroke-width[39m=[32m&quot;2&quot;[39m
                [33mviewBox[39m=[32m&quot;0 0 24 24&quot;[39m
                [33mwidth[39m=[32m&quot;24&quot;[39m
                [33mxmlns[39m=[32m&quot;http://www.w3.org/2000/svg&quot;[39m
              [36m&gt;[39m
                [36m&lt;path[39m
                  [33md[39m=[32m&quot;M22 12h-2.48a2 2 0 0 0-1.93 1.46l-2.35 8.36a.25.25 0 0 1-.48 0L9.24 2.18a.25.25 0 0 0-.48 0l-2.35 8.36A2 2 0 0 1 4.49 12H2&quot;[39m
                [36m/&gt;[39m
              [36m&lt;/svg&gt;[39m
              [36m&lt;span[39m
                [33mclass[39m=[32m&quot;hidden lg:inline&quot;[39m
              [36m&gt;[39m
                [0mOverview[0m
              [36m&lt;/span&gt;[39m
            [36m&lt;/button&gt;[39m
            [36m&lt;button[39m
              [33mrole[39m=[32m&quot;tab&quot;[39m
            [36m&gt;[39m
              [36m&lt;svg[39m
                [33maria-hidden[39m=[32m&quot;true&quot;[39m
                [33mclass[39m=[32m&quot;lucide lucide-users h-4 w-4&quot;[39m
                [33mfill[39m=[32m&quot;none&quot;[39m
                [33mheight[39m=[32m&quot;24&quot;[39m
                [33mstroke[39m=[32m&quot;currentColor&quot;[39m
                [33mstroke-linecap[39m=[32m&quot;round&quot;[39m
                [33mstroke-linejoin[39m=[32m&quot;round&quot;[39m
                [33mstroke-width[39m=[32m&quot;2&quot;[39m
                [33mviewBox[39m=[32m&quot;0 0 24 24&quot;[39m
                [33mwidth[39m=[32m&quot;24&quot;[39m
                [33mxmlns[39m=[32m&quot;http://www.w3.org/2000/svg&quot;[39m
              [36m&gt;[39m
                [36m&lt;path[39m
                  [33md[39m=[32m&quot;M16 21v-2a4 4 0 0 0-4-4H6a4 4 0 0 0-4 4v2&quot;[39m
                [36m/&gt;[39m
                [36m&lt;path[39m
                  [33md[39m=[32m&quot;M16 3.128a4 4 0 0 1 0 7.744&quot;[39m
                [36m/&gt;[39m
                [36m&lt;path[39m
                  [33md[39m=[32..." type="TestingLibraryElementError">
TestingLibraryElementError: Unable to find an element with the text: 99. This could be because the text is broken up by multiple elements. In this case, you can provide a function for your text matcher to make your matcher more flexible.

Ignored nodes: comments, script, style
[36m&lt;body&gt;[39m
  [36m&lt;div&gt;[39m
    [36m&lt;div[39m
      [33mclass[39m=[32m&quot;min-h-screen bg-background&quot;[39m
    [36m&gt;[39m
      [36m&lt;div[39m
        [33mclass[39m=[32m&quot;border-b bg-card&quot;[39m
      [36m&gt;[39m
        [36m&lt;div[39m
          [33mclass[39m=[32m&quot;container mx-auto px-4 py-4&quot;[39m
        [36m&gt;[39m
          [36m&lt;div[39m
            [33mclass[39m=[32m&quot;flex items-center justify-between&quot;[39m
          [36m&gt;[39m
            [36m&lt;div&gt;[39m
              [36m&lt;h1[39m
                [33mclass[39m=[32m&quot;text-2xl font-bold&quot;[39m
              [36m&gt;[39m
                [0mAdmin Dashboard[0m
              [36m&lt;/h1&gt;[39m
              [36m&lt;p[39m
                [33mclass[39m=[32m&quot;text-muted-foreground&quot;[39m
              [36m&gt;[39m
                [0mSystem administration and monitoring[0m
              [36m&lt;/p&gt;[39m
            [36m&lt;/div&gt;[39m
            [36m&lt;div[39m
              [33mclass[39m=[32m&quot;flex items-center space-x-2&quot;[39m
            [36m&gt;[39m
              [36m&lt;button[39m
                [33mclass[39m=[32m&quot;inline-flex items-center justify-center whitespace-nowrap rounded-md font-medium transition-all duration-200 disabled:pointer-events-none disabled:opacity-50 focus-visible:outline-none focus-visible:ring-2 focus-visible:ring-offset-2 active:scale-[0.98] [&amp;_svg]:pointer-events-none [&amp;_svg:not([class*=\&quot;size-\&quot;])]:size-4 [&amp;_svg]:shrink-0 border border-input bg-background hover:bg-accent hover:text-accent-foreground hover:shadow-sm focus-visible:ring-ring/20 h-8 px-3 text-sm gap-1.5 has-[&gt;svg]:px-2.5&quot;[39m
              [36m&gt;[39m
                [36m&lt;svg[39m
                  [33maria-hidden[39m=[32m&quot;true&quot;[39m
                  [33mclass[39m=[32m&quot;lucide lucide-refresh-cw h-4 w-4 mr-2&quot;[39m
                  [33mfill[39m=[32m&quot;none&quot;[39m
                  [33mheight[39m=[32m&quot;24&quot;[39m
                  [33mstroke[39m=[32m&quot;currentColor&quot;[39m
                  [33mstroke-linecap[39m=[32m&quot;round&quot;[39m
                  [33mstroke-linejoin[39m=[32m&quot;round&quot;[39m
                  [33mstroke-width[39m=[32m&quot;2&quot;[39m
                  [33mviewBox[39m=[32m&quot;0 0 24 24&quot;[39m
                  [33mwidth[39m=[32m&quot;24&quot;[39m
                  [33mxmlns[39m=[32m&quot;http://www.w3.org/2000/svg&quot;[39m
                [36m&gt;[39m
                  [36m&lt;path[39m
                    [33md[39m=[32m&quot;M3 12a9 9 0 0 1 9-9 9.75 9.75 0 0 1 6.74 2.74L21 8&quot;[39m
                  [36m/&gt;[39m
                  [36m&lt;path[39m
                    [33md[39m=[32m&quot;M21 3v5h-5&quot;[39m
                  [36m/&gt;[39m
                  [36m&lt;path[39m
                    [33md[39m=[32m&quot;M21 12a9 9 0 0 1-9 9 9.75 9.75 0 0 1-6.74-2.74L3 16&quot;[39m
                  [36m/&gt;[39m
                  [36m&lt;path[39m
                    [33md[39m=[32m&quot;M8 16H3v5&quot;[39m
                  [36m/&gt;[39m
                [36m&lt;/svg&gt;[39m
                [0mRefresh[0m
              [36m&lt;/button&gt;[39m
              [36m&lt;div[39m
                [33mclass[39m=[32m&quot;flex items-center space-x-2 pl-2&quot;[39m
              [36m&gt;[39m
                [36m&lt;span[39m
                  [33mclass[39m=[32m&quot;text-xs text-muted-foreground&quot;[39m
                [36m&gt;[39m
                  [0mAuto Refresh[0m
                [36m&lt;/span&gt;[39m
                [36m&lt;button[39m
                  [33maria-checked[39m=[32m&quot;true&quot;[39m
                  [33mrole[39m=[32m&quot;switch&quot;[39m
                [36m/&gt;[39m
              [36m&lt;/div&gt;[39m
              [36m&lt;button[39m
                [33mclass[39m=[32m&quot;inline-flex items-center justify-center whitespace-nowrap rounded-md font-medium transition-all duration-200 disabled:pointer-events-none disabled:opacity-50 focus-visible:outline-none focus-visible:ring-2 focus-visible:ring-offset-2 active:scale-[0.98] [&amp;_svg]:pointer-events-none [&amp;_svg:not([class*=\&quot;size-\&quot;])]:size-4 [&amp;_svg]:shrink-0 border border-input bg-background hover:bg-accent hover:text-accent-foreground hover:shadow-sm focus-visible:ring-ring/20 h-8 px-3 text-sm gap-1.5 has-[&gt;svg]:px-2.5&quot;[39m
              [36m&gt;[39m
                [0mBack to App[0m
              [36m&lt;/button&gt;[39m
            [36m&lt;/div&gt;[39m
          [36m&lt;/div&gt;[39m
        [36m&lt;/div&gt;[39m
      [36m&lt;/div&gt;[39m
      [36m&lt;div[39m
        [33mclass[39m=[32m&quot;container mx-auto px-4 py-6&quot;[39m
      [36m&gt;[39m
        [36m&lt;div[39m
          [33mdata-testid[39m=[32m&quot;Tabs&quot;[39m
        [36m&gt;[39m
          [36m&lt;div[39m
            [33mrole[39m=[32m&quot;tablist&quot;[39m
          [36m&gt;[39m
            [36m&lt;button[39m
              [33mrole[39m=[32m&quot;tab&quot;[39m
            [36m&gt;[39m
              [36m&lt;svg[39m
                [33maria-hidden[39m=[32m&quot;true&quot;[39m
                [33mclass[39m=[32m&quot;lucide lucide-activity h-4 w-4&quot;[39m
                [33mfill[39m=[32m&quot;none&quot;[39m
                [33mheight[39m=[32m&quot;24&quot;[39m
                [33mstroke[39m=[32m&quot;currentColor&quot;[39m
                [33mstroke-linecap[39m=[32m&quot;round&quot;[39m
                [33mstroke-linejoin[39m=[32m&quot;round&quot;[39m
                [33mstroke-width[39m=[32m&quot;2&quot;[39m
                [33mviewBox[39m=[32m&quot;0 0 24 24&quot;[39m
                [33mwidth[39m=[32m&quot;24&quot;[39m
                [33mxmlns[39m=[32m&quot;http://www.w3.org/2000/svg&quot;[39m
              [36m&gt;[39m
                [36m&lt;path[39m
                  [33md[39m=[32m&quot;M22 12h-2.48a2 2 0 0 0-1.93 1.46l-2.35 8.36a.25.25 0 0 1-.48 0L9.24 2.18a.25.25 0 0 0-.48 0l-2.35 8.36A2 2 0 0 1 4.49 12H2&quot;[39m
                [36m/&gt;[39m
              [36m&lt;/svg&gt;[39m
              [36m&lt;span[39m
                [33mclass[39m=[32m&quot;hidden lg:inline&quot;[39m
              [36m&gt;[39m
                [0mOverview[0m
              [36m&lt;/span&gt;[39m
            [36m&lt;/button&gt;[39m
            [36m&lt;button[39m
              [33mrole[39m=[32m&quot;tab&quot;[39m
            [36m&gt;[39m
              [36m&lt;svg[39m
                [33maria-hidden[39m=[32m&quot;true&quot;[39m
                [33mclass[39m=[32m&quot;lucide lucide-users h-4 w-4&quot;[39m
                [33mfill[39m=[32m&quot;none&quot;[39m
                [33mheight[39m=[32m&quot;24&quot;[39m
                [33mstroke[39m=[32m&quot;currentColor&quot;[39m
                [33mstroke-linecap[39m=[32m&quot;round&quot;[39m
                [33mstroke-linejoin[39m=[32m&quot;round&quot;[39m
                [33mstroke-width[39m=[32m&quot;2&quot;[39m
                [33mviewBox[39m=[32m&quot;0 0 24 24&quot;[39m
                [33mwidth[39m=[32m&quot;24&quot;[39m
                [33mxmlns[39m=[32m&quot;http://www.w3.org/2000/svg&quot;[39m
              [36m&gt;[39m
                [36m&lt;path[39m
                  [33md[39m=[32m&quot;M16 21v-2a4 4 0 0 0-4-4H6a4 4 0 0 0-4 4v2&quot;[39m
                [36m/&gt;[39m
                [36m&lt;path[39m
                  [33md[39m=[32m&quot;M16 3.128a4 4 0 0 1 0 7.744&quot;[39m
                [36m/&gt;[39m
                [36m&lt;path[39m
                  [33md[39m=[32...

Ignored nodes: comments, script, style
[36m&lt;body&gt;[39m
  [36m&lt;div&gt;[39m
    [36m&lt;div[39m
      [33mclass[39m=[32m&quot;min-h-screen bg-background&quot;[39m
    [36m&gt;[39m
      [36m&lt;div[39m
        [33mclass[39m=[32m&quot;border-b bg-card&quot;[39m
      [36m&gt;[39m
        [36m&lt;div[39m
          [33mclass[39m=[32m&quot;container mx-auto px-4 py-4&quot;[39m
        [36m&gt;[39m
          [36m&lt;div[39m
            [33mclass[39m=[32m&quot;flex items-center justify-between&quot;[39m
          [36m&gt;[39m
            [36m&lt;div&gt;[39m
              [36m&lt;h1[39m
                [33mclass[39m=[32m&quot;text-2xl font-bold&quot;[39m
              [36m&gt;[39m
                [0mAdmin Dashboard[0m
              [36m&lt;/h1&gt;[39m
              [36m&lt;p[39m
                [33mclass[39m=[32m&quot;text-muted-foreground&quot;[39m
              [36m&gt;[39m
                [0mSystem administration and monitoring[0m
              [36m&lt;/p&gt;[39m
            [36m&lt;/div&gt;[39m
            [36m&lt;div[39m
              [33mclass[39m=[32m&quot;flex items-center space-x-2&quot;[39m
            [36m&gt;[39m
              [36m&lt;button[39m
                [33mclass[39m=[32m&quot;inline-flex items-center justify-center whitespace-nowrap rounded-md font-medium transition-all duration-200 disabled:pointer-events-none disabled:opacity-50 focus-visible:outline-none focus-visible:ring-2 focus-visible:ring-offset-2 active:scale-[0.98] [&amp;_svg]:pointer-events-none [&amp;_svg:not([class*=\&quot;size-\&quot;])]:size-4 [&amp;_svg]:shrink-0 border border-input bg-background hover:bg-accent hover:text-accent-foreground hover:shadow-sm focus-visible:ring-ring/20 h-8 px-3 text-sm gap-1.5 has-[&gt;svg]:px-2.5&quot;[39m
              [36m&gt;[39m
                [36m&lt;svg[39m
                  [33maria-hidden[39m=[32m&quot;true&quot;[39m
                  [33mclass[39m=[32m&quot;lucide lucide-refresh-cw h-4 w-4 mr-2&quot;[39m
                  [33mfill[39m=[32m&quot;none&quot;[39m
                  [33mheight[39m=[32m&quot;24&quot;[39m
                  [33mstroke[39m=[32m&quot;currentColor&quot;[39m
                  [33mstroke-linecap[39m=[32m&quot;round&quot;[39m
                  [33mstroke-linejoin[39m=[32m&quot;round&quot;[39m
                  [33mstroke-width[39m=[32m&quot;2&quot;[39m
                  [33mviewBox[39m=[32m&quot;0 0 24 24&quot;[39m
                  [33mwidth[39m=[32m&quot;24&quot;[39m
                  [33mxmlns[39m=[32m&quot;http://www.w3.org/2000/svg&quot;[39m
                [36m&gt;[39m
                  [36m&lt;path[39m
                    [33md[39m=[32m&quot;M3 12a9 9 0 0 1 9-9 9.75 9.75 0 0 1 6.74 2.74L21 8&quot;[39m
                  [36m/&gt;[39m
                  [36m&lt;path[39m
                    [33md[39m=[32m&quot;M21 3v5h-5&quot;[39m
                  [36m/&gt;[39m
                  [36m&lt;path[39m
                    [33md[39m=[32m&quot;M21 12a9 9 0 0 1-9 9 9.75 9.75 0 0 1-6.74-2.74L3 16&quot;[39m
                  [36m/&gt;[39m
                  [36m&lt;path[39m
                    [33md[39m=[32m&quot;M8 16H3v5&quot;[39m
                  [36m/&gt;[39m
                [36m&lt;/svg&gt;[39m
                [0mRefresh[0m
              [36m&lt;/button&gt;[39m
              [36m&lt;div[39m
                [33mclass[39m=[32m&quot;flex items-center space-x-2 pl-2&quot;[39m
              [36m&gt;[39m
                [36m&lt;span[39m
                  [33mclass[39m=[32m&quot;text-xs text-muted-foreground&quot;[39m
                [36m&gt;[39m
                  [0mAuto Refresh[0m
                [36m&lt;/span&gt;[39m
                [36m&lt;button[39m
                  [33maria-checked[39m=[32m&quot;true&quot;[39m
                  [33mrole[39m=[32m&quot;switch&quot;[39m
                [36m/&gt;[39m
              [36m&lt;/div&gt;[39m
              [36m&lt;button[39m
                [33mclass[39m=[32m&quot;inline-flex items-center justify-center whitespace-nowrap rounded-md font-medium transition-all duration-200 disabled:pointer-events-none disabled:opacity-50 focus-visible:outline-none focus-visible:ring-2 focus-visible:ring-offset-2 active:scale-[0.98] [&amp;_svg]:pointer-events-none [&amp;_svg:not([class*=\&quot;size-\&quot;])]:size-4 [&amp;_svg]:shrink-0 border border-input bg-background hover:bg-accent hover:text-accent-foreground hover:shadow-sm focus-visible:ring-ring/20 h-8 px-3 text-sm gap-1.5 has-[&gt;svg]:px-2.5&quot;[39m
              [36m&gt;[39m
                [0mBack to App[0m
              [36m&lt;/button&gt;[39m
            [36m&lt;/div&gt;[39m
          [36m&lt;/div&gt;[39m
        [36m&lt;/div&gt;[39m
      [36m&lt;/div&gt;[39m
      [36m&lt;div[39m
        [33mclass[39m=[32m&quot;container mx-auto px-4 py-6&quot;[39m
      [36m&gt;[39m
        [36m&lt;div[39m
          [33mdata-testid[39m=[32m&quot;Tabs&quot;[39m
        [36m&gt;[39m
          [36m&lt;div[39m
            [33mrole[39m=[32m&quot;tablist&quot;[39m
          [36m&gt;[39m
            [36m&lt;button[39m
              [33mrole[39m=[32m&quot;tab&quot;[39m
            [36m&gt;[39m
              [36m&lt;svg[39m
                [33maria-hidden[39m=[32m&quot;true&quot;[39m
                [33mclass[39m=[32m&quot;lucide lucide-activity h-4 w-4&quot;[39m
                [33mfill[39m=[32m&quot;none&quot;[39m
                [33mheight[39m=[32m&quot;24&quot;[39m
                [33mstroke[39m=[32m&quot;currentColor&quot;[39m
                [33mstroke-linecap[39m=[32m&quot;round&quot;[39m
                [33mstroke-linejoin[39m=[32m&quot;round&quot;[39m
                [33mstroke-width[39m=[32m&quot;2&quot;[39m
                [33mviewBox[39m=[32m&quot;0 0 24 24&quot;[39m
                [33mwidth[39m=[32m&quot;24&quot;[39m
                [33mxmlns[39m=[32m&quot;http://www.w3.org/2000/svg&quot;[39m
              [36m&gt;[39m
                [36m&lt;path[39m
                  [33md[39m=[32m&quot;M22 12h-2.48a2 2 0 0 0-1.93 1.46l-2.35 8.36a.25.25 0 0 1-.48 0L9.24 2.18a.25.25 0 0 0-.48 0l-2.35 8.36A2 2 0 0 1 4.49 12H2&quot;[39m
                [36m/&gt;[39m
              [36m&lt;/svg&gt;[39m
              [36m&lt;span[39m
                [33mclass[39m=[32m&quot;hidden lg:inline&quot;[39m
              [36m&gt;[39m
                [0mOverview[0m
              [36m&lt;/span&gt;[39m
            [36m&lt;/button&gt;[39m
            [36m&lt;button[39m
              [33mrole[39m=[32m&quot;tab&quot;[39m
            [36m&gt;[39m
              [36m&lt;svg[39m
                [33maria-hidden[39m=[32m&quot;true&quot;[39m
                [33mclass[39m=[32m&quot;lucide lucide-users h-4 w-4&quot;[39m
                [33mfill[39m=[32m&quot;none&quot;[39m
                [33mheight[39m=[32m&quot;24&quot;[39m
                [33mstroke[39m=[32m&quot;currentColor&quot;[39m
                [33mstroke-linecap[39m=[32m&quot;round&quot;[39m
                [33mstroke-linejoin[39m=[32m&quot;round&quot;[39m
                [33mstroke-width[39m=[32m&quot;2&quot;[39m
                [33mviewBox[39m=[32m&quot;0 0 24 24&quot;[39m
                [33mwidth[39m=[32m&quot;24&quot;[39m
                [33mxmlns[39m=[32m&quot;http://www.w3.org/2000/svg&quot;[39m
              [36m&gt;[39m
                [36m&lt;path[39m
                  [33md[39m=[32m&quot;M16 21v-2a4 4 0 0 0-4-4H6a4 4 0 0 0-4 4v2&quot;[39m
                [36m/&gt;[39m
                [36m&lt;path[39m
                  [33md[39m=[32m&quot;M16 3.128a4 4 0 0 1 0 7.744&quot;[39m
                [36m/&gt;[39m
                [36m&lt;path[39m
                  [33md[39m=[32...
 ❯ waitForWrapper node_modules/.pnpm/@testing-library+dom@8.20.1/node_modules/@testing-library/dom/dist/wait-for.js:166:27
 ❯ findByText node_modules/.pnpm/@testing-library+dom@8.20.1/node_modules/@testing-library/dom/dist/query-helpers.js:86:33
 ❯ src/pages/__tests__/AdminDashboard.audit-permissions.test.tsx:70:29
            </failure>
        </testcase>
        <testcase classname="src/pages/__tests__/AdminDashboard.audit-permissions.test.tsx" name="AdminDashboard Audit and Permissions &gt; paginates audit logs via Next/Prev controls" time="1.951">
            <system-err>
Warning: An update to OverviewTab inside a test was not wrapped in act(...).

When testing, code that causes React state updates should be wrapped into act(...):

act(() =&gt; {
  /* fire events that update state */
});
/* assert on the output */

This ensures that you&apos;re testing the behavior the user would see in the browser. Learn more at https://reactjs.org/link/wrap-tests-with-act
    at OverviewTab (/home/alex/projects/fin-model/frontend/src/components/AdminDashboard/OverviewTab.tsx:22:94)
    at div
    at TabsContent (/home/alex/projects/fin-model/frontend/src/test/setup.ts:37:25)
    at div
    at Tabs (/home/alex/projects/fin-model/frontend/src/test/setup.ts:28:18)
    at div
    at div
    at AdminDashboard (/home/alex/projects/fin-model/frontend/src/pages/AdminDashboard.tsx:46:79)
Warning: An update to HealthTab inside a test was not wrapped in act(...).

When testing, code that causes React state updates should be wrapped into act(...):

act(() =&gt; {
  /* fire events that update state */
});
/* assert on the output */

This ensures that you&apos;re testing the behavior the user would see in the browser. Learn more at https://reactjs.org/link/wrap-tests-with-act
    at HealthTab (/home/alex/projects/fin-model/frontend/src/components/AdminDashboard/HealthTab.tsx:10:68)
    at div
    at TabsContent (/home/alex/projects/fin-model/frontend/src/test/setup.ts:37:25)
    at div
    at Tabs (/home/alex/projects/fin-model/frontend/src/test/setup.ts:28:18)
    at div
    at div
    at AdminDashboard (/home/alex/projects/fin-model/frontend/src/pages/AdminDashboard.tsx:46:79)
Warning: An update to AdminDashboard inside a test was not wrapped in act(...).

When testing, code that causes React state updates should be wrapped into act(...):

act(() =&gt; {
  /* fire events that update state */
});
/* assert on the output */

This ensures that you&apos;re testing the behavior the user would see in the browser. Learn more at https://reactjs.org/link/wrap-tests-with-act
    at AdminDashboard (/home/alex/projects/fin-model/frontend/src/pages/AdminDashboard.tsx:46:79)
Warning: An update to OverviewTab inside a test was not wrapped in act(...).

When testing, code that causes React state updates should be wrapped into act(...):

act(() =&gt; {
  /* fire events that update state */
});
/* assert on the output */

This ensures that you&apos;re testing the behavior the user would see in the browser. Learn more at https://reactjs.org/link/wrap-tests-with-act
    at OverviewTab (/home/alex/projects/fin-model/frontend/src/components/AdminDashboard/OverviewTab.tsx:22:94)
    at div
    at TabsContent (/home/alex/projects/fin-model/frontend/src/test/setup.ts:37:25)
    at div
    at Tabs (/home/alex/projects/fin-model/frontend/src/test/setup.ts:28:18)
    at div
    at div
    at AdminDashboard (/home/alex/projects/fin-model/frontend/src/pages/AdminDashboard.tsx:46:79)
Warning: An update to HealthTab inside a test was not wrapped in act(...).

When testing, code that causes React state updates should be wrapped into act(...):

act(() =&gt; {
  /* fire events that update state */
});
/* assert on the output */

This ensures that you&apos;re testing the behavior the user would see in the browser. Learn more at https://reactjs.org/link/wrap-tests-with-act
    at HealthTab (/home/alex/projects/fin-model/frontend/src/components/AdminDashboard/HealthTab.tsx:10:68)
    at div
    at TabsContent (/home/alex/projects/fin-model/frontend/src/test/setup.ts:37:25)
    at div
    at Tabs (/home/alex/projects/fin-model/frontend/src/test/setup.ts:28:18)
    at div
    at div
    at AdminDashboard (/home/alex/projects/fin-model/frontend/src/pages/AdminDashboard.tsx:46:79)
Warning: An update to AdminDashboard inside a test was not wrapped in act(...).

When testing, code that causes React state updates should be wrapped into act(...):

act(() =&gt; {
  /* fire events that update state */
});
/* assert on the output */

This ensures that you&apos;re testing the behavior the user would see in the browser. Learn more at https://reactjs.org/link/wrap-tests-with-act
    at AdminDashboard (/home/alex/projects/fin-model/frontend/src/pages/AdminDashboard.tsx:46:79)
Warning: An update to OverviewTab inside a test was not wrapped in act(...).

When testing, code that causes React state updates should be wrapped into act(...):

act(() =&gt; {
  /* fire events that update state */
});
/* assert on the output */

This ensures that you&apos;re testing the behavior the user would see in the browser. Learn more at https://reactjs.org/link/wrap-tests-with-act
    at OverviewTab (/home/alex/projects/fin-model/frontend/src/components/AdminDashboard/OverviewTab.tsx:22:94)
    at div
    at TabsContent (/home/alex/projects/fin-model/frontend/src/test/setup.ts:37:25)
    at div
    at Tabs (/home/alex/projects/fin-model/frontend/src/test/setup.ts:28:18)
    at div
    at div
    at AdminDashboard (/home/alex/projects/fin-model/frontend/src/pages/AdminDashboard.tsx:46:79)
Warning: An update to HealthTab inside a test was not wrapped in act(...).

When testing, code that causes React state updates should be wrapped into act(...):

act(() =&gt; {
  /* fire events that update state */
});
/* assert on the output */

This ensures that you&apos;re testing the behavior the user would see in the browser. Learn more at https://reactjs.org/link/wrap-tests-with-act
    at HealthTab (/home/alex/projects/fin-model/frontend/src/components/AdminDashboard/HealthTab.tsx:10:68)
    at div
    at TabsContent (/home/alex/projects/fin-model/frontend/src/test/setup.ts:37:25)
    at div
    at Tabs (/home/alex/projects/fin-model/frontend/src/test/setup.ts:28:18)
    at div
    at div
    at AdminDashboard (/home/alex/projects/fin-model/frontend/src/pages/AdminDashboard.tsx:46:79)
Warning: An update to AdminDashboard inside a test was not wrapped in act(...).

When testing, code that causes React state updates should be wrapped into act(...):

act(() =&gt; {
  /* fire events that update state */
});
/* assert on the output */

This ensures that you&apos;re testing the behavior the user would see in the browser. Learn more at https://reactjs.org/link/wrap-tests-with-act
    at AdminDashboard (/home/alex/projects/fin-model/frontend/src/pages/AdminDashboard.tsx:46:79)
Warning: An update to OverviewTab inside a test was not wrapped in act(...).

When testing, code that causes React state updates should be wrapped into act(...):

act(() =&gt; {
  /* fire events that update state */
});
/* assert on the output */

This ensures that you&apos;re testing the behavior the user would see in the browser. Learn more at https://reactjs.org/link/wrap-tests-with-act
    at OverviewTab (/home/alex/projects/fin-model/frontend/src/components/AdminDashboard/OverviewTab.tsx:22:94)
    at div
    at TabsContent (/home/alex/projects/fin-model/frontend/src/test/setup.ts:37:25)
    at div
    at Tabs (/home/alex/projects/fin-model/frontend/src/test/setup.ts:28:18)
    at div
    at div
    at AdminDashboard (/home/alex/projects/fin-model/frontend/src/pages/AdminDashboard.tsx:46:79)
Warning: An update to HealthTab inside a test was not wrapped in act(...).

When testing, code that causes React state updates should be wrapped into act(...):

act(() =&gt; {
  /* fire events that update state */
});
/* assert on the output */

This ensures that you&apos;re testing the behavior the user would see in the browser. Learn more at https://reactjs.org/link/wrap-tests-with-act
    at HealthTab (/home/alex/projects/fin-model/frontend/src/components/AdminDashboard/HealthTab.tsx:10:68)
    at div
    at TabsContent (/home/alex/projects/fin-model/frontend/src/test/setup.ts:37:25)
    at div
    at Tabs (/home/alex/projects/fin-model/frontend/src/test/setup.ts:28:18)
    at div
    at div
    at AdminDashboard (/home/alex/projects/fin-model/frontend/src/pages/AdminDashboard.tsx:46:79)
Warning: An update to AdminDashboard inside a test was not wrapped in act(...).

When testing, code that causes React state updates should be wrapped into act(...):

act(() =&gt; {
  /* fire events that update state */
});
/* assert on the output */

This ensures that you&apos;re testing the behavior the user would see in the browser. Learn more at https://reactjs.org/link/wrap-tests-with-act
    at AdminDashboard (/home/alex/projects/fin-model/frontend/src/pages/AdminDashboard.tsx:46:79)

            </system-err>
            <failure message="Found multiple elements with the text: /Audit Logs/i

Here are the matching elements:

Ignored nodes: comments, script, style
[36m&lt;h3[39m
  [33mclass[39m=[32m&quot;font-semibold text-2xl&quot;[39m
[36m&gt;[39m
  [0mAudit Logs[0m
[36m&lt;/h3&gt;[39m

Ignored nodes: comments, script, style
[36m&lt;div[39m
  [33mclass[39m=[32m&quot;p-4 text-muted-foreground&quot;[39m
[36m&gt;[39m
  [0mNo audit logs.[0m
[36m&lt;/div&gt;[39m

(If this is intentional, then use the `*AllBy*` variant of the query (like `queryAllByText`, `getAllByText`, or `findAllByText`)).

Ignored nodes: comments, script, style
[36m&lt;body&gt;[39m
  [36m&lt;div&gt;[39m
    [36m&lt;div[39m
      [33mclass[39m=[32m&quot;min-h-screen bg-background&quot;[39m
    [36m&gt;[39m
      [36m&lt;div[39m
        [33mclass[39m=[32m&quot;border-b bg-card&quot;[39m
      [36m&gt;[39m
        [36m&lt;div[39m
          [33mclass[39m=[32m&quot;container mx-auto px-4 py-4&quot;[39m
        [36m&gt;[39m
          [36m&lt;div[39m
            [33mclass[39m=[32m&quot;flex items-center justify-between&quot;[39m
          [36m&gt;[39m
            [36m&lt;div&gt;[39m
              [36m&lt;h1[39m
                [33mclass[39m=[32m&quot;text-2xl font-bold&quot;[39m
              [36m&gt;[39m
                [0mAdmin Dashboard[0m
              [36m&lt;/h1&gt;[39m
              [36m&lt;p[39m
                [33mclass[39m=[32m&quot;text-muted-foreground&quot;[39m
              [36m&gt;[39m
                [0mSystem administration and monitoring[0m
              [36m&lt;/p&gt;[39m
            [36m&lt;/div&gt;[39m
            [36m&lt;div[39m
              [33mclass[39m=[32m&quot;flex items-center space-x-2&quot;[39m
            [36m&gt;[39m
              [36m&lt;button[39m
                [33mclass[39m=[32m&quot;inline-flex items-center justify-center whitespace-nowrap rounded-md font-medium transition-all duration-200 disabled:pointer-events-none disabled:opacity-50 focus-visible:outline-none focus-visible:ring-2 focus-visible:ring-offset-2 active:scale-[0.98] [&amp;_svg]:pointer-events-none [&amp;_svg:not([class*=\&quot;size-\&quot;])]:size-4 [&amp;_svg]:shrink-0 border border-input bg-background hover:bg-accent hover:text-accent-foreground hover:shadow-sm focus-visible:ring-ring/20 h-8 px-3 text-sm gap-1.5 has-[&gt;svg]:px-2.5&quot;[39m
              [36m&gt;[39m
                [36m&lt;svg[39m
                  [33maria-hidden[39m=[32m&quot;true&quot;[39m
                  [33mclass[39m=[32m&quot;lucide lucide-refresh-cw h-4 w-4 mr-2&quot;[39m
                  [33mfill[39m=[32m&quot;none&quot;[39m
                  [33mheight[39m=[32m&quot;24&quot;[39m
                  [33mstroke[39m=[32m&quot;currentColor&quot;[39m
                  [33mstroke-linecap[39m=[32m&quot;round&quot;[39m
                  [33mstroke-linejoin[39m=[32m&quot;round&quot;[39m
                  [33mstroke-width[39m=[32m&quot;2&quot;[39m
                  [33mviewBox[39m=[32m&quot;0 0 24 24&quot;[39m
                  [33mwidth[39m=[32m&quot;24&quot;[39m
                  [33mxmlns[39m=[32m&quot;http://www.w3.org/2000/svg&quot;[39m
                [36m&gt;[39m
                  [36m&lt;path[39m
                    [33md[39m=[32m&quot;M3 12a9 9 0 0 1 9-9 9.75 9.75 0 0 1 6.74 2.74L21 8&quot;[39m
                  [36m/&gt;[39m
                  [36m&lt;path[39m
                    [33md[39m=[32m&quot;M21 3v5h-5&quot;[39m
                  [36m/&gt;[39m
                  [36m&lt;path[39m
                    [33md[39m=[32m&quot;M21 12a9 9 0 0 1-9 9 9.75 9.75 0 0 1-6.74-2.74L3 16&quot;[39m
                  [36m/&gt;[39m
                  [36m&lt;path[39m
                    [33md[39m=[32m&quot;M8 16H3v5&quot;[39m
                  [36m/&gt;[39m
                [36m&lt;/svg&gt;[39m
                [0mRefresh[0m
              [36m&lt;/button&gt;[39m
              [36m&lt;div[39m
                [33mclass[39m=[32m&quot;flex items-center space-x-2 pl-2&quot;[39m
              [36m&gt;[39m
                [36m&lt;span[39m
                  [33mclass[39m=[32m&quot;text-xs text-muted-foreground&quot;[39m
                [36m&gt;[39m
                  [0mAuto Refresh[0m
                [36m&lt;/span&gt;[39m
                [36m&lt;button[39m
                  [33maria-checked[39m=[32m&quot;true&quot;[39m
                  [33mrole[39m=[32m&quot;switch&quot;[39m
                [36m/&gt;[39m
              [36m&lt;/div&gt;[39m
              [36m&lt;button[39m
                [33mclass[39m=[32m&quot;inline-flex items-center justify-center whitespace-nowrap rounded-md font-medium transition-all duration-200 disabled:pointer-events-none disabled:opacity-50 focus-visible:outline-none focus-visible:ring-2 focus-visible:ring-offset-2 active:scale-[0.98] [&amp;_svg]:pointer-events-none [&amp;_svg:not([class*=\&quot;size-\&quot;])]:size-4 [&amp;_svg]:shrink-0 border border-input bg-background hover:bg-accent hover:text-accent-foreground hover:shadow-sm focus-visible:ring-ring/20 h-8 px-3 text-sm gap-1.5 has-[&gt;svg]:px-2.5&quot;[39m
              [36m&gt;[39m
                [0mBack to App[0m
              [36m&lt;/button&gt;[39m
            [36m&lt;/div&gt;[39m
          [36m&lt;/div&gt;[39m
        [36m&lt;/div&gt;[39m
      [36m&lt;/div&gt;[39m
      [36m&lt;div[39m
        [33mclass[39m=[32m&quot;container mx-auto px-4 py-6&quot;[39m
      [36m&gt;[39m
        [36m&lt;div[39m
          [33mdata-testid[39m=[32m&quot;Tabs&quot;[39m
        [36m&gt;[39m
          [36m&lt;div[39m
            [33mrole[39m=[32m&quot;tablist&quot;[39m
          [36m&gt;[39m
            [36m&lt;button[39m
              [33mrole[39m=[32m&quot;tab&quot;[39m
            [36m&gt;[39m
              [36m&lt;svg[39m
                [33maria-hidden[39m=[32m&quot;true&quot;[39m
                [33mclass[39m=[32m&quot;lucide lucide-activity h-4 w-4&quot;[39m
                [33mfill[39m=[32m&quot;none&quot;[39m
                [33mheight[39m=[32m&quot;24&quot;[39m
                [33mstroke[39m=[32m&quot;currentColor&quot;[39m
                [33mstroke-linecap[39m=[32m&quot;round&quot;[39m
                [33mstroke-linejoin[39m=[32m&quot;round&quot;[39m
                [33mstroke-width[39m=[32m&quot;2&quot;[39m
                [33mviewBox[39m=[32m&quot;0 0 24 24&quot;[39m
                [33mwidth[39m=[32m&quot;24&quot;[39m
                [33mxmlns[39m=[32m&quot;http://www.w3.org/2000/svg&quot;[39m
              [36m&gt;[39m
                [36m&lt;path[39m
                  [33md[39m=[32m&quot;M22 12h-2.48a2 2 0 0 0-1.93 1.46l-2.35 8.36a.25.25 0 0 1-.48 0L9.24 2.18a.25.25 0 0 0-.48 0l-2.35 8.36A2 2 0 0 1 4.49 12H2&quot;[39m
                [36m/&gt;[39m
              [36m&lt;/svg&gt;[39m
              [36m&lt;span[39m
                [33mclass[39m=[32m&quot;hidden lg:inline&quot;[39m
              [36m&gt;[39m
                [0mOverview[0m
              [36m&lt;/span&gt;[39m
            [36m&lt;/button&gt;[39m
            [36m&lt;button[39m
              [33mrole[39m=[32m&quot;tab&quot;[39m
            [36m&gt;[39m
              [36m&lt;svg[39m
                [33maria-hidden[39m=[32m&quot;true&quot;[39m
                [33mclass[39m=[32m&quot;lucide lucide-users h-4 w-4&quot;[39m
                [33mfill[39m=[32m&quot;none&quot;[39m
                [33mheight[39m=[32m&quot;24&quot;[39m
                [33mstroke[39m=[32m&quot;currentColor&quot;[39m
                [33mstroke-linecap[39m=[32m&quot;round&quot;[39m
                [33mstroke-linejoin[39m=[32m&quot;round&quot;[39m
                [33mstroke-width[39m=[32m&quot;2&quot;[39m
                [33mviewBox[39m=[32m&quot;0 0 24 24&quot;[39m
                [33mwidth[39m=[32m&quot;24&quot;[39m
                [33mxmlns[39m=[32m&quot;http://www.w3.org/2000/svg&quot;[39m
              [36m&gt;[39m
                [36m&lt;path[39m
                  [33md[39m=[32m&quot;M16 21v-2a4 4 0 0 0-4-4H6a4 4 0 0 0-4 4v2&quot;[39m
                [36m/&gt;[39m
                [36m&lt;path[39m
                  [33md[39m=[32m&quot;M16 3.128a4 4 0 0 1 0 7.744&quot;[39m
                [36m/&gt;[39m
                [36m&lt;path[39m
                  [33md[39m=[32...

Ignored nodes: comments, script, style
[36m&lt;body&gt;[39m
  [36m&lt;div&gt;[39m
    [36m&lt;div[39m
      [33mclass[39m=[32m&quot;min-h-screen bg-background&quot;[39m
    [36m&gt;[39m
      [36m&lt;div[39m
        [33mclass[39m=[32m&quot;border-b bg-card&quot;[39m
      [36m&gt;[39m
        [36m&lt;div[39m
          [33mclass[39m=[32m&quot;container mx-auto px-4 py-4&quot;[39m
        [36m&gt;[39m
          [36m&lt;div[39m
            [33mclass[39m=[32m&quot;flex items-center justify-between&quot;[39m
          [36m&gt;[39m
            [36m&lt;div&gt;[39m
              [36m&lt;h1[39m
                [33mclass[39m=[32m&quot;text-2xl font-bold&quot;[39m
              [36m&gt;[39m
                [0mAdmin Dashboard[0m
              [36m&lt;/h1&gt;[39m
              [36m&lt;p[39m
                [33mclass[39m=[32m&quot;text-muted-foreground&quot;[39m
              [36m&gt;[39m
                [0mSystem administration and monitoring[0m
              [36m&lt;/p&gt;[39m
            [36m&lt;/div&gt;[39m
            [36m&lt;div[39m
              [33mclass[39m=[32m&quot;flex items-center space-x-2&quot;[39m
            [36m&gt;[39m
              [36m&lt;button[39m
                [33mclass[39m=[32m&quot;inline-flex items-center justify-center whitespace-nowrap rounded-md font-medium transition-all duration-200 disabled:pointer-events-none disabled:opacity-50 focus-visible:outline-none focus-visible:ring-2 focus-visible:ring-offset-2 active:scale-[0.98] [&amp;_svg]:pointer-events-none [&amp;_svg:not([class*=\&quot;size-\&quot;])]:size-4 [&amp;_svg]:shrink-0 border border-input bg-background hover:bg-accent hover:text-accent-foreground hover:shadow-sm focus-visible:ring-ring/20 h-8 px-3 text-sm gap-1.5 has-[&gt;svg]:px-2.5&quot;[39m
              [36m&gt;[39m
                [36m&lt;svg[39m
                  [33maria-hidden[39m=[32m&quot;true&quot;[39m
                  [33mclass[39m=[32m&quot;lucide lucide-refresh-cw h-4 w-4 mr-2&quot;[39m
                  [33mfill[39m=[32m&quot;none&quot;[39m
                  [33mheight[39m=[32m&quot;24&quot;[39m
                  [33mstroke[39m=[32m&quot;currentColor&quot;[39m
                  [33mstroke-linecap[39m=[32m&quot;round&quot;[39m
                  [33mstroke-linejoin[39m=[32m&quot;round&quot;[39m
                  [33mstroke-width[39m=[32m&quot;2&quot;[39m
                  [33mviewBox[39m=[32m&quot;0 0 24 24&quot;[39m
                  [33mwidth[39m=[32m&quot;24&quot;[39m
                  [33mxmlns[39m=[32m&quot;http://www.w3.org/2000/svg&quot;[39m
                [36m&gt;[39m
                  [36m&lt;path[39m
                    [33md[39m=[32m&quot;M3 12a9 9 0 0 1 9-9 9.75 9.75 0 0 1 6.74 2.74L21 8&quot;[39m
                  [36m/&gt;[39m
                  [36m&lt;path[39m
                    [33md[39m=[32m&quot;M21 3v5h-5&quot;[39m
                  [36m/&gt;[39m
                  [36m&lt;path[39m
                    [33md[39m=[32m&quot;M21 12a9 9 0 0 1-9 9 9.75 9.75 0 0 1-6.74-2.74L3 16&quot;[39m
                  [36m/&gt;[39m
                  [36m&lt;path[39m
                    [33md[39m=[32m&quot;M8 16H3v5&quot;[39m
                  [36m/&gt;[39m
                [36m&lt;/svg&gt;[39m
                [0mRefresh[0m
              [36m&lt;/button&gt;[39m
              [36m&lt;div[39m
                [33mclass[39m=[32m&quot;flex items-center space-x-2 pl-2&quot;[39m
              [36m&gt;[39m
                [36m&lt;span[39m
                  [33mclass[39m=[32m&quot;text-xs text-muted-foreground&quot;[39m
                [36m&gt;[39m
                  [0mAuto Refresh[0m
                [36m&lt;/span&gt;[39m
                [36m&lt;button[39m
                  [33maria-checked[39m=[32m&quot;true&quot;[39m
                  [33mrole[39m=[32m&quot;switch&quot;[39m
                [36m/&gt;[39m
              [36m&lt;/div&gt;[39m
              [36m&lt;button[39m
                [33mclass[39m=[32m&quot;inline-flex items-center justify-center whitespace-nowrap rounded-md font-medium transition-all duration-200 disabled:pointer-events-none disabled:opacity-50 focus-visible:outline-none focus-visible:ring-2 focus-visible:ring-offset-2 active:scale-[0.98] [&amp;_svg]:pointer-events-none [&amp;_svg:not([class*=\&quot;size-\&quot;])]:size-4 [&amp;_svg]:shrink-0 border border-input bg-background hover:bg-accent hover:text-accent-foreground hover:shadow-sm focus-visible:ring-ring/20 h-8 px-3 text-sm gap-1.5 has-[&gt;svg]:px-2.5&quot;[39m
              [36m&gt;[39m
                [0mBack to App[0m
              [36m&lt;/button&gt;[39m
            [36m&lt;/div&gt;[39m
          [36m&lt;/div&gt;[39m
        [36m&lt;/div&gt;[39m
      [36m&lt;/div&gt;[39m
      [36m&lt;div[39m
        [33mclass[39m=[32m&quot;container mx-auto px-4 py-6&quot;[39m
      [36m&gt;[39m
        [36m&lt;div[39m
          [33mdata-testid[39m=[32m&quot;Tabs&quot;[39m
        [36m&gt;[39m
          [36m&lt;div[39m
            [33mrole[39m=[32m&quot;tablist&quot;[39m
          [36m&gt;[39m
            [36m&lt;button[39m
              [33mrole[39m=[32m&quot;tab&quot;[39m
            [36m&gt;[39m
              [36m&lt;svg[39m
                [33maria-hidden[39m=[32m&quot;true&quot;[39m
                [33mclass[39m=[32m&quot;lucide lucide-activity h-4 w-4&quot;[39m
                [33mfill[39m=[32m&quot;none&quot;[39m
                [33mheight[39m=[32m&quot;24&quot;[39m
                [33mstroke[39m=[32m&quot;currentColor&quot;[39m
                [33mstroke-linecap[39m=[32m&quot;round&quot;[39m
                [33mstroke-linejoin[39m=[32m&quot;round&quot;[39m
                [33mstroke-width[39m=[32m&quot;2&quot;[39m
                [33mviewBox[39m=[32m&quot;0 0 24 24&quot;[39m
                [33mwidth[39m=[32m&quot;24&quot;[39m
                [33mxmlns[39m=[32m&quot;http://www.w3.org/2000/svg&quot;[39m
              [36m&gt;[39m
                [36m&lt;path[39m
                  [33md[39m=[32m&quot;M22 12h-2.48a2 2 0 0 0-1.93 1.46l-2.35 8.36a.25.25 0 0 1-.48 0L9.24 2.18a.25.25 0 0 0-.48 0l-2.35 8.36A2 2 0 0 1 4.49 12H2&quot;[39m
                [36m/&gt;[39m
              [36m&lt;/svg&gt;[39m
              [36m&lt;span[39m
                [33mclass[39m=[32m&quot;hidden lg:inline&quot;[39m
              [36m&gt;[39m
                [0mOverview[0m
              [36m&lt;/span&gt;[39m
            [36m&lt;/button&gt;[39m
            [36m&lt;button[39m
              [33mrole[39m=[32m&quot;tab&quot;[39m
            [36m&gt;[39m
              [36m&lt;svg[39m
                [33maria-hidden[39m=[32m&quot;true&quot;[39m
                [33mclass[39m=[32m&quot;lucide lucide-users h-4 w-4&quot;[39m
                [33mfill[39m=[32m&quot;none&quot;[39m
                [33mheight[39m=[32m&quot;24&quot;[39m
                [33mstroke[39m=[32m&quot;currentColor&quot;[39m
                [33mstroke-linecap[39m=[32m&quot;round&quot;[39m
                [33mstroke-linejoin[39m=[32m&quot;round&quot;[39m
                [33mstroke-width[39m=[32m&quot;2&quot;[39m
                [33mviewBox[39m=[32m&quot;0 0 24 24&quot;[39m
                [33mwidth[39m=[32m&quot;24&quot;[39m
                [33mxmlns[39m=[32m&quot;http://www.w3.org/2000/svg&quot;[39m
              [36m&gt;[39m
                [36m&lt;path[39m
                  [33md[39m=[32m&quot;M16 21v-2a4 4 0 0 0-4-4H6a4 4 0 0 0-4 4v2&quot;[39m
                [36m/&gt;[39m
                [36m&lt;path[39m
                  [33md[39m=[32m&quot;M16 3.128a4 4 0 0 1 0 7.744&quot;[39m
                [36m/&gt;[39m
                [36m&lt;path[39m
                  [33md[39m=[32..." type="TestingLibraryElementError">
TestingLibraryElementError: Found multiple elements with the text: /Audit Logs/i

Here are the matching elements:

Ignored nodes: comments, script, style
[36m&lt;h3[39m
  [33mclass[39m=[32m&quot;font-semibold text-2xl&quot;[39m
[36m&gt;[39m
  [0mAudit Logs[0m
[36m&lt;/h3&gt;[39m

Ignored nodes: comments, script, style
[36m&lt;div[39m
  [33mclass[39m=[32m&quot;p-4 text-muted-foreground&quot;[39m
[36m&gt;[39m
  [0mNo audit logs.[0m
[36m&lt;/div&gt;[39m

(If this is intentional, then use the `*AllBy*` variant of the query (like `queryAllByText`, `getAllByText`, or `findAllByText`)).

Ignored nodes: comments, script, style
[36m&lt;body&gt;[39m
  [36m&lt;div&gt;[39m
    [36m&lt;div[39m
      [33mclass[39m=[32m&quot;min-h-screen bg-background&quot;[39m
    [36m&gt;[39m
      [36m&lt;div[39m
        [33mclass[39m=[32m&quot;border-b bg-card&quot;[39m
      [36m&gt;[39m
        [36m&lt;div[39m
          [33mclass[39m=[32m&quot;container mx-auto px-4 py-4&quot;[39m
        [36m&gt;[39m
          [36m&lt;div[39m
            [33mclass[39m=[32m&quot;flex items-center justify-between&quot;[39m
          [36m&gt;[39m
            [36m&lt;div&gt;[39m
              [36m&lt;h1[39m
                [33mclass[39m=[32m&quot;text-2xl font-bold&quot;[39m
              [36m&gt;[39m
                [0mAdmin Dashboard[0m
              [36m&lt;/h1&gt;[39m
              [36m&lt;p[39m
                [33mclass[39m=[32m&quot;text-muted-foreground&quot;[39m
              [36m&gt;[39m
                [0mSystem administration and monitoring[0m
              [36m&lt;/p&gt;[39m
            [36m&lt;/div&gt;[39m
            [36m&lt;div[39m
              [33mclass[39m=[32m&quot;flex items-center space-x-2&quot;[39m
            [36m&gt;[39m
              [36m&lt;button[39m
                [33mclass[39m=[32m&quot;inline-flex items-center justify-center whitespace-nowrap rounded-md font-medium transition-all duration-200 disabled:pointer-events-none disabled:opacity-50 focus-visible:outline-none focus-visible:ring-2 focus-visible:ring-offset-2 active:scale-[0.98] [&amp;_svg]:pointer-events-none [&amp;_svg:not([class*=\&quot;size-\&quot;])]:size-4 [&amp;_svg]:shrink-0 border border-input bg-background hover:bg-accent hover:text-accent-foreground hover:shadow-sm focus-visible:ring-ring/20 h-8 px-3 text-sm gap-1.5 has-[&gt;svg]:px-2.5&quot;[39m
              [36m&gt;[39m
                [36m&lt;svg[39m
                  [33maria-hidden[39m=[32m&quot;true&quot;[39m
                  [33mclass[39m=[32m&quot;lucide lucide-refresh-cw h-4 w-4 mr-2&quot;[39m
                  [33mfill[39m=[32m&quot;none&quot;[39m
                  [33mheight[39m=[32m&quot;24&quot;[39m
                  [33mstroke[39m=[32m&quot;currentColor&quot;[39m
                  [33mstroke-linecap[39m=[32m&quot;round&quot;[39m
                  [33mstroke-linejoin[39m=[32m&quot;round&quot;[39m
                  [33mstroke-width[39m=[32m&quot;2&quot;[39m
                  [33mviewBox[39m=[32m&quot;0 0 24 24&quot;[39m
                  [33mwidth[39m=[32m&quot;24&quot;[39m
                  [33mxmlns[39m=[32m&quot;http://www.w3.org/2000/svg&quot;[39m
                [36m&gt;[39m
                  [36m&lt;path[39m
                    [33md[39m=[32m&quot;M3 12a9 9 0 0 1 9-9 9.75 9.75 0 0 1 6.74 2.74L21 8&quot;[39m
                  [36m/&gt;[39m
                  [36m&lt;path[39m
                    [33md[39m=[32m&quot;M21 3v5h-5&quot;[39m
                  [36m/&gt;[39m
                  [36m&lt;path[39m
                    [33md[39m=[32m&quot;M21 12a9 9 0 0 1-9 9 9.75 9.75 0 0 1-6.74-2.74L3 16&quot;[39m
                  [36m/&gt;[39m
                  [36m&lt;path[39m
                    [33md[39m=[32m&quot;M8 16H3v5&quot;[39m
                  [36m/&gt;[39m
                [36m&lt;/svg&gt;[39m
                [0mRefresh[0m
              [36m&lt;/button&gt;[39m
              [36m&lt;div[39m
                [33mclass[39m=[32m&quot;flex items-center space-x-2 pl-2&quot;[39m
              [36m&gt;[39m
                [36m&lt;span[39m
                  [33mclass[39m=[32m&quot;text-xs text-muted-foreground&quot;[39m
                [36m&gt;[39m
                  [0mAuto Refresh[0m
                [36m&lt;/span&gt;[39m
                [36m&lt;button[39m
                  [33maria-checked[39m=[32m&quot;true&quot;[39m
                  [33mrole[39m=[32m&quot;switch&quot;[39m
                [36m/&gt;[39m
              [36m&lt;/div&gt;[39m
              [36m&lt;button[39m
                [33mclass[39m=[32m&quot;inline-flex items-center justify-center whitespace-nowrap rounded-md font-medium transition-all duration-200 disabled:pointer-events-none disabled:opacity-50 focus-visible:outline-none focus-visible:ring-2 focus-visible:ring-offset-2 active:scale-[0.98] [&amp;_svg]:pointer-events-none [&amp;_svg:not([class*=\&quot;size-\&quot;])]:size-4 [&amp;_svg]:shrink-0 border border-input bg-background hover:bg-accent hover:text-accent-foreground hover:shadow-sm focus-visible:ring-ring/20 h-8 px-3 text-sm gap-1.5 has-[&gt;svg]:px-2.5&quot;[39m
              [36m&gt;[39m
                [0mBack to App[0m
              [36m&lt;/button&gt;[39m
            [36m&lt;/div&gt;[39m
          [36m&lt;/div&gt;[39m
        [36m&lt;/div&gt;[39m
      [36m&lt;/div&gt;[39m
      [36m&lt;div[39m
        [33mclass[39m=[32m&quot;container mx-auto px-4 py-6&quot;[39m
      [36m&gt;[39m
        [36m&lt;div[39m
          [33mdata-testid[39m=[32m&quot;Tabs&quot;[39m
        [36m&gt;[39m
          [36m&lt;div[39m
            [33mrole[39m=[32m&quot;tablist&quot;[39m
          [36m&gt;[39m
            [36m&lt;button[39m
              [33mrole[39m=[32m&quot;tab&quot;[39m
            [36m&gt;[39m
              [36m&lt;svg[39m
                [33maria-hidden[39m=[32m&quot;true&quot;[39m
                [33mclass[39m=[32m&quot;lucide lucide-activity h-4 w-4&quot;[39m
                [33mfill[39m=[32m&quot;none&quot;[39m
                [33mheight[39m=[32m&quot;24&quot;[39m
                [33mstroke[39m=[32m&quot;currentColor&quot;[39m
                [33mstroke-linecap[39m=[32m&quot;round&quot;[39m
                [33mstroke-linejoin[39m=[32m&quot;round&quot;[39m
                [33mstroke-width[39m=[32m&quot;2&quot;[39m
                [33mviewBox[39m=[32m&quot;0 0 24 24&quot;[39m
                [33mwidth[39m=[32m&quot;24&quot;[39m
                [33mxmlns[39m=[32m&quot;http://www.w3.org/2000/svg&quot;[39m
              [36m&gt;[39m
                [36m&lt;path[39m
                  [33md[39m=[32m&quot;M22 12h-2.48a2 2 0 0 0-1.93 1.46l-2.35 8.36a.25.25 0 0 1-.48 0L9.24 2.18a.25.25 0 0 0-.48 0l-2.35 8.36A2 2 0 0 1 4.49 12H2&quot;[39m
                [36m/&gt;[39m
              [36m&lt;/svg&gt;[39m
              [36m&lt;span[39m
                [33mclass[39m=[32m&quot;hidden lg:inline&quot;[39m
              [36m&gt;[39m
                [0mOverview[0m
              [36m&lt;/span&gt;[39m
            [36m&lt;/button&gt;[39m
            [36m&lt;button[39m
              [33mrole[39m=[32m&quot;tab&quot;[39m
            [36m&gt;[39m
              [36m&lt;svg[39m
                [33maria-hidden[39m=[32m&quot;true&quot;[39m
                [33mclass[39m=[32m&quot;lucide lucide-users h-4 w-4&quot;[39m
                [33mfill[39m=[32m&quot;none&quot;[39m
                [33mheight[39m=[32m&quot;24&quot;[39m
                [33mstroke[39m=[32m&quot;currentColor&quot;[39m
                [33mstroke-linecap[39m=[32m&quot;round&quot;[39m
                [33mstroke-linejoin[39m=[32m&quot;round&quot;[39m
                [33mstroke-width[39m=[32m&quot;2&quot;[39m
                [33mviewBox[39m=[32m&quot;0 0 24 24&quot;[39m
                [33mwidth[39m=[32m&quot;24&quot;[39m
                [33mxmlns[39m=[32m&quot;http://www.w3.org/2000/svg&quot;[39m
              [36m&gt;[39m
                [36m&lt;path[39m
                  [33md[39m=[32m&quot;M16 21v-2a4 4 0 0 0-4-4H6a4 4 0 0 0-4 4v2&quot;[39m
                [36m/&gt;[39m
                [36m&lt;path[39m
                  [33md[39m=[32m&quot;M16 3.128a4 4 0 0 1 0 7.744&quot;[39m
                [36m/&gt;[39m
                [36m&lt;path[39m
                  [33md[39m=[32...

Ignored nodes: comments, script, style
[36m&lt;body&gt;[39m
  [36m&lt;div&gt;[39m
    [36m&lt;div[39m
      [33mclass[39m=[32m&quot;min-h-screen bg-background&quot;[39m
    [36m&gt;[39m
      [36m&lt;div[39m
        [33mclass[39m=[32m&quot;border-b bg-card&quot;[39m
      [36m&gt;[39m
        [36m&lt;div[39m
          [33mclass[39m=[32m&quot;container mx-auto px-4 py-4&quot;[39m
        [36m&gt;[39m
          [36m&lt;div[39m
            [33mclass[39m=[32m&quot;flex items-center justify-between&quot;[39m
          [36m&gt;[39m
            [36m&lt;div&gt;[39m
              [36m&lt;h1[39m
                [33mclass[39m=[32m&quot;text-2xl font-bold&quot;[39m
              [36m&gt;[39m
                [0mAdmin Dashboard[0m
              [36m&lt;/h1&gt;[39m
              [36m&lt;p[39m
                [33mclass[39m=[32m&quot;text-muted-foreground&quot;[39m
              [36m&gt;[39m
                [0mSystem administration and monitoring[0m
              [36m&lt;/p&gt;[39m
            [36m&lt;/div&gt;[39m
            [36m&lt;div[39m
              [33mclass[39m=[32m&quot;flex items-center space-x-2&quot;[39m
            [36m&gt;[39m
              [36m&lt;button[39m
                [33mclass[39m=[32m&quot;inline-flex items-center justify-center whitespace-nowrap rounded-md font-medium transition-all duration-200 disabled:pointer-events-none disabled:opacity-50 focus-visible:outline-none focus-visible:ring-2 focus-visible:ring-offset-2 active:scale-[0.98] [&amp;_svg]:pointer-events-none [&amp;_svg:not([class*=\&quot;size-\&quot;])]:size-4 [&amp;_svg]:shrink-0 border border-input bg-background hover:bg-accent hover:text-accent-foreground hover:shadow-sm focus-visible:ring-ring/20 h-8 px-3 text-sm gap-1.5 has-[&gt;svg]:px-2.5&quot;[39m
              [36m&gt;[39m
                [36m&lt;svg[39m
                  [33maria-hidden[39m=[32m&quot;true&quot;[39m
                  [33mclass[39m=[32m&quot;lucide lucide-refresh-cw h-4 w-4 mr-2&quot;[39m
                  [33mfill[39m=[32m&quot;none&quot;[39m
                  [33mheight[39m=[32m&quot;24&quot;[39m
                  [33mstroke[39m=[32m&quot;currentColor&quot;[39m
                  [33mstroke-linecap[39m=[32m&quot;round&quot;[39m
                  [33mstroke-linejoin[39m=[32m&quot;round&quot;[39m
                  [33mstroke-width[39m=[32m&quot;2&quot;[39m
                  [33mviewBox[39m=[32m&quot;0 0 24 24&quot;[39m
                  [33mwidth[39m=[32m&quot;24&quot;[39m
                  [33mxmlns[39m=[32m&quot;http://www.w3.org/2000/svg&quot;[39m
                [36m&gt;[39m
                  [36m&lt;path[39m
                    [33md[39m=[32m&quot;M3 12a9 9 0 0 1 9-9 9.75 9.75 0 0 1 6.74 2.74L21 8&quot;[39m
                  [36m/&gt;[39m
                  [36m&lt;path[39m
                    [33md[39m=[32m&quot;M21 3v5h-5&quot;[39m
                  [36m/&gt;[39m
                  [36m&lt;path[39m
                    [33md[39m=[32m&quot;M21 12a9 9 0 0 1-9 9 9.75 9.75 0 0 1-6.74-2.74L3 16&quot;[39m
                  [36m/&gt;[39m
                  [36m&lt;path[39m
                    [33md[39m=[32m&quot;M8 16H3v5&quot;[39m
                  [36m/&gt;[39m
                [36m&lt;/svg&gt;[39m
                [0mRefresh[0m
              [36m&lt;/button&gt;[39m
              [36m&lt;div[39m
                [33mclass[39m=[32m&quot;flex items-center space-x-2 pl-2&quot;[39m
              [36m&gt;[39m
                [36m&lt;span[39m
                  [33mclass[39m=[32m&quot;text-xs text-muted-foreground&quot;[39m
                [36m&gt;[39m
                  [0mAuto Refresh[0m
                [36m&lt;/span&gt;[39m
                [36m&lt;button[39m
                  [33maria-checked[39m=[32m&quot;true&quot;[39m
                  [33mrole[39m=[32m&quot;switch&quot;[39m
                [36m/&gt;[39m
              [36m&lt;/div&gt;[39m
              [36m&lt;button[39m
                [33mclass[39m=[32m&quot;inline-flex items-center justify-center whitespace-nowrap rounded-md font-medium transition-all duration-200 disabled:pointer-events-none disabled:opacity-50 focus-visible:outline-none focus-visible:ring-2 focus-visible:ring-offset-2 active:scale-[0.98] [&amp;_svg]:pointer-events-none [&amp;_svg:not([class*=\&quot;size-\&quot;])]:size-4 [&amp;_svg]:shrink-0 border border-input bg-background hover:bg-accent hover:text-accent-foreground hover:shadow-sm focus-visible:ring-ring/20 h-8 px-3 text-sm gap-1.5 has-[&gt;svg]:px-2.5&quot;[39m
              [36m&gt;[39m
                [0mBack to App[0m
              [36m&lt;/button&gt;[39m
            [36m&lt;/div&gt;[39m
          [36m&lt;/div&gt;[39m
        [36m&lt;/div&gt;[39m
      [36m&lt;/div&gt;[39m
      [36m&lt;div[39m
        [33mclass[39m=[32m&quot;container mx-auto px-4 py-6&quot;[39m
      [36m&gt;[39m
        [36m&lt;div[39m
          [33mdata-testid[39m=[32m&quot;Tabs&quot;[39m
        [36m&gt;[39m
          [36m&lt;div[39m
            [33mrole[39m=[32m&quot;tablist&quot;[39m
          [36m&gt;[39m
            [36m&lt;button[39m
              [33mrole[39m=[32m&quot;tab&quot;[39m
            [36m&gt;[39m
              [36m&lt;svg[39m
                [33maria-hidden[39m=[32m&quot;true&quot;[39m
                [33mclass[39m=[32m&quot;lucide lucide-activity h-4 w-4&quot;[39m
                [33mfill[39m=[32m&quot;none&quot;[39m
                [33mheight[39m=[32m&quot;24&quot;[39m
                [33mstroke[39m=[32m&quot;currentColor&quot;[39m
                [33mstroke-linecap[39m=[32m&quot;round&quot;[39m
                [33mstroke-linejoin[39m=[32m&quot;round&quot;[39m
                [33mstroke-width[39m=[32m&quot;2&quot;[39m
                [33mviewBox[39m=[32m&quot;0 0 24 24&quot;[39m
                [33mwidth[39m=[32m&quot;24&quot;[39m
                [33mxmlns[39m=[32m&quot;http://www.w3.org/2000/svg&quot;[39m
              [36m&gt;[39m
                [36m&lt;path[39m
                  [33md[39m=[32m&quot;M22 12h-2.48a2 2 0 0 0-1.93 1.46l-2.35 8.36a.25.25 0 0 1-.48 0L9.24 2.18a.25.25 0 0 0-.48 0l-2.35 8.36A2 2 0 0 1 4.49 12H2&quot;[39m
                [36m/&gt;[39m
              [36m&lt;/svg&gt;[39m
              [36m&lt;span[39m
                [33mclass[39m=[32m&quot;hidden lg:inline&quot;[39m
              [36m&gt;[39m
                [0mOverview[0m
              [36m&lt;/span&gt;[39m
            [36m&lt;/button&gt;[39m
            [36m&lt;button[39m
              [33mrole[39m=[32m&quot;tab&quot;[39m
            [36m&gt;[39m
              [36m&lt;svg[39m
                [33maria-hidden[39m=[32m&quot;true&quot;[39m
                [33mclass[39m=[32m&quot;lucide lucide-users h-4 w-4&quot;[39m
                [33mfill[39m=[32m&quot;none&quot;[39m
                [33mheight[39m=[32m&quot;24&quot;[39m
                [33mstroke[39m=[32m&quot;currentColor&quot;[39m
                [33mstroke-linecap[39m=[32m&quot;round&quot;[39m
                [33mstroke-linejoin[39m=[32m&quot;round&quot;[39m
                [33mstroke-width[39m=[32m&quot;2&quot;[39m
                [33mviewBox[39m=[32m&quot;0 0 24 24&quot;[39m
                [33mwidth[39m=[32m&quot;24&quot;[39m
                [33mxmlns[39m=[32m&quot;http://www.w3.org/2000/svg&quot;[39m
              [36m&gt;[39m
                [36m&lt;path[39m
                  [33md[39m=[32m&quot;M16 21v-2a4 4 0 0 0-4-4H6a4 4 0 0 0-4 4v2&quot;[39m
                [36m/&gt;[39m
                [36m&lt;path[39m
                  [33md[39m=[32m&quot;M16 3.128a4 4 0 0 1 0 7.744&quot;[39m
                [36m/&gt;[39m
                [36m&lt;path[39m
                  [33md[39m=[32...
 ❯ waitForWrapper node_modules/.pnpm/@testing-library+dom@8.20.1/node_modules/@testing-library/dom/dist/wait-for.js:166:27
 ❯ findByText node_modules/.pnpm/@testing-library+dom@8.20.1/node_modules/@testing-library/dom/dist/query-helpers.js:86:33
 ❯ src/pages/__tests__/AdminDashboard.audit-permissions.test.tsx:82:38
            </failure>
        </testcase>
    </testsuite>
    <testsuite name="src/pages/__tests__/AdminDashboard.auto-refresh.test.tsx" timestamp="2025-08-10T08:32:00.717Z" hostname="DESKTOP-CSMHNRS" tests="1" failures="0" errors="0" skipped="0" time="6.127">
        <testcase classname="src/pages/__tests__/AdminDashboard.auto-refresh.test.tsx" name="AdminDashboard Auto-refresh toggle &gt; clears interval when toggled off" time="6.104">
            <system-err>
Warning: `ReactDOMTestUtils.act` is deprecated in favor of `React.act`. Import `act` from `react` instead of `react-dom/test-utils`. See https://react.dev/warnings/react-dom-test-utils for more info.

Warning: An update to AdminDashboard inside a test was not wrapped in act(...).

When testing, code that causes React state updates should be wrapped into act(...):

act(() =&gt; {
  /* fire events that update state */
});
/* assert on the output */

This ensures that you&apos;re testing the behavior the user would see in the browser. Learn more at https://reactjs.org/link/wrap-tests-with-act
    at AdminDashboard (/home/alex/projects/fin-model/frontend/src/pages/AdminDashboard.tsx:46:79)
Warning: An update to OverviewTab inside a test was not wrapped in act(...).

When testing, code that causes React state updates should be wrapped into act(...):

act(() =&gt; {
  /* fire events that update state */
});
/* assert on the output */

This ensures that you&apos;re testing the behavior the user would see in the browser. Learn more at https://reactjs.org/link/wrap-tests-with-act
    at OverviewTab (/home/alex/projects/fin-model/frontend/src/components/AdminDashboard/OverviewTab.tsx:22:94)
    at div
    at TabsContent (/home/alex/projects/fin-model/frontend/src/test/setup.ts:37:25)
    at div
    at Tabs (/home/alex/projects/fin-model/frontend/src/test/setup.ts:28:18)
    at div
    at div
    at AdminDashboard (/home/alex/projects/fin-model/frontend/src/pages/AdminDashboard.tsx:46:79)
Warning: An update to HealthTab inside a test was not wrapped in act(...).

When testing, code that causes React state updates should be wrapped into act(...):

act(() =&gt; {
  /* fire events that update state */
});
/* assert on the output */

This ensures that you&apos;re testing the behavior the user would see in the browser. Learn more at https://reactjs.org/link/wrap-tests-with-act
    at HealthTab (/home/alex/projects/fin-model/frontend/src/components/AdminDashboard/HealthTab.tsx:10:68)
    at div
    at TabsContent (/home/alex/projects/fin-model/frontend/src/test/setup.ts:37:25)
    at div
    at Tabs (/home/alex/projects/fin-model/frontend/src/test/setup.ts:28:18)
    at div
    at div
    at AdminDashboard (/home/alex/projects/fin-model/frontend/src/pages/AdminDashboard.tsx:46:79)

            </system-err>
        </testcase>
    </testsuite>
    <testsuite name="src/pages/__tests__/AdminDashboard.health-tab.test.tsx" timestamp="2025-08-10T08:32:00.721Z" hostname="DESKTOP-CSMHNRS" tests="2" failures="1" errors="0" skipped="0" time="6.368">
        <testcase classname="src/pages/__tests__/AdminDashboard.health-tab.test.tsx" name="AdminDashboard Health tab states &gt; shows system and database health when present" time="5.907">
            <system-err>
Warning: `ReactDOMTestUtils.act` is deprecated in favor of `React.act`. Import `act` from `react` instead of `react-dom/test-utils`. See https://react.dev/warnings/react-dom-test-utils for more info.

            </system-err>
            <failure message="Found multiple elements with the text: /System Health/i

Here are the matching elements:

Ignored nodes: comments, script, style
[36m&lt;h3[39m
  [33mclass[39m=[32m&quot;font-semibold text-2xl&quot;[39m
[36m&gt;[39m
  [0mSystem Health[0m
[36m&lt;/h3&gt;[39m

Ignored nodes: comments, script, style
[36m&lt;div[39m
  [33mclass[39m=[32m&quot;text-muted-foreground&quot;[39m
[36m&gt;[39m
  [0mNo system health data.[0m
[36m&lt;/div&gt;[39m

(If this is intentional, then use the `*AllBy*` variant of the query (like `queryAllByText`, `getAllByText`, or `findAllByText`)).

Ignored nodes: comments, script, style
[36m&lt;body&gt;[39m
  [36m&lt;div&gt;[39m
    [36m&lt;div[39m
      [33mclass[39m=[32m&quot;min-h-screen bg-background&quot;[39m
    [36m&gt;[39m
      [36m&lt;div[39m
        [33mclass[39m=[32m&quot;border-b bg-card&quot;[39m
      [36m&gt;[39m
        [36m&lt;div[39m
          [33mclass[39m=[32m&quot;container mx-auto px-4 py-4&quot;[39m
        [36m&gt;[39m
          [36m&lt;div[39m
            [33mclass[39m=[32m&quot;flex items-center justify-between&quot;[39m
          [36m&gt;[39m
            [36m&lt;div&gt;[39m
              [36m&lt;h1[39m
                [33mclass[39m=[32m&quot;text-2xl font-bold&quot;[39m
              [36m&gt;[39m
                [0mAdmin Dashboard[0m
              [36m&lt;/h1&gt;[39m
              [36m&lt;p[39m
                [33mclass[39m=[32m&quot;text-muted-foreground&quot;[39m
              [36m&gt;[39m
                [0mSystem administration and monitoring[0m
              [36m&lt;/p&gt;[39m
            [36m&lt;/div&gt;[39m
            [36m&lt;div[39m
              [33mclass[39m=[32m&quot;flex items-center space-x-2&quot;[39m
            [36m&gt;[39m
              [36m&lt;button[39m
                [33mclass[39m=[32m&quot;inline-flex items-center justify-center whitespace-nowrap rounded-md font-medium transition-all duration-200 disabled:pointer-events-none disabled:opacity-50 focus-visible:outline-none focus-visible:ring-2 focus-visible:ring-offset-2 active:scale-[0.98] [&amp;_svg]:pointer-events-none [&amp;_svg:not([class*=\&quot;size-\&quot;])]:size-4 [&amp;_svg]:shrink-0 border border-input bg-background hover:bg-accent hover:text-accent-foreground hover:shadow-sm focus-visible:ring-ring/20 h-8 px-3 text-sm gap-1.5 has-[&gt;svg]:px-2.5&quot;[39m
              [36m&gt;[39m
                [36m&lt;svg[39m
                  [33maria-hidden[39m=[32m&quot;true&quot;[39m
                  [33mclass[39m=[32m&quot;lucide lucide-refresh-cw h-4 w-4 mr-2&quot;[39m
                  [33mfill[39m=[32m&quot;none&quot;[39m
                  [33mheight[39m=[32m&quot;24&quot;[39m
                  [33mstroke[39m=[32m&quot;currentColor&quot;[39m
                  [33mstroke-linecap[39m=[32m&quot;round&quot;[39m
                  [33mstroke-linejoin[39m=[32m&quot;round&quot;[39m
                  [33mstroke-width[39m=[32m&quot;2&quot;[39m
                  [33mviewBox[39m=[32m&quot;0 0 24 24&quot;[39m
                  [33mwidth[39m=[32m&quot;24&quot;[39m
                  [33mxmlns[39m=[32m&quot;http://www.w3.org/2000/svg&quot;[39m
                [36m&gt;[39m
                  [36m&lt;path[39m
                    [33md[39m=[32m&quot;M3 12a9 9 0 0 1 9-9 9.75 9.75 0 0 1 6.74 2.74L21 8&quot;[39m
                  [36m/&gt;[39m
                  [36m&lt;path[39m
                    [33md[39m=[32m&quot;M21 3v5h-5&quot;[39m
                  [36m/&gt;[39m
                  [36m&lt;path[39m
                    [33md[39m=[32m&quot;M21 12a9 9 0 0 1-9 9 9.75 9.75 0 0 1-6.74-2.74L3 16&quot;[39m
                  [36m/&gt;[39m
                  [36m&lt;path[39m
                    [33md[39m=[32m&quot;M8 16H3v5&quot;[39m
                  [36m/&gt;[39m
                [36m&lt;/svg&gt;[39m
                [0mRefresh[0m
              [36m&lt;/button&gt;[39m
              [36m&lt;div[39m
                [33mclass[39m=[32m&quot;flex items-center space-x-2 pl-2&quot;[39m
              [36m&gt;[39m
                [36m&lt;span[39m
                  [33mclass[39m=[32m&quot;text-xs text-muted-foreground&quot;[39m
                [36m&gt;[39m
                  [0mAuto Refresh[0m
                [36m&lt;/span&gt;[39m
                [36m&lt;button[39m
                  [33maria-checked[39m=[32m&quot;true&quot;[39m
                  [33mrole[39m=[32m&quot;switch&quot;[39m
                [36m/&gt;[39m
              [36m&lt;/div&gt;[39m
              [36m&lt;button[39m
                [33mclass[39m=[32m&quot;inline-flex items-center justify-center whitespace-nowrap rounded-md font-medium transition-all duration-200 disabled:pointer-events-none disabled:opacity-50 focus-visible:outline-none focus-visible:ring-2 focus-visible:ring-offset-2 active:scale-[0.98] [&amp;_svg]:pointer-events-none [&amp;_svg:not([class*=\&quot;size-\&quot;])]:size-4 [&amp;_svg]:shrink-0 border border-input bg-background hover:bg-accent hover:text-accent-foreground hover:shadow-sm focus-visible:ring-ring/20 h-8 px-3 text-sm gap-1.5 has-[&gt;svg]:px-2.5&quot;[39m
              [36m&gt;[39m
                [0mBack to App[0m
              [36m&lt;/button&gt;[39m
            [36m&lt;/div&gt;[39m
          [36m&lt;/div&gt;[39m
        [36m&lt;/div&gt;[39m
      [36m&lt;/div&gt;[39m
      [36m&lt;div[39m
        [33mclass[39m=[32m&quot;container mx-auto px-4 py-6&quot;[39m
      [36m&gt;[39m
        [36m&lt;div[39m
          [33mdata-testid[39m=[32m&quot;Tabs&quot;[39m
        [36m&gt;[39m
          [36m&lt;div[39m
            [33mrole[39m=[32m&quot;tablist&quot;[39m
          [36m&gt;[39m
            [36m&lt;button[39m
              [33mrole[39m=[32m&quot;tab&quot;[39m
            [36m&gt;[39m
              [36m&lt;svg[39m
                [33maria-hidden[39m=[32m&quot;true&quot;[39m
                [33mclass[39m=[32m&quot;lucide lucide-activity h-4 w-4&quot;[39m
                [33mfill[39m=[32m&quot;none&quot;[39m
                [33mheight[39m=[32m&quot;24&quot;[39m
                [33mstroke[39m=[32m&quot;currentColor&quot;[39m
                [33mstroke-linecap[39m=[32m&quot;round&quot;[39m
                [33mstroke-linejoin[39m=[32m&quot;round&quot;[39m
                [33mstroke-width[39m=[32m&quot;2&quot;[39m
                [33mviewBox[39m=[32m&quot;0 0 24 24&quot;[39m
                [33mwidth[39m=[32m&quot;24&quot;[39m
                [33mxmlns[39m=[32m&quot;http://www.w3.org/2000/svg&quot;[39m
              [36m&gt;[39m
                [36m&lt;path[39m
                  [33md[39m=[32m&quot;M22 12h-2.48a2 2 0 0 0-1.93 1.46l-2.35 8.36a.25.25 0 0 1-.48 0L9.24 2.18a.25.25 0 0 0-.48 0l-2.35 8.36A2 2 0 0 1 4.49 12H2&quot;[39m
                [36m/&gt;[39m
              [36m&lt;/svg&gt;[39m
              [36m&lt;span[39m
                [33mclass[39m=[32m&quot;hidden lg:inline&quot;[39m
              [36m&gt;[39m
                [0mOverview[0m
              [36m&lt;/span&gt;[39m
            [36m&lt;/button&gt;[39m
            [36m&lt;button[39m
              [33mrole[39m=[32m&quot;tab&quot;[39m
            [36m&gt;[39m
              [36m&lt;svg[39m
                [33maria-hidden[39m=[32m&quot;true&quot;[39m
                [33mclass[39m=[32m&quot;lucide lucide-users h-4 w-4&quot;[39m
                [33mfill[39m=[32m&quot;none&quot;[39m
                [33mheight[39m=[32m&quot;24&quot;[39m
                [33mstroke[39m=[32m&quot;currentColor&quot;[39m
                [33mstroke-linecap[39m=[32m&quot;round&quot;[39m
                [33mstroke-linejoin[39m=[32m&quot;round&quot;[39m
                [33mstroke-width[39m=[32m&quot;2&quot;[39m
                [33mviewBox[39m=[32m&quot;0 0 24 24&quot;[39m
                [33mwidth[39m=[32m&quot;24&quot;[39m
                [33mxmlns[39m=[32m&quot;http://www.w3.org/2000/svg&quot;[39m
              [36m&gt;[39m
                [36m&lt;path[39m
                  [33md[39m=[32m&quot;M16 21v-2a4 4 0 0 0-4-4H6a4 4 0 0 0-4 4v2&quot;[39m
                [36m/&gt;[39m
                [36m&lt;path[39m
                  [33md[39m=[32m&quot;M16 3.128a4 4 0 0 1 0 7.744&quot;[39m
                [36m/&gt;[39m
                [36m&lt;path[39m
                  [33md[39m=[32...

Ignored nodes: comments, script, style
[36m&lt;body&gt;[39m
  [36m&lt;div&gt;[39m
    [36m&lt;div[39m
      [33mclass[39m=[32m&quot;min-h-screen bg-background&quot;[39m
    [36m&gt;[39m
      [36m&lt;div[39m
        [33mclass[39m=[32m&quot;border-b bg-card&quot;[39m
      [36m&gt;[39m
        [36m&lt;div[39m
          [33mclass[39m=[32m&quot;container mx-auto px-4 py-4&quot;[39m
        [36m&gt;[39m
          [36m&lt;div[39m
            [33mclass[39m=[32m&quot;flex items-center justify-between&quot;[39m
          [36m&gt;[39m
            [36m&lt;div&gt;[39m
              [36m&lt;h1[39m
                [33mclass[39m=[32m&quot;text-2xl font-bold&quot;[39m
              [36m&gt;[39m
                [0mAdmin Dashboard[0m
              [36m&lt;/h1&gt;[39m
              [36m&lt;p[39m
                [33mclass[39m=[32m&quot;text-muted-foreground&quot;[39m
              [36m&gt;[39m
                [0mSystem administration and monitoring[0m
              [36m&lt;/p&gt;[39m
            [36m&lt;/div&gt;[39m
            [36m&lt;div[39m
              [33mclass[39m=[32m&quot;flex items-center space-x-2&quot;[39m
            [36m&gt;[39m
              [36m&lt;button[39m
                [33mclass[39m=[32m&quot;inline-flex items-center justify-center whitespace-nowrap rounded-md font-medium transition-all duration-200 disabled:pointer-events-none disabled:opacity-50 focus-visible:outline-none focus-visible:ring-2 focus-visible:ring-offset-2 active:scale-[0.98] [&amp;_svg]:pointer-events-none [&amp;_svg:not([class*=\&quot;size-\&quot;])]:size-4 [&amp;_svg]:shrink-0 border border-input bg-background hover:bg-accent hover:text-accent-foreground hover:shadow-sm focus-visible:ring-ring/20 h-8 px-3 text-sm gap-1.5 has-[&gt;svg]:px-2.5&quot;[39m
              [36m&gt;[39m
                [36m&lt;svg[39m
                  [33maria-hidden[39m=[32m&quot;true&quot;[39m
                  [33mclass[39m=[32m&quot;lucide lucide-refresh-cw h-4 w-4 mr-2&quot;[39m
                  [33mfill[39m=[32m&quot;none&quot;[39m
                  [33mheight[39m=[32m&quot;24&quot;[39m
                  [33mstroke[39m=[32m&quot;currentColor&quot;[39m
                  [33mstroke-linecap[39m=[32m&quot;round&quot;[39m
                  [33mstroke-linejoin[39m=[32m&quot;round&quot;[39m
                  [33mstroke-width[39m=[32m&quot;2&quot;[39m
                  [33mviewBox[39m=[32m&quot;0 0 24 24&quot;[39m
                  [33mwidth[39m=[32m&quot;24&quot;[39m
                  [33mxmlns[39m=[32m&quot;http://www.w3.org/2000/svg&quot;[39m
                [36m&gt;[39m
                  [36m&lt;path[39m
                    [33md[39m=[32m&quot;M3 12a9 9 0 0 1 9-9 9.75 9.75 0 0 1 6.74 2.74L21 8&quot;[39m
                  [36m/&gt;[39m
                  [36m&lt;path[39m
                    [33md[39m=[32m&quot;M21 3v5h-5&quot;[39m
                  [36m/&gt;[39m
                  [36m&lt;path[39m
                    [33md[39m=[32m&quot;M21 12a9 9 0 0 1-9 9 9.75 9.75 0 0 1-6.74-2.74L3 16&quot;[39m
                  [36m/&gt;[39m
                  [36m&lt;path[39m
                    [33md[39m=[32m&quot;M8 16H3v5&quot;[39m
                  [36m/&gt;[39m
                [36m&lt;/svg&gt;[39m
                [0mRefresh[0m
              [36m&lt;/button&gt;[39m
              [36m&lt;div[39m
                [33mclass[39m=[32m&quot;flex items-center space-x-2 pl-2&quot;[39m
              [36m&gt;[39m
                [36m&lt;span[39m
                  [33mclass[39m=[32m&quot;text-xs text-muted-foreground&quot;[39m
                [36m&gt;[39m
                  [0mAuto Refresh[0m
                [36m&lt;/span&gt;[39m
                [36m&lt;button[39m
                  [33maria-checked[39m=[32m&quot;true&quot;[39m
                  [33mrole[39m=[32m&quot;switch&quot;[39m
                [36m/&gt;[39m
              [36m&lt;/div&gt;[39m
              [36m&lt;button[39m
                [33mclass[39m=[32m&quot;inline-flex items-center justify-center whitespace-nowrap rounded-md font-medium transition-all duration-200 disabled:pointer-events-none disabled:opacity-50 focus-visible:outline-none focus-visible:ring-2 focus-visible:ring-offset-2 active:scale-[0.98] [&amp;_svg]:pointer-events-none [&amp;_svg:not([class*=\&quot;size-\&quot;])]:size-4 [&amp;_svg]:shrink-0 border border-input bg-background hover:bg-accent hover:text-accent-foreground hover:shadow-sm focus-visible:ring-ring/20 h-8 px-3 text-sm gap-1.5 has-[&gt;svg]:px-2.5&quot;[39m
              [36m&gt;[39m
                [0mBack to App[0m
              [36m&lt;/button&gt;[39m
            [36m&lt;/div&gt;[39m
          [36m&lt;/div&gt;[39m
        [36m&lt;/div&gt;[39m
      [36m&lt;/div&gt;[39m
      [36m&lt;div[39m
        [33mclass[39m=[32m&quot;container mx-auto px-4 py-6&quot;[39m
      [36m&gt;[39m
        [36m&lt;div[39m
          [33mdata-testid[39m=[32m&quot;Tabs&quot;[39m
        [36m&gt;[39m
          [36m&lt;div[39m
            [33mrole[39m=[32m&quot;tablist&quot;[39m
          [36m&gt;[39m
            [36m&lt;button[39m
              [33mrole[39m=[32m&quot;tab&quot;[39m
            [36m&gt;[39m
              [36m&lt;svg[39m
                [33maria-hidden[39m=[32m&quot;true&quot;[39m
                [33mclass[39m=[32m&quot;lucide lucide-activity h-4 w-4&quot;[39m
                [33mfill[39m=[32m&quot;none&quot;[39m
                [33mheight[39m=[32m&quot;24&quot;[39m
                [33mstroke[39m=[32m&quot;currentColor&quot;[39m
                [33mstroke-linecap[39m=[32m&quot;round&quot;[39m
                [33mstroke-linejoin[39m=[32m&quot;round&quot;[39m
                [33mstroke-width[39m=[32m&quot;2&quot;[39m
                [33mviewBox[39m=[32m&quot;0 0 24 24&quot;[39m
                [33mwidth[39m=[32m&quot;24&quot;[39m
                [33mxmlns[39m=[32m&quot;http://www.w3.org/2000/svg&quot;[39m
              [36m&gt;[39m
                [36m&lt;path[39m
                  [33md[39m=[32m&quot;M22 12h-2.48a2 2 0 0 0-1.93 1.46l-2.35 8.36a.25.25 0 0 1-.48 0L9.24 2.18a.25.25 0 0 0-.48 0l-2.35 8.36A2 2 0 0 1 4.49 12H2&quot;[39m
                [36m/&gt;[39m
              [36m&lt;/svg&gt;[39m
              [36m&lt;span[39m
                [33mclass[39m=[32m&quot;hidden lg:inline&quot;[39m
              [36m&gt;[39m
                [0mOverview[0m
              [36m&lt;/span&gt;[39m
            [36m&lt;/button&gt;[39m
            [36m&lt;button[39m
              [33mrole[39m=[32m&quot;tab&quot;[39m
            [36m&gt;[39m
              [36m&lt;svg[39m
                [33maria-hidden[39m=[32m&quot;true&quot;[39m
                [33mclass[39m=[32m&quot;lucide lucide-users h-4 w-4&quot;[39m
                [33mfill[39m=[32m&quot;none&quot;[39m
                [33mheight[39m=[32m&quot;24&quot;[39m
                [33mstroke[39m=[32m&quot;currentColor&quot;[39m
                [33mstroke-linecap[39m=[32m&quot;round&quot;[39m
                [33mstroke-linejoin[39m=[32m&quot;round&quot;[39m
                [33mstroke-width[39m=[32m&quot;2&quot;[39m
                [33mviewBox[39m=[32m&quot;0 0 24 24&quot;[39m
                [33mwidth[39m=[32m&quot;24&quot;[39m
                [33mxmlns[39m=[32m&quot;http://www.w3.org/2000/svg&quot;[39m
              [36m&gt;[39m
                [36m&lt;path[39m
                  [33md[39m=[32m&quot;M16 21v-2a4 4 0 0 0-4-4H6a4 4 0 0 0-4 4v2&quot;[39m
                [36m/&gt;[39m
                [36m&lt;path[39m
                  [33md[39m=[32m&quot;M16 3.128a4 4 0 0 1 0 7.744&quot;[39m
                [36m/&gt;[39m
                [36m&lt;path[39m
                  [33md[39m=[32..." type="TestingLibraryElementError">
TestingLibraryElementError: Found multiple elements with the text: /System Health/i

Here are the matching elements:

Ignored nodes: comments, script, style
[36m&lt;h3[39m
  [33mclass[39m=[32m&quot;font-semibold text-2xl&quot;[39m
[36m&gt;[39m
  [0mSystem Health[0m
[36m&lt;/h3&gt;[39m

Ignored nodes: comments, script, style
[36m&lt;div[39m
  [33mclass[39m=[32m&quot;text-muted-foreground&quot;[39m
[36m&gt;[39m
  [0mNo system health data.[0m
[36m&lt;/div&gt;[39m

(If this is intentional, then use the `*AllBy*` variant of the query (like `queryAllByText`, `getAllByText`, or `findAllByText`)).

Ignored nodes: comments, script, style
[36m&lt;body&gt;[39m
  [36m&lt;div&gt;[39m
    [36m&lt;div[39m
      [33mclass[39m=[32m&quot;min-h-screen bg-background&quot;[39m
    [36m&gt;[39m
      [36m&lt;div[39m
        [33mclass[39m=[32m&quot;border-b bg-card&quot;[39m
      [36m&gt;[39m
        [36m&lt;div[39m
          [33mclass[39m=[32m&quot;container mx-auto px-4 py-4&quot;[39m
        [36m&gt;[39m
          [36m&lt;div[39m
            [33mclass[39m=[32m&quot;flex items-center justify-between&quot;[39m
          [36m&gt;[39m
            [36m&lt;div&gt;[39m
              [36m&lt;h1[39m
                [33mclass[39m=[32m&quot;text-2xl font-bold&quot;[39m
              [36m&gt;[39m
                [0mAdmin Dashboard[0m
              [36m&lt;/h1&gt;[39m
              [36m&lt;p[39m
                [33mclass[39m=[32m&quot;text-muted-foreground&quot;[39m
              [36m&gt;[39m
                [0mSystem administration and monitoring[0m
              [36m&lt;/p&gt;[39m
            [36m&lt;/div&gt;[39m
            [36m&lt;div[39m
              [33mclass[39m=[32m&quot;flex items-center space-x-2&quot;[39m
            [36m&gt;[39m
              [36m&lt;button[39m
                [33mclass[39m=[32m&quot;inline-flex items-center justify-center whitespace-nowrap rounded-md font-medium transition-all duration-200 disabled:pointer-events-none disabled:opacity-50 focus-visible:outline-none focus-visible:ring-2 focus-visible:ring-offset-2 active:scale-[0.98] [&amp;_svg]:pointer-events-none [&amp;_svg:not([class*=\&quot;size-\&quot;])]:size-4 [&amp;_svg]:shrink-0 border border-input bg-background hover:bg-accent hover:text-accent-foreground hover:shadow-sm focus-visible:ring-ring/20 h-8 px-3 text-sm gap-1.5 has-[&gt;svg]:px-2.5&quot;[39m
              [36m&gt;[39m
                [36m&lt;svg[39m
                  [33maria-hidden[39m=[32m&quot;true&quot;[39m
                  [33mclass[39m=[32m&quot;lucide lucide-refresh-cw h-4 w-4 mr-2&quot;[39m
                  [33mfill[39m=[32m&quot;none&quot;[39m
                  [33mheight[39m=[32m&quot;24&quot;[39m
                  [33mstroke[39m=[32m&quot;currentColor&quot;[39m
                  [33mstroke-linecap[39m=[32m&quot;round&quot;[39m
                  [33mstroke-linejoin[39m=[32m&quot;round&quot;[39m
                  [33mstroke-width[39m=[32m&quot;2&quot;[39m
                  [33mviewBox[39m=[32m&quot;0 0 24 24&quot;[39m
                  [33mwidth[39m=[32m&quot;24&quot;[39m
                  [33mxmlns[39m=[32m&quot;http://www.w3.org/2000/svg&quot;[39m
                [36m&gt;[39m
                  [36m&lt;path[39m
                    [33md[39m=[32m&quot;M3 12a9 9 0 0 1 9-9 9.75 9.75 0 0 1 6.74 2.74L21 8&quot;[39m
                  [36m/&gt;[39m
                  [36m&lt;path[39m
                    [33md[39m=[32m&quot;M21 3v5h-5&quot;[39m
                  [36m/&gt;[39m
                  [36m&lt;path[39m
                    [33md[39m=[32m&quot;M21 12a9 9 0 0 1-9 9 9.75 9.75 0 0 1-6.74-2.74L3 16&quot;[39m
                  [36m/&gt;[39m
                  [36m&lt;path[39m
                    [33md[39m=[32m&quot;M8 16H3v5&quot;[39m
                  [36m/&gt;[39m
                [36m&lt;/svg&gt;[39m
                [0mRefresh[0m
              [36m&lt;/button&gt;[39m
              [36m&lt;div[39m
                [33mclass[39m=[32m&quot;flex items-center space-x-2 pl-2&quot;[39m
              [36m&gt;[39m
                [36m&lt;span[39m
                  [33mclass[39m=[32m&quot;text-xs text-muted-foreground&quot;[39m
                [36m&gt;[39m
                  [0mAuto Refresh[0m
                [36m&lt;/span&gt;[39m
                [36m&lt;button[39m
                  [33maria-checked[39m=[32m&quot;true&quot;[39m
                  [33mrole[39m=[32m&quot;switch&quot;[39m
                [36m/&gt;[39m
              [36m&lt;/div&gt;[39m
              [36m&lt;button[39m
                [33mclass[39m=[32m&quot;inline-flex items-center justify-center whitespace-nowrap rounded-md font-medium transition-all duration-200 disabled:pointer-events-none disabled:opacity-50 focus-visible:outline-none focus-visible:ring-2 focus-visible:ring-offset-2 active:scale-[0.98] [&amp;_svg]:pointer-events-none [&amp;_svg:not([class*=\&quot;size-\&quot;])]:size-4 [&amp;_svg]:shrink-0 border border-input bg-background hover:bg-accent hover:text-accent-foreground hover:shadow-sm focus-visible:ring-ring/20 h-8 px-3 text-sm gap-1.5 has-[&gt;svg]:px-2.5&quot;[39m
              [36m&gt;[39m
                [0mBack to App[0m
              [36m&lt;/button&gt;[39m
            [36m&lt;/div&gt;[39m
          [36m&lt;/div&gt;[39m
        [36m&lt;/div&gt;[39m
      [36m&lt;/div&gt;[39m
      [36m&lt;div[39m
        [33mclass[39m=[32m&quot;container mx-auto px-4 py-6&quot;[39m
      [36m&gt;[39m
        [36m&lt;div[39m
          [33mdata-testid[39m=[32m&quot;Tabs&quot;[39m
        [36m&gt;[39m
          [36m&lt;div[39m
            [33mrole[39m=[32m&quot;tablist&quot;[39m
          [36m&gt;[39m
            [36m&lt;button[39m
              [33mrole[39m=[32m&quot;tab&quot;[39m
            [36m&gt;[39m
              [36m&lt;svg[39m
                [33maria-hidden[39m=[32m&quot;true&quot;[39m
                [33mclass[39m=[32m&quot;lucide lucide-activity h-4 w-4&quot;[39m
                [33mfill[39m=[32m&quot;none&quot;[39m
                [33mheight[39m=[32m&quot;24&quot;[39m
                [33mstroke[39m=[32m&quot;currentColor&quot;[39m
                [33mstroke-linecap[39m=[32m&quot;round&quot;[39m
                [33mstroke-linejoin[39m=[32m&quot;round&quot;[39m
                [33mstroke-width[39m=[32m&quot;2&quot;[39m
                [33mviewBox[39m=[32m&quot;0 0 24 24&quot;[39m
                [33mwidth[39m=[32m&quot;24&quot;[39m
                [33mxmlns[39m=[32m&quot;http://www.w3.org/2000/svg&quot;[39m
              [36m&gt;[39m
                [36m&lt;path[39m
                  [33md[39m=[32m&quot;M22 12h-2.48a2 2 0 0 0-1.93 1.46l-2.35 8.36a.25.25 0 0 1-.48 0L9.24 2.18a.25.25 0 0 0-.48 0l-2.35 8.36A2 2 0 0 1 4.49 12H2&quot;[39m
                [36m/&gt;[39m
              [36m&lt;/svg&gt;[39m
              [36m&lt;span[39m
                [33mclass[39m=[32m&quot;hidden lg:inline&quot;[39m
              [36m&gt;[39m
                [0mOverview[0m
              [36m&lt;/span&gt;[39m
            [36m&lt;/button&gt;[39m
            [36m&lt;button[39m
              [33mrole[39m=[32m&quot;tab&quot;[39m
            [36m&gt;[39m
              [36m&lt;svg[39m
                [33maria-hidden[39m=[32m&quot;true&quot;[39m
                [33mclass[39m=[32m&quot;lucide lucide-users h-4 w-4&quot;[39m
                [33mfill[39m=[32m&quot;none&quot;[39m
                [33mheight[39m=[32m&quot;24&quot;[39m
                [33mstroke[39m=[32m&quot;currentColor&quot;[39m
                [33mstroke-linecap[39m=[32m&quot;round&quot;[39m
                [33mstroke-linejoin[39m=[32m&quot;round&quot;[39m
                [33mstroke-width[39m=[32m&quot;2&quot;[39m
                [33mviewBox[39m=[32m&quot;0 0 24 24&quot;[39m
                [33mwidth[39m=[32m&quot;24&quot;[39m
                [33mxmlns[39m=[32m&quot;http://www.w3.org/2000/svg&quot;[39m
              [36m&gt;[39m
                [36m&lt;path[39m
                  [33md[39m=[32m&quot;M16 21v-2a4 4 0 0 0-4-4H6a4 4 0 0 0-4 4v2&quot;[39m
                [36m/&gt;[39m
                [36m&lt;path[39m
                  [33md[39m=[32m&quot;M16 3.128a4 4 0 0 1 0 7.744&quot;[39m
                [36m/&gt;[39m
                [36m&lt;path[39m
                  [33md[39m=[32...

Ignored nodes: comments, script, style
[36m&lt;body&gt;[39m
  [36m&lt;div&gt;[39m
    [36m&lt;div[39m
      [33mclass[39m=[32m&quot;min-h-screen bg-background&quot;[39m
    [36m&gt;[39m
      [36m&lt;div[39m
        [33mclass[39m=[32m&quot;border-b bg-card&quot;[39m
      [36m&gt;[39m
        [36m&lt;div[39m
          [33mclass[39m=[32m&quot;container mx-auto px-4 py-4&quot;[39m
        [36m&gt;[39m
          [36m&lt;div[39m
            [33mclass[39m=[32m&quot;flex items-center justify-between&quot;[39m
          [36m&gt;[39m
            [36m&lt;div&gt;[39m
              [36m&lt;h1[39m
                [33mclass[39m=[32m&quot;text-2xl font-bold&quot;[39m
              [36m&gt;[39m
                [0mAdmin Dashboard[0m
              [36m&lt;/h1&gt;[39m
              [36m&lt;p[39m
                [33mclass[39m=[32m&quot;text-muted-foreground&quot;[39m
              [36m&gt;[39m
                [0mSystem administration and monitoring[0m
              [36m&lt;/p&gt;[39m
            [36m&lt;/div&gt;[39m
            [36m&lt;div[39m
              [33mclass[39m=[32m&quot;flex items-center space-x-2&quot;[39m
            [36m&gt;[39m
              [36m&lt;button[39m
                [33mclass[39m=[32m&quot;inline-flex items-center justify-center whitespace-nowrap rounded-md font-medium transition-all duration-200 disabled:pointer-events-none disabled:opacity-50 focus-visible:outline-none focus-visible:ring-2 focus-visible:ring-offset-2 active:scale-[0.98] [&amp;_svg]:pointer-events-none [&amp;_svg:not([class*=\&quot;size-\&quot;])]:size-4 [&amp;_svg]:shrink-0 border border-input bg-background hover:bg-accent hover:text-accent-foreground hover:shadow-sm focus-visible:ring-ring/20 h-8 px-3 text-sm gap-1.5 has-[&gt;svg]:px-2.5&quot;[39m
              [36m&gt;[39m
                [36m&lt;svg[39m
                  [33maria-hidden[39m=[32m&quot;true&quot;[39m
                  [33mclass[39m=[32m&quot;lucide lucide-refresh-cw h-4 w-4 mr-2&quot;[39m
                  [33mfill[39m=[32m&quot;none&quot;[39m
                  [33mheight[39m=[32m&quot;24&quot;[39m
                  [33mstroke[39m=[32m&quot;currentColor&quot;[39m
                  [33mstroke-linecap[39m=[32m&quot;round&quot;[39m
                  [33mstroke-linejoin[39m=[32m&quot;round&quot;[39m
                  [33mstroke-width[39m=[32m&quot;2&quot;[39m
                  [33mviewBox[39m=[32m&quot;0 0 24 24&quot;[39m
                  [33mwidth[39m=[32m&quot;24&quot;[39m
                  [33mxmlns[39m=[32m&quot;http://www.w3.org/2000/svg&quot;[39m
                [36m&gt;[39m
                  [36m&lt;path[39m
                    [33md[39m=[32m&quot;M3 12a9 9 0 0 1 9-9 9.75 9.75 0 0 1 6.74 2.74L21 8&quot;[39m
                  [36m/&gt;[39m
                  [36m&lt;path[39m
                    [33md[39m=[32m&quot;M21 3v5h-5&quot;[39m
                  [36m/&gt;[39m
                  [36m&lt;path[39m
                    [33md[39m=[32m&quot;M21 12a9 9 0 0 1-9 9 9.75 9.75 0 0 1-6.74-2.74L3 16&quot;[39m
                  [36m/&gt;[39m
                  [36m&lt;path[39m
                    [33md[39m=[32m&quot;M8 16H3v5&quot;[39m
                  [36m/&gt;[39m
                [36m&lt;/svg&gt;[39m
                [0mRefresh[0m
              [36m&lt;/button&gt;[39m
              [36m&lt;div[39m
                [33mclass[39m=[32m&quot;flex items-center space-x-2 pl-2&quot;[39m
              [36m&gt;[39m
                [36m&lt;span[39m
                  [33mclass[39m=[32m&quot;text-xs text-muted-foreground&quot;[39m
                [36m&gt;[39m
                  [0mAuto Refresh[0m
                [36m&lt;/span&gt;[39m
                [36m&lt;button[39m
                  [33maria-checked[39m=[32m&quot;true&quot;[39m
                  [33mrole[39m=[32m&quot;switch&quot;[39m
                [36m/&gt;[39m
              [36m&lt;/div&gt;[39m
              [36m&lt;button[39m
                [33mclass[39m=[32m&quot;inline-flex items-center justify-center whitespace-nowrap rounded-md font-medium transition-all duration-200 disabled:pointer-events-none disabled:opacity-50 focus-visible:outline-none focus-visible:ring-2 focus-visible:ring-offset-2 active:scale-[0.98] [&amp;_svg]:pointer-events-none [&amp;_svg:not([class*=\&quot;size-\&quot;])]:size-4 [&amp;_svg]:shrink-0 border border-input bg-background hover:bg-accent hover:text-accent-foreground hover:shadow-sm focus-visible:ring-ring/20 h-8 px-3 text-sm gap-1.5 has-[&gt;svg]:px-2.5&quot;[39m
              [36m&gt;[39m
                [0mBack to App[0m
              [36m&lt;/button&gt;[39m
            [36m&lt;/div&gt;[39m
          [36m&lt;/div&gt;[39m
        [36m&lt;/div&gt;[39m
      [36m&lt;/div&gt;[39m
      [36m&lt;div[39m
        [33mclass[39m=[32m&quot;container mx-auto px-4 py-6&quot;[39m
      [36m&gt;[39m
        [36m&lt;div[39m
          [33mdata-testid[39m=[32m&quot;Tabs&quot;[39m
        [36m&gt;[39m
          [36m&lt;div[39m
            [33mrole[39m=[32m&quot;tablist&quot;[39m
          [36m&gt;[39m
            [36m&lt;button[39m
              [33mrole[39m=[32m&quot;tab&quot;[39m
            [36m&gt;[39m
              [36m&lt;svg[39m
                [33maria-hidden[39m=[32m&quot;true&quot;[39m
                [33mclass[39m=[32m&quot;lucide lucide-activity h-4 w-4&quot;[39m
                [33mfill[39m=[32m&quot;none&quot;[39m
                [33mheight[39m=[32m&quot;24&quot;[39m
                [33mstroke[39m=[32m&quot;currentColor&quot;[39m
                [33mstroke-linecap[39m=[32m&quot;round&quot;[39m
                [33mstroke-linejoin[39m=[32m&quot;round&quot;[39m
                [33mstroke-width[39m=[32m&quot;2&quot;[39m
                [33mviewBox[39m=[32m&quot;0 0 24 24&quot;[39m
                [33mwidth[39m=[32m&quot;24&quot;[39m
                [33mxmlns[39m=[32m&quot;http://www.w3.org/2000/svg&quot;[39m
              [36m&gt;[39m
                [36m&lt;path[39m
                  [33md[39m=[32m&quot;M22 12h-2.48a2 2 0 0 0-1.93 1.46l-2.35 8.36a.25.25 0 0 1-.48 0L9.24 2.18a.25.25 0 0 0-.48 0l-2.35 8.36A2 2 0 0 1 4.49 12H2&quot;[39m
                [36m/&gt;[39m
              [36m&lt;/svg&gt;[39m
              [36m&lt;span[39m
                [33mclass[39m=[32m&quot;hidden lg:inline&quot;[39m
              [36m&gt;[39m
                [0mOverview[0m
              [36m&lt;/span&gt;[39m
            [36m&lt;/button&gt;[39m
            [36m&lt;button[39m
              [33mrole[39m=[32m&quot;tab&quot;[39m
            [36m&gt;[39m
              [36m&lt;svg[39m
                [33maria-hidden[39m=[32m&quot;true&quot;[39m
                [33mclass[39m=[32m&quot;lucide lucide-users h-4 w-4&quot;[39m
                [33mfill[39m=[32m&quot;none&quot;[39m
                [33mheight[39m=[32m&quot;24&quot;[39m
                [33mstroke[39m=[32m&quot;currentColor&quot;[39m
                [33mstroke-linecap[39m=[32m&quot;round&quot;[39m
                [33mstroke-linejoin[39m=[32m&quot;round&quot;[39m
                [33mstroke-width[39m=[32m&quot;2&quot;[39m
                [33mviewBox[39m=[32m&quot;0 0 24 24&quot;[39m
                [33mwidth[39m=[32m&quot;24&quot;[39m
                [33mxmlns[39m=[32m&quot;http://www.w3.org/2000/svg&quot;[39m
              [36m&gt;[39m
                [36m&lt;path[39m
                  [33md[39m=[32m&quot;M16 21v-2a4 4 0 0 0-4-4H6a4 4 0 0 0-4 4v2&quot;[39m
                [36m/&gt;[39m
                [36m&lt;path[39m
                  [33md[39m=[32m&quot;M16 3.128a4 4 0 0 1 0 7.744&quot;[39m
                [36m/&gt;[39m
                [36m&lt;path[39m
                  [33md[39m=[32...
 ❯ waitForWrapper node_modules/.pnpm/@testing-library+dom@8.20.1/node_modules/@testing-library/dom/dist/wait-for.js:166:27
 ❯ findByText node_modules/.pnpm/@testing-library+dom@8.20.1/node_modules/@testing-library/dom/dist/query-helpers.js:86:33
 ❯ src/pages/__tests__/AdminDashboard.health-tab.test.tsx:33:29
            </failure>
        </testcase>
        <testcase classname="src/pages/__tests__/AdminDashboard.health-tab.test.tsx" name="AdminDashboard Health tab states &gt; shows absent messages when health not available" time="0.439">
        </testcase>
    </testsuite>
    <testsuite name="src/pages/__tests__/AdminDashboard.logs-filters.test.tsx" timestamp="2025-08-10T08:32:00.729Z" hostname="DESKTOP-CSMHNRS" tests="1" failures="1" errors="0" skipped="0" time="3.053">
        <testcase classname="src/pages/__tests__/AdminDashboard.logs-filters.test.tsx" name="AdminDashboard Logs filters &gt; applies level/limit/date/search and calls service with correct params" time="3.046">
            <system-err>
Warning: `ReactDOMTestUtils.act` is deprecated in favor of `React.act`. Import `act` from `react` instead of `react-dom/test-utils`. See https://react.dev/warnings/react-dom-test-utils for more info.

Warning: An update to AdminDashboard inside a test was not wrapped in act(...).

When testing, code that causes React state updates should be wrapped into act(...):

act(() =&gt; {
  /* fire events that update state */
});
/* assert on the output */

This ensures that you&apos;re testing the behavior the user would see in the browser. Learn more at https://reactjs.org/link/wrap-tests-with-act
    at AdminDashboard (/home/alex/projects/fin-model/frontend/src/pages/AdminDashboard.tsx:46:79)

Warning: An update to AdminDashboard inside a test was not wrapped in act(...).

When testing, code that causes React state updates should be wrapped into act(...):

act(() =&gt; {
  /* fire events that update state */
});
/* assert on the output */

This ensures that you&apos;re testing the behavior the user would see in the browser. Learn more at https://reactjs.org/link/wrap-tests-with-act
    at AdminDashboard (/home/alex/projects/fin-model/frontend/src/pages/AdminDashboard.tsx:46:79)

Warning: An update to AdminDashboard inside a test was not wrapped in act(...).

When testing, code that causes React state updates should be wrapped into act(...):

act(() =&gt; {
  /* fire events that update state */
});
/* assert on the output */

This ensures that you&apos;re testing the behavior the user would see in the browser. Learn more at https://reactjs.org/link/wrap-tests-with-act
    at AdminDashboard (/home/alex/projects/fin-model/frontend/src/pages/AdminDashboard.tsx:46:79)

Warning: An update to AdminDashboard inside a test was not wrapped in act(...).

When testing, code that causes React state updates should be wrapped into act(...):

act(() =&gt; {
  /* fire events that update state */
});
/* assert on the output */

This ensures that you&apos;re testing the behavior the user would see in the browser. Learn more at https://reactjs.org/link/wrap-tests-with-act
    at AdminDashboard (/home/alex/projects/fin-model/frontend/src/pages/AdminDashboard.tsx:46:79)

Warning: An update to AdminDashboard inside a test was not wrapped in act(...).

When testing, code that causes React state updates should be wrapped into act(...):

act(() =&gt; {
  /* fire events that update state */
});
/* assert on the output */

This ensures that you&apos;re testing the behavior the user would see in the browser. Learn more at https://reactjs.org/link/wrap-tests-with-act
    at AdminDashboard (/home/alex/projects/fin-model/frontend/src/pages/AdminDashboard.tsx:46:79)

Warning: An update to AdminDashboard inside a test was not wrapped in act(...).

When testing, code that causes React state updates should be wrapped into act(...):

act(() =&gt; {
  /* fire events that update state */
});
/* assert on the output */

This ensures that you&apos;re testing the behavior the user would see in the browser. Learn more at https://reactjs.org/link/wrap-tests-with-act
    at AdminDashboard (/home/alex/projects/fin-model/frontend/src/pages/AdminDashboard.tsx:46:79)

Warning: An update to AdminDashboard inside a test was not wrapped in act(...).

When testing, code that causes React state updates should be wrapped into act(...):

act(() =&gt; {
  /* fire events that update state */
});
/* assert on the output */

This ensures that you&apos;re testing the behavior the user would see in the browser. Learn more at https://reactjs.org/link/wrap-tests-with-act
    at AdminDashboard (/home/alex/projects/fin-model/frontend/src/pages/AdminDashboard.tsx:46:79)

Warning: An update to AdminDashboard inside a test was not wrapped in act(...).

When testing, code that causes React state updates should be wrapped into act(...):

act(() =&gt; {
  /* fire events that update state */
});
/* assert on the output */

This ensures that you&apos;re testing the behavior the user would see in the browser. Learn more at https://reactjs.org/link/wrap-tests-with-act
    at AdminDashboard (/home/alex/projects/fin-model/frontend/src/pages/AdminDashboard.tsx:46:79)

Warning: An update to AdminDashboard inside a test was not wrapped in act(...).

When testing, code that causes React state updates should be wrapped into act(...):

act(() =&gt; {
  /* fire events that update state */
});
/* assert on the output */

This ensures that you&apos;re testing the behavior the user would see in the browser. Learn more at https://reactjs.org/link/wrap-tests-with-act
    at AdminDashboard (/home/alex/projects/fin-model/frontend/src/pages/AdminDashboard.tsx:46:79)

Warning: An update to AdminDashboard inside a test was not wrapped in act(...).

When testing, code that causes React state updates should be wrapped into act(...):

act(() =&gt; {
  /* fire events that update state */
});
/* assert on the output */

This ensures that you&apos;re testing the behavior the user would see in the browser. Learn more at https://reactjs.org/link/wrap-tests-with-act
    at AdminDashboard (/home/alex/projects/fin-model/frontend/src/pages/AdminDashboard.tsx:46:79)
Warning: An update to AdminDashboard inside a test was not wrapped in act(...).

When testing, code that causes React state updates should be wrapped into act(...):

act(() =&gt; {
  /* fire events that update state */
});
/* assert on the output */

This ensures that you&apos;re testing the behavior the user would see in the browser. Learn more at https://reactjs.org/link/wrap-tests-with-act
    at AdminDashboard (/home/alex/projects/fin-model/frontend/src/pages/AdminDashboard.tsx:46:79)
Warning: An update to AdminDashboard inside a test was not wrapped in act(...).

When testing, code that causes React state updates should be wrapped into act(...):

act(() =&gt; {
  /* fire events that update state */
});
/* assert on the output */

This ensures that you&apos;re testing the behavior the user would see in the browser. Learn more at https://reactjs.org/link/wrap-tests-with-act
    at AdminDashboard (/home/alex/projects/fin-model/frontend/src/pages/AdminDashboard.tsx:46:79)

            </system-err>
            <failure message="expected &quot;spy&quot; to be called with arguments: [ Array(3) ][90m

Received: 

[1m  1st spy call:

[22m[2m  Array [[22m
[32m-   &quot;INFO&quot;,[90m
[32m-   50,[90m
[32m-   ObjectContaining {[90m
[31m+   &quot;ERROR&quot;,[90m
[31m+   100,[90m
[31m+   Object {[90m
[2m      &quot;envelope&quot;: true,[22m
[2m      &quot;from&quot;: &quot;2025-01-01&quot;,[22m
[2m      &quot;search&quot;: &quot;timeout&quot;,[22m
[2m      &quot;skip&quot;: 0,[22m
[2m      &quot;to&quot;: &quot;2025-01-31&quot;,[22m
[2m    },[22m
[2m  ][22m
[39m[90m

Number of calls: [1m1[22m
[39m" type="AssertionError">
AssertionError: expected &quot;spy&quot; to be called with arguments: [ Array(3) ][90m

Received: 

[1m  1st spy call:

[22m[2m  Array [[22m
[32m-   &quot;INFO&quot;,[90m
[32m-   50,[90m
[32m-   ObjectContaining {[90m
[31m+   &quot;ERROR&quot;,[90m
[31m+   100,[90m
[31m+   Object {[90m
[2m      &quot;envelope&quot;: true,[22m
[2m      &quot;from&quot;: &quot;2025-01-01&quot;,[22m
[2m      &quot;search&quot;: &quot;timeout&quot;,[22m
[2m      &quot;skip&quot;: 0,[22m
[2m      &quot;to&quot;: &quot;2025-01-31&quot;,[22m
[2m    },[22m
[2m  ][22m
[39m[90m

Number of calls: [1m1[22m
[39m
 ❯ src/pages/__tests__/AdminDashboard.logs-filters.test.tsx:68:38
            </failure>
        </testcase>
    </testsuite>
    <testsuite name="src/pages/__tests__/AdminDashboard.logs.test.tsx" timestamp="2025-08-10T08:32:00.736Z" hostname="DESKTOP-CSMHNRS" tests="1" failures="0" errors="0" skipped="0" time="2.131">
        <testcase classname="src/pages/__tests__/AdminDashboard.logs.test.tsx" name="AdminDashboard Logs pagination &gt; renders logs list and paging controls" time="2.123">
            <system-err>
Warning: `ReactDOMTestUtils.act` is deprecated in favor of `React.act`. Import `act` from `react` instead of `react-dom/test-utils`. See https://react.dev/warnings/react-dom-test-utils for more info.

Warning: An update to AdminDashboard inside a test was not wrapped in act(...).

When testing, code that causes React state updates should be wrapped into act(...):

act(() =&gt; {
  /* fire events that update state */
});
/* assert on the output */

This ensures that you&apos;re testing the behavior the user would see in the browser. Learn more at https://reactjs.org/link/wrap-tests-with-act
    at AdminDashboard (/home/alex/projects/fin-model/frontend/src/pages/AdminDashboard.tsx:46:79)
Warning: An update to AdminDashboard inside a test was not wrapped in act(...).

When testing, code that causes React state updates should be wrapped into act(...):

act(() =&gt; {
  /* fire events that update state */
});
/* assert on the output */

This ensures that you&apos;re testing the behavior the user would see in the browser. Learn more at https://reactjs.org/link/wrap-tests-with-act
    at AdminDashboard (/home/alex/projects/fin-model/frontend/src/pages/AdminDashboard.tsx:46:79)
Warning: An update to AdminDashboard inside a test was not wrapped in act(...).

When testing, code that causes React state updates should be wrapped into act(...):

act(() =&gt; {
  /* fire events that update state */
});
/* assert on the output */

This ensures that you&apos;re testing the behavior the user would see in the browser. Learn more at https://reactjs.org/link/wrap-tests-with-act
    at AdminDashboard (/home/alex/projects/fin-model/frontend/src/pages/AdminDashboard.tsx:46:79)

            </system-err>
        </testcase>
    </testsuite>
    <testsuite name="src/pages/__tests__/AdminDashboard.maintenance.test.tsx" timestamp="2025-08-10T08:32:00.742Z" hostname="DESKTOP-CSMHNRS" tests="1" failures="1" errors="0" skipped="0" time="6.248">
        <testcase classname="src/pages/__tests__/AdminDashboard.maintenance.test.tsx" name="AdminDashboard Maintenance schedules &gt; clears rate limits via Maintenance &gt; Security action" time="6.207">
            <system-err>
Warning: `ReactDOMTestUtils.act` is deprecated in favor of `React.act`. Import `act` from `react` instead of `react-dom/test-utils`. See https://react.dev/warnings/react-dom-test-utils for more info.

            </system-err>
            <failure message="Unable to find an element with the text: /Security Overview/i. This could be because the text is broken up by multiple elements. In this case, you can provide a function for your text matcher to make your matcher more flexible.

Ignored nodes: comments, script, style
[36m&lt;body&gt;[39m
  [36m&lt;div&gt;[39m
    [36m&lt;div[39m
      [33mclass[39m=[32m&quot;min-h-screen bg-background&quot;[39m
    [36m&gt;[39m
      [36m&lt;div[39m
        [33mclass[39m=[32m&quot;border-b bg-card&quot;[39m
      [36m&gt;[39m
        [36m&lt;div[39m
          [33mclass[39m=[32m&quot;container mx-auto px-4 py-4&quot;[39m
        [36m&gt;[39m
          [36m&lt;div[39m
            [33mclass[39m=[32m&quot;flex items-center justify-between&quot;[39m
          [36m&gt;[39m
            [36m&lt;div&gt;[39m
              [36m&lt;h1[39m
                [33mclass[39m=[32m&quot;text-2xl font-bold&quot;[39m
              [36m&gt;[39m
                [0mAdmin Dashboard[0m
              [36m&lt;/h1&gt;[39m
              [36m&lt;p[39m
                [33mclass[39m=[32m&quot;text-muted-foreground&quot;[39m
              [36m&gt;[39m
                [0mSystem administration and monitoring[0m
              [36m&lt;/p&gt;[39m
            [36m&lt;/div&gt;[39m
            [36m&lt;div[39m
              [33mclass[39m=[32m&quot;flex items-center space-x-2&quot;[39m
            [36m&gt;[39m
              [36m&lt;button[39m
                [33mclass[39m=[32m&quot;inline-flex items-center justify-center whitespace-nowrap rounded-md font-medium transition-all duration-200 disabled:pointer-events-none disabled:opacity-50 focus-visible:outline-none focus-visible:ring-2 focus-visible:ring-offset-2 active:scale-[0.98] [&amp;_svg]:pointer-events-none [&amp;_svg:not([class*=\&quot;size-\&quot;])]:size-4 [&amp;_svg]:shrink-0 border border-input bg-background hover:bg-accent hover:text-accent-foreground hover:shadow-sm focus-visible:ring-ring/20 h-8 px-3 text-sm gap-1.5 has-[&gt;svg]:px-2.5&quot;[39m
              [36m&gt;[39m
                [36m&lt;svg[39m
                  [33maria-hidden[39m=[32m&quot;true&quot;[39m
                  [33mclass[39m=[32m&quot;lucide lucide-refresh-cw h-4 w-4 mr-2&quot;[39m
                  [33mfill[39m=[32m&quot;none&quot;[39m
                  [33mheight[39m=[32m&quot;24&quot;[39m
                  [33mstroke[39m=[32m&quot;currentColor&quot;[39m
                  [33mstroke-linecap[39m=[32m&quot;round&quot;[39m
                  [33mstroke-linejoin[39m=[32m&quot;round&quot;[39m
                  [33mstroke-width[39m=[32m&quot;2&quot;[39m
                  [33mviewBox[39m=[32m&quot;0 0 24 24&quot;[39m
                  [33mwidth[39m=[32m&quot;24&quot;[39m
                  [33mxmlns[39m=[32m&quot;http://www.w3.org/2000/svg&quot;[39m
                [36m&gt;[39m
                  [36m&lt;path[39m
                    [33md[39m=[32m&quot;M3 12a9 9 0 0 1 9-9 9.75 9.75 0 0 1 6.74 2.74L21 8&quot;[39m
                  [36m/&gt;[39m
                  [36m&lt;path[39m
                    [33md[39m=[32m&quot;M21 3v5h-5&quot;[39m
                  [36m/&gt;[39m
                  [36m&lt;path[39m
                    [33md[39m=[32m&quot;M21 12a9 9 0 0 1-9 9 9.75 9.75 0 0 1-6.74-2.74L3 16&quot;[39m
                  [36m/&gt;[39m
                  [36m&lt;path[39m
                    [33md[39m=[32m&quot;M8 16H3v5&quot;[39m
                  [36m/&gt;[39m
                [36m&lt;/svg&gt;[39m
                [0mRefresh[0m
              [36m&lt;/button&gt;[39m
              [36m&lt;div[39m
                [33mclass[39m=[32m&quot;flex items-center space-x-2 pl-2&quot;[39m
              [36m&gt;[39m
                [36m&lt;span[39m
                  [33mclass[39m=[32m&quot;text-xs text-muted-foreground&quot;[39m
                [36m&gt;[39m
                  [0mAuto Refresh[0m
                [36m&lt;/span&gt;[39m
                [36m&lt;button[39m
                  [33maria-checked[39m=[32m&quot;true&quot;[39m
                  [33mrole[39m=[32m&quot;switch&quot;[39m
                [36m/&gt;[39m
              [36m&lt;/div&gt;[39m
              [36m&lt;button[39m
                [33mclass[39m=[32m&quot;inline-flex items-center justify-center whitespace-nowrap rounded-md font-medium transition-all duration-200 disabled:pointer-events-none disabled:opacity-50 focus-visible:outline-none focus-visible:ring-2 focus-visible:ring-offset-2 active:scale-[0.98] [&amp;_svg]:pointer-events-none [&amp;_svg:not([class*=\&quot;size-\&quot;])]:size-4 [&amp;_svg]:shrink-0 border border-input bg-background hover:bg-accent hover:text-accent-foreground hover:shadow-sm focus-visible:ring-ring/20 h-8 px-3 text-sm gap-1.5 has-[&gt;svg]:px-2.5&quot;[39m
              [36m&gt;[39m
                [0mBack to App[0m
              [36m&lt;/button&gt;[39m
            [36m&lt;/div&gt;[39m
          [36m&lt;/div&gt;[39m
        [36m&lt;/div&gt;[39m
      [36m&lt;/div&gt;[39m
      [36m&lt;div[39m
        [33mclass[39m=[32m&quot;container mx-auto px-4 py-6&quot;[39m
      [36m&gt;[39m
        [36m&lt;div[39m
          [33mdata-testid[39m=[32m&quot;Tabs&quot;[39m
        [36m&gt;[39m
          [36m&lt;div[39m
            [33mrole[39m=[32m&quot;tablist&quot;[39m
          [36m&gt;[39m
            [36m&lt;button[39m
              [33mrole[39m=[32m&quot;tab&quot;[39m
            [36m&gt;[39m
              [36m&lt;svg[39m
                [33maria-hidden[39m=[32m&quot;true&quot;[39m
                [33mclass[39m=[32m&quot;lucide lucide-activity h-4 w-4&quot;[39m
                [33mfill[39m=[32m&quot;none&quot;[39m
                [33mheight[39m=[32m&quot;24&quot;[39m
                [33mstroke[39m=[32m&quot;currentColor&quot;[39m
                [33mstroke-linecap[39m=[32m&quot;round&quot;[39m
                [33mstroke-linejoin[39m=[32m&quot;round&quot;[39m
                [33mstroke-width[39m=[32m&quot;2&quot;[39m
                [33mviewBox[39m=[32m&quot;0 0 24 24&quot;[39m
                [33mwidth[39m=[32m&quot;24&quot;[39m
                [33mxmlns[39m=[32m&quot;http://www.w3.org/2000/svg&quot;[39m
              [36m&gt;[39m
                [36m&lt;path[39m
                  [33md[39m=[32m&quot;M22 12h-2.48a2 2 0 0 0-1.93 1.46l-2.35 8.36a.25.25 0 0 1-.48 0L9.24 2.18a.25.25 0 0 0-.48 0l-2.35 8.36A2 2 0 0 1 4.49 12H2&quot;[39m
                [36m/&gt;[39m
              [36m&lt;/svg&gt;[39m
              [36m&lt;span[39m
                [33mclass[39m=[32m&quot;hidden lg:inline&quot;[39m
              [36m&gt;[39m
                [0mOverview[0m
              [36m&lt;/span&gt;[39m
            [36m&lt;/button&gt;[39m
            [36m&lt;button[39m
              [33mrole[39m=[32m&quot;tab&quot;[39m
            [36m&gt;[39m
              [36m&lt;svg[39m
                [33maria-hidden[39m=[32m&quot;true&quot;[39m
                [33mclass[39m=[32m&quot;lucide lucide-users h-4 w-4&quot;[39m
                [33mfill[39m=[32m&quot;none&quot;[39m
                [33mheight[39m=[32m&quot;24&quot;[39m
                [33mstroke[39m=[32m&quot;currentColor&quot;[39m
                [33mstroke-linecap[39m=[32m&quot;round&quot;[39m
                [33mstroke-linejoin[39m=[32m&quot;round&quot;[39m
                [33mstroke-width[39m=[32m&quot;2&quot;[39m
                [33mviewBox[39m=[32m&quot;0 0 24 24&quot;[39m
                [33mwidth[39m=[32m&quot;24&quot;[39m
                [33mxmlns[39m=[32m&quot;http://www.w3.org/2000/svg&quot;[39m
              [36m&gt;[39m
                [36m&lt;path[39m
                  [33md[39m=[32m&quot;M16 21v-2a4 4 0 0 0-4-4H6a4 4 0 0 0-4 4v2&quot;[39m
                [36m/&gt;[39m
                [36m&lt;path[39m
                  [33md[39m=[32m&quot;M16 3.128a4 4 0 0 1 0 7.744&quot;[39m
                [36m/&gt;[39m
                [36m&lt;path[39m
                  [33md[39m=[32...

Ignored nodes: comments, script, style
[36m&lt;body&gt;[39m
  [36m&lt;div&gt;[39m
    [36m&lt;div[39m
      [33mclass[39m=[32m&quot;min-h-screen bg-background&quot;[39m
    [36m&gt;[39m
      [36m&lt;div[39m
        [33mclass[39m=[32m&quot;border-b bg-card&quot;[39m
      [36m&gt;[39m
        [36m&lt;div[39m
          [33mclass[39m=[32m&quot;container mx-auto px-4 py-4&quot;[39m
        [36m&gt;[39m
          [36m&lt;div[39m
            [33mclass[39m=[32m&quot;flex items-center justify-between&quot;[39m
          [36m&gt;[39m
            [36m&lt;div&gt;[39m
              [36m&lt;h1[39m
                [33mclass[39m=[32m&quot;text-2xl font-bold&quot;[39m
              [36m&gt;[39m
                [0mAdmin Dashboard[0m
              [36m&lt;/h1&gt;[39m
              [36m&lt;p[39m
                [33mclass[39m=[32m&quot;text-muted-foreground&quot;[39m
              [36m&gt;[39m
                [0mSystem administration and monitoring[0m
              [36m&lt;/p&gt;[39m
            [36m&lt;/div&gt;[39m
            [36m&lt;div[39m
              [33mclass[39m=[32m&quot;flex items-center space-x-2&quot;[39m
            [36m&gt;[39m
              [36m&lt;button[39m
                [33mclass[39m=[32m&quot;inline-flex items-center justify-center whitespace-nowrap rounded-md font-medium transition-all duration-200 disabled:pointer-events-none disabled:opacity-50 focus-visible:outline-none focus-visible:ring-2 focus-visible:ring-offset-2 active:scale-[0.98] [&amp;_svg]:pointer-events-none [&amp;_svg:not([class*=\&quot;size-\&quot;])]:size-4 [&amp;_svg]:shrink-0 border border-input bg-background hover:bg-accent hover:text-accent-foreground hover:shadow-sm focus-visible:ring-ring/20 h-8 px-3 text-sm gap-1.5 has-[&gt;svg]:px-2.5&quot;[39m
              [36m&gt;[39m
                [36m&lt;svg[39m
                  [33maria-hidden[39m=[32m&quot;true&quot;[39m
                  [33mclass[39m=[32m&quot;lucide lucide-refresh-cw h-4 w-4 mr-2&quot;[39m
                  [33mfill[39m=[32m&quot;none&quot;[39m
                  [33mheight[39m=[32m&quot;24&quot;[39m
                  [33mstroke[39m=[32m&quot;currentColor&quot;[39m
                  [33mstroke-linecap[39m=[32m&quot;round&quot;[39m
                  [33mstroke-linejoin[39m=[32m&quot;round&quot;[39m
                  [33mstroke-width[39m=[32m&quot;2&quot;[39m
                  [33mviewBox[39m=[32m&quot;0 0 24 24&quot;[39m
                  [33mwidth[39m=[32m&quot;24&quot;[39m
                  [33mxmlns[39m=[32m&quot;http://www.w3.org/2000/svg&quot;[39m
                [36m&gt;[39m
                  [36m&lt;path[39m
                    [33md[39m=[32m&quot;M3 12a9 9 0 0 1 9-9 9.75 9.75 0 0 1 6.74 2.74L21 8&quot;[39m
                  [36m/&gt;[39m
                  [36m&lt;path[39m
                    [33md[39m=[32m&quot;M21 3v5h-5&quot;[39m
                  [36m/&gt;[39m
                  [36m&lt;path[39m
                    [33md[39m=[32m&quot;M21 12a9 9 0 0 1-9 9 9.75 9.75 0 0 1-6.74-2.74L3 16&quot;[39m
                  [36m/&gt;[39m
                  [36m&lt;path[39m
                    [33md[39m=[32m&quot;M8 16H3v5&quot;[39m
                  [36m/&gt;[39m
                [36m&lt;/svg&gt;[39m
                [0mRefresh[0m
              [36m&lt;/button&gt;[39m
              [36m&lt;div[39m
                [33mclass[39m=[32m&quot;flex items-center space-x-2 pl-2&quot;[39m
              [36m&gt;[39m
                [36m&lt;span[39m
                  [33mclass[39m=[32m&quot;text-xs text-muted-foreground&quot;[39m
                [36m&gt;[39m
                  [0mAuto Refresh[0m
                [36m&lt;/span&gt;[39m
                [36m&lt;button[39m
                  [33maria-checked[39m=[32m&quot;true&quot;[39m
                  [33mrole[39m=[32m&quot;switch&quot;[39m
                [36m/&gt;[39m
              [36m&lt;/div&gt;[39m
              [36m&lt;button[39m
                [33mclass[39m=[32m&quot;inline-flex items-center justify-center whitespace-nowrap rounded-md font-medium transition-all duration-200 disabled:pointer-events-none disabled:opacity-50 focus-visible:outline-none focus-visible:ring-2 focus-visible:ring-offset-2 active:scale-[0.98] [&amp;_svg]:pointer-events-none [&amp;_svg:not([class*=\&quot;size-\&quot;])]:size-4 [&amp;_svg]:shrink-0 border border-input bg-background hover:bg-accent hover:text-accent-foreground hover:shadow-sm focus-visible:ring-ring/20 h-8 px-3 text-sm gap-1.5 has-[&gt;svg]:px-2.5&quot;[39m
              [36m&gt;[39m
                [0mBack to App[0m
              [36m&lt;/button&gt;[39m
            [36m&lt;/div&gt;[39m
          [36m&lt;/div&gt;[39m
        [36m&lt;/div&gt;[39m
      [36m&lt;/div&gt;[39m
      [36m&lt;div[39m
        [33mclass[39m=[32m&quot;container mx-auto px-4 py-6&quot;[39m
      [36m&gt;[39m
        [36m&lt;div[39m
          [33mdata-testid[39m=[32m&quot;Tabs&quot;[39m
        [36m&gt;[39m
          [36m&lt;div[39m
            [33mrole[39m=[32m&quot;tablist&quot;[39m
          [36m&gt;[39m
            [36m&lt;button[39m
              [33mrole[39m=[32m&quot;tab&quot;[39m
            [36m&gt;[39m
              [36m&lt;svg[39m
                [33maria-hidden[39m=[32m&quot;true&quot;[39m
                [33mclass[39m=[32m&quot;lucide lucide-activity h-4 w-4&quot;[39m
                [33mfill[39m=[32m&quot;none&quot;[39m
                [33mheight[39m=[32m&quot;24&quot;[39m
                [33mstroke[39m=[32m&quot;currentColor&quot;[39m
                [33mstroke-linecap[39m=[32m&quot;round&quot;[39m
                [33mstroke-linejoin[39m=[32m&quot;round&quot;[39m
                [33mstroke-width[39m=[32m&quot;2&quot;[39m
                [33mviewBox[39m=[32m&quot;0 0 24 24&quot;[39m
                [33mwidth[39m=[32m&quot;24&quot;[39m
                [33mxmlns[39m=[32m&quot;http://www.w3.org/2000/svg&quot;[39m
              [36m&gt;[39m
                [36m&lt;path[39m
                  [33md[39m=[32m&quot;M22 12h-2.48a2 2 0 0 0-1.93 1.46l-2.35 8.36a.25.25 0 0 1-.48 0L9.24 2.18a.25.25 0 0 0-.48 0l-2.35 8.36A2 2 0 0 1 4.49 12H2&quot;[39m
                [36m/&gt;[39m
              [36m&lt;/svg&gt;[39m
              [36m&lt;span[39m
                [33mclass[39m=[32m&quot;hidden lg:inline&quot;[39m
              [36m&gt;[39m
                [0mOverview[0m
              [36m&lt;/span&gt;[39m
            [36m&lt;/button&gt;[39m
            [36m&lt;button[39m
              [33mrole[39m=[32m&quot;tab&quot;[39m
            [36m&gt;[39m
              [36m&lt;svg[39m
                [33maria-hidden[39m=[32m&quot;true&quot;[39m
                [33mclass[39m=[32m&quot;lucide lucide-users h-4 w-4&quot;[39m
                [33mfill[39m=[32m&quot;none&quot;[39m
                [33mheight[39m=[32m&quot;24&quot;[39m
                [33mstroke[39m=[32m&quot;currentColor&quot;[39m
                [33mstroke-linecap[39m=[32m&quot;round&quot;[39m
                [33mstroke-linejoin[39m=[32m&quot;round&quot;[39m
                [33mstroke-width[39m=[32m&quot;2&quot;[39m
                [33mviewBox[39m=[32m&quot;0 0 24 24&quot;[39m
                [33mwidth[39m=[32m&quot;24&quot;[39m
                [33mxmlns[39m=[32m&quot;http://www.w3.org/2000/svg&quot;[39m
              [36m&gt;[39m
                [36m&lt;path[39m
                  [33md[39m=[32m&quot;M16 21v-2a4 4 0 0 0-4-4H6a4 4 0 0 0-4 4v2&quot;[39m
                [36m/&gt;[39m
                [36m&lt;path[39m
                  [33md[39m=[32m&quot;M16 3.128a4 4 0 0 1 0 7.744&quot;[39m
                [36m/&gt;[39m
                [36m&lt;path[39m
                  [33md[39m=[32..." type="TestingLibraryElementError">
TestingLibraryElementError: Unable to find an element with the text: /Security Overview/i. This could be because the text is broken up by multiple elements. In this case, you can provide a function for your text matcher to make your matcher more flexible.

Ignored nodes: comments, script, style
[36m&lt;body&gt;[39m
  [36m&lt;div&gt;[39m
    [36m&lt;div[39m
      [33mclass[39m=[32m&quot;min-h-screen bg-background&quot;[39m
    [36m&gt;[39m
      [36m&lt;div[39m
        [33mclass[39m=[32m&quot;border-b bg-card&quot;[39m
      [36m&gt;[39m
        [36m&lt;div[39m
          [33mclass[39m=[32m&quot;container mx-auto px-4 py-4&quot;[39m
        [36m&gt;[39m
          [36m&lt;div[39m
            [33mclass[39m=[32m&quot;flex items-center justify-between&quot;[39m
          [36m&gt;[39m
            [36m&lt;div&gt;[39m
              [36m&lt;h1[39m
                [33mclass[39m=[32m&quot;text-2xl font-bold&quot;[39m
              [36m&gt;[39m
                [0mAdmin Dashboard[0m
              [36m&lt;/h1&gt;[39m
              [36m&lt;p[39m
                [33mclass[39m=[32m&quot;text-muted-foreground&quot;[39m
              [36m&gt;[39m
                [0mSystem administration and monitoring[0m
              [36m&lt;/p&gt;[39m
            [36m&lt;/div&gt;[39m
            [36m&lt;div[39m
              [33mclass[39m=[32m&quot;flex items-center space-x-2&quot;[39m
            [36m&gt;[39m
              [36m&lt;button[39m
                [33mclass[39m=[32m&quot;inline-flex items-center justify-center whitespace-nowrap rounded-md font-medium transition-all duration-200 disabled:pointer-events-none disabled:opacity-50 focus-visible:outline-none focus-visible:ring-2 focus-visible:ring-offset-2 active:scale-[0.98] [&amp;_svg]:pointer-events-none [&amp;_svg:not([class*=\&quot;size-\&quot;])]:size-4 [&amp;_svg]:shrink-0 border border-input bg-background hover:bg-accent hover:text-accent-foreground hover:shadow-sm focus-visible:ring-ring/20 h-8 px-3 text-sm gap-1.5 has-[&gt;svg]:px-2.5&quot;[39m
              [36m&gt;[39m
                [36m&lt;svg[39m
                  [33maria-hidden[39m=[32m&quot;true&quot;[39m
                  [33mclass[39m=[32m&quot;lucide lucide-refresh-cw h-4 w-4 mr-2&quot;[39m
                  [33mfill[39m=[32m&quot;none&quot;[39m
                  [33mheight[39m=[32m&quot;24&quot;[39m
                  [33mstroke[39m=[32m&quot;currentColor&quot;[39m
                  [33mstroke-linecap[39m=[32m&quot;round&quot;[39m
                  [33mstroke-linejoin[39m=[32m&quot;round&quot;[39m
                  [33mstroke-width[39m=[32m&quot;2&quot;[39m
                  [33mviewBox[39m=[32m&quot;0 0 24 24&quot;[39m
                  [33mwidth[39m=[32m&quot;24&quot;[39m
                  [33mxmlns[39m=[32m&quot;http://www.w3.org/2000/svg&quot;[39m
                [36m&gt;[39m
                  [36m&lt;path[39m
                    [33md[39m=[32m&quot;M3 12a9 9 0 0 1 9-9 9.75 9.75 0 0 1 6.74 2.74L21 8&quot;[39m
                  [36m/&gt;[39m
                  [36m&lt;path[39m
                    [33md[39m=[32m&quot;M21 3v5h-5&quot;[39m
                  [36m/&gt;[39m
                  [36m&lt;path[39m
                    [33md[39m=[32m&quot;M21 12a9 9 0 0 1-9 9 9.75 9.75 0 0 1-6.74-2.74L3 16&quot;[39m
                  [36m/&gt;[39m
                  [36m&lt;path[39m
                    [33md[39m=[32m&quot;M8 16H3v5&quot;[39m
                  [36m/&gt;[39m
                [36m&lt;/svg&gt;[39m
                [0mRefresh[0m
              [36m&lt;/button&gt;[39m
              [36m&lt;div[39m
                [33mclass[39m=[32m&quot;flex items-center space-x-2 pl-2&quot;[39m
              [36m&gt;[39m
                [36m&lt;span[39m
                  [33mclass[39m=[32m&quot;text-xs text-muted-foreground&quot;[39m
                [36m&gt;[39m
                  [0mAuto Refresh[0m
                [36m&lt;/span&gt;[39m
                [36m&lt;button[39m
                  [33maria-checked[39m=[32m&quot;true&quot;[39m
                  [33mrole[39m=[32m&quot;switch&quot;[39m
                [36m/&gt;[39m
              [36m&lt;/div&gt;[39m
              [36m&lt;button[39m
                [33mclass[39m=[32m&quot;inline-flex items-center justify-center whitespace-nowrap rounded-md font-medium transition-all duration-200 disabled:pointer-events-none disabled:opacity-50 focus-visible:outline-none focus-visible:ring-2 focus-visible:ring-offset-2 active:scale-[0.98] [&amp;_svg]:pointer-events-none [&amp;_svg:not([class*=\&quot;size-\&quot;])]:size-4 [&amp;_svg]:shrink-0 border border-input bg-background hover:bg-accent hover:text-accent-foreground hover:shadow-sm focus-visible:ring-ring/20 h-8 px-3 text-sm gap-1.5 has-[&gt;svg]:px-2.5&quot;[39m
              [36m&gt;[39m
                [0mBack to App[0m
              [36m&lt;/button&gt;[39m
            [36m&lt;/div&gt;[39m
          [36m&lt;/div&gt;[39m
        [36m&lt;/div&gt;[39m
      [36m&lt;/div&gt;[39m
      [36m&lt;div[39m
        [33mclass[39m=[32m&quot;container mx-auto px-4 py-6&quot;[39m
      [36m&gt;[39m
        [36m&lt;div[39m
          [33mdata-testid[39m=[32m&quot;Tabs&quot;[39m
        [36m&gt;[39m
          [36m&lt;div[39m
            [33mrole[39m=[32m&quot;tablist&quot;[39m
          [36m&gt;[39m
            [36m&lt;button[39m
              [33mrole[39m=[32m&quot;tab&quot;[39m
            [36m&gt;[39m
              [36m&lt;svg[39m
                [33maria-hidden[39m=[32m&quot;true&quot;[39m
                [33mclass[39m=[32m&quot;lucide lucide-activity h-4 w-4&quot;[39m
                [33mfill[39m=[32m&quot;none&quot;[39m
                [33mheight[39m=[32m&quot;24&quot;[39m
                [33mstroke[39m=[32m&quot;currentColor&quot;[39m
                [33mstroke-linecap[39m=[32m&quot;round&quot;[39m
                [33mstroke-linejoin[39m=[32m&quot;round&quot;[39m
                [33mstroke-width[39m=[32m&quot;2&quot;[39m
                [33mviewBox[39m=[32m&quot;0 0 24 24&quot;[39m
                [33mwidth[39m=[32m&quot;24&quot;[39m
                [33mxmlns[39m=[32m&quot;http://www.w3.org/2000/svg&quot;[39m
              [36m&gt;[39m
                [36m&lt;path[39m
                  [33md[39m=[32m&quot;M22 12h-2.48a2 2 0 0 0-1.93 1.46l-2.35 8.36a.25.25 0 0 1-.48 0L9.24 2.18a.25.25 0 0 0-.48 0l-2.35 8.36A2 2 0 0 1 4.49 12H2&quot;[39m
                [36m/&gt;[39m
              [36m&lt;/svg&gt;[39m
              [36m&lt;span[39m
                [33mclass[39m=[32m&quot;hidden lg:inline&quot;[39m
              [36m&gt;[39m
                [0mOverview[0m
              [36m&lt;/span&gt;[39m
            [36m&lt;/button&gt;[39m
            [36m&lt;button[39m
              [33mrole[39m=[32m&quot;tab&quot;[39m
            [36m&gt;[39m
              [36m&lt;svg[39m
                [33maria-hidden[39m=[32m&quot;true&quot;[39m
                [33mclass[39m=[32m&quot;lucide lucide-users h-4 w-4&quot;[39m
                [33mfill[39m=[32m&quot;none&quot;[39m
                [33mheight[39m=[32m&quot;24&quot;[39m
                [33mstroke[39m=[32m&quot;currentColor&quot;[39m
                [33mstroke-linecap[39m=[32m&quot;round&quot;[39m
                [33mstroke-linejoin[39m=[32m&quot;round&quot;[39m
                [33mstroke-width[39m=[32m&quot;2&quot;[39m
                [33mviewBox[39m=[32m&quot;0 0 24 24&quot;[39m
                [33mwidth[39m=[32m&quot;24&quot;[39m
                [33mxmlns[39m=[32m&quot;http://www.w3.org/2000/svg&quot;[39m
              [36m&gt;[39m
                [36m&lt;path[39m
                  [33md[39m=[32m&quot;M16 21v-2a4 4 0 0 0-4-4H6a4 4 0 0 0-4 4v2&quot;[39m
                [36m/&gt;[39m
                [36m&lt;path[39m
                  [33md[39m=[32m&quot;M16 3.128a4 4 0 0 1 0 7.744&quot;[39m
                [36m/&gt;[39m
                [36m&lt;path[39m
                  [33md[39m=[32...

Ignored nodes: comments, script, style
[36m&lt;body&gt;[39m
  [36m&lt;div&gt;[39m
    [36m&lt;div[39m
      [33mclass[39m=[32m&quot;min-h-screen bg-background&quot;[39m
    [36m&gt;[39m
      [36m&lt;div[39m
        [33mclass[39m=[32m&quot;border-b bg-card&quot;[39m
      [36m&gt;[39m
        [36m&lt;div[39m
          [33mclass[39m=[32m&quot;container mx-auto px-4 py-4&quot;[39m
        [36m&gt;[39m
          [36m&lt;div[39m
            [33mclass[39m=[32m&quot;flex items-center justify-between&quot;[39m
          [36m&gt;[39m
            [36m&lt;div&gt;[39m
              [36m&lt;h1[39m
                [33mclass[39m=[32m&quot;text-2xl font-bold&quot;[39m
              [36m&gt;[39m
                [0mAdmin Dashboard[0m
              [36m&lt;/h1&gt;[39m
              [36m&lt;p[39m
                [33mclass[39m=[32m&quot;text-muted-foreground&quot;[39m
              [36m&gt;[39m
                [0mSystem administration and monitoring[0m
              [36m&lt;/p&gt;[39m
            [36m&lt;/div&gt;[39m
            [36m&lt;div[39m
              [33mclass[39m=[32m&quot;flex items-center space-x-2&quot;[39m
            [36m&gt;[39m
              [36m&lt;button[39m
                [33mclass[39m=[32m&quot;inline-flex items-center justify-center whitespace-nowrap rounded-md font-medium transition-all duration-200 disabled:pointer-events-none disabled:opacity-50 focus-visible:outline-none focus-visible:ring-2 focus-visible:ring-offset-2 active:scale-[0.98] [&amp;_svg]:pointer-events-none [&amp;_svg:not([class*=\&quot;size-\&quot;])]:size-4 [&amp;_svg]:shrink-0 border border-input bg-background hover:bg-accent hover:text-accent-foreground hover:shadow-sm focus-visible:ring-ring/20 h-8 px-3 text-sm gap-1.5 has-[&gt;svg]:px-2.5&quot;[39m
              [36m&gt;[39m
                [36m&lt;svg[39m
                  [33maria-hidden[39m=[32m&quot;true&quot;[39m
                  [33mclass[39m=[32m&quot;lucide lucide-refresh-cw h-4 w-4 mr-2&quot;[39m
                  [33mfill[39m=[32m&quot;none&quot;[39m
                  [33mheight[39m=[32m&quot;24&quot;[39m
                  [33mstroke[39m=[32m&quot;currentColor&quot;[39m
                  [33mstroke-linecap[39m=[32m&quot;round&quot;[39m
                  [33mstroke-linejoin[39m=[32m&quot;round&quot;[39m
                  [33mstroke-width[39m=[32m&quot;2&quot;[39m
                  [33mviewBox[39m=[32m&quot;0 0 24 24&quot;[39m
                  [33mwidth[39m=[32m&quot;24&quot;[39m
                  [33mxmlns[39m=[32m&quot;http://www.w3.org/2000/svg&quot;[39m
                [36m&gt;[39m
                  [36m&lt;path[39m
                    [33md[39m=[32m&quot;M3 12a9 9 0 0 1 9-9 9.75 9.75 0 0 1 6.74 2.74L21 8&quot;[39m
                  [36m/&gt;[39m
                  [36m&lt;path[39m
                    [33md[39m=[32m&quot;M21 3v5h-5&quot;[39m
                  [36m/&gt;[39m
                  [36m&lt;path[39m
                    [33md[39m=[32m&quot;M21 12a9 9 0 0 1-9 9 9.75 9.75 0 0 1-6.74-2.74L3 16&quot;[39m
                  [36m/&gt;[39m
                  [36m&lt;path[39m
                    [33md[39m=[32m&quot;M8 16H3v5&quot;[39m
                  [36m/&gt;[39m
                [36m&lt;/svg&gt;[39m
                [0mRefresh[0m
              [36m&lt;/button&gt;[39m
              [36m&lt;div[39m
                [33mclass[39m=[32m&quot;flex items-center space-x-2 pl-2&quot;[39m
              [36m&gt;[39m
                [36m&lt;span[39m
                  [33mclass[39m=[32m&quot;text-xs text-muted-foreground&quot;[39m
                [36m&gt;[39m
                  [0mAuto Refresh[0m
                [36m&lt;/span&gt;[39m
                [36m&lt;button[39m
                  [33maria-checked[39m=[32m&quot;true&quot;[39m
                  [33mrole[39m=[32m&quot;switch&quot;[39m
                [36m/&gt;[39m
              [36m&lt;/div&gt;[39m
              [36m&lt;button[39m
                [33mclass[39m=[32m&quot;inline-flex items-center justify-center whitespace-nowrap rounded-md font-medium transition-all duration-200 disabled:pointer-events-none disabled:opacity-50 focus-visible:outline-none focus-visible:ring-2 focus-visible:ring-offset-2 active:scale-[0.98] [&amp;_svg]:pointer-events-none [&amp;_svg:not([class*=\&quot;size-\&quot;])]:size-4 [&amp;_svg]:shrink-0 border border-input bg-background hover:bg-accent hover:text-accent-foreground hover:shadow-sm focus-visible:ring-ring/20 h-8 px-3 text-sm gap-1.5 has-[&gt;svg]:px-2.5&quot;[39m
              [36m&gt;[39m
                [0mBack to App[0m
              [36m&lt;/button&gt;[39m
            [36m&lt;/div&gt;[39m
          [36m&lt;/div&gt;[39m
        [36m&lt;/div&gt;[39m
      [36m&lt;/div&gt;[39m
      [36m&lt;div[39m
        [33mclass[39m=[32m&quot;container mx-auto px-4 py-6&quot;[39m
      [36m&gt;[39m
        [36m&lt;div[39m
          [33mdata-testid[39m=[32m&quot;Tabs&quot;[39m
        [36m&gt;[39m
          [36m&lt;div[39m
            [33mrole[39m=[32m&quot;tablist&quot;[39m
          [36m&gt;[39m
            [36m&lt;button[39m
              [33mrole[39m=[32m&quot;tab&quot;[39m
            [36m&gt;[39m
              [36m&lt;svg[39m
                [33maria-hidden[39m=[32m&quot;true&quot;[39m
                [33mclass[39m=[32m&quot;lucide lucide-activity h-4 w-4&quot;[39m
                [33mfill[39m=[32m&quot;none&quot;[39m
                [33mheight[39m=[32m&quot;24&quot;[39m
                [33mstroke[39m=[32m&quot;currentColor&quot;[39m
                [33mstroke-linecap[39m=[32m&quot;round&quot;[39m
                [33mstroke-linejoin[39m=[32m&quot;round&quot;[39m
                [33mstroke-width[39m=[32m&quot;2&quot;[39m
                [33mviewBox[39m=[32m&quot;0 0 24 24&quot;[39m
                [33mwidth[39m=[32m&quot;24&quot;[39m
                [33mxmlns[39m=[32m&quot;http://www.w3.org/2000/svg&quot;[39m
              [36m&gt;[39m
                [36m&lt;path[39m
                  [33md[39m=[32m&quot;M22 12h-2.48a2 2 0 0 0-1.93 1.46l-2.35 8.36a.25.25 0 0 1-.48 0L9.24 2.18a.25.25 0 0 0-.48 0l-2.35 8.36A2 2 0 0 1 4.49 12H2&quot;[39m
                [36m/&gt;[39m
              [36m&lt;/svg&gt;[39m
              [36m&lt;span[39m
                [33mclass[39m=[32m&quot;hidden lg:inline&quot;[39m
              [36m&gt;[39m
                [0mOverview[0m
              [36m&lt;/span&gt;[39m
            [36m&lt;/button&gt;[39m
            [36m&lt;button[39m
              [33mrole[39m=[32m&quot;tab&quot;[39m
            [36m&gt;[39m
              [36m&lt;svg[39m
                [33maria-hidden[39m=[32m&quot;true&quot;[39m
                [33mclass[39m=[32m&quot;lucide lucide-users h-4 w-4&quot;[39m
                [33mfill[39m=[32m&quot;none&quot;[39m
                [33mheight[39m=[32m&quot;24&quot;[39m
                [33mstroke[39m=[32m&quot;currentColor&quot;[39m
                [33mstroke-linecap[39m=[32m&quot;round&quot;[39m
                [33mstroke-linejoin[39m=[32m&quot;round&quot;[39m
                [33mstroke-width[39m=[32m&quot;2&quot;[39m
                [33mviewBox[39m=[32m&quot;0 0 24 24&quot;[39m
                [33mwidth[39m=[32m&quot;24&quot;[39m
                [33mxmlns[39m=[32m&quot;http://www.w3.org/2000/svg&quot;[39m
              [36m&gt;[39m
                [36m&lt;path[39m
                  [33md[39m=[32m&quot;M16 21v-2a4 4 0 0 0-4-4H6a4 4 0 0 0-4 4v2&quot;[39m
                [36m/&gt;[39m
                [36m&lt;path[39m
                  [33md[39m=[32m&quot;M16 3.128a4 4 0 0 1 0 7.744&quot;[39m
                [36m/&gt;[39m
                [36m&lt;path[39m
                  [33md[39m=[32...
 ❯ waitForWrapper node_modules/.pnpm/@testing-library+dom@8.20.1/node_modules/@testing-library/dom/dist/wait-for.js:166:27
 ❯ findByText node_modules/.pnpm/@testing-library+dom@8.20.1/node_modules/@testing-library/dom/dist/query-helpers.js:86:33
 ❯ src/pages/__tests__/AdminDashboard.maintenance.test.tsx:69:42
            </failure>
        </testcase>
    </testsuite>
    <testsuite name="src/pages/__tests__/AdminDashboard.metrics-alerts.test.tsx" timestamp="2025-08-10T08:32:00.750Z" hostname="DESKTOP-CSMHNRS" tests="1" failures="0" errors="0" skipped="0" time="1.451">
        <testcase classname="src/pages/__tests__/AdminDashboard.metrics-alerts.test.tsx" name="AdminDashboard metrics alerts &gt; shows High Memory Usage and Disk Usage alerts in Overview" time="1.44">
            <system-err>
Warning: `ReactDOMTestUtils.act` is deprecated in favor of `React.act`. Import `act` from `react` instead of `react-dom/test-utils`. See https://react.dev/warnings/react-dom-test-utils for more info.

            </system-err>
        </testcase>
    </testsuite>
    <testsuite name="src/pages/__tests__/AdminDashboard.overview-maintenance.test.tsx" timestamp="2025-08-10T08:32:00.757Z" hostname="DESKTOP-CSMHNRS" tests="3" failures="2" errors="0" skipped="0" time="9.102">
        <testcase classname="src/pages/__tests__/AdminDashboard.overview-maintenance.test.tsx" name="AdminDashboard Overview and Maintenance &gt; renders healthy overview with no critical alerts" time="3.128">
            <system-err>
Warning: `ReactDOMTestUtils.act` is deprecated in favor of `React.act`. Import `act` from `react` instead of `react-dom/test-utils`. See https://react.dev/warnings/react-dom-test-utils for more info.

            </system-err>
            <failure message="Unable to find an element with the text: /All Systems Healthy/i. This could be because the text is broken up by multiple elements. In this case, you can provide a function for your text matcher to make your matcher more flexible.

Ignored nodes: comments, script, style
[36m&lt;body&gt;[39m
  [36m&lt;div&gt;[39m
    [36m&lt;div[39m
      [33mclass[39m=[32m&quot;min-h-screen bg-background&quot;[39m
    [36m&gt;[39m
      [36m&lt;div[39m
        [33mclass[39m=[32m&quot;border-b bg-card&quot;[39m
      [36m&gt;[39m
        [36m&lt;div[39m
          [33mclass[39m=[32m&quot;container mx-auto px-4 py-4&quot;[39m
        [36m&gt;[39m
          [36m&lt;div[39m
            [33mclass[39m=[32m&quot;flex items-center justify-between&quot;[39m
          [36m&gt;[39m
            [36m&lt;div&gt;[39m
              [36m&lt;h1[39m
                [33mclass[39m=[32m&quot;text-2xl font-bold&quot;[39m
              [36m&gt;[39m
                [0mAdmin Dashboard[0m
              [36m&lt;/h1&gt;[39m
              [36m&lt;p[39m
                [33mclass[39m=[32m&quot;text-muted-foreground&quot;[39m
              [36m&gt;[39m
                [0mSystem administration and monitoring[0m
              [36m&lt;/p&gt;[39m
            [36m&lt;/div&gt;[39m
            [36m&lt;div[39m
              [33mclass[39m=[32m&quot;flex items-center space-x-2&quot;[39m
            [36m&gt;[39m
              [36m&lt;button[39m
                [33mclass[39m=[32m&quot;inline-flex items-center justify-center whitespace-nowrap rounded-md font-medium transition-all duration-200 disabled:pointer-events-none disabled:opacity-50 focus-visible:outline-none focus-visible:ring-2 focus-visible:ring-offset-2 active:scale-[0.98] [&amp;_svg]:pointer-events-none [&amp;_svg:not([class*=\&quot;size-\&quot;])]:size-4 [&amp;_svg]:shrink-0 border border-input bg-background hover:bg-accent hover:text-accent-foreground hover:shadow-sm focus-visible:ring-ring/20 h-8 px-3 text-sm gap-1.5 has-[&gt;svg]:px-2.5&quot;[39m
              [36m&gt;[39m
                [36m&lt;svg[39m
                  [33maria-hidden[39m=[32m&quot;true&quot;[39m
                  [33mclass[39m=[32m&quot;lucide lucide-refresh-cw h-4 w-4 mr-2&quot;[39m
                  [33mfill[39m=[32m&quot;none&quot;[39m
                  [33mheight[39m=[32m&quot;24&quot;[39m
                  [33mstroke[39m=[32m&quot;currentColor&quot;[39m
                  [33mstroke-linecap[39m=[32m&quot;round&quot;[39m
                  [33mstroke-linejoin[39m=[32m&quot;round&quot;[39m
                  [33mstroke-width[39m=[32m&quot;2&quot;[39m
                  [33mviewBox[39m=[32m&quot;0 0 24 24&quot;[39m
                  [33mwidth[39m=[32m&quot;24&quot;[39m
                  [33mxmlns[39m=[32m&quot;http://www.w3.org/2000/svg&quot;[39m
                [36m&gt;[39m
                  [36m&lt;path[39m
                    [33md[39m=[32m&quot;M3 12a9 9 0 0 1 9-9 9.75 9.75 0 0 1 6.74 2.74L21 8&quot;[39m
                  [36m/&gt;[39m
                  [36m&lt;path[39m
                    [33md[39m=[32m&quot;M21 3v5h-5&quot;[39m
                  [36m/&gt;[39m
                  [36m&lt;path[39m
                    [33md[39m=[32m&quot;M21 12a9 9 0 0 1-9 9 9.75 9.75 0 0 1-6.74-2.74L3 16&quot;[39m
                  [36m/&gt;[39m
                  [36m&lt;path[39m
                    [33md[39m=[32m&quot;M8 16H3v5&quot;[39m
                  [36m/&gt;[39m
                [36m&lt;/svg&gt;[39m
                [0mRefresh[0m
              [36m&lt;/button&gt;[39m
              [36m&lt;div[39m
                [33mclass[39m=[32m&quot;flex items-center space-x-2 pl-2&quot;[39m
              [36m&gt;[39m
                [36m&lt;span[39m
                  [33mclass[39m=[32m&quot;text-xs text-muted-foreground&quot;[39m
                [36m&gt;[39m
                  [0mAuto Refresh[0m
                [36m&lt;/span&gt;[39m
                [36m&lt;button[39m
                  [33maria-checked[39m=[32m&quot;true&quot;[39m
                  [33mrole[39m=[32m&quot;switch&quot;[39m
                [36m/&gt;[39m
              [36m&lt;/div&gt;[39m
              [36m&lt;button[39m
                [33mclass[39m=[32m&quot;inline-flex items-center justify-center whitespace-nowrap rounded-md font-medium transition-all duration-200 disabled:pointer-events-none disabled:opacity-50 focus-visible:outline-none focus-visible:ring-2 focus-visible:ring-offset-2 active:scale-[0.98] [&amp;_svg]:pointer-events-none [&amp;_svg:not([class*=\&quot;size-\&quot;])]:size-4 [&amp;_svg]:shrink-0 border border-input bg-background hover:bg-accent hover:text-accent-foreground hover:shadow-sm focus-visible:ring-ring/20 h-8 px-3 text-sm gap-1.5 has-[&gt;svg]:px-2.5&quot;[39m
              [36m&gt;[39m
                [0mBack to App[0m
              [36m&lt;/button&gt;[39m
            [36m&lt;/div&gt;[39m
          [36m&lt;/div&gt;[39m
        [36m&lt;/div&gt;[39m
      [36m&lt;/div&gt;[39m
      [36m&lt;div[39m
        [33mclass[39m=[32m&quot;container mx-auto px-4 py-6&quot;[39m
      [36m&gt;[39m
        [36m&lt;div[39m
          [33mdata-testid[39m=[32m&quot;Tabs&quot;[39m
        [36m&gt;[39m
          [36m&lt;div[39m
            [33mrole[39m=[32m&quot;tablist&quot;[39m
          [36m&gt;[39m
            [36m&lt;button[39m
              [33mrole[39m=[32m&quot;tab&quot;[39m
            [36m&gt;[39m
              [36m&lt;svg[39m
                [33maria-hidden[39m=[32m&quot;true&quot;[39m
                [33mclass[39m=[32m&quot;lucide lucide-activity h-4 w-4&quot;[39m
                [33mfill[39m=[32m&quot;none&quot;[39m
                [33mheight[39m=[32m&quot;24&quot;[39m
                [33mstroke[39m=[32m&quot;currentColor&quot;[39m
                [33mstroke-linecap[39m=[32m&quot;round&quot;[39m
                [33mstroke-linejoin[39m=[32m&quot;round&quot;[39m
                [33mstroke-width[39m=[32m&quot;2&quot;[39m
                [33mviewBox[39m=[32m&quot;0 0 24 24&quot;[39m
                [33mwidth[39m=[32m&quot;24&quot;[39m
                [33mxmlns[39m=[32m&quot;http://www.w3.org/2000/svg&quot;[39m
              [36m&gt;[39m
                [36m&lt;path[39m
                  [33md[39m=[32m&quot;M22 12h-2.48a2 2 0 0 0-1.93 1.46l-2.35 8.36a.25.25 0 0 1-.48 0L9.24 2.18a.25.25 0 0 0-.48 0l-2.35 8.36A2 2 0 0 1 4.49 12H2&quot;[39m
                [36m/&gt;[39m
              [36m&lt;/svg&gt;[39m
              [36m&lt;span[39m
                [33mclass[39m=[32m&quot;hidden lg:inline&quot;[39m
              [36m&gt;[39m
                [0mOverview[0m
              [36m&lt;/span&gt;[39m
            [36m&lt;/button&gt;[39m
            [36m&lt;button[39m
              [33mrole[39m=[32m&quot;tab&quot;[39m
            [36m&gt;[39m
              [36m&lt;svg[39m
                [33maria-hidden[39m=[32m&quot;true&quot;[39m
                [33mclass[39m=[32m&quot;lucide lucide-users h-4 w-4&quot;[39m
                [33mfill[39m=[32m&quot;none&quot;[39m
                [33mheight[39m=[32m&quot;24&quot;[39m
                [33mstroke[39m=[32m&quot;currentColor&quot;[39m
                [33mstroke-linecap[39m=[32m&quot;round&quot;[39m
                [33mstroke-linejoin[39m=[32m&quot;round&quot;[39m
                [33mstroke-width[39m=[32m&quot;2&quot;[39m
                [33mviewBox[39m=[32m&quot;0 0 24 24&quot;[39m
                [33mwidth[39m=[32m&quot;24&quot;[39m
                [33mxmlns[39m=[32m&quot;http://www.w3.org/2000/svg&quot;[39m
              [36m&gt;[39m
                [36m&lt;path[39m
                  [33md[39m=[32m&quot;M16 21v-2a4 4 0 0 0-4-4H6a4 4 0 0 0-4 4v2&quot;[39m
                [36m/&gt;[39m
                [36m&lt;path[39m
                  [33md[39m=[32m&quot;M16 3.128a4 4 0 0 1 0 7.744&quot;[39m
                [36m/&gt;[39m
                [36m&lt;path[39m
                  [33md[39m=[32...

Ignored nodes: comments, script, style
[36m&lt;body&gt;[39m
  [36m&lt;div&gt;[39m
    [36m&lt;div[39m
      [33mclass[39m=[32m&quot;min-h-screen bg-background&quot;[39m
    [36m&gt;[39m
      [36m&lt;div[39m
        [33mclass[39m=[32m&quot;border-b bg-card&quot;[39m
      [36m&gt;[39m
        [36m&lt;div[39m
          [33mclass[39m=[32m&quot;container mx-auto px-4 py-4&quot;[39m
        [36m&gt;[39m
          [36m&lt;div[39m
            [33mclass[39m=[32m&quot;flex items-center justify-between&quot;[39m
          [36m&gt;[39m
            [36m&lt;div&gt;[39m
              [36m&lt;h1[39m
                [33mclass[39m=[32m&quot;text-2xl font-bold&quot;[39m
              [36m&gt;[39m
                [0mAdmin Dashboard[0m
              [36m&lt;/h1&gt;[39m
              [36m&lt;p[39m
                [33mclass[39m=[32m&quot;text-muted-foreground&quot;[39m
              [36m&gt;[39m
                [0mSystem administration and monitoring[0m
              [36m&lt;/p&gt;[39m
            [36m&lt;/div&gt;[39m
            [36m&lt;div[39m
              [33mclass[39m=[32m&quot;flex items-center space-x-2&quot;[39m
            [36m&gt;[39m
              [36m&lt;button[39m
                [33mclass[39m=[32m&quot;inline-flex items-center justify-center whitespace-nowrap rounded-md font-medium transition-all duration-200 disabled:pointer-events-none disabled:opacity-50 focus-visible:outline-none focus-visible:ring-2 focus-visible:ring-offset-2 active:scale-[0.98] [&amp;_svg]:pointer-events-none [&amp;_svg:not([class*=\&quot;size-\&quot;])]:size-4 [&amp;_svg]:shrink-0 border border-input bg-background hover:bg-accent hover:text-accent-foreground hover:shadow-sm focus-visible:ring-ring/20 h-8 px-3 text-sm gap-1.5 has-[&gt;svg]:px-2.5&quot;[39m
              [36m&gt;[39m
                [36m&lt;svg[39m
                  [33maria-hidden[39m=[32m&quot;true&quot;[39m
                  [33mclass[39m=[32m&quot;lucide lucide-refresh-cw h-4 w-4 mr-2&quot;[39m
                  [33mfill[39m=[32m&quot;none&quot;[39m
                  [33mheight[39m=[32m&quot;24&quot;[39m
                  [33mstroke[39m=[32m&quot;currentColor&quot;[39m
                  [33mstroke-linecap[39m=[32m&quot;round&quot;[39m
                  [33mstroke-linejoin[39m=[32m&quot;round&quot;[39m
                  [33mstroke-width[39m=[32m&quot;2&quot;[39m
                  [33mviewBox[39m=[32m&quot;0 0 24 24&quot;[39m
                  [33mwidth[39m=[32m&quot;24&quot;[39m
                  [33mxmlns[39m=[32m&quot;http://www.w3.org/2000/svg&quot;[39m
                [36m&gt;[39m
                  [36m&lt;path[39m
                    [33md[39m=[32m&quot;M3 12a9 9 0 0 1 9-9 9.75 9.75 0 0 1 6.74 2.74L21 8&quot;[39m
                  [36m/&gt;[39m
                  [36m&lt;path[39m
                    [33md[39m=[32m&quot;M21 3v5h-5&quot;[39m
                  [36m/&gt;[39m
                  [36m&lt;path[39m
                    [33md[39m=[32m&quot;M21 12a9 9 0 0 1-9 9 9.75 9.75 0 0 1-6.74-2.74L3 16&quot;[39m
                  [36m/&gt;[39m
                  [36m&lt;path[39m
                    [33md[39m=[32m&quot;M8 16H3v5&quot;[39m
                  [36m/&gt;[39m
                [36m&lt;/svg&gt;[39m
                [0mRefresh[0m
              [36m&lt;/button&gt;[39m
              [36m&lt;div[39m
                [33mclass[39m=[32m&quot;flex items-center space-x-2 pl-2&quot;[39m
              [36m&gt;[39m
                [36m&lt;span[39m
                  [33mclass[39m=[32m&quot;text-xs text-muted-foreground&quot;[39m
                [36m&gt;[39m
                  [0mAuto Refresh[0m
                [36m&lt;/span&gt;[39m
                [36m&lt;button[39m
                  [33maria-checked[39m=[32m&quot;true&quot;[39m
                  [33mrole[39m=[32m&quot;switch&quot;[39m
                [36m/&gt;[39m
              [36m&lt;/div&gt;[39m
              [36m&lt;button[39m
                [33mclass[39m=[32m&quot;inline-flex items-center justify-center whitespace-nowrap rounded-md font-medium transition-all duration-200 disabled:pointer-events-none disabled:opacity-50 focus-visible:outline-none focus-visible:ring-2 focus-visible:ring-offset-2 active:scale-[0.98] [&amp;_svg]:pointer-events-none [&amp;_svg:not([class*=\&quot;size-\&quot;])]:size-4 [&amp;_svg]:shrink-0 border border-input bg-background hover:bg-accent hover:text-accent-foreground hover:shadow-sm focus-visible:ring-ring/20 h-8 px-3 text-sm gap-1.5 has-[&gt;svg]:px-2.5&quot;[39m
              [36m&gt;[39m
                [0mBack to App[0m
              [36m&lt;/button&gt;[39m
            [36m&lt;/div&gt;[39m
          [36m&lt;/div&gt;[39m
        [36m&lt;/div&gt;[39m
      [36m&lt;/div&gt;[39m
      [36m&lt;div[39m
        [33mclass[39m=[32m&quot;container mx-auto px-4 py-6&quot;[39m
      [36m&gt;[39m
        [36m&lt;div[39m
          [33mdata-testid[39m=[32m&quot;Tabs&quot;[39m
        [36m&gt;[39m
          [36m&lt;div[39m
            [33mrole[39m=[32m&quot;tablist&quot;[39m
          [36m&gt;[39m
            [36m&lt;button[39m
              [33mrole[39m=[32m&quot;tab&quot;[39m
            [36m&gt;[39m
              [36m&lt;svg[39m
                [33maria-hidden[39m=[32m&quot;true&quot;[39m
                [33mclass[39m=[32m&quot;lucide lucide-activity h-4 w-4&quot;[39m
                [33mfill[39m=[32m&quot;none&quot;[39m
                [33mheight[39m=[32m&quot;24&quot;[39m
                [33mstroke[39m=[32m&quot;currentColor&quot;[39m
                [33mstroke-linecap[39m=[32m&quot;round&quot;[39m
                [33mstroke-linejoin[39m=[32m&quot;round&quot;[39m
                [33mstroke-width[39m=[32m&quot;2&quot;[39m
                [33mviewBox[39m=[32m&quot;0 0 24 24&quot;[39m
                [33mwidth[39m=[32m&quot;24&quot;[39m
                [33mxmlns[39m=[32m&quot;http://www.w3.org/2000/svg&quot;[39m
              [36m&gt;[39m
                [36m&lt;path[39m
                  [33md[39m=[32m&quot;M22 12h-2.48a2 2 0 0 0-1.93 1.46l-2.35 8.36a.25.25 0 0 1-.48 0L9.24 2.18a.25.25 0 0 0-.48 0l-2.35 8.36A2 2 0 0 1 4.49 12H2&quot;[39m
                [36m/&gt;[39m
              [36m&lt;/svg&gt;[39m
              [36m&lt;span[39m
                [33mclass[39m=[32m&quot;hidden lg:inline&quot;[39m
              [36m&gt;[39m
                [0mOverview[0m
              [36m&lt;/span&gt;[39m
            [36m&lt;/button&gt;[39m
            [36m&lt;button[39m
              [33mrole[39m=[32m&quot;tab&quot;[39m
            [36m&gt;[39m
              [36m&lt;svg[39m
                [33maria-hidden[39m=[32m&quot;true&quot;[39m
                [33mclass[39m=[32m&quot;lucide lucide-users h-4 w-4&quot;[39m
                [33mfill[39m=[32m&quot;none&quot;[39m
                [33mheight[39m=[32m&quot;24&quot;[39m
                [33mstroke[39m=[32m&quot;currentColor&quot;[39m
                [33mstroke-linecap[39m=[32m&quot;round&quot;[39m
                [33mstroke-linejoin[39m=[32m&quot;round&quot;[39m
                [33mstroke-width[39m=[32m&quot;2&quot;[39m
                [33mviewBox[39m=[32m&quot;0 0 24 24&quot;[39m
                [33mwidth[39m=[32m&quot;24&quot;[39m
                [33mxmlns[39m=[32m&quot;http://www.w3.org/2000/svg&quot;[39m
              [36m&gt;[39m
                [36m&lt;path[39m
                  [33md[39m=[32m&quot;M16 21v-2a4 4 0 0 0-4-4H6a4 4 0 0 0-4 4v2&quot;[39m
                [36m/&gt;[39m
                [36m&lt;path[39m
                  [33md[39m=[32m&quot;M16 3.128a4 4 0 0 1 0 7.744&quot;[39m
                [36m/&gt;[39m
                [36m&lt;path[39m
                  [33md[39m=[32..." type="TestingLibraryElementError">
TestingLibraryElementError: Unable to find an element with the text: /All Systems Healthy/i. This could be because the text is broken up by multiple elements. In this case, you can provide a function for your text matcher to make your matcher more flexible.

Ignored nodes: comments, script, style
[36m&lt;body&gt;[39m
  [36m&lt;div&gt;[39m
    [36m&lt;div[39m
      [33mclass[39m=[32m&quot;min-h-screen bg-background&quot;[39m
    [36m&gt;[39m
      [36m&lt;div[39m
        [33mclass[39m=[32m&quot;border-b bg-card&quot;[39m
      [36m&gt;[39m
        [36m&lt;div[39m
          [33mclass[39m=[32m&quot;container mx-auto px-4 py-4&quot;[39m
        [36m&gt;[39m
          [36m&lt;div[39m
            [33mclass[39m=[32m&quot;flex items-center justify-between&quot;[39m
          [36m&gt;[39m
            [36m&lt;div&gt;[39m
              [36m&lt;h1[39m
                [33mclass[39m=[32m&quot;text-2xl font-bold&quot;[39m
              [36m&gt;[39m
                [0mAdmin Dashboard[0m
              [36m&lt;/h1&gt;[39m
              [36m&lt;p[39m
                [33mclass[39m=[32m&quot;text-muted-foreground&quot;[39m
              [36m&gt;[39m
                [0mSystem administration and monitoring[0m
              [36m&lt;/p&gt;[39m
            [36m&lt;/div&gt;[39m
            [36m&lt;div[39m
              [33mclass[39m=[32m&quot;flex items-center space-x-2&quot;[39m
            [36m&gt;[39m
              [36m&lt;button[39m
                [33mclass[39m=[32m&quot;inline-flex items-center justify-center whitespace-nowrap rounded-md font-medium transition-all duration-200 disabled:pointer-events-none disabled:opacity-50 focus-visible:outline-none focus-visible:ring-2 focus-visible:ring-offset-2 active:scale-[0.98] [&amp;_svg]:pointer-events-none [&amp;_svg:not([class*=\&quot;size-\&quot;])]:size-4 [&amp;_svg]:shrink-0 border border-input bg-background hover:bg-accent hover:text-accent-foreground hover:shadow-sm focus-visible:ring-ring/20 h-8 px-3 text-sm gap-1.5 has-[&gt;svg]:px-2.5&quot;[39m
              [36m&gt;[39m
                [36m&lt;svg[39m
                  [33maria-hidden[39m=[32m&quot;true&quot;[39m
                  [33mclass[39m=[32m&quot;lucide lucide-refresh-cw h-4 w-4 mr-2&quot;[39m
                  [33mfill[39m=[32m&quot;none&quot;[39m
                  [33mheight[39m=[32m&quot;24&quot;[39m
                  [33mstroke[39m=[32m&quot;currentColor&quot;[39m
                  [33mstroke-linecap[39m=[32m&quot;round&quot;[39m
                  [33mstroke-linejoin[39m=[32m&quot;round&quot;[39m
                  [33mstroke-width[39m=[32m&quot;2&quot;[39m
                  [33mviewBox[39m=[32m&quot;0 0 24 24&quot;[39m
                  [33mwidth[39m=[32m&quot;24&quot;[39m
                  [33mxmlns[39m=[32m&quot;http://www.w3.org/2000/svg&quot;[39m
                [36m&gt;[39m
                  [36m&lt;path[39m
                    [33md[39m=[32m&quot;M3 12a9 9 0 0 1 9-9 9.75 9.75 0 0 1 6.74 2.74L21 8&quot;[39m
                  [36m/&gt;[39m
                  [36m&lt;path[39m
                    [33md[39m=[32m&quot;M21 3v5h-5&quot;[39m
                  [36m/&gt;[39m
                  [36m&lt;path[39m
                    [33md[39m=[32m&quot;M21 12a9 9 0 0 1-9 9 9.75 9.75 0 0 1-6.74-2.74L3 16&quot;[39m
                  [36m/&gt;[39m
                  [36m&lt;path[39m
                    [33md[39m=[32m&quot;M8 16H3v5&quot;[39m
                  [36m/&gt;[39m
                [36m&lt;/svg&gt;[39m
                [0mRefresh[0m
              [36m&lt;/button&gt;[39m
              [36m&lt;div[39m
                [33mclass[39m=[32m&quot;flex items-center space-x-2 pl-2&quot;[39m
              [36m&gt;[39m
                [36m&lt;span[39m
                  [33mclass[39m=[32m&quot;text-xs text-muted-foreground&quot;[39m
                [36m&gt;[39m
                  [0mAuto Refresh[0m
                [36m&lt;/span&gt;[39m
                [36m&lt;button[39m
                  [33maria-checked[39m=[32m&quot;true&quot;[39m
                  [33mrole[39m=[32m&quot;switch&quot;[39m
                [36m/&gt;[39m
              [36m&lt;/div&gt;[39m
              [36m&lt;button[39m
                [33mclass[39m=[32m&quot;inline-flex items-center justify-center whitespace-nowrap rounded-md font-medium transition-all duration-200 disabled:pointer-events-none disabled:opacity-50 focus-visible:outline-none focus-visible:ring-2 focus-visible:ring-offset-2 active:scale-[0.98] [&amp;_svg]:pointer-events-none [&amp;_svg:not([class*=\&quot;size-\&quot;])]:size-4 [&amp;_svg]:shrink-0 border border-input bg-background hover:bg-accent hover:text-accent-foreground hover:shadow-sm focus-visible:ring-ring/20 h-8 px-3 text-sm gap-1.5 has-[&gt;svg]:px-2.5&quot;[39m
              [36m&gt;[39m
                [0mBack to App[0m
              [36m&lt;/button&gt;[39m
            [36m&lt;/div&gt;[39m
          [36m&lt;/div&gt;[39m
        [36m&lt;/div&gt;[39m
      [36m&lt;/div&gt;[39m
      [36m&lt;div[39m
        [33mclass[39m=[32m&quot;container mx-auto px-4 py-6&quot;[39m
      [36m&gt;[39m
        [36m&lt;div[39m
          [33mdata-testid[39m=[32m&quot;Tabs&quot;[39m
        [36m&gt;[39m
          [36m&lt;div[39m
            [33mrole[39m=[32m&quot;tablist&quot;[39m
          [36m&gt;[39m
            [36m&lt;button[39m
              [33mrole[39m=[32m&quot;tab&quot;[39m
            [36m&gt;[39m
              [36m&lt;svg[39m
                [33maria-hidden[39m=[32m&quot;true&quot;[39m
                [33mclass[39m=[32m&quot;lucide lucide-activity h-4 w-4&quot;[39m
                [33mfill[39m=[32m&quot;none&quot;[39m
                [33mheight[39m=[32m&quot;24&quot;[39m
                [33mstroke[39m=[32m&quot;currentColor&quot;[39m
                [33mstroke-linecap[39m=[32m&quot;round&quot;[39m
                [33mstroke-linejoin[39m=[32m&quot;round&quot;[39m
                [33mstroke-width[39m=[32m&quot;2&quot;[39m
                [33mviewBox[39m=[32m&quot;0 0 24 24&quot;[39m
                [33mwidth[39m=[32m&quot;24&quot;[39m
                [33mxmlns[39m=[32m&quot;http://www.w3.org/2000/svg&quot;[39m
              [36m&gt;[39m
                [36m&lt;path[39m
                  [33md[39m=[32m&quot;M22 12h-2.48a2 2 0 0 0-1.93 1.46l-2.35 8.36a.25.25 0 0 1-.48 0L9.24 2.18a.25.25 0 0 0-.48 0l-2.35 8.36A2 2 0 0 1 4.49 12H2&quot;[39m
                [36m/&gt;[39m
              [36m&lt;/svg&gt;[39m
              [36m&lt;span[39m
                [33mclass[39m=[32m&quot;hidden lg:inline&quot;[39m
              [36m&gt;[39m
                [0mOverview[0m
              [36m&lt;/span&gt;[39m
            [36m&lt;/button&gt;[39m
            [36m&lt;button[39m
              [33mrole[39m=[32m&quot;tab&quot;[39m
            [36m&gt;[39m
              [36m&lt;svg[39m
                [33maria-hidden[39m=[32m&quot;true&quot;[39m
                [33mclass[39m=[32m&quot;lucide lucide-users h-4 w-4&quot;[39m
                [33mfill[39m=[32m&quot;none&quot;[39m
                [33mheight[39m=[32m&quot;24&quot;[39m
                [33mstroke[39m=[32m&quot;currentColor&quot;[39m
                [33mstroke-linecap[39m=[32m&quot;round&quot;[39m
                [33mstroke-linejoin[39m=[32m&quot;round&quot;[39m
                [33mstroke-width[39m=[32m&quot;2&quot;[39m
                [33mviewBox[39m=[32m&quot;0 0 24 24&quot;[39m
                [33mwidth[39m=[32m&quot;24&quot;[39m
                [33mxmlns[39m=[32m&quot;http://www.w3.org/2000/svg&quot;[39m
              [36m&gt;[39m
                [36m&lt;path[39m
                  [33md[39m=[32m&quot;M16 21v-2a4 4 0 0 0-4-4H6a4 4 0 0 0-4 4v2&quot;[39m
                [36m/&gt;[39m
                [36m&lt;path[39m
                  [33md[39m=[32m&quot;M16 3.128a4 4 0 0 1 0 7.744&quot;[39m
                [36m/&gt;[39m
                [36m&lt;path[39m
                  [33md[39m=[32...

Ignored nodes: comments, script, style
[36m&lt;body&gt;[39m
  [36m&lt;div&gt;[39m
    [36m&lt;div[39m
      [33mclass[39m=[32m&quot;min-h-screen bg-background&quot;[39m
    [36m&gt;[39m
      [36m&lt;div[39m
        [33mclass[39m=[32m&quot;border-b bg-card&quot;[39m
      [36m&gt;[39m
        [36m&lt;div[39m
          [33mclass[39m=[32m&quot;container mx-auto px-4 py-4&quot;[39m
        [36m&gt;[39m
          [36m&lt;div[39m
            [33mclass[39m=[32m&quot;flex items-center justify-between&quot;[39m
          [36m&gt;[39m
            [36m&lt;div&gt;[39m
              [36m&lt;h1[39m
                [33mclass[39m=[32m&quot;text-2xl font-bold&quot;[39m
              [36m&gt;[39m
                [0mAdmin Dashboard[0m
              [36m&lt;/h1&gt;[39m
              [36m&lt;p[39m
                [33mclass[39m=[32m&quot;text-muted-foreground&quot;[39m
              [36m&gt;[39m
                [0mSystem administration and monitoring[0m
              [36m&lt;/p&gt;[39m
            [36m&lt;/div&gt;[39m
            [36m&lt;div[39m
              [33mclass[39m=[32m&quot;flex items-center space-x-2&quot;[39m
            [36m&gt;[39m
              [36m&lt;button[39m
                [33mclass[39m=[32m&quot;inline-flex items-center justify-center whitespace-nowrap rounded-md font-medium transition-all duration-200 disabled:pointer-events-none disabled:opacity-50 focus-visible:outline-none focus-visible:ring-2 focus-visible:ring-offset-2 active:scale-[0.98] [&amp;_svg]:pointer-events-none [&amp;_svg:not([class*=\&quot;size-\&quot;])]:size-4 [&amp;_svg]:shrink-0 border border-input bg-background hover:bg-accent hover:text-accent-foreground hover:shadow-sm focus-visible:ring-ring/20 h-8 px-3 text-sm gap-1.5 has-[&gt;svg]:px-2.5&quot;[39m
              [36m&gt;[39m
                [36m&lt;svg[39m
                  [33maria-hidden[39m=[32m&quot;true&quot;[39m
                  [33mclass[39m=[32m&quot;lucide lucide-refresh-cw h-4 w-4 mr-2&quot;[39m
                  [33mfill[39m=[32m&quot;none&quot;[39m
                  [33mheight[39m=[32m&quot;24&quot;[39m
                  [33mstroke[39m=[32m&quot;currentColor&quot;[39m
                  [33mstroke-linecap[39m=[32m&quot;round&quot;[39m
                  [33mstroke-linejoin[39m=[32m&quot;round&quot;[39m
                  [33mstroke-width[39m=[32m&quot;2&quot;[39m
                  [33mviewBox[39m=[32m&quot;0 0 24 24&quot;[39m
                  [33mwidth[39m=[32m&quot;24&quot;[39m
                  [33mxmlns[39m=[32m&quot;http://www.w3.org/2000/svg&quot;[39m
                [36m&gt;[39m
                  [36m&lt;path[39m
                    [33md[39m=[32m&quot;M3 12a9 9 0 0 1 9-9 9.75 9.75 0 0 1 6.74 2.74L21 8&quot;[39m
                  [36m/&gt;[39m
                  [36m&lt;path[39m
                    [33md[39m=[32m&quot;M21 3v5h-5&quot;[39m
                  [36m/&gt;[39m
                  [36m&lt;path[39m
                    [33md[39m=[32m&quot;M21 12a9 9 0 0 1-9 9 9.75 9.75 0 0 1-6.74-2.74L3 16&quot;[39m
                  [36m/&gt;[39m
                  [36m&lt;path[39m
                    [33md[39m=[32m&quot;M8 16H3v5&quot;[39m
                  [36m/&gt;[39m
                [36m&lt;/svg&gt;[39m
                [0mRefresh[0m
              [36m&lt;/button&gt;[39m
              [36m&lt;div[39m
                [33mclass[39m=[32m&quot;flex items-center space-x-2 pl-2&quot;[39m
              [36m&gt;[39m
                [36m&lt;span[39m
                  [33mclass[39m=[32m&quot;text-xs text-muted-foreground&quot;[39m
                [36m&gt;[39m
                  [0mAuto Refresh[0m
                [36m&lt;/span&gt;[39m
                [36m&lt;button[39m
                  [33maria-checked[39m=[32m&quot;true&quot;[39m
                  [33mrole[39m=[32m&quot;switch&quot;[39m
                [36m/&gt;[39m
              [36m&lt;/div&gt;[39m
              [36m&lt;button[39m
                [33mclass[39m=[32m&quot;inline-flex items-center justify-center whitespace-nowrap rounded-md font-medium transition-all duration-200 disabled:pointer-events-none disabled:opacity-50 focus-visible:outline-none focus-visible:ring-2 focus-visible:ring-offset-2 active:scale-[0.98] [&amp;_svg]:pointer-events-none [&amp;_svg:not([class*=\&quot;size-\&quot;])]:size-4 [&amp;_svg]:shrink-0 border border-input bg-background hover:bg-accent hover:text-accent-foreground hover:shadow-sm focus-visible:ring-ring/20 h-8 px-3 text-sm gap-1.5 has-[&gt;svg]:px-2.5&quot;[39m
              [36m&gt;[39m
                [0mBack to App[0m
              [36m&lt;/button&gt;[39m
            [36m&lt;/div&gt;[39m
          [36m&lt;/div&gt;[39m
        [36m&lt;/div&gt;[39m
      [36m&lt;/div&gt;[39m
      [36m&lt;div[39m
        [33mclass[39m=[32m&quot;container mx-auto px-4 py-6&quot;[39m
      [36m&gt;[39m
        [36m&lt;div[39m
          [33mdata-testid[39m=[32m&quot;Tabs&quot;[39m
        [36m&gt;[39m
          [36m&lt;div[39m
            [33mrole[39m=[32m&quot;tablist&quot;[39m
          [36m&gt;[39m
            [36m&lt;button[39m
              [33mrole[39m=[32m&quot;tab&quot;[39m
            [36m&gt;[39m
              [36m&lt;svg[39m
                [33maria-hidden[39m=[32m&quot;true&quot;[39m
                [33mclass[39m=[32m&quot;lucide lucide-activity h-4 w-4&quot;[39m
                [33mfill[39m=[32m&quot;none&quot;[39m
                [33mheight[39m=[32m&quot;24&quot;[39m
                [33mstroke[39m=[32m&quot;currentColor&quot;[39m
                [33mstroke-linecap[39m=[32m&quot;round&quot;[39m
                [33mstroke-linejoin[39m=[32m&quot;round&quot;[39m
                [33mstroke-width[39m=[32m&quot;2&quot;[39m
                [33mviewBox[39m=[32m&quot;0 0 24 24&quot;[39m
                [33mwidth[39m=[32m&quot;24&quot;[39m
                [33mxmlns[39m=[32m&quot;http://www.w3.org/2000/svg&quot;[39m
              [36m&gt;[39m
                [36m&lt;path[39m
                  [33md[39m=[32m&quot;M22 12h-2.48a2 2 0 0 0-1.93 1.46l-2.35 8.36a.25.25 0 0 1-.48 0L9.24 2.18a.25.25 0 0 0-.48 0l-2.35 8.36A2 2 0 0 1 4.49 12H2&quot;[39m
                [36m/&gt;[39m
              [36m&lt;/svg&gt;[39m
              [36m&lt;span[39m
                [33mclass[39m=[32m&quot;hidden lg:inline&quot;[39m
              [36m&gt;[39m
                [0mOverview[0m
              [36m&lt;/span&gt;[39m
            [36m&lt;/button&gt;[39m
            [36m&lt;button[39m
              [33mrole[39m=[32m&quot;tab&quot;[39m
            [36m&gt;[39m
              [36m&lt;svg[39m
                [33maria-hidden[39m=[32m&quot;true&quot;[39m
                [33mclass[39m=[32m&quot;lucide lucide-users h-4 w-4&quot;[39m
                [33mfill[39m=[32m&quot;none&quot;[39m
                [33mheight[39m=[32m&quot;24&quot;[39m
                [33mstroke[39m=[32m&quot;currentColor&quot;[39m
                [33mstroke-linecap[39m=[32m&quot;round&quot;[39m
                [33mstroke-linejoin[39m=[32m&quot;round&quot;[39m
                [33mstroke-width[39m=[32m&quot;2&quot;[39m
                [33mviewBox[39m=[32m&quot;0 0 24 24&quot;[39m
                [33mwidth[39m=[32m&quot;24&quot;[39m
                [33mxmlns[39m=[32m&quot;http://www.w3.org/2000/svg&quot;[39m
              [36m&gt;[39m
                [36m&lt;path[39m
                  [33md[39m=[32m&quot;M16 21v-2a4 4 0 0 0-4-4H6a4 4 0 0 0-4 4v2&quot;[39m
                [36m/&gt;[39m
                [36m&lt;path[39m
                  [33md[39m=[32m&quot;M16 3.128a4 4 0 0 1 0 7.744&quot;[39m
                [36m/&gt;[39m
                [36m&lt;path[39m
                  [33md[39m=[32...
 ❯ waitForWrapper node_modules/.pnpm/@testing-library+dom@8.20.1/node_modules/@testing-library/dom/dist/wait-for.js:166:27
 ❯ findByText node_modules/.pnpm/@testing-library+dom@8.20.1/node_modules/@testing-library/dom/dist/query-helpers.js:86:33
 ❯ src/pages/__tests__/AdminDashboard.overview-maintenance.test.tsx:80:29
            </failure>
        </testcase>
        <testcase classname="src/pages/__tests__/AdminDashboard.overview-maintenance.test.tsx" name="AdminDashboard Overview and Maintenance &gt; shows High CPU Usage alert when cpu_usage &gt; 90" time="0.782">
        </testcase>
        <testcase classname="src/pages/__tests__/AdminDashboard.overview-maintenance.test.tsx" name="AdminDashboard Overview and Maintenance &gt; runs maintenance: preview cleanup and run cleanup" time="5.184">
            <system-err>
Warning: An update to OverviewTab inside a test was not wrapped in act(...).

When testing, code that causes React state updates should be wrapped into act(...):

act(() =&gt; {
  /* fire events that update state */
});
/* assert on the output */

This ensures that you&apos;re testing the behavior the user would see in the browser. Learn more at https://reactjs.org/link/wrap-tests-with-act
    at OverviewTab (/home/alex/projects/fin-model/frontend/src/components/AdminDashboard/OverviewTab.tsx:22:94)
    at div
    at TabsContent (/home/alex/projects/fin-model/frontend/src/test/setup.ts:37:25)
    at div
    at Tabs (/home/alex/projects/fin-model/frontend/src/test/setup.ts:28:18)
    at div
    at div
    at AdminDashboard (/home/alex/projects/fin-model/frontend/src/pages/AdminDashboard.tsx:46:79)
Warning: An update to HealthTab inside a test was not wrapped in act(...).

When testing, code that causes React state updates should be wrapped into act(...):

act(() =&gt; {
  /* fire events that update state */
});
/* assert on the output */

This ensures that you&apos;re testing the behavior the user would see in the browser. Learn more at https://reactjs.org/link/wrap-tests-with-act
    at HealthTab (/home/alex/projects/fin-model/frontend/src/components/AdminDashboard/HealthTab.tsx:10:68)
    at div
    at TabsContent (/home/alex/projects/fin-model/frontend/src/test/setup.ts:37:25)
    at div
    at Tabs (/home/alex/projects/fin-model/frontend/src/test/setup.ts:28:18)
    at div
    at div
    at AdminDashboard (/home/alex/projects/fin-model/frontend/src/pages/AdminDashboard.tsx:46:79)
Warning: An update to AdminDashboard inside a test was not wrapped in act(...).

When testing, code that causes React state updates should be wrapped into act(...):

act(() =&gt; {
  /* fire events that update state */
});
/* assert on the output */

This ensures that you&apos;re testing the behavior the user would see in the browser. Learn more at https://reactjs.org/link/wrap-tests-with-act
    at AdminDashboard (/home/alex/projects/fin-model/frontend/src/pages/AdminDashboard.tsx:46:79)
Warning: An update to OverviewTab inside a test was not wrapped in act(...).

When testing, code that causes React state updates should be wrapped into act(...):

act(() =&gt; {
  /* fire events that update state */
});
/* assert on the output */

This ensures that you&apos;re testing the behavior the user would see in the browser. Learn more at https://reactjs.org/link/wrap-tests-with-act
    at OverviewTab (/home/alex/projects/fin-model/frontend/src/components/AdminDashboard/OverviewTab.tsx:22:94)
    at div
    at TabsContent (/home/alex/projects/fin-model/frontend/src/test/setup.ts:37:25)
    at div
    at Tabs (/home/alex/projects/fin-model/frontend/src/test/setup.ts:28:18)
    at div
    at div
    at AdminDashboard (/home/alex/projects/fin-model/frontend/src/pages/AdminDashboard.tsx:46:79)
Warning: An update to HealthTab inside a test was not wrapped in act(...).

When testing, code that causes React state updates should be wrapped into act(...):

act(() =&gt; {
  /* fire events that update state */
});
/* assert on the output */

This ensures that you&apos;re testing the behavior the user would see in the browser. Learn more at https://reactjs.org/link/wrap-tests-with-act
    at HealthTab (/home/alex/projects/fin-model/frontend/src/components/AdminDashboard/HealthTab.tsx:10:68)
    at div
    at TabsContent (/home/alex/projects/fin-model/frontend/src/test/setup.ts:37:25)
    at div
    at Tabs (/home/alex/projects/fin-model/frontend/src/test/setup.ts:28:18)
    at div
    at div
    at AdminDashboard (/home/alex/projects/fin-model/frontend/src/pages/AdminDashboard.tsx:46:79)
Warning: An update to AdminDashboard inside a test was not wrapped in act(...).

When testing, code that causes React state updates should be wrapped into act(...):

act(() =&gt; {
  /* fire events that update state */
});
/* assert on the output */

This ensures that you&apos;re testing the behavior the user would see in the browser. Learn more at https://reactjs.org/link/wrap-tests-with-act
    at AdminDashboard (/home/alex/projects/fin-model/frontend/src/pages/AdminDashboard.tsx:46:79)
Warning: An update to OverviewTab inside a test was not wrapped in act(...).

When testing, code that causes React state updates should be wrapped into act(...):

act(() =&gt; {
  /* fire events that update state */
});
/* assert on the output */

This ensures that you&apos;re testing the behavior the user would see in the browser. Learn more at https://reactjs.org/link/wrap-tests-with-act
    at OverviewTab (/home/alex/projects/fin-model/frontend/src/components/AdminDashboard/OverviewTab.tsx:22:94)
    at div
    at TabsContent (/home/alex/projects/fin-model/frontend/src/test/setup.ts:37:25)
    at div
    at Tabs (/home/alex/projects/fin-model/frontend/src/test/setup.ts:28:18)
    at div
    at div
    at AdminDashboard (/home/alex/projects/fin-model/frontend/src/pages/AdminDashboard.tsx:46:79)
Warning: An update to HealthTab inside a test was not wrapped in act(...).

When testing, code that causes React state updates should be wrapped into act(...):

act(() =&gt; {
  /* fire events that update state */
});
/* assert on the output */

This ensures that you&apos;re testing the behavior the user would see in the browser. Learn more at https://reactjs.org/link/wrap-tests-with-act
    at HealthTab (/home/alex/projects/fin-model/frontend/src/components/AdminDashboard/HealthTab.tsx:10:68)
    at div
    at TabsContent (/home/alex/projects/fin-model/frontend/src/test/setup.ts:37:25)
    at div
    at Tabs (/home/alex/projects/fin-model/frontend/src/test/setup.ts:28:18)
    at div
    at div
    at AdminDashboard (/home/alex/projects/fin-model/frontend/src/pages/AdminDashboard.tsx:46:79)
Warning: An update to AdminDashboard inside a test was not wrapped in act(...).

When testing, code that causes React state updates should be wrapped into act(...):

act(() =&gt; {
  /* fire events that update state */
});
/* assert on the output */

This ensures that you&apos;re testing the behavior the user would see in the browser. Learn more at https://reactjs.org/link/wrap-tests-with-act
    at AdminDashboard (/home/alex/projects/fin-model/frontend/src/pages/AdminDashboard.tsx:46:79)
Warning: An update to OverviewTab inside a test was not wrapped in act(...).

When testing, code that causes React state updates should be wrapped into act(...):

act(() =&gt; {
  /* fire events that update state */
});
/* assert on the output */

This ensures that you&apos;re testing the behavior the user would see in the browser. Learn more at https://reactjs.org/link/wrap-tests-with-act
    at OverviewTab (/home/alex/projects/fin-model/frontend/src/components/AdminDashboard/OverviewTab.tsx:22:94)
    at div
    at TabsContent (/home/alex/projects/fin-model/frontend/src/test/setup.ts:37:25)
    at div
    at Tabs (/home/alex/projects/fin-model/frontend/src/test/setup.ts:28:18)
    at div
    at div
    at AdminDashboard (/home/alex/projects/fin-model/frontend/src/pages/AdminDashboard.tsx:46:79)
Warning: An update to HealthTab inside a test was not wrapped in act(...).

When testing, code that causes React state updates should be wrapped into act(...):

act(() =&gt; {
  /* fire events that update state */
});
/* assert on the output */

This ensures that you&apos;re testing the behavior the user would see in the browser. Learn more at https://reactjs.org/link/wrap-tests-with-act
    at HealthTab (/home/alex/projects/fin-model/frontend/src/components/AdminDashboard/HealthTab.tsx:10:68)
    at div
    at TabsContent (/home/alex/projects/fin-model/frontend/src/test/setup.ts:37:25)
    at div
    at Tabs (/home/alex/projects/fin-model/frontend/src/test/setup.ts:28:18)
    at div
    at div
    at AdminDashboard (/home/alex/projects/fin-model/frontend/src/pages/AdminDashboard.tsx:46:79)
Warning: An update to AdminDashboard inside a test was not wrapped in act(...).

When testing, code that causes React state updates should be wrapped into act(...):

act(() =&gt; {
  /* fire events that update state */
});
/* assert on the output */

This ensures that you&apos;re testing the behavior the user would see in the browser. Learn more at https://reactjs.org/link/wrap-tests-with-act
    at AdminDashboard (/home/alex/projects/fin-model/frontend/src/pages/AdminDashboard.tsx:46:79)

Warning: An update to AdminDashboard inside a test was not wrapped in act(...).

When testing, code that causes React state updates should be wrapped into act(...):

act(() =&gt; {
  /* fire events that update state */
});
/* assert on the output */

This ensures that you&apos;re testing the behavior the user would see in the browser. Learn more at https://reactjs.org/link/wrap-tests-with-act
    at AdminDashboard (/home/alex/projects/fin-model/frontend/src/pages/AdminDashboard.tsx:46:79)
Warning: An update to AdminDashboard inside a test was not wrapped in act(...).

When testing, code that causes React state updates should be wrapped into act(...):

act(() =&gt; {
  /* fire events that update state */
});
/* assert on the output */

This ensures that you&apos;re testing the behavior the user would see in the browser. Learn more at https://reactjs.org/link/wrap-tests-with-act
    at AdminDashboard (/home/alex/projects/fin-model/frontend/src/pages/AdminDashboard.tsx:46:79)

Warning: An update to AdminDashboard inside a test was not wrapped in act(...).

When testing, code that causes React state updates should be wrapped into act(...):

act(() =&gt; {
  /* fire events that update state */
});
/* assert on the output */

This ensures that you&apos;re testing the behavior the user would see in the browser. Learn more at https://reactjs.org/link/wrap-tests-with-act
    at AdminDashboard (/home/alex/projects/fin-model/frontend/src/pages/AdminDashboard.tsx:46:79)
Warning: An update to Presence inside a test was not wrapped in act(...).

When testing, code that causes React state updates should be wrapped into act(...):

act(() =&gt; {
  /* fire events that update state */
});
/* assert on the output */

This ensures that you&apos;re testing the behavior the user would see in the browser. Learn more at https://reactjs.org/link/wrap-tests-with-act
    at Presence (file:///home/alex/projects/fin-model/frontend/node_modules/.pnpm/@radix-ui+react-presence@1.1.4_@types+react-dom@18.3.7_@types+react@18.3.23__@types+rea_587c7e8c3eecba09139e2afe2a783727/node_modules/@radix-ui/react-presence/dist/index.mjs:19:11)
    at Provider (file:///home/alex/projects/fin-model/frontend/node_modules/.pnpm/@radix-ui+react-context@1.1.2_@types+react@18.3.23_react@18.3.1/node_modules/@radix-ui/react-context/dist/index.mjs:27:15)
    at DialogPortal (file:///home/alex/projects/fin-model/frontend/node_modules/.pnpm/@radix-ui+react-dialog@1.1.14_@types+react-dom@18.3.7_@types+react@18.3.23__@types+reac_979338a14129bfbd4b93c15b369f3450/node_modules/@radix-ui/react-dialog/dist/index.mjs:85:11)
    at AlertDialogPortal (file:///home/alex/projects/fin-model/frontend/node_modules/.pnpm/@radix-ui+react-alert-dialog@1.1.14_@types+react-dom@18.3.7_@types+react@18.3.23__@type_66f0df9c34c45541864174e824164977/node_modules/@radix-ui/react-alert-dialog/dist/index.mjs:34:11)
    at /home/alex/projects/fin-model/frontend/src/design-system/components/AlertDialog.tsx:24:78
    at Provider (file:///home/alex/projects/fin-model/frontend/node_modules/.pnpm/@radix-ui+react-context@1.1.2_@types+react@18.3.23_react@18.3.1/node_modules/@radix-ui/react-context/dist/index.mjs:27:15)
    at Dialog (file:///home/alex/projects/fin-model/frontend/node_modules/.pnpm/@radix-ui+react-dialog@1.1.14_@types+react-dom@18.3.7_@types+react@18.3.23__@types+reac_979338a14129bfbd4b93c15b369f3450/node_modules/@radix-ui/react-dialog/dist/index.mjs:25:5)
    at AlertDialog (file:///home/alex/projects/fin-model/frontend/node_modules/.pnpm/@radix-ui+react-alert-dialog@1.1.14_@types+react-dom@18.3.7_@types+react@18.3.23__@type_66f0df9c34c45541864174e824164977/node_modules/@radix-ui/react-alert-dialog/dist/index.mjs:18:11)
    at ConfirmDialog (/home/alex/projects/fin-model/frontend/src/components/ui/ConfirmDialog.tsx:11:26)
    at div
    at AdminDashboard (/home/alex/projects/fin-model/frontend/src/pages/AdminDashboard.tsx:46:79)
Warning: An update to Presence inside a test was not wrapped in act(...).

When testing, code that causes React state updates should be wrapped into act(...):

act(() =&gt; {
  /* fire events that update state */
});
/* assert on the output */

This ensures that you&apos;re testing the behavior the user would see in the browser. Learn more at https://reactjs.org/link/wrap-tests-with-act
    at Presence (file:///home/alex/projects/fin-model/frontend/node_modules/.pnpm/@radix-ui+react-presence@1.1.4_@types+react-dom@18.3.7_@types+react@18.3.23__@types+rea_587c7e8c3eecba09139e2afe2a783727/node_modules/@radix-ui/react-presence/dist/index.mjs:19:11)
    at Provider (file:///home/alex/projects/fin-model/frontend/node_modules/.pnpm/@radix-ui+react-context@1.1.2_@types+react@18.3.23_react@18.3.1/node_modules/@radix-ui/react-context/dist/index.mjs:27:15)
    at DialogPortal (file:///home/alex/projects/fin-model/frontend/node_modules/.pnpm/@radix-ui+react-dialog@1.1.14_@types+react-dom@18.3.7_@types+react@18.3.23__@types+reac_979338a14129bfbd4b93c15b369f3450/node_modules/@radix-ui/react-dialog/dist/index.mjs:85:11)
    at AlertDialogPortal (file:///home/alex/projects/fin-model/frontend/node_modules/.pnpm/@radix-ui+react-alert-dialog@1.1.14_@types+react-dom@18.3.7_@types+react@18.3.23__@type_66f0df9c34c45541864174e824164977/node_modules/@radix-ui/react-alert-dialog/dist/index.mjs:34:11)
    at /home/alex/projects/fin-model/frontend/src/design-system/components/AlertDialog.tsx:24:78
    at Provider (file:///home/alex/projects/fin-model/frontend/node_modules/.pnpm/@radix-ui+react-context@1.1.2_@types+react@18.3.23_react@18.3.1/node_modules/@radix-ui/react-context/dist/index.mjs:27:15)
    at Dialog (file:///home/alex/projects/fin-model/frontend/node_modules/.pnpm/@radix-ui+react-dialog@1.1.14_@types+react-dom@18.3.7_@types+react@18.3.23__@types+reac_979338a14129bfbd4b93c15b369f3450/node_modules/@radix-ui/react-dialog/dist/index.mjs:25:5)
    at AlertDialog (file:///home/alex/projects/fin-model/frontend/node_modules/.pnpm/@radix-ui+react-alert-dialog@1.1.14_@types+react-dom@18.3.7_@types+react@18.3.23__@type_66f0df9c34c45541864174e824164977/node_modules/@radix-ui/react-alert-dialog/dist/index.mjs:18:11)
    at ConfirmDialog (/home/alex/projects/fin-model/frontend/src/components/ui/ConfirmDialog.tsx:11:26)
    at div
    at AdminDashboard (/home/alex/projects/fin-model/frontend/src/pages/AdminDashboard.tsx:46:79)
Warning: An update to Portal inside a test was not wrapped in act(...).

When testing, code that causes React state updates should be wrapped into act(...):

act(() =&gt; {
  /* fire events that update state */
});
/* assert on the output */

This ensures that you&apos;re testing the behavior the user would see in the browser. Learn more at https://reactjs.org/link/wrap-tests-with-act
    at file:///home/alex/projects/fin-model/frontend/node_modules/.pnpm/@radix-ui+react-portal@1.1.9_@types+react-dom@18.3.7_@types+react@18.3.23__@types+react_6c1cd0a6f7cc4779efee75f9fbbe7053/node_modules/@radix-ui/react-portal/dist/index.mjs:11:22
    at Presence (file:///home/alex/projects/fin-model/frontend/node_modules/.pnpm/@radix-ui+react-presence@1.1.4_@types+react-dom@18.3.7_@types+react@18.3.23__@types+rea_587c7e8c3eecba09139e2afe2a783727/node_modules/@radix-ui/react-presence/dist/index.mjs:19:11)
    at Provider (file:///home/alex/projects/fin-model/frontend/node_modules/.pnpm/@radix-ui+react-context@1.1.2_@types+react@18.3.23_react@18.3.1/node_modules/@radix-ui/react-context/dist/index.mjs:27:15)
    at DialogPortal (file:///home/alex/projects/fin-model/frontend/node_modules/.pnpm/@radix-ui+react-dialog@1.1.14_@types+react-dom@18.3.7_@types+react@18.3.23__@types+reac_979338a14129bfbd4b93c15b369f3450/node_modules/@radix-ui/react-dialog/dist/index.mjs:85:11)
    at AlertDialogPortal (file:///home/alex/projects/fin-model/frontend/node_modules/.pnpm/@radix-ui+react-alert-dialog@1.1.14_@types+react-dom@18.3.7_@types+react@18.3.23__@type_66f0df9c34c45541864174e824164977/node_modules/@radix-ui/react-alert-dialog/dist/index.mjs:34:11)
    at /home/alex/projects/fin-model/frontend/src/design-system/components/AlertDialog.tsx:24:78
    at Provider (file:///home/alex/projects/fin-model/frontend/node_modules/.pnpm/@radix-ui+react-context@1.1.2_@types+react@18.3.23_react@18.3.1/node_modules/@radix-ui/react-context/dist/index.mjs:27:15)
    at Dialog (file:///home/alex/projects/fin-model/frontend/node_modules/.pnpm/@radix-ui+react-dialog@1.1.14_@types+react-dom@18.3.7_@types+react@18.3.23__@types+reac_979338a14129bfbd4b93c15b369f3450/node_modules/@radix-ui/react-dialog/dist/index.mjs:25:5)
    at AlertDialog (file:///home/alex/projects/fin-model/frontend/node_modules/.pnpm/@radix-ui+react-alert-dialog@1.1.14_@types+react-dom@18.3.7_@types+react@18.3.23__@type_66f0df9c34c45541864174e824164977/node_modules/@radix-ui/react-alert-dialog/dist/index.mjs:18:11)
    at ConfirmDialog (/home/alex/projects/fin-model/frontend/src/components/ui/ConfirmDialog.tsx:11:26)
    at div
    at AdminDashboard (/home/alex/projects/fin-model/frontend/src/pages/AdminDashboard.tsx:46:79)
Warning: An update to Portal inside a test was not wrapped in act(...).

When testing, code that causes React state updates should be wrapped into act(...):

act(() =&gt; {
  /* fire events that update state */
});
/* assert on the output */

This ensures that you&apos;re testing the behavior the user would see in the browser. Learn more at https://reactjs.org/link/wrap-tests-with-act
    at file:///home/alex/projects/fin-model/frontend/node_modules/.pnpm/@radix-ui+react-portal@1.1.9_@types+react-dom@18.3.7_@types+react@18.3.23__@types+react_6c1cd0a6f7cc4779efee75f9fbbe7053/node_modules/@radix-ui/react-portal/dist/index.mjs:11:22
    at Presence (file:///home/alex/projects/fin-model/frontend/node_modules/.pnpm/@radix-ui+react-presence@1.1.4_@types+react-dom@18.3.7_@types+react@18.3.23__@types+rea_587c7e8c3eecba09139e2afe2a783727/node_modules/@radix-ui/react-presence/dist/index.mjs:19:11)
    at Provider (file:///home/alex/projects/fin-model/frontend/node_modules/.pnpm/@radix-ui+react-context@1.1.2_@types+react@18.3.23_react@18.3.1/node_modules/@radix-ui/react-context/dist/index.mjs:27:15)
    at DialogPortal (file:///home/alex/projects/fin-model/frontend/node_modules/.pnpm/@radix-ui+react-dialog@1.1.14_@types+react-dom@18.3.7_@types+react@18.3.23__@types+reac_979338a14129bfbd4b93c15b369f3450/node_modules/@radix-ui/react-dialog/dist/index.mjs:85:11)
    at AlertDialogPortal (file:///home/alex/projects/fin-model/frontend/node_modules/.pnpm/@radix-ui+react-alert-dialog@1.1.14_@types+react-dom@18.3.7_@types+react@18.3.23__@type_66f0df9c34c45541864174e824164977/node_modules/@radix-ui/react-alert-dialog/dist/index.mjs:34:11)
    at /home/alex/projects/fin-model/frontend/src/design-system/components/AlertDialog.tsx:24:78
    at Provider (file:///home/alex/projects/fin-model/frontend/node_modules/.pnpm/@radix-ui+react-context@1.1.2_@types+react@18.3.23_react@18.3.1/node_modules/@radix-ui/react-context/dist/index.mjs:27:15)
    at Dialog (file:///home/alex/projects/fin-model/frontend/node_modules/.pnpm/@radix-ui+react-dialog@1.1.14_@types+react-dom@18.3.7_@types+react@18.3.23__@types+reac_979338a14129bfbd4b93c15b369f3450/node_modules/@radix-ui/react-dialog/dist/index.mjs:25:5)
    at AlertDialog (file:///home/alex/projects/fin-model/frontend/node_modules/.pnpm/@radix-ui+react-alert-dialog@1.1.14_@types+react-dom@18.3.7_@types+react@18.3.23__@type_66f0df9c34c45541864174e824164977/node_modules/@radix-ui/react-alert-dialog/dist/index.mjs:18:11)
    at ConfirmDialog (/home/alex/projects/fin-model/frontend/src/components/ui/ConfirmDialog.tsx:11:26)
    at div
    at AdminDashboard (/home/alex/projects/fin-model/frontend/src/pages/AdminDashboard.tsx:46:79)
Warning: An update to Presence inside a test was not wrapped in act(...).

When testing, code that causes React state updates should be wrapped into act(...):

act(() =&gt; {
  /* fire events that update state */
});
/* assert on the output */

This ensures that you&apos;re testing the behavior the user would see in the browser. Learn more at https://reactjs.org/link/wrap-tests-with-act
    at Presence (file:///home/alex/projects/fin-model/frontend/node_modules/.pnpm/@radix-ui+react-presence@1.1.4_@types+react-dom@18.3.7_@types+react@18.3.23__@types+rea_587c7e8c3eecba09139e2afe2a783727/node_modules/@radix-ui/react-presence/dist/index.mjs:19:11)
    at file:///home/alex/projects/fin-model/frontend/node_modules/.pnpm/@radix-ui+react-dialog@1.1.14_@types+react-dom@18.3.7_@types+react@18.3.23__@types+reac_979338a14129bfbd4b93c15b369f3450/node_modules/@radix-ui/react-dialog/dist/index.mjs:93:64
    at file:///home/alex/projects/fin-model/frontend/node_modules/.pnpm/@radix-ui+react-alert-dialog@1.1.14_@types+react-dom@18.3.7_@types+react@18.3.23__@type_66f0df9c34c45541864174e824164977/node_modules/@radix-ui/react-alert-dialog/dist/index.mjs:42:13
    at /home/alex/projects/fin-model/frontend/src/design-system/components/AlertDialog.tsx:14:78
    at file:///home/alex/projects/fin-model/frontend/node_modules/.pnpm/@radix-ui+react-slot@1.2.3_@types+react@18.3.23_react@18.3.1/node_modules/@radix-ui/react-slot/dist/index.mjs:33:13
    at file:///home/alex/projects/fin-model/frontend/node_modules/.pnpm/@radix-ui+react-slot@1.2.3_@types+react@18.3.23_react@18.3.1/node_modules/@radix-ui/react-slot/dist/index.mjs:9:13
    at file:///home/alex/projects/fin-model/frontend/node_modules/.pnpm/@radix-ui+react-primitive@2.1.3_@types+react-dom@18.3.7_@types+react@18.3.23__@types+re_db0ee435667e42f4b05fd5a9bb21abc3/node_modules/@radix-ui/react-primitive/dist/index.mjs:28:13
    at file:///home/alex/projects/fin-model/frontend/node_modules/.pnpm/@radix-ui+react-portal@1.1.9_@types+react-dom@18.3.7_@types+react@18.3.23__@types+react_6c1cd0a6f7cc4779efee75f9fbbe7053/node_modules/@radix-ui/react-portal/dist/index.mjs:11:22
    at Presence (file:///home/alex/projects/fin-model/frontend/node_modules/.pnpm/@radix-ui+react-presence@1.1.4_@types+react-dom@18.3.7_@types+react@18.3.23__@types+rea_587c7e8c3eecba09139e2afe2a783727/node_modules/@radix-ui/react-presence/dist/index.mjs:19:11)
    at Provider (file:///home/alex/projects/fin-model/frontend/node_modules/.pnpm/@radix-ui+react-context@1.1.2_@types+react@18.3.23_react@18.3.1/node_modules/@radix-ui/react-context/dist/index.mjs:27:15)
    at DialogPortal (file:///home/alex/projects/fin-model/frontend/node_modules/.pnpm/@radix-ui+react-dialog@1.1.14_@types+react-dom@18.3.7_@types+react@18.3.23__@types+reac_979338a14129bfbd4b93c15b369f3450/node_modules/@radix-ui/react-dialog/dist/index.mjs:85:11)
    at AlertDialogPortal (file:///home/alex/projects/fin-model/frontend/node_modules/.pnpm/@radix-ui+react-alert-dialog@1.1.14_@types+react-dom@18.3.7_@types+react@18.3.23__@type_66f0df9c34c45541864174e824164977/node_modules/@radix-ui/react-alert-dialog/dist/index.mjs:34:11)
    at /home/alex/projects/fin-model/frontend/src/design-system/components/AlertDialog.tsx:24:78
    at Provider (file:///home/alex/projects/fin-model/frontend/node_modules/.pnpm/@radix-ui+react-context@1.1.2_@types+react@18.3.23_react@18.3.1/node_modules/@radix-ui/react-context/dist/index.mjs:27:15)
    at Dialog (file:///home/alex/projects/fin-model/frontend/node_modules/.pnpm/@radix-ui+react-dialog@1.1.14_@types+react-dom@18.3.7_@types+react@18.3.23__@types+reac_979338a14129bfbd4b93c15b369f3450/node_modules/@radix-ui/react-dialog/dist/index.mjs:25:5)
    at AlertDialog (file:///home/alex/projects/fin-model/frontend/node_modules/.pnpm/@radix-ui+react-alert-dialog@1.1.14_@types+react-dom@18.3.7_@types+react@18.3.23__@type_66f0df9c34c45541864174e824164977/node_modules/@radix-ui/react-alert-dialog/dist/index.mjs:18:11)
    at ConfirmDialog (/home/alex/projects/fin-model/frontend/src/components/ui/ConfirmDialog.tsx:11:26)
    at div
    at AdminDashboard (/home/alex/projects/fin-model/frontend/src/pages/AdminDashboard.tsx:46:79)
Warning: An update to Presence inside a test was not wrapped in act(...).

When testing, code that causes React state updates should be wrapped into act(...):

act(() =&gt; {
  /* fire events that update state */
});
/* assert on the output */

This ensures that you&apos;re testing the behavior the user would see in the browser. Learn more at https://reactjs.org/link/wrap-tests-with-act
    at Presence (file:///home/alex/projects/fin-model/frontend/node_modules/.pnpm/@radix-ui+react-presence@1.1.4_@types+react-dom@18.3.7_@types+react@18.3.23__@types+rea_587c7e8c3eecba09139e2afe2a783727/node_modules/@radix-ui/react-presence/dist/index.mjs:19:11)
    at Provider (file:///home/alex/projects/fin-model/frontend/node_modules/.pnpm/@radix-ui+react-context@1.1.2_@types+react@18.3.23_react@18.3.1/node_modules/@radix-ui/react-context/dist/index.mjs:27:15)
    at DialogPortal (file:///home/alex/projects/fin-model/frontend/node_modules/.pnpm/@radix-ui+react-dialog@1.1.14_@types+react-dom@18.3.7_@types+react@18.3.23__@types+reac_979338a14129bfbd4b93c15b369f3450/node_modules/@radix-ui/react-dialog/dist/index.mjs:85:11)
    at AlertDialogPortal (file:///home/alex/projects/fin-model/frontend/node_modules/.pnpm/@radix-ui+react-alert-dialog@1.1.14_@types+react-dom@18.3.7_@types+react@18.3.23__@type_66f0df9c34c45541864174e824164977/node_modules/@radix-ui/react-alert-dialog/dist/index.mjs:34:11)
    at /home/alex/projects/fin-model/frontend/src/design-system/components/AlertDialog.tsx:24:78
    at Provider (file:///home/alex/projects/fin-model/frontend/node_modules/.pnpm/@radix-ui+react-context@1.1.2_@types+react@18.3.23_react@18.3.1/node_modules/@radix-ui/react-context/dist/index.mjs:27:15)
    at Dialog (file:///home/alex/projects/fin-model/frontend/node_modules/.pnpm/@radix-ui+react-dialog@1.1.14_@types+react-dom@18.3.7_@types+react@18.3.23__@types+reac_979338a14129bfbd4b93c15b369f3450/node_modules/@radix-ui/react-dialog/dist/index.mjs:25:5)
    at AlertDialog (file:///home/alex/projects/fin-model/frontend/node_modules/.pnpm/@radix-ui+react-alert-dialog@1.1.14_@types+react-dom@18.3.7_@types+react@18.3.23__@type_66f0df9c34c45541864174e824164977/node_modules/@radix-ui/react-alert-dialog/dist/index.mjs:18:11)
    at ConfirmDialog (/home/alex/projects/fin-model/frontend/src/components/ui/ConfirmDialog.tsx:11:26)
    at div
    at AdminDashboard (/home/alex/projects/fin-model/frontend/src/pages/AdminDashboard.tsx:46:79)
Warning: An update to Presence inside a test was not wrapped in act(...).

When testing, code that causes React state updates should be wrapped into act(...):

act(() =&gt; {
  /* fire events that update state */
});
/* assert on the output */

This ensures that you&apos;re testing the behavior the user would see in the browser. Learn more at https://reactjs.org/link/wrap-tests-with-act
    at Presence (file:///home/alex/projects/fin-model/frontend/node_modules/.pnpm/@radix-ui+react-presence@1.1.4_@types+react-dom@18.3.7_@types+react@18.3.23__@types+rea_587c7e8c3eecba09139e2afe2a783727/node_modules/@radix-ui/react-presence/dist/index.mjs:19:11)
    at file:///home/alex/projects/fin-model/frontend/node_modules/.pnpm/@radix-ui+react-dialog@1.1.14_@types+react-dom@18.3.7_@types+react@18.3.23__@types+reac_979338a14129bfbd4b93c15b369f3450/node_modules/@radix-ui/react-dialog/dist/index.mjs:93:64
    at file:///home/alex/projects/fin-model/frontend/node_modules/.pnpm/@radix-ui+react-alert-dialog@1.1.14_@types+react-dom@18.3.7_@types+react@18.3.23__@type_66f0df9c34c45541864174e824164977/node_modules/@radix-ui/react-alert-dialog/dist/index.mjs:42:13
    at /home/alex/projects/fin-model/frontend/src/design-system/components/AlertDialog.tsx:14:78
    at file:///home/alex/projects/fin-model/frontend/node_modules/.pnpm/@radix-ui+react-slot@1.2.3_@types+react@18.3.23_react@18.3.1/node_modules/@radix-ui/react-slot/dist/index.mjs:33:13
    at file:///home/alex/projects/fin-model/frontend/node_modules/.pnpm/@radix-ui+react-slot@1.2.3_@types+react@18.3.23_react@18.3.1/node_modules/@radix-ui/react-slot/dist/index.mjs:9:13
    at file:///home/alex/projects/fin-model/frontend/node_modules/.pnpm/@radix-ui+react-primitive@2.1.3_@types+react-dom@18.3.7_@types+react@18.3.23__@types+re_db0ee435667e42f4b05fd5a9bb21abc3/node_modules/@radix-ui/react-primitive/dist/index.mjs:28:13
    at file:///home/alex/projects/fin-model/frontend/node_modules/.pnpm/@radix-ui+react-portal@1.1.9_@types+react-dom@18.3.7_@types+react@18.3.23__@types+react_6c1cd0a6f7cc4779efee75f9fbbe7053/node_modules/@radix-ui/react-portal/dist/index.mjs:11:22
    at Presence (file:///home/alex/projects/fin-model/frontend/node_modules/.pnpm/@radix-ui+react-presence@1.1.4_@types+react-dom@18.3.7_@types+react@18.3.23__@types+rea_587c7e8c3eecba09139e2afe2a783727/node_modules/@radix-ui/react-presence/dist/index.mjs:19:11)
    at Provider (file:///home/alex/projects/fin-model/frontend/node_modules/.pnpm/@radix-ui+react-context@1.1.2_@types+react@18.3.23_react@18.3.1/node_modules/@radix-ui/react-context/dist/index.mjs:27:15)
    at DialogPortal (file:///home/alex/projects/fin-model/frontend/node_modules/.pnpm/@radix-ui+react-dialog@1.1.14_@types+react-dom@18.3.7_@types+react@18.3.23__@types+reac_979338a14129bfbd4b93c15b369f3450/node_modules/@radix-ui/react-dialog/dist/index.mjs:85:11)
    at AlertDialogPortal (file:///home/alex/projects/fin-model/frontend/node_modules/.pnpm/@radix-ui+react-alert-dialog@1.1.14_@types+react-dom@18.3.7_@types+react@18.3.23__@type_66f0df9c34c45541864174e824164977/node_modules/@radix-ui/react-alert-dialog/dist/index.mjs:34:11)
    at /home/alex/projects/fin-model/frontend/src/design-system/components/AlertDialog.tsx:24:78
    at Provider (file:///home/alex/projects/fin-model/frontend/node_modules/.pnpm/@radix-ui+react-context@1.1.2_@types+react@18.3.23_react@18.3.1/node_modules/@radix-ui/react-context/dist/index.mjs:27:15)
    at Dialog (file:///home/alex/projects/fin-model/frontend/node_modules/.pnpm/@radix-ui+react-dialog@1.1.14_@types+react-dom@18.3.7_@types+react@18.3.23__@types+reac_979338a14129bfbd4b93c15b369f3450/node_modules/@radix-ui/react-dialog/dist/index.mjs:25:5)
    at AlertDialog (file:///home/alex/projects/fin-model/frontend/node_modules/.pnpm/@radix-ui+react-alert-dialog@1.1.14_@types+react-dom@18.3.7_@types+react@18.3.23__@type_66f0df9c34c45541864174e824164977/node_modules/@radix-ui/react-alert-dialog/dist/index.mjs:18:11)
    at ConfirmDialog (/home/alex/projects/fin-model/frontend/src/components/ui/ConfirmDialog.tsx:11:26)
    at div
    at AdminDashboard (/home/alex/projects/fin-model/frontend/src/pages/AdminDashboard.tsx:46:79)
Warning: An update to FocusScope inside a test was not wrapped in act(...).

When testing, code that causes React state updates should be wrapped into act(...):

act(() =&gt; {
  /* fire events that update state */
});
/* assert on the output */

This ensures that you&apos;re testing the behavior the user would see in the browser. Learn more at https://reactjs.org/link/wrap-tests-with-act
    at file:///home/alex/projects/fin-model/frontend/node_modules/.pnpm/@radix-ui+react-focus-scope@1.1.7_@types+react-dom@18.3.7_@types+react@18.3.23__@types+_f761c2ff2dd8a5cebf4e03dd795af57f/node_modules/@radix-ui/react-focus-scope/dist/index.mjs:15:5
    at file:///home/alex/projects/fin-model/frontend/node_modules/.pnpm/@radix-ui+react-dialog@1.1.14_@types+react-dom@18.3.7_@types+react@18.3.23__@types+reac_979338a14129bfbd4b93c15b369f3450/node_modules/@radix-ui/react-dialog/dist/index.mjs:206:13
    at file:///home/alex/projects/fin-model/frontend/node_modules/.pnpm/@radix-ui+react-dialog@1.1.14_@types+react-dom@18.3.7_@types+react@18.3.23__@types+reac_979338a14129bfbd4b93c15b369f3450/node_modules/@radix-ui/react-dialog/dist/index.mjs:132:58
    at Presence (file:///home/alex/projects/fin-model/frontend/node_modules/.pnpm/@radix-ui+react-presence@1.1.4_@types+react-dom@18.3.7_@types+react@18.3.23__@types+rea_587c7e8c3eecba09139e2afe2a783727/node_modules/@radix-ui/react-presence/dist/index.mjs:19:11)
    at file:///home/alex/projects/fin-model/frontend/node_modules/.pnpm/@radix-ui+react-dialog@1.1.14_@types+react-dom@18.3.7_@types+react@18.3.23__@types+reac_979338a14129bfbd4b93c15b369f3450/node_modules/@radix-ui/react-dialog/dist/index.mjs:123:64
    at Provider (file:///home/alex/projects/fin-model/frontend/node_modules/.pnpm/@radix-ui+react-context@1.1.2_@types+react@18.3.23_react@18.3.1/node_modules/@radix-ui/react-context/dist/index.mjs:27:15)
    at Provider (file:///home/alex/projects/fin-model/frontend/node_modules/.pnpm/@radix-ui+react-context@1.1.2_@types+react@18.3.23_react@18.3.1/node_modules/@radix-ui/react-context/dist/index.mjs:7:13)
    at file:///home/alex/projects/fin-model/frontend/node_modules/.pnpm/@radix-ui+react-alert-dialog@1.1.14_@types+react-dom@18.3.7_@types+react@18.3.23__@type_66f0df9c34c45541864174e824164977/node_modules/@radix-ui/react-alert-dialog/dist/index.mjs:53:13
    at file:///home/alex/projects/fin-model/frontend/node_modules/.pnpm/@radix-ui+react-slot@1.2.3_@types+react@18.3.23_react@18.3.1/node_modules/@radix-ui/react-slot/dist/index.mjs:33:13
    at file:///home/alex/projects/fin-model/frontend/node_modules/.pnpm/@radix-ui+react-slot@1.2.3_@types+react@18.3.23_react@18.3.1/node_modules/@radix-ui/react-slot/dist/index.mjs:9:13
    at file:///home/alex/projects/fin-model/frontend/node_modules/.pnpm/@radix-ui+react-primitive@2.1.3_@types+react-dom@18.3.7_@types+react@18.3.23__@types+re_db0ee435667e42f4b05fd5a9bb21abc3/node_modules/@radix-ui/react-primitive/dist/index.mjs:28:13
    at file:///home/alex/projects/fin-model/frontend/node_modules/.pnpm/@radix-ui+react-portal@1.1.9_@types+react-dom@18.3.7_@types+react@18.3.23__@types+react_6c1cd0a6f7cc4779efee75f9fbbe7053/node_modules/@radix-ui/react-portal/dist/index.mjs:11:22
    at Presence (file:///home/alex/projects/fin-model/frontend/node_modules/.pnpm/@radix-ui+react-presence@1.1.4_@types+react-dom@18.3.7_@types+react@18.3.23__@types+rea_587c7e8c3eecba09139e2afe2a783727/node_modules/@radix-ui/react-presence/dist/index.mjs:19:11)
    at Provider (file:///home/alex/projects/fin-model/frontend/node_modules/.pnpm/@radix-ui+react-context@1.1.2_@types+react@18.3.23_react@18.3.1/node_modules/@radix-ui/react-context/dist/index.mjs:27:15)
    at DialogPortal (file:///home/alex/projects/fin-model/frontend/node_modules/.pnpm/@radix-ui+react-dialog@1.1.14_@types+react-dom@18.3.7_@types+react@18.3.23__@types+reac_979338a14129bfbd4b93c15b369f3450/node_modules/@radix-ui/react-dialog/dist/index.mjs:85:11)
    at AlertDialogPortal (file:///home/alex/projects/fin-model/frontend/node_modules/.pnpm/@radix-ui+react-alert-dialog@1.1.14_@types+react-dom@18.3.7_@types+react@18.3.23__@type_66f0df9c34c45541864174e824164977/node_modules/@radix-ui/react-alert-dialog/dist/index.mjs:34:11)
    at /home/alex/projects/fin-model/frontend/src/design-system/components/AlertDialog.tsx:24:78
    at Provider (file:///home/alex/projects/fin-model/frontend/node_modules/.pnpm/@radix-ui+react-context@1.1.2_@types+react@18.3.23_react@18.3.1/node_modules/@radix-ui/react-context/dist/index.mjs:27:15)
    at Dialog (file:///home/alex/projects/fin-model/frontend/node_modules/.pnpm/@radix-ui+react-dialog@1.1.14_@types+react-dom@18.3.7_@types+react@18.3.23__@types+reac_979338a14129bfbd4b93c15b369f3450/node_modules/@radix-ui/react-dialog/dist/index.mjs:25:5)
    at AlertDialog (file:///home/alex/projects/fin-model/frontend/node_modules/.pnpm/@radix-ui+react-alert-dialog@1.1.14_@types+react-dom@18.3.7_@types+react@18.3.23__@type_66f0df9c34c45541864174e824164977/node_modules/@radix-ui/react-alert-dialog/dist/index.mjs:18:11)
    at ConfirmDialog (/home/alex/projects/fin-model/frontend/src/components/ui/ConfirmDialog.tsx:11:26)
    at div
    at AdminDashboard (/home/alex/projects/fin-model/frontend/src/pages/AdminDashboard.tsx:46:79)
Warning: An update to Presence inside a test was not wrapped in act(...).

When testing, code that causes React state updates should be wrapped into act(...):

act(() =&gt; {
  /* fire events that update state */
});
/* assert on the output */

This ensures that you&apos;re testing the behavior the user would see in the browser. Learn more at https://reactjs.org/link/wrap-tests-with-act
    at Presence (file:///home/alex/projects/fin-model/frontend/node_modules/.pnpm/@radix-ui+react-presence@1.1.4_@types+react-dom@18.3.7_@types+react@18.3.23__@types+rea_587c7e8c3eecba09139e2afe2a783727/node_modules/@radix-ui/react-presence/dist/index.mjs:19:11)
    at file:///home/alex/projects/fin-model/frontend/node_modules/.pnpm/@radix-ui+react-dialog@1.1.14_@types+react-dom@18.3.7_@types+react@18.3.23__@types+reac_979338a14129bfbd4b93c15b369f3450/node_modules/@radix-ui/react-dialog/dist/index.mjs:123:64
    at Provider (file:///home/alex/projects/fin-model/frontend/node_modules/.pnpm/@radix-ui+react-context@1.1.2_@types+react@18.3.23_react@18.3.1/node_modules/@radix-ui/react-context/dist/index.mjs:27:15)
    at Provider (file:///home/alex/projects/fin-model/frontend/node_modules/.pnpm/@radix-ui+react-context@1.1.2_@types+react@18.3.23_react@18.3.1/node_modules/@radix-ui/react-context/dist/index.mjs:7:13)
    at file:///home/alex/projects/fin-model/frontend/node_modules/.pnpm/@radix-ui+react-alert-dialog@1.1.14_@types+react-dom@18.3.7_@types+react@18.3.23__@type_66f0df9c34c45541864174e824164977/node_modules/@radix-ui/react-alert-dialog/dist/index.mjs:53:13
    at file:///home/alex/projects/fin-model/frontend/node_modules/.pnpm/@radix-ui+react-slot@1.2.3_@types+react@18.3.23_react@18.3.1/node_modules/@radix-ui/react-slot/dist/index.mjs:33:13
    at file:///home/alex/projects/fin-model/frontend/node_modules/.pnpm/@radix-ui+react-slot@1.2.3_@types+react@18.3.23_react@18.3.1/node_modules/@radix-ui/react-slot/dist/index.mjs:9:13
    at file:///home/alex/projects/fin-model/frontend/node_modules/.pnpm/@radix-ui+react-primitive@2.1.3_@types+react-dom@18.3.7_@types+react@18.3.23__@types+re_db0ee435667e42f4b05fd5a9bb21abc3/node_modules/@radix-ui/react-primitive/dist/index.mjs:28:13
    at file:///home/alex/projects/fin-model/frontend/node_modules/.pnpm/@radix-ui+react-portal@1.1.9_@types+react-dom@18.3.7_@types+react@18.3.23__@types+react_6c1cd0a6f7cc4779efee75f9fbbe7053/node_modules/@radix-ui/react-portal/dist/index.mjs:11:22
    at Presence (file:///home/alex/projects/fin-model/frontend/node_modules/.pnpm/@radix-ui+react-presence@1.1.4_@types+react-dom@18.3.7_@types+react@18.3.23__@types+rea_587c7e8c3eecba09139e2afe2a783727/node_modules/@radix-ui/react-presence/dist/index.mjs:19:11)
    at Provider (file:///home/alex/projects/fin-model/frontend/node_modules/.pnpm/@radix-ui+react-context@1.1.2_@types+react@18.3.23_react@18.3.1/node_modules/@radix-ui/react-context/dist/index.mjs:27:15)
    at DialogPortal (file:///home/alex/projects/fin-model/frontend/node_modules/.pnpm/@radix-ui+react-dialog@1.1.14_@types+react-dom@18.3.7_@types+react@18.3.23__@types+reac_979338a14129bfbd4b93c15b369f3450/node_modules/@radix-ui/react-dialog/dist/index.mjs:85:11)
    at AlertDialogPortal (file:///home/alex/projects/fin-model/frontend/node_modules/.pnpm/@radix-ui+react-alert-dialog@1.1.14_@types+react-dom@18.3.7_@types+react@18.3.23__@type_66f0df9c34c45541864174e824164977/node_modules/@radix-ui/react-alert-dialog/dist/index.mjs:34:11)
    at /home/alex/projects/fin-model/frontend/src/design-system/components/AlertDialog.tsx:24:78
    at Provider (file:///home/alex/projects/fin-model/frontend/node_modules/.pnpm/@radix-ui+react-context@1.1.2_@types+react@18.3.23_react@18.3.1/node_modules/@radix-ui/react-context/dist/index.mjs:27:15)
    at Dialog (file:///home/alex/projects/fin-model/frontend/node_modules/.pnpm/@radix-ui+react-dialog@1.1.14_@types+react-dom@18.3.7_@types+react@18.3.23__@types+reac_979338a14129bfbd4b93c15b369f3450/node_modules/@radix-ui/react-dialog/dist/index.mjs:25:5)
    at AlertDialog (file:///home/alex/projects/fin-model/frontend/node_modules/.pnpm/@radix-ui+react-alert-dialog@1.1.14_@types+react-dom@18.3.7_@types+react@18.3.23__@type_66f0df9c34c45541864174e824164977/node_modules/@radix-ui/react-alert-dialog/dist/index.mjs:18:11)
    at ConfirmDialog (/home/alex/projects/fin-model/frontend/src/components/ui/ConfirmDialog.tsx:11:26)
    at div
    at AdminDashboard (/home/alex/projects/fin-model/frontend/src/pages/AdminDashboard.tsx:46:79)
Warning: An update to Presence inside a test was not wrapped in act(...).

When testing, code that causes React state updates should be wrapped into act(...):

act(() =&gt; {
  /* fire events that update state */
});
/* assert on the output */

This ensures that you&apos;re testing the behavior the user would see in the browser. Learn more at https://reactjs.org/link/wrap-tests-with-act
    at Presence (file:///home/alex/projects/fin-model/frontend/node_modules/.pnpm/@radix-ui+react-presence@1.1.4_@types+react-dom@18.3.7_@types+react@18.3.23__@types+rea_587c7e8c3eecba09139e2afe2a783727/node_modules/@radix-ui/react-presence/dist/index.mjs:19:11)
    at Provider (file:///home/alex/projects/fin-model/frontend/node_modules/.pnpm/@radix-ui+react-context@1.1.2_@types+react@18.3.23_react@18.3.1/node_modules/@radix-ui/react-context/dist/index.mjs:27:15)
    at DialogPortal (file:///home/alex/projects/fin-model/frontend/node_modules/.pnpm/@radix-ui+react-dialog@1.1.14_@types+react-dom@18.3.7_@types+react@18.3.23__@types+reac_979338a14129bfbd4b93c15b369f3450/node_modules/@radix-ui/react-dialog/dist/index.mjs:85:11)
    at AlertDialogPortal (file:///home/alex/projects/fin-model/frontend/node_modules/.pnpm/@radix-ui+react-alert-dialog@1.1.14_@types+react-dom@18.3.7_@types+react@18.3.23__@type_66f0df9c34c45541864174e824164977/node_modules/@radix-ui/react-alert-dialog/dist/index.mjs:34:11)
    at /home/alex/projects/fin-model/frontend/src/design-system/components/AlertDialog.tsx:24:78
    at Provider (file:///home/alex/projects/fin-model/frontend/node_modules/.pnpm/@radix-ui+react-context@1.1.2_@types+react@18.3.23_react@18.3.1/node_modules/@radix-ui/react-context/dist/index.mjs:27:15)
    at Dialog (file:///home/alex/projects/fin-model/frontend/node_modules/.pnpm/@radix-ui+react-dialog@1.1.14_@types+react-dom@18.3.7_@types+react@18.3.23__@types+reac_979338a14129bfbd4b93c15b369f3450/node_modules/@radix-ui/react-dialog/dist/index.mjs:25:5)
    at AlertDialog (file:///home/alex/projects/fin-model/frontend/node_modules/.pnpm/@radix-ui+react-alert-dialog@1.1.14_@types+react-dom@18.3.7_@types+react@18.3.23__@type_66f0df9c34c45541864174e824164977/node_modules/@radix-ui/react-alert-dialog/dist/index.mjs:18:11)
    at ConfirmDialog (/home/alex/projects/fin-model/frontend/src/components/ui/ConfirmDialog.tsx:11:26)
    at div
    at AdminDashboard (/home/alex/projects/fin-model/frontend/src/pages/AdminDashboard.tsx:46:79)
Warning: An update to DismissableLayer inside a test was not wrapped in act(...).

When testing, code that causes React state updates should be wrapped into act(...):

act(() =&gt; {
  /* fire events that update state */
});
/* assert on the output */

This ensures that you&apos;re testing the behavior the user would see in the browser. Learn more at https://reactjs.org/link/wrap-tests-with-act
    at file:///home/alex/projects/fin-model/frontend/node_modules/.pnpm/@radix-ui+react-dismissable-layer@1.1.10_@types+react-dom@18.3.7_@types+react@18.3.23___dbf8386523191e50867cd199de52aa0e/node_modules/@radix-ui/react-dismissable-layer/dist/index.mjs:24:7
    at file:///home/alex/projects/fin-model/frontend/node_modules/.pnpm/@radix-ui+react-slot@1.2.3_@types+react@18.3.23_react@18.3.1/node_modules/@radix-ui/react-slot/dist/index.mjs:33:13
    at file:///home/alex/projects/fin-model/frontend/node_modules/.pnpm/@radix-ui+react-slot@1.2.3_@types+react@18.3.23_react@18.3.1/node_modules/@radix-ui/react-slot/dist/index.mjs:9:13
    at file:///home/alex/projects/fin-model/frontend/node_modules/.pnpm/@radix-ui+react-primitive@2.1.3_@types+react-dom@18.3.7_@types+react@18.3.23__@types+re_db0ee435667e42f4b05fd5a9bb21abc3/node_modules/@radix-ui/react-primitive/dist/index.mjs:28:13
    at file:///home/alex/projects/fin-model/frontend/node_modules/.pnpm/@radix-ui+react-focus-scope@1.1.7_@types+react-dom@18.3.7_@types+react@18.3.23__@types+_f761c2ff2dd8a5cebf4e03dd795af57f/node_modules/@radix-ui/react-focus-scope/dist/index.mjs:15:5
    at file:///home/alex/projects/fin-model/frontend/node_modules/.pnpm/@radix-ui+react-dialog@1.1.14_@types+react-dom@18.3.7_@types+react@18.3.23__@types+reac_979338a14129bfbd4b93c15b369f3450/node_modules/@radix-ui/react-dialog/dist/index.mjs:206:13
    at file:///home/alex/projects/fin-model/frontend/node_modules/.pnpm/@radix-ui+react-dialog@1.1.14_@types+react-dom@18.3.7_@types+react@18.3.23__@types+reac_979338a14129bfbd4b93c15b369f3450/node_modules/@radix-ui/react-dialog/dist/index.mjs:132:58
    at Presence (file:///home/alex/projects/fin-model/frontend/node_modules/.pnpm/@radix-ui+react-presence@1.1.4_@types+react-dom@18.3.7_@types+react@18.3.23__@types+rea_587c7e8c3eecba09139e2afe2a783727/node_modules/@radix-ui/react-presence/dist/index.mjs:19:11)
    at file:///home/alex/projects/fin-model/frontend/node_modules/.pnpm/@radix-ui+react-dialog@1.1.14_@types+react-dom@18.3.7_@types+react@18.3.23__@types+reac_979338a14129bfbd4b93c15b369f3450/node_modules/@radix-ui/react-dialog/dist/index.mjs:123:64
    at Provider (file:///home/alex/projects/fin-model/frontend/node_modules/.pnpm/@radix-ui+react-context@1.1.2_@types+react@18.3.23_react@18.3.1/node_modules/@radix-ui/react-context/dist/index.mjs:27:15)
    at Provider (file:///home/alex/projects/fin-model/frontend/node_modules/.pnpm/@radix-ui+react-context@1.1.2_@types+react@18.3.23_react@18.3.1/node_modules/@radix-ui/react-context/dist/index.mjs:7:13)
    at file:///home/alex/projects/fin-model/frontend/node_modules/.pnpm/@radix-ui+react-alert-dialog@1.1.14_@types+react-dom@18.3.7_@types+react@18.3.23__@type_66f0df9c34c45541864174e824164977/node_modules/@radix-ui/react-alert-dialog/dist/index.mjs:53:13
    at file:///home/alex/projects/fin-model/frontend/node_modules/.pnpm/@radix-ui+react-slot@1.2.3_@types+react@18.3.23_react@18.3.1/node_modules/@radix-ui/react-slot/dist/index.mjs:33:13
    at file:///home/alex/projects/fin-model/frontend/node_modules/.pnpm/@radix-ui+react-slot@1.2.3_@types+react@18.3.23_react@18.3.1/node_modules/@radix-ui/react-slot/dist/index.mjs:9:13
    at file:///home/alex/projects/fin-model/frontend/node_modules/.pnpm/@radix-ui+react-primitive@2.1.3_@types+react-dom@18.3.7_@types+react@18.3.23__@types+re_db0ee435667e42f4b05fd5a9bb21abc3/node_modules/@radix-ui/react-primitive/dist/index.mjs:28:13
    at file:///home/alex/projects/fin-model/frontend/node_modules/.pnpm/@radix-ui+react-portal@1.1.9_@types+react-dom@18.3.7_@types+react@18.3.23__@types+react_6c1cd0a6f7cc4779efee75f9fbbe7053/node_modules/@radix-ui/react-portal/dist/index.mjs:11:22
    at Presence (file:///home/alex/projects/fin-model/frontend/node_modules/.pnpm/@radix-ui+react-presence@1.1.4_@types+react-dom@18.3.7_@types+react@18.3.23__@types+rea_587c7e8c3eecba09139e2afe2a783727/node_modules/@radix-ui/react-presence/dist/index.mjs:19:11)
    at Provider (file:///home/alex/projects/fin-model/frontend/node_modules/.pnpm/@radix-ui+react-context@1.1.2_@types+react@18.3.23_react@18.3.1/node_modules/@radix-ui/react-context/dist/index.mjs:27:15)
    at DialogPortal (file:///home/alex/projects/fin-model/frontend/node_modules/.pnpm/@radix-ui+react-dialog@1.1.14_@types+react-dom@18.3.7_@types+react@18.3.23__@types+reac_979338a14129bfbd4b93c15b369f3450/node_modules/@radix-ui/react-dialog/dist/index.mjs:85:11)
    at AlertDialogPortal (file:///home/alex/projects/fin-model/frontend/node_modules/.pnpm/@radix-ui+react-alert-dialog@1.1.14_@types+react-dom@18.3.7_@types+react@18.3.23__@type_66f0df9c34c45541864174e824164977/node_modules/@radix-ui/react-alert-dialog/dist/index.mjs:34:11)
    at /home/alex/projects/fin-model/frontend/src/design-system/components/AlertDialog.tsx:24:78
    at Provider (file:///home/alex/projects/fin-model/frontend/node_modules/.pnpm/@radix-ui+react-context@1.1.2_@types+react@18.3.23_react@18.3.1/node_modules/@radix-ui/react-context/dist/index.mjs:27:15)
    at Dialog (file:///home/alex/projects/fin-model/frontend/node_modules/.pnpm/@radix-ui+react-dialog@1.1.14_@types+react-dom@18.3.7_@types+react@18.3.23__@types+reac_979338a14129bfbd4b93c15b369f3450/node_modules/@radix-ui/react-dialog/dist/index.mjs:25:5)
    at AlertDialog (file:///home/alex/projects/fin-model/frontend/node_modules/.pnpm/@radix-ui+react-alert-dialog@1.1.14_@types+react-dom@18.3.7_@types+react@18.3.23__@type_66f0df9c34c45541864174e824164977/node_modules/@radix-ui/react-alert-dialog/dist/index.mjs:18:11)
    at ConfirmDialog (/home/alex/projects/fin-model/frontend/src/components/ui/ConfirmDialog.tsx:11:26)
    at div
    at AdminDashboard (/home/alex/projects/fin-model/frontend/src/pages/AdminDashboard.tsx:46:79)
Warning: An update to Presence inside a test was not wrapped in act(...).

When testing, code that causes React state updates should be wrapped into act(...):

act(() =&gt; {
  /* fire events that update state */
});
/* assert on the output */

This ensures that you&apos;re testing the behavior the user would see in the browser. Learn more at https://reactjs.org/link/wrap-tests-with-act
    at Presence (file:///home/alex/projects/fin-model/frontend/node_modules/.pnpm/@radix-ui+react-presence@1.1.4_@types+react-dom@18.3.7_@types+react@18.3.23__@types+rea_587c7e8c3eecba09139e2afe2a783727/node_modules/@radix-ui/react-presence/dist/index.mjs:19:11)
    at file:///home/alex/projects/fin-model/frontend/node_modules/.pnpm/@radix-ui+react-dialog@1.1.14_@types+react-dom@18.3.7_@types+react@18.3.23__@types+reac_979338a14129bfbd4b93c15b369f3450/node_modules/@radix-ui/react-dialog/dist/index.mjs:123:64
    at Provider (file:///home/alex/projects/fin-model/frontend/node_modules/.pnpm/@radix-ui+react-context@1.1.2_@types+react@18.3.23_react@18.3.1/node_modules/@radix-ui/react-context/dist/index.mjs:27:15)
    at Provider (file:///home/alex/projects/fin-model/frontend/node_modules/.pnpm/@radix-ui+react-context@1.1.2_@types+react@18.3.23_react@18.3.1/node_modules/@radix-ui/react-context/dist/index.mjs:7:13)
    at file:///home/alex/projects/fin-model/frontend/node_modules/.pnpm/@radix-ui+react-alert-dialog@1.1.14_@types+react-dom@18.3.7_@types+react@18.3.23__@type_66f0df9c34c45541864174e824164977/node_modules/@radix-ui/react-alert-dialog/dist/index.mjs:53:13
    at file:///home/alex/projects/fin-model/frontend/node_modules/.pnpm/@radix-ui+react-slot@1.2.3_@types+react@18.3.23_react@18.3.1/node_modules/@radix-ui/react-slot/dist/index.mjs:33:13
    at file:///home/alex/projects/fin-model/frontend/node_modules/.pnpm/@radix-ui+react-slot@1.2.3_@types+react@18.3.23_react@18.3.1/node_modules/@radix-ui/react-slot/dist/index.mjs:9:13
    at file:///home/alex/projects/fin-model/frontend/node_modules/.pnpm/@radix-ui+react-primitive@2.1.3_@types+react-dom@18.3.7_@types+react@18.3.23__@types+re_db0ee435667e42f4b05fd5a9bb21abc3/node_modules/@radix-ui/react-primitive/dist/index.mjs:28:13
    at file:///home/alex/projects/fin-model/frontend/node_modules/.pnpm/@radix-ui+react-portal@1.1.9_@types+react-dom@18.3.7_@types+react@18.3.23__@types+react_6c1cd0a6f7cc4779efee75f9fbbe7053/node_modules/@radix-ui/react-portal/dist/index.mjs:11:22
    at Presence (file:///home/alex/projects/fin-model/frontend/node_modules/.pnpm/@radix-ui+react-presence@1.1.4_@types+react-dom@18.3.7_@types+react@18.3.23__@types+rea_587c7e8c3eecba09139e2afe2a783727/node_modules/@radix-ui/react-presence/dist/index.mjs:19:11)
    at Provider (file:///home/alex/projects/fin-model/frontend/node_modules/.pnpm/@radix-ui+react-context@1.1.2_@types+react@18.3.23_react@18.3.1/node_modules/@radix-ui/react-context/dist/index.mjs:27:15)
    at DialogPortal (file:///home/alex/projects/fin-model/frontend/node_modules/.pnpm/@radix-ui+react-dialog@1.1.14_@types+react-dom@18.3.7_@types+react@18.3.23__@types+reac_979338a14129bfbd4b93c15b369f3450/node_modules/@radix-ui/react-dialog/dist/index.mjs:85:11)
    at AlertDialogPortal (file:///home/alex/projects/fin-model/frontend/node_modules/.pnpm/@radix-ui+react-alert-dialog@1.1.14_@types+react-dom@18.3.7_@types+react@18.3.23__@type_66f0df9c34c45541864174e824164977/node_modules/@radix-ui/react-alert-dialog/dist/index.mjs:34:11)
    at /home/alex/projects/fin-model/frontend/src/design-system/components/AlertDialog.tsx:24:78
    at Provider (file:///home/alex/projects/fin-model/frontend/node_modules/.pnpm/@radix-ui+react-context@1.1.2_@types+react@18.3.23_react@18.3.1/node_modules/@radix-ui/react-context/dist/index.mjs:27:15)
    at Dialog (file:///home/alex/projects/fin-model/frontend/node_modules/.pnpm/@radix-ui+react-dialog@1.1.14_@types+react-dom@18.3.7_@types+react@18.3.23__@types+reac_979338a14129bfbd4b93c15b369f3450/node_modules/@radix-ui/react-dialog/dist/index.mjs:25:5)
    at AlertDialog (file:///home/alex/projects/fin-model/frontend/node_modules/.pnpm/@radix-ui+react-alert-dialog@1.1.14_@types+react-dom@18.3.7_@types+react@18.3.23__@type_66f0df9c34c45541864174e824164977/node_modules/@radix-ui/react-alert-dialog/dist/index.mjs:18:11)
    at ConfirmDialog (/home/alex/projects/fin-model/frontend/src/components/ui/ConfirmDialog.tsx:11:26)
    at div
    at AdminDashboard (/home/alex/projects/fin-model/frontend/src/pages/AdminDashboard.tsx:46:79)
Warning: An update to ForwardRef inside a test was not wrapped in act(...).

When testing, code that causes React state updates should be wrapped into act(...):

act(() =&gt; {
  /* fire events that update state */
});
/* assert on the output */

This ensures that you&apos;re testing the behavior the user would see in the browser. Learn more at https://reactjs.org/link/wrap-tests-with-act
    at /home/alex/projects/fin-model/frontend/node_modules/.pnpm/react-remove-scroll@2.7.1_@types+react@18.3.23_react@18.3.1/node_modules/react-remove-scroll/dist/es5/UI.js:16:21
    at file:///home/alex/projects/fin-model/frontend/node_modules/.pnpm/@radix-ui+react-dialog@1.1.14_@types+react-dom@18.3.7_@types+react@18.3.23__@types+reac_979338a14129bfbd4b93c15b369f3450/node_modules/@radix-ui/react-dialog/dist/index.mjs:103:13
    at Presence (file:///home/alex/projects/fin-model/frontend/node_modules/.pnpm/@radix-ui+react-presence@1.1.4_@types+react-dom@18.3.7_@types+react@18.3.23__@types+rea_587c7e8c3eecba09139e2afe2a783727/node_modules/@radix-ui/react-presence/dist/index.mjs:19:11)
    at file:///home/alex/projects/fin-model/frontend/node_modules/.pnpm/@radix-ui+react-dialog@1.1.14_@types+react-dom@18.3.7_@types+react@18.3.23__@types+reac_979338a14129bfbd4b93c15b369f3450/node_modules/@radix-ui/react-dialog/dist/index.mjs:93:64
    at file:///home/alex/projects/fin-model/frontend/node_modules/.pnpm/@radix-ui+react-alert-dialog@1.1.14_@types+react-dom@18.3.7_@types+react@18.3.23__@type_66f0df9c34c45541864174e824164977/node_modules/@radix-ui/react-alert-dialog/dist/index.mjs:42:13
    at /home/alex/projects/fin-model/frontend/src/design-system/components/AlertDialog.tsx:14:78
    at file:///home/alex/projects/fin-model/frontend/node_modules/.pnpm/@radix-ui+react-slot@1.2.3_@types+react@18.3.23_react@18.3.1/node_modules/@radix-ui/react-slot/dist/index.mjs:33:13
    at file:///home/alex/projects/fin-model/frontend/node_modules/.pnpm/@radix-ui+react-slot@1.2.3_@types+react@18.3.23_react@18.3.1/node_modules/@radix-ui/react-slot/dist/index.mjs:9:13
    at file:///home/alex/projects/fin-model/frontend/node_modules/.pnpm/@radix-ui+react-primitive@2.1.3_@types+react-dom@18.3.7_@types+react@18.3.23__@types+re_db0ee435667e42f4b05fd5a9bb21abc3/node_modules/@radix-ui/react-primitive/dist/index.mjs:28:13
    at file:///home/alex/projects/fin-model/frontend/node_modules/.pnpm/@radix-ui+react-portal@1.1.9_@types+react-dom@18.3.7_@types+react@18.3.23__@types+react_6c1cd0a6f7cc4779efee75f9fbbe7053/node_modules/@radix-ui/react-portal/dist/index.mjs:11:22
    at Presence (file:///home/alex/projects/fin-model/frontend/node_modules/.pnpm/@radix-ui+react-presence@1.1.4_@types+react-dom@18.3.7_@types+react@18.3.23__@types+rea_587c7e8c3eecba09139e2afe2a783727/node_modules/@radix-ui/react-presence/dist/index.mjs:19:11)
    at Provider (file:///home/alex/projects/fin-model/frontend/node_modules/.pnpm/@radix-ui+react-context@1.1.2_@types+react@18.3.23_react@18.3.1/node_modules/@radix-ui/react-context/dist/index.mjs:27:15)
    at DialogPortal (file:///home/alex/projects/fin-model/frontend/node_modules/.pnpm/@radix-ui+react-dialog@1.1.14_@types+react-dom@18.3.7_@types+react@18.3.23__@types+reac_979338a14129bfbd4b93c15b369f3450/node_modules/@radix-ui/react-dialog/dist/index.mjs:85:11)
    at AlertDialogPortal (file:///home/alex/projects/fin-model/frontend/node_modules/.pnpm/@radix-ui+react-alert-dialog@1.1.14_@types+react-dom@18.3.7_@types+react@18.3.23__@type_66f0df9c34c45541864174e824164977/node_modules/@radix-ui/react-alert-dialog/dist/index.mjs:34:11)
    at /home/alex/projects/fin-model/frontend/src/design-system/components/AlertDialog.tsx:24:78
    at Provider (file:///home/alex/projects/fin-model/frontend/node_modules/.pnpm/@radix-ui+react-context@1.1.2_@types+react@18.3.23_react@18.3.1/node_modules/@radix-ui/react-context/dist/index.mjs:27:15)
    at Dialog (file:///home/alex/projects/fin-model/frontend/node_modules/.pnpm/@radix-ui+react-dialog@1.1.14_@types+react-dom@18.3.7_@types+react@18.3.23__@types+reac_979338a14129bfbd4b93c15b369f3450/node_modules/@radix-ui/react-dialog/dist/index.mjs:25:5)
    at AlertDialog (file:///home/alex/projects/fin-model/frontend/node_modules/.pnpm/@radix-ui+react-alert-dialog@1.1.14_@types+react-dom@18.3.7_@types+react@18.3.23__@type_66f0df9c34c45541864174e824164977/node_modules/@radix-ui/react-alert-dialog/dist/index.mjs:18:11)
    at ConfirmDialog (/home/alex/projects/fin-model/frontend/src/components/ui/ConfirmDialog.tsx:11:26)
    at div
    at AdminDashboard (/home/alex/projects/fin-model/frontend/src/pages/AdminDashboard.tsx:46:79)
Warning: An update to Presence inside a test was not wrapped in act(...).

When testing, code that causes React state updates should be wrapped into act(...):

act(() =&gt; {
  /* fire events that update state */
});
/* assert on the output */

This ensures that you&apos;re testing the behavior the user would see in the browser. Learn more at https://reactjs.org/link/wrap-tests-with-act
    at Presence (file:///home/alex/projects/fin-model/frontend/node_modules/.pnpm/@radix-ui+react-presence@1.1.4_@types+react-dom@18.3.7_@types+react@18.3.23__@types+rea_587c7e8c3eecba09139e2afe2a783727/node_modules/@radix-ui/react-presence/dist/index.mjs:19:11)
    at file:///home/alex/projects/fin-model/frontend/node_modules/.pnpm/@radix-ui+react-dialog@1.1.14_@types+react-dom@18.3.7_@types+react@18.3.23__@types+reac_979338a14129bfbd4b93c15b369f3450/node_modules/@radix-ui/react-dialog/dist/index.mjs:93:64
    at file:///home/alex/projects/fin-model/frontend/node_modules/.pnpm/@radix-ui+react-alert-dialog@1.1.14_@types+react-dom@18.3.7_@types+react@18.3.23__@type_66f0df9c34c45541864174e824164977/node_modules/@radix-ui/react-alert-dialog/dist/index.mjs:42:13
    at /home/alex/projects/fin-model/frontend/src/design-system/components/AlertDialog.tsx:14:78
    at file:///home/alex/projects/fin-model/frontend/node_modules/.pnpm/@radix-ui+react-slot@1.2.3_@types+react@18.3.23_react@18.3.1/node_modules/@radix-ui/react-slot/dist/index.mjs:33:13
    at file:///home/alex/projects/fin-model/frontend/node_modules/.pnpm/@radix-ui+react-slot@1.2.3_@types+react@18.3.23_react@18.3.1/node_modules/@radix-ui/react-slot/dist/index.mjs:9:13
    at file:///home/alex/projects/fin-model/frontend/node_modules/.pnpm/@radix-ui+react-primitive@2.1.3_@types+react-dom@18.3.7_@types+react@18.3.23__@types+re_db0ee435667e42f4b05fd5a9bb21abc3/node_modules/@radix-ui/react-primitive/dist/index.mjs:28:13
    at file:///home/alex/projects/fin-model/frontend/node_modules/.pnpm/@radix-ui+react-portal@1.1.9_@types+react-dom@18.3.7_@types+react@18.3.23__@types+react_6c1cd0a6f7cc4779efee75f9fbbe7053/node_modules/@radix-ui/react-portal/dist/index.mjs:11:22
    at Presence (file:///home/alex/projects/fin-model/frontend/node_modules/.pnpm/@radix-ui+react-presence@1.1.4_@types+react-dom@18.3.7_@types+react@18.3.23__@types+rea_587c7e8c3eecba09139e2afe2a783727/node_modules/@radix-ui/react-presence/dist/index.mjs:19:11)
    at Provider (file:///home/alex/projects/fin-model/frontend/node_modules/.pnpm/@radix-ui+react-context@1.1.2_@types+react@18.3.23_react@18.3.1/node_modules/@radix-ui/react-context/dist/index.mjs:27:15)
    at DialogPortal (file:///home/alex/projects/fin-model/frontend/node_modules/.pnpm/@radix-ui+react-dialog@1.1.14_@types+react-dom@18.3.7_@types+react@18.3.23__@types+reac_979338a14129bfbd4b93c15b369f3450/node_modules/@radix-ui/react-dialog/dist/index.mjs:85:11)
    at AlertDialogPortal (file:///home/alex/projects/fin-model/frontend/node_modules/.pnpm/@radix-ui+react-alert-dialog@1.1.14_@types+react-dom@18.3.7_@types+react@18.3.23__@type_66f0df9c34c45541864174e824164977/node_modules/@radix-ui/react-alert-dialog/dist/index.mjs:34:11)
    at /home/alex/projects/fin-model/frontend/src/design-system/components/AlertDialog.tsx:24:78
    at Provider (file:///home/alex/projects/fin-model/frontend/node_modules/.pnpm/@radix-ui+react-context@1.1.2_@types+react@18.3.23_react@18.3.1/node_modules/@radix-ui/react-context/dist/index.mjs:27:15)
    at Dialog (file:///home/alex/projects/fin-model/frontend/node_modules/.pnpm/@radix-ui+react-dialog@1.1.14_@types+react-dom@18.3.7_@types+react@18.3.23__@types+reac_979338a14129bfbd4b93c15b369f3450/node_modules/@radix-ui/react-dialog/dist/index.mjs:25:5)
    at AlertDialog (file:///home/alex/projects/fin-model/frontend/node_modules/.pnpm/@radix-ui+react-alert-dialog@1.1.14_@types+react-dom@18.3.7_@types+react@18.3.23__@type_66f0df9c34c45541864174e824164977/node_modules/@radix-ui/react-alert-dialog/dist/index.mjs:18:11)
    at ConfirmDialog (/home/alex/projects/fin-model/frontend/src/components/ui/ConfirmDialog.tsx:11:26)
    at div
    at AdminDashboard (/home/alex/projects/fin-model/frontend/src/pages/AdminDashboard.tsx:46:79)
Warning: An update to Presence inside a test was not wrapped in act(...).

When testing, code that causes React state updates should be wrapped into act(...):

act(() =&gt; {
  /* fire events that update state */
});
/* assert on the output */

This ensures that you&apos;re testing the behavior the user would see in the browser. Learn more at https://reactjs.org/link/wrap-tests-with-act
    at Presence (file:///home/alex/projects/fin-model/frontend/node_modules/.pnpm/@radix-ui+react-presence@1.1.4_@types+react-dom@18.3.7_@types+react@18.3.23__@types+rea_587c7e8c3eecba09139e2afe2a783727/node_modules/@radix-ui/react-presence/dist/index.mjs:19:11)
    at Provider (file:///home/alex/projects/fin-model/frontend/node_modules/.pnpm/@radix-ui+react-context@1.1.2_@types+react@18.3.23_react@18.3.1/node_modules/@radix-ui/react-context/dist/index.mjs:27:15)
    at DialogPortal (file:///home/alex/projects/fin-model/frontend/node_modules/.pnpm/@radix-ui+react-dialog@1.1.14_@types+react-dom@18.3.7_@types+react@18.3.23__@types+reac_979338a14129bfbd4b93c15b369f3450/node_modules/@radix-ui/react-dialog/dist/index.mjs:85:11)
    at AlertDialogPortal (file:///home/alex/projects/fin-model/frontend/node_modules/.pnpm/@radix-ui+react-alert-dialog@1.1.14_@types+react-dom@18.3.7_@types+react@18.3.23__@type_66f0df9c34c45541864174e824164977/node_modules/@radix-ui/react-alert-dialog/dist/index.mjs:34:11)
    at /home/alex/projects/fin-model/frontend/src/design-system/components/AlertDialog.tsx:24:78
    at Provider (file:///home/alex/projects/fin-model/frontend/node_modules/.pnpm/@radix-ui+react-context@1.1.2_@types+react@18.3.23_react@18.3.1/node_modules/@radix-ui/react-context/dist/index.mjs:27:15)
    at Dialog (file:///home/alex/projects/fin-model/frontend/node_modules/.pnpm/@radix-ui+react-dialog@1.1.14_@types+react-dom@18.3.7_@types+react@18.3.23__@types+reac_979338a14129bfbd4b93c15b369f3450/node_modules/@radix-ui/react-dialog/dist/index.mjs:25:5)
    at AlertDialog (file:///home/alex/projects/fin-model/frontend/node_modules/.pnpm/@radix-ui+react-alert-dialog@1.1.14_@types+react-dom@18.3.7_@types+react@18.3.23__@type_66f0df9c34c45541864174e824164977/node_modules/@radix-ui/react-alert-dialog/dist/index.mjs:18:11)
    at ConfirmDialog (/home/alex/projects/fin-model/frontend/src/components/ui/ConfirmDialog.tsx:11:26)
    at div
    at AdminDashboard (/home/alex/projects/fin-model/frontend/src/pages/AdminDashboard.tsx:46:79)
Warning: An update to FocusScope inside a test was not wrapped in act(...).

When testing, code that causes React state updates should be wrapped into act(...):

act(() =&gt; {
  /* fire events that update state */
});
/* assert on the output */

This ensures that you&apos;re testing the behavior the user would see in the browser. Learn more at https://reactjs.org/link/wrap-tests-with-act
    at file:///home/alex/projects/fin-model/frontend/node_modules/.pnpm/@radix-ui+react-focus-scope@1.1.7_@types+react-dom@18.3.7_@types+react@18.3.23__@types+_f761c2ff2dd8a5cebf4e03dd795af57f/node_modules/@radix-ui/react-focus-scope/dist/index.mjs:15:5
    at file:///home/alex/projects/fin-model/frontend/node_modules/.pnpm/@radix-ui+react-dialog@1.1.14_@types+react-dom@18.3.7_@types+react@18.3.23__@types+reac_979338a14129bfbd4b93c15b369f3450/node_modules/@radix-ui/react-dialog/dist/index.mjs:206:13
    at file:///home/alex/projects/fin-model/frontend/node_modules/.pnpm/@radix-ui+react-dialog@1.1.14_@types+react-dom@18.3.7_@types+react@18.3.23__@types+reac_979338a14129bfbd4b93c15b369f3450/node_modules/@radix-ui/react-dialog/dist/index.mjs:132:58
    at Presence (file:///home/alex/projects/fin-model/frontend/node_modules/.pnpm/@radix-ui+react-presence@1.1.4_@types+react-dom@18.3.7_@types+react@18.3.23__@types+rea_587c7e8c3eecba09139e2afe2a783727/node_modules/@radix-ui/react-presence/dist/index.mjs:19:11)
    at file:///home/alex/projects/fin-model/frontend/node_modules/.pnpm/@radix-ui+react-dialog@1.1.14_@types+react-dom@18.3.7_@types+react@18.3.23__@types+reac_979338a14129bfbd4b93c15b369f3450/node_modules/@radix-ui/react-dialog/dist/index.mjs:123:64
    at Provider (file:///home/alex/projects/fin-model/frontend/node_modules/.pnpm/@radix-ui+react-context@1.1.2_@types+react@18.3.23_react@18.3.1/node_modules/@radix-ui/react-context/dist/index.mjs:27:15)
    at Provider (file:///home/alex/projects/fin-model/frontend/node_modules/.pnpm/@radix-ui+react-context@1.1.2_@types+react@18.3.23_react@18.3.1/node_modules/@radix-ui/react-context/dist/index.mjs:7:13)
    at file:///home/alex/projects/fin-model/frontend/node_modules/.pnpm/@radix-ui+react-alert-dialog@1.1.14_@types+react-dom@18.3.7_@types+react@18.3.23__@type_66f0df9c34c45541864174e824164977/node_modules/@radix-ui/react-alert-dialog/dist/index.mjs:53:13
    at file:///home/alex/projects/fin-model/frontend/node_modules/.pnpm/@radix-ui+react-slot@1.2.3_@types+react@18.3.23_react@18.3.1/node_modules/@radix-ui/react-slot/dist/index.mjs:33:13
    at file:///home/alex/projects/fin-model/frontend/node_modules/.pnpm/@radix-ui+react-slot@1.2.3_@types+react@18.3.23_react@18.3.1/node_modules/@radix-ui/react-slot/dist/index.mjs:9:13
    at file:///home/alex/projects/fin-model/frontend/node_modules/.pnpm/@radix-ui+react-primitive@2.1.3_@types+react-dom@18.3.7_@types+react@18.3.23__@types+re_db0ee435667e42f4b05fd5a9bb21abc3/node_modules/@radix-ui/react-primitive/dist/index.mjs:28:13
    at file:///home/alex/projects/fin-model/frontend/node_modules/.pnpm/@radix-ui+react-portal@1.1.9_@types+react-dom@18.3.7_@types+react@18.3.23__@types+react_6c1cd0a6f7cc4779efee75f9fbbe7053/node_modules/@radix-ui/react-portal/dist/index.mjs:11:22
    at Presence (file:///home/alex/projects/fin-model/frontend/node_modules/.pnpm/@radix-ui+react-presence@1.1.4_@types+react-dom@18.3.7_@types+react@18.3.23__@types+rea_587c7e8c3eecba09139e2afe2a783727/node_modules/@radix-ui/react-presence/dist/index.mjs:19:11)
    at Provider (file:///home/alex/projects/fin-model/frontend/node_modules/.pnpm/@radix-ui+react-context@1.1.2_@types+react@18.3.23_react@18.3.1/node_modules/@radix-ui/react-context/dist/index.mjs:27:15)
    at DialogPortal (file:///home/alex/projects/fin-model/frontend/node_modules/.pnpm/@radix-ui+react-dialog@1.1.14_@types+react-dom@18.3.7_@types+react@18.3.23__@types+reac_979338a14129bfbd4b93c15b369f3450/node_modules/@radix-ui/react-dialog/dist/index.mjs:85:11)
    at AlertDialogPortal (file:///home/alex/projects/fin-model/frontend/node_modules/.pnpm/@radix-ui+react-alert-dialog@1.1.14_@types+react-dom@18.3.7_@types+react@18.3.23__@type_66f0df9c34c45541864174e824164977/node_modules/@radix-ui/react-alert-dialog/dist/index.mjs:34:11)
    at /home/alex/projects/fin-model/frontend/src/design-system/components/AlertDialog.tsx:24:78
    at Provider (file:///home/alex/projects/fin-model/frontend/node_modules/.pnpm/@radix-ui+react-context@1.1.2_@types+react@18.3.23_react@18.3.1/node_modules/@radix-ui/react-context/dist/index.mjs:27:15)
    at Dialog (file:///home/alex/projects/fin-model/frontend/node_modules/.pnpm/@radix-ui+react-dialog@1.1.14_@types+react-dom@18.3.7_@types+react@18.3.23__@types+reac_979338a14129bfbd4b93c15b369f3450/node_modules/@radix-ui/react-dialog/dist/index.mjs:25:5)
    at AlertDialog (file:///home/alex/projects/fin-model/frontend/node_modules/.pnpm/@radix-ui+react-alert-dialog@1.1.14_@types+react-dom@18.3.7_@types+react@18.3.23__@type_66f0df9c34c45541864174e824164977/node_modules/@radix-ui/react-alert-dialog/dist/index.mjs:18:11)
    at ConfirmDialog (/home/alex/projects/fin-model/frontend/src/components/ui/ConfirmDialog.tsx:11:26)
    at div
    at AdminDashboard (/home/alex/projects/fin-model/frontend/src/pages/AdminDashboard.tsx:46:79)
Warning: An update to Presence inside a test was not wrapped in act(...).

When testing, code that causes React state updates should be wrapped into act(...):

act(() =&gt; {
  /* fire events that update state */
});
/* assert on the output */

This ensures that you&apos;re testing the behavior the user would see in the browser. Learn more at https://reactjs.org/link/wrap-tests-with-act
    at Presence (file:///home/alex/projects/fin-model/frontend/node_modules/.pnpm/@radix-ui+react-presence@1.1.4_@types+react-dom@18.3.7_@types+react@18.3.23__@types+rea_587c7e8c3eecba09139e2afe2a783727/node_modules/@radix-ui/react-presence/dist/index.mjs:19:11)
    at file:///home/alex/projects/fin-model/frontend/node_modules/.pnpm/@radix-ui+react-dialog@1.1.14_@types+react-dom@18.3.7_@types+react@18.3.23__@types+reac_979338a14129bfbd4b93c15b369f3450/node_modules/@radix-ui/react-dialog/dist/index.mjs:123:64
    at Provider (file:///home/alex/projects/fin-model/frontend/node_modules/.pnpm/@radix-ui+react-context@1.1.2_@types+react@18.3.23_react@18.3.1/node_modules/@radix-ui/react-context/dist/index.mjs:27:15)
    at Provider (file:///home/alex/projects/fin-model/frontend/node_modules/.pnpm/@radix-ui+react-context@1.1.2_@types+react@18.3.23_react@18.3.1/node_modules/@radix-ui/react-context/dist/index.mjs:7:13)
    at file:///home/alex/projects/fin-model/frontend/node_modules/.pnpm/@radix-ui+react-alert-dialog@1.1.14_@types+react-dom@18.3.7_@types+react@18.3.23__@type_66f0df9c34c45541864174e824164977/node_modules/@radix-ui/react-alert-dialog/dist/index.mjs:53:13
    at file:///home/alex/projects/fin-model/frontend/node_modules/.pnpm/@radix-ui+react-slot@1.2.3_@types+react@18.3.23_react@18.3.1/node_modules/@radix-ui/react-slot/dist/index.mjs:33:13
    at file:///home/alex/projects/fin-model/frontend/node_modules/.pnpm/@radix-ui+react-slot@1.2.3_@types+react@18.3.23_react@18.3.1/node_modules/@radix-ui/react-slot/dist/index.mjs:9:13
    at file:///home/alex/projects/fin-model/frontend/node_modules/.pnpm/@radix-ui+react-primitive@2.1.3_@types+react-dom@18.3.7_@types+react@18.3.23__@types+re_db0ee435667e42f4b05fd5a9bb21abc3/node_modules/@radix-ui/react-primitive/dist/index.mjs:28:13
    at file:///home/alex/projects/fin-model/frontend/node_modules/.pnpm/@radix-ui+react-portal@1.1.9_@types+react-dom@18.3.7_@types+react@18.3.23__@types+react_6c1cd0a6f7cc4779efee75f9fbbe7053/node_modules/@radix-ui/react-portal/dist/index.mjs:11:22
    at Presence (file:///home/alex/projects/fin-model/frontend/node_modules/.pnpm/@radix-ui+react-presence@1.1.4_@types+react-dom@18.3.7_@types+react@18.3.23__@types+rea_587c7e8c3eecba09139e2afe2a783727/node_modules/@radix-ui/react-presence/dist/index.mjs:19:11)
    at Provider (file:///home/alex/projects/fin-model/frontend/node_modules/.pnpm/@radix-ui+react-context@1.1.2_@types+react@18.3.23_react@18.3.1/node_modules/@radix-ui/react-context/dist/index.mjs:27:15)
    at DialogPortal (file:///home/alex/projects/fin-model/frontend/node_modules/.pnpm/@radix-ui+react-dialog@1.1.14_@types+react-dom@18.3.7_@types+react@18.3.23__@types+reac_979338a14129bfbd4b93c15b369f3450/node_modules/@radix-ui/react-dialog/dist/index.mjs:85:11)
    at AlertDialogPortal (file:///home/alex/projects/fin-model/frontend/node_modules/.pnpm/@radix-ui+react-alert-dialog@1.1.14_@types+react-dom@18.3.7_@types+react@18.3.23__@type_66f0df9c34c45541864174e824164977/node_modules/@radix-ui/react-alert-dialog/dist/index.mjs:34:11)
    at /home/alex/projects/fin-model/frontend/src/design-system/components/AlertDialog.tsx:24:78
    at Provider (file:///home/alex/projects/fin-model/frontend/node_modules/.pnpm/@radix-ui+react-context@1.1.2_@types+react@18.3.23_react@18.3.1/node_modules/@radix-ui/react-context/dist/index.mjs:27:15)
    at Dialog (file:///home/alex/projects/fin-model/frontend/node_modules/.pnpm/@radix-ui+react-dialog@1.1.14_@types+react-dom@18.3.7_@types+react@18.3.23__@types+reac_979338a14129bfbd4b93c15b369f3450/node_modules/@radix-ui/react-dialog/dist/index.mjs:25:5)
    at AlertDialog (file:///home/alex/projects/fin-model/frontend/node_modules/.pnpm/@radix-ui+react-alert-dialog@1.1.14_@types+react-dom@18.3.7_@types+react@18.3.23__@type_66f0df9c34c45541864174e824164977/node_modules/@radix-ui/react-alert-dialog/dist/index.mjs:18:11)
    at ConfirmDialog (/home/alex/projects/fin-model/frontend/src/components/ui/ConfirmDialog.tsx:11:26)
    at div
    at AdminDashboard (/home/alex/projects/fin-model/frontend/src/pages/AdminDashboard.tsx:46:79)
Warning: An update to Presence inside a test was not wrapped in act(...).

When testing, code that causes React state updates should be wrapped into act(...):

act(() =&gt; {
  /* fire events that update state */
});
/* assert on the output */

This ensures that you&apos;re testing the behavior the user would see in the browser. Learn more at https://reactjs.org/link/wrap-tests-with-act
    at Presence (file:///home/alex/projects/fin-model/frontend/node_modules/.pnpm/@radix-ui+react-presence@1.1.4_@types+react-dom@18.3.7_@types+react@18.3.23__@types+rea_587c7e8c3eecba09139e2afe2a783727/node_modules/@radix-ui/react-presence/dist/index.mjs:19:11)
    at Provider (file:///home/alex/projects/fin-model/frontend/node_modules/.pnpm/@radix-ui+react-context@1.1.2_@types+react@18.3.23_react@18.3.1/node_modules/@radix-ui/react-context/dist/index.mjs:27:15)
    at DialogPortal (file:///home/alex/projects/fin-model/frontend/node_modules/.pnpm/@radix-ui+react-dialog@1.1.14_@types+react-dom@18.3.7_@types+react@18.3.23__@types+reac_979338a14129bfbd4b93c15b369f3450/node_modules/@radix-ui/react-dialog/dist/index.mjs:85:11)
    at AlertDialogPortal (file:///home/alex/projects/fin-model/frontend/node_modules/.pnpm/@radix-ui+react-alert-dialog@1.1.14_@types+react-dom@18.3.7_@types+react@18.3.23__@type_66f0df9c34c45541864174e824164977/node_modules/@radix-ui/react-alert-dialog/dist/index.mjs:34:11)
    at /home/alex/projects/fin-model/frontend/src/design-system/components/AlertDialog.tsx:24:78
    at Provider (file:///home/alex/projects/fin-model/frontend/node_modules/.pnpm/@radix-ui+react-context@1.1.2_@types+react@18.3.23_react@18.3.1/node_modules/@radix-ui/react-context/dist/index.mjs:27:15)
    at Dialog (file:///home/alex/projects/fin-model/frontend/node_modules/.pnpm/@radix-ui+react-dialog@1.1.14_@types+react-dom@18.3.7_@types+react@18.3.23__@types+reac_979338a14129bfbd4b93c15b369f3450/node_modules/@radix-ui/react-dialog/dist/index.mjs:25:5)
    at AlertDialog (file:///home/alex/projects/fin-model/frontend/node_modules/.pnpm/@radix-ui+react-alert-dialog@1.1.14_@types+react-dom@18.3.7_@types+react@18.3.23__@type_66f0df9c34c45541864174e824164977/node_modules/@radix-ui/react-alert-dialog/dist/index.mjs:18:11)
    at ConfirmDialog (/home/alex/projects/fin-model/frontend/src/components/ui/ConfirmDialog.tsx:11:26)
    at div
    at AdminDashboard (/home/alex/projects/fin-model/frontend/src/pages/AdminDashboard.tsx:46:79)
Warning: An update to DismissableLayer inside a test was not wrapped in act(...).

When testing, code that causes React state updates should be wrapped into act(...):

act(() =&gt; {
  /* fire events that update state */
});
/* assert on the output */

This ensures that you&apos;re testing the behavior the user would see in the browser. Learn more at https://reactjs.org/link/wrap-tests-with-act
    at file:///home/alex/projects/fin-model/frontend/node_modules/.pnpm/@radix-ui+react-dismissable-layer@1.1.10_@types+react-dom@18.3.7_@types+react@18.3.23___dbf8386523191e50867cd199de52aa0e/node_modules/@radix-ui/react-dismissable-layer/dist/index.mjs:24:7
    at file:///home/alex/projects/fin-model/frontend/node_modules/.pnpm/@radix-ui+react-slot@1.2.3_@types+react@18.3.23_react@18.3.1/node_modules/@radix-ui/react-slot/dist/index.mjs:33:13
    at file:///home/alex/projects/fin-model/frontend/node_modules/.pnpm/@radix-ui+react-slot@1.2.3_@types+react@18.3.23_react@18.3.1/node_modules/@radix-ui/react-slot/dist/index.mjs:9:13
    at file:///home/alex/projects/fin-model/frontend/node_modules/.pnpm/@radix-ui+react-primitive@2.1.3_@types+react-dom@18.3.7_@types+react@18.3.23__@types+re_db0ee435667e42f4b05fd5a9bb21abc3/node_modules/@radix-ui/react-primitive/dist/index.mjs:28:13
    at file:///home/alex/projects/fin-model/frontend/node_modules/.pnpm/@radix-ui+react-focus-scope@1.1.7_@types+react-dom@18.3.7_@types+react@18.3.23__@types+_f761c2ff2dd8a5cebf4e03dd795af57f/node_modules/@radix-ui/react-focus-scope/dist/index.mjs:15:5
    at file:///home/alex/projects/fin-model/frontend/node_modules/.pnpm/@radix-ui+react-dialog@1.1.14_@types+react-dom@18.3.7_@types+react@18.3.23__@types+reac_979338a14129bfbd4b93c15b369f3450/node_modules/@radix-ui/react-dialog/dist/index.mjs:206:13
    at file:///home/alex/projects/fin-model/frontend/node_modules/.pnpm/@radix-ui+react-dialog@1.1.14_@types+react-dom@18.3.7_@types+react@18.3.23__@types+reac_979338a14129bfbd4b93c15b369f3450/node_modules/@radix-ui/react-dialog/dist/index.mjs:132:58
    at Presence (file:///home/alex/projects/fin-model/frontend/node_modules/.pnpm/@radix-ui+react-presence@1.1.4_@types+react-dom@18.3.7_@types+react@18.3.23__@types+rea_587c7e8c3eecba09139e2afe2a783727/node_modules/@radix-ui/react-presence/dist/index.mjs:19:11)
    at file:///home/alex/projects/fin-model/frontend/node_modules/.pnpm/@radix-ui+react-dialog@1.1.14_@types+react-dom@18.3.7_@types+react@18.3.23__@types+reac_979338a14129bfbd4b93c15b369f3450/node_modules/@radix-ui/react-dialog/dist/index.mjs:123:64
    at Provider (file:///home/alex/projects/fin-model/frontend/node_modules/.pnpm/@radix-ui+react-context@1.1.2_@types+react@18.3.23_react@18.3.1/node_modules/@radix-ui/react-context/dist/index.mjs:27:15)
    at Provider (file:///home/alex/projects/fin-model/frontend/node_modules/.pnpm/@radix-ui+react-context@1.1.2_@types+react@18.3.23_react@18.3.1/node_modules/@radix-ui/react-context/dist/index.mjs:7:13)
    at file:///home/alex/projects/fin-model/frontend/node_modules/.pnpm/@radix-ui+react-alert-dialog@1.1.14_@types+react-dom@18.3.7_@types+react@18.3.23__@type_66f0df9c34c45541864174e824164977/node_modules/@radix-ui/react-alert-dialog/dist/index.mjs:53:13
    at file:///home/alex/projects/fin-model/frontend/node_modules/.pnpm/@radix-ui+react-slot@1.2.3_@types+react@18.3.23_react@18.3.1/node_modules/@radix-ui/react-slot/dist/index.mjs:33:13
    at file:///home/alex/projects/fin-model/frontend/node_modules/.pnpm/@radix-ui+react-slot@1.2.3_@types+react@18.3.23_react@18.3.1/node_modules/@radix-ui/react-slot/dist/index.mjs:9:13
    at file:///home/alex/projects/fin-model/frontend/node_modules/.pnpm/@radix-ui+react-primitive@2.1.3_@types+react-dom@18.3.7_@types+react@18.3.23__@types+re_db0ee435667e42f4b05fd5a9bb21abc3/node_modules/@radix-ui/react-primitive/dist/index.mjs:28:13
    at file:///home/alex/projects/fin-model/frontend/node_modules/.pnpm/@radix-ui+react-portal@1.1.9_@types+react-dom@18.3.7_@types+react@18.3.23__@types+react_6c1cd0a6f7cc4779efee75f9fbbe7053/node_modules/@radix-ui/react-portal/dist/index.mjs:11:22
    at Presence (file:///home/alex/projects/fin-model/frontend/node_modules/.pnpm/@radix-ui+react-presence@1.1.4_@types+react-dom@18.3.7_@types+react@18.3.23__@types+rea_587c7e8c3eecba09139e2afe2a783727/node_modules/@radix-ui/react-presence/dist/index.mjs:19:11)
    at Provider (file:///home/alex/projects/fin-model/frontend/node_modules/.pnpm/@radix-ui+react-context@1.1.2_@types+react@18.3.23_react@18.3.1/node_modules/@radix-ui/react-context/dist/index.mjs:27:15)
    at DialogPortal (file:///home/alex/projects/fin-model/frontend/node_modules/.pnpm/@radix-ui+react-dialog@1.1.14_@types+react-dom@18.3.7_@types+react@18.3.23__@types+reac_979338a14129bfbd4b93c15b369f3450/node_modules/@radix-ui/react-dialog/dist/index.mjs:85:11)
    at AlertDialogPortal (file:///home/alex/projects/fin-model/frontend/node_modules/.pnpm/@radix-ui+react-alert-dialog@1.1.14_@types+react-dom@18.3.7_@types+react@18.3.23__@type_66f0df9c34c45541864174e824164977/node_modules/@radix-ui/react-alert-dialog/dist/index.mjs:34:11)
    at /home/alex/projects/fin-model/frontend/src/design-system/components/AlertDialog.tsx:24:78
    at Provider (file:///home/alex/projects/fin-model/frontend/node_modules/.pnpm/@radix-ui+react-context@1.1.2_@types+react@18.3.23_react@18.3.1/node_modules/@radix-ui/react-context/dist/index.mjs:27:15)
    at Dialog (file:///home/alex/projects/fin-model/frontend/node_modules/.pnpm/@radix-ui+react-dialog@1.1.14_@types+react-dom@18.3.7_@types+react@18.3.23__@types+reac_979338a14129bfbd4b93c15b369f3450/node_modules/@radix-ui/react-dialog/dist/index.mjs:25:5)
    at AlertDialog (file:///home/alex/projects/fin-model/frontend/node_modules/.pnpm/@radix-ui+react-alert-dialog@1.1.14_@types+react-dom@18.3.7_@types+react@18.3.23__@type_66f0df9c34c45541864174e824164977/node_modules/@radix-ui/react-alert-dialog/dist/index.mjs:18:11)
    at ConfirmDialog (/home/alex/projects/fin-model/frontend/src/components/ui/ConfirmDialog.tsx:11:26)
    at div
    at AdminDashboard (/home/alex/projects/fin-model/frontend/src/pages/AdminDashboard.tsx:46:79)
Warning: An update to Presence inside a test was not wrapped in act(...).

When testing, code that causes React state updates should be wrapped into act(...):

act(() =&gt; {
  /* fire events that update state */
});
/* assert on the output */

This ensures that you&apos;re testing the behavior the user would see in the browser. Learn more at https://reactjs.org/link/wrap-tests-with-act
    at Presence (file:///home/alex/projects/fin-model/frontend/node_modules/.pnpm/@radix-ui+react-presence@1.1.4_@types+react-dom@18.3.7_@types+react@18.3.23__@types+rea_587c7e8c3eecba09139e2afe2a783727/node_modules/@radix-ui/react-presence/dist/index.mjs:19:11)
    at file:///home/alex/projects/fin-model/frontend/node_modules/.pnpm/@radix-ui+react-dialog@1.1.14_@types+react-dom@18.3.7_@types+react@18.3.23__@types+reac_979338a14129bfbd4b93c15b369f3450/node_modules/@radix-ui/react-dialog/dist/index.mjs:93:64
    at file:///home/alex/projects/fin-model/frontend/node_modules/.pnpm/@radix-ui+react-alert-dialog@1.1.14_@types+react-dom@18.3.7_@types+react@18.3.23__@type_66f0df9c34c45541864174e824164977/node_modules/@radix-ui/react-alert-dialog/dist/index.mjs:42:13
    at /home/alex/projects/fin-model/frontend/src/design-system/components/AlertDialog.tsx:14:78
    at file:///home/alex/projects/fin-model/frontend/node_modules/.pnpm/@radix-ui+react-slot@1.2.3_@types+react@18.3.23_react@18.3.1/node_modules/@radix-ui/react-slot/dist/index.mjs:33:13
    at file:///home/alex/projects/fin-model/frontend/node_modules/.pnpm/@radix-ui+react-slot@1.2.3_@types+react@18.3.23_react@18.3.1/node_modules/@radix-ui/react-slot/dist/index.mjs:9:13
    at file:///home/alex/projects/fin-model/frontend/node_modules/.pnpm/@radix-ui+react-primitive@2.1.3_@types+react-dom@18.3.7_@types+react@18.3.23__@types+re_db0ee435667e42f4b05fd5a9bb21abc3/node_modules/@radix-ui/react-primitive/dist/index.mjs:28:13
    at file:///home/alex/projects/fin-model/frontend/node_modules/.pnpm/@radix-ui+react-portal@1.1.9_@types+react-dom@18.3.7_@types+react@18.3.23__@types+react_6c1cd0a6f7cc4779efee75f9fbbe7053/node_modules/@radix-ui/react-portal/dist/index.mjs:11:22
    at Presence (file:///home/alex/projects/fin-model/frontend/node_modules/.pnpm/@radix-ui+react-presence@1.1.4_@types+react-dom@18.3.7_@types+react@18.3.23__@types+rea_587c7e8c3eecba09139e2afe2a783727/node_modules/@radix-ui/react-presence/dist/index.mjs:19:11)
    at Provider (file:///home/alex/projects/fin-model/frontend/node_modules/.pnpm/@radix-ui+react-context@1.1.2_@types+react@18.3.23_react@18.3.1/node_modules/@radix-ui/react-context/dist/index.mjs:27:15)
    at DialogPortal (file:///home/alex/projects/fin-model/frontend/node_modules/.pnpm/@radix-ui+react-dialog@1.1.14_@types+react-dom@18.3.7_@types+react@18.3.23__@types+reac_979338a14129bfbd4b93c15b369f3450/node_modules/@radix-ui/react-dialog/dist/index.mjs:85:11)
    at AlertDialogPortal (file:///home/alex/projects/fin-model/frontend/node_modules/.pnpm/@radix-ui+react-alert-dialog@1.1.14_@types+react-dom@18.3.7_@types+react@18.3.23__@type_66f0df9c34c45541864174e824164977/node_modules/@radix-ui/react-alert-dialog/dist/index.mjs:34:11)
    at /home/alex/projects/fin-model/frontend/src/design-system/components/AlertDialog.tsx:24:78
    at Provider (file:///home/alex/projects/fin-model/frontend/node_modules/.pnpm/@radix-ui+react-context@1.1.2_@types+react@18.3.23_react@18.3.1/node_modules/@radix-ui/react-context/dist/index.mjs:27:15)
    at Dialog (file:///home/alex/projects/fin-model/frontend/node_modules/.pnpm/@radix-ui+react-dialog@1.1.14_@types+react-dom@18.3.7_@types+react@18.3.23__@types+reac_979338a14129bfbd4b93c15b369f3450/node_modules/@radix-ui/react-dialog/dist/index.mjs:25:5)
    at AlertDialog (file:///home/alex/projects/fin-model/frontend/node_modules/.pnpm/@radix-ui+react-alert-dialog@1.1.14_@types+react-dom@18.3.7_@types+react@18.3.23__@type_66f0df9c34c45541864174e824164977/node_modules/@radix-ui/react-alert-dialog/dist/index.mjs:18:11)
    at ConfirmDialog (/home/alex/projects/fin-model/frontend/src/components/ui/ConfirmDialog.tsx:11:26)
    at div
    at AdminDashboard (/home/alex/projects/fin-model/frontend/src/pages/AdminDashboard.tsx:46:79)
Warning: An update to Presence inside a test was not wrapped in act(...).

When testing, code that causes React state updates should be wrapped into act(...):

act(() =&gt; {
  /* fire events that update state */
});
/* assert on the output */

This ensures that you&apos;re testing the behavior the user would see in the browser. Learn more at https://reactjs.org/link/wrap-tests-with-act
    at Presence (file:///home/alex/projects/fin-model/frontend/node_modules/.pnpm/@radix-ui+react-presence@1.1.4_@types+react-dom@18.3.7_@types+react@18.3.23__@types+rea_587c7e8c3eecba09139e2afe2a783727/node_modules/@radix-ui/react-presence/dist/index.mjs:19:11)
    at Provider (file:///home/alex/projects/fin-model/frontend/node_modules/.pnpm/@radix-ui+react-context@1.1.2_@types+react@18.3.23_react@18.3.1/node_modules/@radix-ui/react-context/dist/index.mjs:27:15)
    at DialogPortal (file:///home/alex/projects/fin-model/frontend/node_modules/.pnpm/@radix-ui+react-dialog@1.1.14_@types+react-dom@18.3.7_@types+react@18.3.23__@types+reac_979338a14129bfbd4b93c15b369f3450/node_modules/@radix-ui/react-dialog/dist/index.mjs:85:11)
    at AlertDialogPortal (file:///home/alex/projects/fin-model/frontend/node_modules/.pnpm/@radix-ui+react-alert-dialog@1.1.14_@types+react-dom@18.3.7_@types+react@18.3.23__@type_66f0df9c34c45541864174e824164977/node_modules/@radix-ui/react-alert-dialog/dist/index.mjs:34:11)
    at /home/alex/projects/fin-model/frontend/src/design-system/components/AlertDialog.tsx:24:78
    at Provider (file:///home/alex/projects/fin-model/frontend/node_modules/.pnpm/@radix-ui+react-context@1.1.2_@types+react@18.3.23_react@18.3.1/node_modules/@radix-ui/react-context/dist/index.mjs:27:15)
    at Dialog (file:///home/alex/projects/fin-model/frontend/node_modules/.pnpm/@radix-ui+react-dialog@1.1.14_@types+react-dom@18.3.7_@types+react@18.3.23__@types+reac_979338a14129bfbd4b93c15b369f3450/node_modules/@radix-ui/react-dialog/dist/index.mjs:25:5)
    at AlertDialog (file:///home/alex/projects/fin-model/frontend/node_modules/.pnpm/@radix-ui+react-alert-dialog@1.1.14_@types+react-dom@18.3.7_@types+react@18.3.23__@type_66f0df9c34c45541864174e824164977/node_modules/@radix-ui/react-alert-dialog/dist/index.mjs:18:11)
    at ConfirmDialog (/home/alex/projects/fin-model/frontend/src/components/ui/ConfirmDialog.tsx:11:26)
    at div
    at AdminDashboard (/home/alex/projects/fin-model/frontend/src/pages/AdminDashboard.tsx:46:79)
Warning: An update to FocusScope inside a test was not wrapped in act(...).

When testing, code that causes React state updates should be wrapped into act(...):

act(() =&gt; {
  /* fire events that update state */
});
/* assert on the output */

This ensures that you&apos;re testing the behavior the user would see in the browser. Learn more at https://reactjs.org/link/wrap-tests-with-act
    at file:///home/alex/projects/fin-model/frontend/node_modules/.pnpm/@radix-ui+react-focus-scope@1.1.7_@types+react-dom@18.3.7_@types+react@18.3.23__@types+_f761c2ff2dd8a5cebf4e03dd795af57f/node_modules/@radix-ui/react-focus-scope/dist/index.mjs:15:5
    at file:///home/alex/projects/fin-model/frontend/node_modules/.pnpm/@radix-ui+react-dialog@1.1.14_@types+react-dom@18.3.7_@types+react@18.3.23__@types+reac_979338a14129bfbd4b93c15b369f3450/node_modules/@radix-ui/react-dialog/dist/index.mjs:206:13
    at file:///home/alex/projects/fin-model/frontend/node_modules/.pnpm/@radix-ui+react-dialog@1.1.14_@types+react-dom@18.3.7_@types+react@18.3.23__@types+reac_979338a14129bfbd4b93c15b369f3450/node_modules/@radix-ui/react-dialog/dist/index.mjs:132:58
    at Presence (file:///home/alex/projects/fin-model/frontend/node_modules/.pnpm/@radix-ui+react-presence@1.1.4_@types+react-dom@18.3.7_@types+react@18.3.23__@types+rea_587c7e8c3eecba09139e2afe2a783727/node_modules/@radix-ui/react-presence/dist/index.mjs:19:11)
    at file:///home/alex/projects/fin-model/frontend/node_modules/.pnpm/@radix-ui+react-dialog@1.1.14_@types+react-dom@18.3.7_@types+react@18.3.23__@types+reac_979338a14129bfbd4b93c15b369f3450/node_modules/@radix-ui/react-dialog/dist/index.mjs:123:64
    at Provider (file:///home/alex/projects/fin-model/frontend/node_modules/.pnpm/@radix-ui+react-context@1.1.2_@types+react@18.3.23_react@18.3.1/node_modules/@radix-ui/react-context/dist/index.mjs:27:15)
    at Provider (file:///home/alex/projects/fin-model/frontend/node_modules/.pnpm/@radix-ui+react-context@1.1.2_@types+react@18.3.23_react@18.3.1/node_modules/@radix-ui/react-context/dist/index.mjs:7:13)
    at file:///home/alex/projects/fin-model/frontend/node_modules/.pnpm/@radix-ui+react-alert-dialog@1.1.14_@types+react-dom@18.3.7_@types+react@18.3.23__@type_66f0df9c34c45541864174e824164977/node_modules/@radix-ui/react-alert-dialog/dist/index.mjs:53:13
    at file:///home/alex/projects/fin-model/frontend/node_modules/.pnpm/@radix-ui+react-slot@1.2.3_@types+react@18.3.23_react@18.3.1/node_modules/@radix-ui/react-slot/dist/index.mjs:33:13
    at file:///home/alex/projects/fin-model/frontend/node_modules/.pnpm/@radix-ui+react-slot@1.2.3_@types+react@18.3.23_react@18.3.1/node_modules/@radix-ui/react-slot/dist/index.mjs:9:13
    at file:///home/alex/projects/fin-model/frontend/node_modules/.pnpm/@radix-ui+react-primitive@2.1.3_@types+react-dom@18.3.7_@types+react@18.3.23__@types+re_db0ee435667e42f4b05fd5a9bb21abc3/node_modules/@radix-ui/react-primitive/dist/index.mjs:28:13
    at file:///home/alex/projects/fin-model/frontend/node_modules/.pnpm/@radix-ui+react-portal@1.1.9_@types+react-dom@18.3.7_@types+react@18.3.23__@types+react_6c1cd0a6f7cc4779efee75f9fbbe7053/node_modules/@radix-ui/react-portal/dist/index.mjs:11:22
    at Presence (file:///home/alex/projects/fin-model/frontend/node_modules/.pnpm/@radix-ui+react-presence@1.1.4_@types+react-dom@18.3.7_@types+react@18.3.23__@types+rea_587c7e8c3eecba09139e2afe2a783727/node_modules/@radix-ui/react-presence/dist/index.mjs:19:11)
    at Provider (file:///home/alex/projects/fin-model/frontend/node_modules/.pnpm/@radix-ui+react-context@1.1.2_@types+react@18.3.23_react@18.3.1/node_modules/@radix-ui/react-context/dist/index.mjs:27:15)
    at DialogPortal (file:///home/alex/projects/fin-model/frontend/node_modules/.pnpm/@radix-ui+react-dialog@1.1.14_@types+react-dom@18.3.7_@types+react@18.3.23__@types+reac_979338a14129bfbd4b93c15b369f3450/node_modules/@radix-ui/react-dialog/dist/index.mjs:85:11)
    at AlertDialogPortal (file:///home/alex/projects/fin-model/frontend/node_modules/.pnpm/@radix-ui+react-alert-dialog@1.1.14_@types+react-dom@18.3.7_@types+react@18.3.23__@type_66f0df9c34c45541864174e824164977/node_modules/@radix-ui/react-alert-dialog/dist/index.mjs:34:11)
    at /home/alex/projects/fin-model/frontend/src/design-system/components/AlertDialog.tsx:24:78
    at Provider (file:///home/alex/projects/fin-model/frontend/node_modules/.pnpm/@radix-ui+react-context@1.1.2_@types+react@18.3.23_react@18.3.1/node_modules/@radix-ui/react-context/dist/index.mjs:27:15)
    at Dialog (file:///home/alex/projects/fin-model/frontend/node_modules/.pnpm/@radix-ui+react-dialog@1.1.14_@types+react-dom@18.3.7_@types+react@18.3.23__@types+reac_979338a14129bfbd4b93c15b369f3450/node_modules/@radix-ui/react-dialog/dist/index.mjs:25:5)
    at AlertDialog (file:///home/alex/projects/fin-model/frontend/node_modules/.pnpm/@radix-ui+react-alert-dialog@1.1.14_@types+react-dom@18.3.7_@types+react@18.3.23__@type_66f0df9c34c45541864174e824164977/node_modules/@radix-ui/react-alert-dialog/dist/index.mjs:18:11)
    at ConfirmDialog (/home/alex/projects/fin-model/frontend/src/components/ui/ConfirmDialog.tsx:11:26)
    at div
    at AdminDashboard (/home/alex/projects/fin-model/frontend/src/pages/AdminDashboard.tsx:46:79)
Warning: An update to Presence inside a test was not wrapped in act(...).

When testing, code that causes React state updates should be wrapped into act(...):

act(() =&gt; {
  /* fire events that update state */
});
/* assert on the output */

This ensures that you&apos;re testing the behavior the user would see in the browser. Learn more at https://reactjs.org/link/wrap-tests-with-act
    at Presence (file:///home/alex/projects/fin-model/frontend/node_modules/.pnpm/@radix-ui+react-presence@1.1.4_@types+react-dom@18.3.7_@types+react@18.3.23__@types+rea_587c7e8c3eecba09139e2afe2a783727/node_modules/@radix-ui/react-presence/dist/index.mjs:19:11)
    at file:///home/alex/projects/fin-model/frontend/node_modules/.pnpm/@radix-ui+react-dialog@1.1.14_@types+react-dom@18.3.7_@types+react@18.3.23__@types+reac_979338a14129bfbd4b93c15b369f3450/node_modules/@radix-ui/react-dialog/dist/index.mjs:123:64
    at Provider (file:///home/alex/projects/fin-model/frontend/node_modules/.pnpm/@radix-ui+react-context@1.1.2_@types+react@18.3.23_react@18.3.1/node_modules/@radix-ui/react-context/dist/index.mjs:27:15)
    at Provider (file:///home/alex/projects/fin-model/frontend/node_modules/.pnpm/@radix-ui+react-context@1.1.2_@types+react@18.3.23_react@18.3.1/node_modules/@radix-ui/react-context/dist/index.mjs:7:13)
    at file:///home/alex/projects/fin-model/frontend/node_modules/.pnpm/@radix-ui+react-alert-dialog@1.1.14_@types+react-dom@18.3.7_@types+react@18.3.23__@type_66f0df9c34c45541864174e824164977/node_modules/@radix-ui/react-alert-dialog/dist/index.mjs:53:13
    at file:///home/alex/projects/fin-model/frontend/node_modules/.pnpm/@radix-ui+react-slot@1.2.3_@types+react@18.3.23_react@18.3.1/node_modules/@radix-ui/react-slot/dist/index.mjs:33:13
    at file:///home/alex/projects/fin-model/frontend/node_modules/.pnpm/@radix-ui+react-slot@1.2.3_@types+react@18.3.23_react@18.3.1/node_modules/@radix-ui/react-slot/dist/index.mjs:9:13
    at file:///home/alex/projects/fin-model/frontend/node_modules/.pnpm/@radix-ui+react-primitive@2.1.3_@types+react-dom@18.3.7_@types+react@18.3.23__@types+re_db0ee435667e42f4b05fd5a9bb21abc3/node_modules/@radix-ui/react-primitive/dist/index.mjs:28:13
    at file:///home/alex/projects/fin-model/frontend/node_modules/.pnpm/@radix-ui+react-portal@1.1.9_@types+react-dom@18.3.7_@types+react@18.3.23__@types+react_6c1cd0a6f7cc4779efee75f9fbbe7053/node_modules/@radix-ui/react-portal/dist/index.mjs:11:22
    at Presence (file:///home/alex/projects/fin-model/frontend/node_modules/.pnpm/@radix-ui+react-presence@1.1.4_@types+react-dom@18.3.7_@types+react@18.3.23__@types+rea_587c7e8c3eecba09139e2afe2a783727/node_modules/@radix-ui/react-presence/dist/index.mjs:19:11)
    at Provider (file:///home/alex/projects/fin-model/frontend/node_modules/.pnpm/@radix-ui+react-context@1.1.2_@types+react@18.3.23_react@18.3.1/node_modules/@radix-ui/react-context/dist/index.mjs:27:15)
    at DialogPortal (file:///home/alex/projects/fin-model/frontend/node_modules/.pnpm/@radix-ui+react-dialog@1.1.14_@types+react-dom@18.3.7_@types+react@18.3.23__@types+reac_979338a14129bfbd4b93c15b369f3450/node_modules/@radix-ui/react-dialog/dist/index.mjs:85:11)
    at AlertDialogPortal (file:///home/alex/projects/fin-model/frontend/node_modules/.pnpm/@radix-ui+react-alert-dialog@1.1.14_@types+react-dom@18.3.7_@types+react@18.3.23__@type_66f0df9c34c45541864174e824164977/node_modules/@radix-ui/react-alert-dialog/dist/index.mjs:34:11)
    at /home/alex/projects/fin-model/frontend/src/design-system/components/AlertDialog.tsx:24:78
    at Provider (file:///home/alex/projects/fin-model/frontend/node_modules/.pnpm/@radix-ui+react-context@1.1.2_@types+react@18.3.23_react@18.3.1/node_modules/@radix-ui/react-context/dist/index.mjs:27:15)
    at Dialog (file:///home/alex/projects/fin-model/frontend/node_modules/.pnpm/@radix-ui+react-dialog@1.1.14_@types+react-dom@18.3.7_@types+react@18.3.23__@types+reac_979338a14129bfbd4b93c15b369f3450/node_modules/@radix-ui/react-dialog/dist/index.mjs:25:5)
    at AlertDialog (file:///home/alex/projects/fin-model/frontend/node_modules/.pnpm/@radix-ui+react-alert-dialog@1.1.14_@types+react-dom@18.3.7_@types+react@18.3.23__@type_66f0df9c34c45541864174e824164977/node_modules/@radix-ui/react-alert-dialog/dist/index.mjs:18:11)
    at ConfirmDialog (/home/alex/projects/fin-model/frontend/src/components/ui/ConfirmDialog.tsx:11:26)
    at div
    at AdminDashboard (/home/alex/projects/fin-model/frontend/src/pages/AdminDashboard.tsx:46:79)
Warning: An update to Presence inside a test was not wrapped in act(...).

When testing, code that causes React state updates should be wrapped into act(...):

act(() =&gt; {
  /* fire events that update state */
});
/* assert on the output */

This ensures that you&apos;re testing the behavior the user would see in the browser. Learn more at https://reactjs.org/link/wrap-tests-with-act
    at Presence (file:///home/alex/projects/fin-model/frontend/node_modules/.pnpm/@radix-ui+react-presence@1.1.4_@types+react-dom@18.3.7_@types+react@18.3.23__@types+rea_587c7e8c3eecba09139e2afe2a783727/node_modules/@radix-ui/react-presence/dist/index.mjs:19:11)
    at Provider (file:///home/alex/projects/fin-model/frontend/node_modules/.pnpm/@radix-ui+react-context@1.1.2_@types+react@18.3.23_react@18.3.1/node_modules/@radix-ui/react-context/dist/index.mjs:27:15)
    at DialogPortal (file:///home/alex/projects/fin-model/frontend/node_modules/.pnpm/@radix-ui+react-dialog@1.1.14_@types+react-dom@18.3.7_@types+react@18.3.23__@types+reac_979338a14129bfbd4b93c15b369f3450/node_modules/@radix-ui/react-dialog/dist/index.mjs:85:11)
    at AlertDialogPortal (file:///home/alex/projects/fin-model/frontend/node_modules/.pnpm/@radix-ui+react-alert-dialog@1.1.14_@types+react-dom@18.3.7_@types+react@18.3.23__@type_66f0df9c34c45541864174e824164977/node_modules/@radix-ui/react-alert-dialog/dist/index.mjs:34:11)
    at /home/alex/projects/fin-model/frontend/src/design-system/components/AlertDialog.tsx:24:78
    at Provider (file:///home/alex/projects/fin-model/frontend/node_modules/.pnpm/@radix-ui+react-context@1.1.2_@types+react@18.3.23_react@18.3.1/node_modules/@radix-ui/react-context/dist/index.mjs:27:15)
    at Dialog (file:///home/alex/projects/fin-model/frontend/node_modules/.pnpm/@radix-ui+react-dialog@1.1.14_@types+react-dom@18.3.7_@types+react@18.3.23__@types+reac_979338a14129bfbd4b93c15b369f3450/node_modules/@radix-ui/react-dialog/dist/index.mjs:25:5)
    at AlertDialog (file:///home/alex/projects/fin-model/frontend/node_modules/.pnpm/@radix-ui+react-alert-dialog@1.1.14_@types+react-dom@18.3.7_@types+react@18.3.23__@type_66f0df9c34c45541864174e824164977/node_modules/@radix-ui/react-alert-dialog/dist/index.mjs:18:11)
    at ConfirmDialog (/home/alex/projects/fin-model/frontend/src/components/ui/ConfirmDialog.tsx:11:26)
    at div
    at AdminDashboard (/home/alex/projects/fin-model/frontend/src/pages/AdminDashboard.tsx:46:79)
Warning: An update to DismissableLayer inside a test was not wrapped in act(...).

When testing, code that causes React state updates should be wrapped into act(...):

act(() =&gt; {
  /* fire events that update state */
});
/* assert on the output */

This ensures that you&apos;re testing the behavior the user would see in the browser. Learn more at https://reactjs.org/link/wrap-tests-with-act
    at file:///home/alex/projects/fin-model/frontend/node_modules/.pnpm/@radix-ui+react-dismissable-layer@1.1.10_@types+react-dom@18.3.7_@types+react@18.3.23___dbf8386523191e50867cd199de52aa0e/node_modules/@radix-ui/react-dismissable-layer/dist/index.mjs:24:7
    at file:///home/alex/projects/fin-model/frontend/node_modules/.pnpm/@radix-ui+react-slot@1.2.3_@types+react@18.3.23_react@18.3.1/node_modules/@radix-ui/react-slot/dist/index.mjs:33:13
    at file:///home/alex/projects/fin-model/frontend/node_modules/.pnpm/@radix-ui+react-slot@1.2.3_@types+react@18.3.23_react@18.3.1/node_modules/@radix-ui/react-slot/dist/index.mjs:9:13
    at file:///home/alex/projects/fin-model/frontend/node_modules/.pnpm/@radix-ui+react-primitive@2.1.3_@types+react-dom@18.3.7_@types+react@18.3.23__@types+re_db0ee435667e42f4b05fd5a9bb21abc3/node_modules/@radix-ui/react-primitive/dist/index.mjs:28:13
    at file:///home/alex/projects/fin-model/frontend/node_modules/.pnpm/@radix-ui+react-focus-scope@1.1.7_@types+react-dom@18.3.7_@types+react@18.3.23__@types+_f761c2ff2dd8a5cebf4e03dd795af57f/node_modules/@radix-ui/react-focus-scope/dist/index.mjs:15:5
    at file:///home/alex/projects/fin-model/frontend/node_modules/.pnpm/@radix-ui+react-dialog@1.1.14_@types+react-dom@18.3.7_@types+react@18.3.23__@types+reac_979338a14129bfbd4b93c15b369f3450/node_modules/@radix-ui/react-dialog/dist/index.mjs:206:13
    at file:///home/alex/projects/fin-model/frontend/node_modules/.pnpm/@radix-ui+react-dialog@1.1.14_@types+react-dom@18.3.7_@types+react@18.3.23__@types+reac_979338a14129bfbd4b93c15b369f3450/node_modules/@radix-ui/react-dialog/dist/index.mjs:132:58
    at Presence (file:///home/alex/projects/fin-model/frontend/node_modules/.pnpm/@radix-ui+react-presence@1.1.4_@types+react-dom@18.3.7_@types+react@18.3.23__@types+rea_587c7e8c3eecba09139e2afe2a783727/node_modules/@radix-ui/react-presence/dist/index.mjs:19:11)
    at file:///home/alex/projects/fin-model/frontend/node_modules/.pnpm/@radix-ui+react-dialog@1.1.14_@types+react-dom@18.3.7_@types+react@18.3.23__@types+reac_979338a14129bfbd4b93c15b369f3450/node_modules/@radix-ui/react-dialog/dist/index.mjs:123:64
    at Provider (file:///home/alex/projects/fin-model/frontend/node_modules/.pnpm/@radix-ui+react-context@1.1.2_@types+react@18.3.23_react@18.3.1/node_modules/@radix-ui/react-context/dist/index.mjs:27:15)
    at Provider (file:///home/alex/projects/fin-model/frontend/node_modules/.pnpm/@radix-ui+react-context@1.1.2_@types+react@18.3.23_react@18.3.1/node_modules/@radix-ui/react-context/dist/index.mjs:7:13)
    at file:///home/alex/projects/fin-model/frontend/node_modules/.pnpm/@radix-ui+react-alert-dialog@1.1.14_@types+react-dom@18.3.7_@types+react@18.3.23__@type_66f0df9c34c45541864174e824164977/node_modules/@radix-ui/react-alert-dialog/dist/index.mjs:53:13
    at file:///home/alex/projects/fin-model/frontend/node_modules/.pnpm/@radix-ui+react-slot@1.2.3_@types+react@18.3.23_react@18.3.1/node_modules/@radix-ui/react-slot/dist/index.mjs:33:13
    at file:///home/alex/projects/fin-model/frontend/node_modules/.pnpm/@radix-ui+react-slot@1.2.3_@types+react@18.3.23_react@18.3.1/node_modules/@radix-ui/react-slot/dist/index.mjs:9:13
    at file:///home/alex/projects/fin-model/frontend/node_modules/.pnpm/@radix-ui+react-primitive@2.1.3_@types+react-dom@18.3.7_@types+react@18.3.23__@types+re_db0ee435667e42f4b05fd5a9bb21abc3/node_modules/@radix-ui/react-primitive/dist/index.mjs:28:13
    at file:///home/alex/projects/fin-model/frontend/node_modules/.pnpm/@radix-ui+react-portal@1.1.9_@types+react-dom@18.3.7_@types+react@18.3.23__@types+react_6c1cd0a6f7cc4779efee75f9fbbe7053/node_modules/@radix-ui/react-portal/dist/index.mjs:11:22
    at Presence (file:///home/alex/projects/fin-model/frontend/node_modules/.pnpm/@radix-ui+react-presence@1.1.4_@types+react-dom@18.3.7_@types+react@18.3.23__@types+rea_587c7e8c3eecba09139e2afe2a783727/node_modules/@radix-ui/react-presence/dist/index.mjs:19:11)
    at Provider (file:///home/alex/projects/fin-model/frontend/node_modules/.pnpm/@radix-ui+react-context@1.1.2_@types+react@18.3.23_react@18.3.1/node_modules/@radix-ui/react-context/dist/index.mjs:27:15)
    at DialogPortal (file:///home/alex/projects/fin-model/frontend/node_modules/.pnpm/@radix-ui+react-dialog@1.1.14_@types+react-dom@18.3.7_@types+react@18.3.23__@types+reac_979338a14129bfbd4b93c15b369f3450/node_modules/@radix-ui/react-dialog/dist/index.mjs:85:11)
    at AlertDialogPortal (file:///home/alex/projects/fin-model/frontend/node_modules/.pnpm/@radix-ui+react-alert-dialog@1.1.14_@types+react-dom@18.3.7_@types+react@18.3.23__@type_66f0df9c34c45541864174e824164977/node_modules/@radix-ui/react-alert-dialog/dist/index.mjs:34:11)
    at /home/alex/projects/fin-model/frontend/src/design-system/components/AlertDialog.tsx:24:78
    at Provider (file:///home/alex/projects/fin-model/frontend/node_modules/.pnpm/@radix-ui+react-context@1.1.2_@types+react@18.3.23_react@18.3.1/node_modules/@radix-ui/react-context/dist/index.mjs:27:15)
    at Dialog (file:///home/alex/projects/fin-model/frontend/node_modules/.pnpm/@radix-ui+react-dialog@1.1.14_@types+react-dom@18.3.7_@types+react@18.3.23__@types+reac_979338a14129bfbd4b93c15b369f3450/node_modules/@radix-ui/react-dialog/dist/index.mjs:25:5)
    at AlertDialog (file:///home/alex/projects/fin-model/frontend/node_modules/.pnpm/@radix-ui+react-alert-dialog@1.1.14_@types+react-dom@18.3.7_@types+react@18.3.23__@type_66f0df9c34c45541864174e824164977/node_modules/@radix-ui/react-alert-dialog/dist/index.mjs:18:11)
    at ConfirmDialog (/home/alex/projects/fin-model/frontend/src/components/ui/ConfirmDialog.tsx:11:26)
    at div
    at AdminDashboard (/home/alex/projects/fin-model/frontend/src/pages/AdminDashboard.tsx:46:79)
Warning: An update to DismissableLayer inside a test was not wrapped in act(...).

When testing, code that causes React state updates should be wrapped into act(...):

act(() =&gt; {
  /* fire events that update state */
});
/* assert on the output */

This ensures that you&apos;re testing the behavior the user would see in the browser. Learn more at https://reactjs.org/link/wrap-tests-with-act
    at file:///home/alex/projects/fin-model/frontend/node_modules/.pnpm/@radix-ui+react-dismissable-layer@1.1.10_@types+react-dom@18.3.7_@types+react@18.3.23___dbf8386523191e50867cd199de52aa0e/node_modules/@radix-ui/react-dismissable-layer/dist/index.mjs:24:7
    at file:///home/alex/projects/fin-model/frontend/node_modules/.pnpm/@radix-ui+react-slot@1.2.3_@types+react@18.3.23_react@18.3.1/node_modules/@radix-ui/react-slot/dist/index.mjs:33:13
    at file:///home/alex/projects/fin-model/frontend/node_modules/.pnpm/@radix-ui+react-slot@1.2.3_@types+react@18.3.23_react@18.3.1/node_modules/@radix-ui/react-slot/dist/index.mjs:9:13
    at file:///home/alex/projects/fin-model/frontend/node_modules/.pnpm/@radix-ui+react-primitive@2.1.3_@types+react-dom@18.3.7_@types+react@18.3.23__@types+re_db0ee435667e42f4b05fd5a9bb21abc3/node_modules/@radix-ui/react-primitive/dist/index.mjs:28:13
    at file:///home/alex/projects/fin-model/frontend/node_modules/.pnpm/@radix-ui+react-focus-scope@1.1.7_@types+react-dom@18.3.7_@types+react@18.3.23__@types+_f761c2ff2dd8a5cebf4e03dd795af57f/node_modules/@radix-ui/react-focus-scope/dist/index.mjs:15:5
    at file:///home/alex/projects/fin-model/frontend/node_modules/.pnpm/@radix-ui+react-dialog@1.1.14_@types+react-dom@18.3.7_@types+react@18.3.23__@types+reac_979338a14129bfbd4b93c15b369f3450/node_modules/@radix-ui/react-dialog/dist/index.mjs:206:13
    at file:///home/alex/projects/fin-model/frontend/node_modules/.pnpm/@radix-ui+react-dialog@1.1.14_@types+react-dom@18.3.7_@types+react@18.3.23__@types+reac_979338a14129bfbd4b93c15b369f3450/node_modules/@radix-ui/react-dialog/dist/index.mjs:132:58
    at Presence (file:///home/alex/projects/fin-model/frontend/node_modules/.pnpm/@radix-ui+react-presence@1.1.4_@types+react-dom@18.3.7_@types+react@18.3.23__@types+rea_587c7e8c3eecba09139e2afe2a783727/node_modules/@radix-ui/react-presence/dist/index.mjs:19:11)
    at file:///home/alex/projects/fin-model/frontend/node_modules/.pnpm/@radix-ui+react-dialog@1.1.14_@types+react-dom@18.3.7_@types+react@18.3.23__@types+reac_979338a14129bfbd4b93c15b369f3450/node_modules/@radix-ui/react-dialog/dist/index.mjs:123:64
    at Provider (file:///home/alex/projects/fin-model/frontend/node_modules/.pnpm/@radix-ui+react-context@1.1.2_@types+react@18.3.23_react@18.3.1/node_modules/@radix-ui/react-context/dist/index.mjs:27:15)
    at Provider (file:///home/alex/projects/fin-model/frontend/node_modules/.pnpm/@radix-ui+react-context@1.1.2_@types+react@18.3.23_react@18.3.1/node_modules/@radix-ui/react-context/dist/index.mjs:7:13)
    at file:///home/alex/projects/fin-model/frontend/node_modules/.pnpm/@radix-ui+react-alert-dialog@1.1.14_@types+react-dom@18.3.7_@types+react@18.3.23__@type_66f0df9c34c45541864174e824164977/node_modules/@radix-ui/react-alert-dialog/dist/index.mjs:53:13
    at file:///home/alex/projects/fin-model/frontend/node_modules/.pnpm/@radix-ui+react-slot@1.2.3_@types+react@18.3.23_react@18.3.1/node_modules/@radix-ui/react-slot/dist/index.mjs:33:13
    at file:///home/alex/projects/fin-model/frontend/node_modules/.pnpm/@radix-ui+react-slot@1.2.3_@types+react@18.3.23_react@18.3.1/node_modules/@radix-ui/react-slot/dist/index.mjs:9:13
    at file:///home/alex/projects/fin-model/frontend/node_modules/.pnpm/@radix-ui+react-primitive@2.1.3_@types+react-dom@18.3.7_@types+react@18.3.23__@types+re_db0ee435667e42f4b05fd5a9bb21abc3/node_modules/@radix-ui/react-primitive/dist/index.mjs:28:13
    at file:///home/alex/projects/fin-model/frontend/node_modules/.pnpm/@radix-ui+react-portal@1.1.9_@types+react-dom@18.3.7_@types+react@18.3.23__@types+react_6c1cd0a6f7cc4779efee75f9fbbe7053/node_modules/@radix-ui/react-portal/dist/index.mjs:11:22
    at Presence (file:///home/alex/projects/fin-model/frontend/node_modules/.pnpm/@radix-ui+react-presence@1.1.4_@types+react-dom@18.3.7_@types+react@18.3.23__@types+rea_587c7e8c3eecba09139e2afe2a783727/node_modules/@radix-ui/react-presence/dist/index.mjs:19:11)
    at Provider (file:///home/alex/projects/fin-model/frontend/node_modules/.pnpm/@radix-ui+react-context@1.1.2_@types+react@18.3.23_react@18.3.1/node_modules/@radix-ui/react-context/dist/index.mjs:27:15)
    at DialogPortal (file:///home/alex/projects/fin-model/frontend/node_modules/.pnpm/@radix-ui+react-dialog@1.1.14_@types+react-dom@18.3.7_@types+react@18.3.23__@types+reac_979338a14129bfbd4b93c15b369f3450/node_modules/@radix-ui/react-dialog/dist/index.mjs:85:11)
    at AlertDialogPortal (file:///home/alex/projects/fin-model/frontend/node_modules/.pnpm/@radix-ui+react-alert-dialog@1.1.14_@types+react-dom@18.3.7_@types+react@18.3.23__@type_66f0df9c34c45541864174e824164977/node_modules/@radix-ui/react-alert-dialog/dist/index.mjs:34:11)
    at /home/alex/projects/fin-model/frontend/src/design-system/components/AlertDialog.tsx:24:78
    at Provider (file:///home/alex/projects/fin-model/frontend/node_modules/.pnpm/@radix-ui+react-context@1.1.2_@types+react@18.3.23_react@18.3.1/node_modules/@radix-ui/react-context/dist/index.mjs:27:15)
    at Dialog (file:///home/alex/projects/fin-model/frontend/node_modules/.pnpm/@radix-ui+react-dialog@1.1.14_@types+react-dom@18.3.7_@types+react@18.3.23__@types+reac_979338a14129bfbd4b93c15b369f3450/node_modules/@radix-ui/react-dialog/dist/index.mjs:25:5)
    at AlertDialog (file:///home/alex/projects/fin-model/frontend/node_modules/.pnpm/@radix-ui+react-alert-dialog@1.1.14_@types+react-dom@18.3.7_@types+react@18.3.23__@type_66f0df9c34c45541864174e824164977/node_modules/@radix-ui/react-alert-dialog/dist/index.mjs:18:11)
    at ConfirmDialog (/home/alex/projects/fin-model/frontend/src/components/ui/ConfirmDialog.tsx:11:26)
    at div
    at AdminDashboard (/home/alex/projects/fin-model/frontend/src/pages/AdminDashboard.tsx:46:79)
Warning: An update to Presence inside a test was not wrapped in act(...).

When testing, code that causes React state updates should be wrapped into act(...):

act(() =&gt; {
  /* fire events that update state */
});
/* assert on the output */

This ensures that you&apos;re testing the behavior the user would see in the browser. Learn more at https://reactjs.org/link/wrap-tests-with-act
    at Presence (file:///home/alex/projects/fin-model/frontend/node_modules/.pnpm/@radix-ui+react-presence@1.1.4_@types+react-dom@18.3.7_@types+react@18.3.23__@types+rea_587c7e8c3eecba09139e2afe2a783727/node_modules/@radix-ui/react-presence/dist/index.mjs:19:11)
    at file:///home/alex/projects/fin-model/frontend/node_modules/.pnpm/@radix-ui+react-dialog@1.1.14_@types+react-dom@18.3.7_@types+react@18.3.23__@types+reac_979338a14129bfbd4b93c15b369f3450/node_modules/@radix-ui/react-dialog/dist/index.mjs:93:64
    at file:///home/alex/projects/fin-model/frontend/node_modules/.pnpm/@radix-ui+react-alert-dialog@1.1.14_@types+react-dom@18.3.7_@types+react@18.3.23__@type_66f0df9c34c45541864174e824164977/node_modules/@radix-ui/react-alert-dialog/dist/index.mjs:42:13
    at /home/alex/projects/fin-model/frontend/src/design-system/components/AlertDialog.tsx:14:78
    at file:///home/alex/projects/fin-model/frontend/node_modules/.pnpm/@radix-ui+react-slot@1.2.3_@types+react@18.3.23_react@18.3.1/node_modules/@radix-ui/react-slot/dist/index.mjs:33:13
    at file:///home/alex/projects/fin-model/frontend/node_modules/.pnpm/@radix-ui+react-slot@1.2.3_@types+react@18.3.23_react@18.3.1/node_modules/@radix-ui/react-slot/dist/index.mjs:9:13
    at file:///home/alex/projects/fin-model/frontend/node_modules/.pnpm/@radix-ui+react-primitive@2.1.3_@types+react-dom@18.3.7_@types+react@18.3.23__@types+re_db0ee435667e42f4b05fd5a9bb21abc3/node_modules/@radix-ui/react-primitive/dist/index.mjs:28:13
    at file:///home/alex/projects/fin-model/frontend/node_modules/.pnpm/@radix-ui+react-portal@1.1.9_@types+react-dom@18.3.7_@types+react@18.3.23__@types+react_6c1cd0a6f7cc4779efee75f9fbbe7053/node_modules/@radix-ui/react-portal/dist/index.mjs:11:22
    at Presence (file:///home/alex/projects/fin-model/frontend/node_modules/.pnpm/@radix-ui+react-presence@1.1.4_@types+react-dom@18.3.7_@types+react@18.3.23__@types+rea_587c7e8c3eecba09139e2afe2a783727/node_modules/@radix-ui/react-presence/dist/index.mjs:19:11)
    at Provider (file:///home/alex/projects/fin-model/frontend/node_modules/.pnpm/@radix-ui+react-context@1.1.2_@types+react@18.3.23_react@18.3.1/node_modules/@radix-ui/react-context/dist/index.mjs:27:15)
    at DialogPortal (file:///home/alex/projects/fin-model/frontend/node_modules/.pnpm/@radix-ui+react-dialog@1.1.14_@types+react-dom@18.3.7_@types+react@18.3.23__@types+reac_979338a14129bfbd4b93c15b369f3450/node_modules/@radix-ui/react-dialog/dist/index.mjs:85:11)
    at AlertDialogPortal (file:///home/alex/projects/fin-model/frontend/node_modules/.pnpm/@radix-ui+react-alert-dialog@1.1.14_@types+react-dom@18.3.7_@types+react@18.3.23__@type_66f0df9c34c45541864174e824164977/node_modules/@radix-ui/react-alert-dialog/dist/index.mjs:34:11)
    at /home/alex/projects/fin-model/frontend/src/design-system/components/AlertDialog.tsx:24:78
    at Provider (file:///home/alex/projects/fin-model/frontend/node_modules/.pnpm/@radix-ui+react-context@1.1.2_@types+react@18.3.23_react@18.3.1/node_modules/@radix-ui/react-context/dist/index.mjs:27:15)
    at Dialog (file:///home/alex/projects/fin-model/frontend/node_modules/.pnpm/@radix-ui+react-dialog@1.1.14_@types+react-dom@18.3.7_@types+react@18.3.23__@types+reac_979338a14129bfbd4b93c15b369f3450/node_modules/@radix-ui/react-dialog/dist/index.mjs:25:5)
    at AlertDialog (file:///home/alex/projects/fin-model/frontend/node_modules/.pnpm/@radix-ui+react-alert-dialog@1.1.14_@types+react-dom@18.3.7_@types+react@18.3.23__@type_66f0df9c34c45541864174e824164977/node_modules/@radix-ui/react-alert-dialog/dist/index.mjs:18:11)
    at ConfirmDialog (/home/alex/projects/fin-model/frontend/src/components/ui/ConfirmDialog.tsx:11:26)
    at div
    at AdminDashboard (/home/alex/projects/fin-model/frontend/src/pages/AdminDashboard.tsx:46:79)
Warning: An update to Presence inside a test was not wrapped in act(...).

When testing, code that causes React state updates should be wrapped into act(...):

act(() =&gt; {
  /* fire events that update state */
});
/* assert on the output */

This ensures that you&apos;re testing the behavior the user would see in the browser. Learn more at https://reactjs.org/link/wrap-tests-with-act
    at Presence (file:///home/alex/projects/fin-model/frontend/node_modules/.pnpm/@radix-ui+react-presence@1.1.4_@types+react-dom@18.3.7_@types+react@18.3.23__@types+rea_587c7e8c3eecba09139e2afe2a783727/node_modules/@radix-ui/react-presence/dist/index.mjs:19:11)
    at Provider (file:///home/alex/projects/fin-model/frontend/node_modules/.pnpm/@radix-ui+react-context@1.1.2_@types+react@18.3.23_react@18.3.1/node_modules/@radix-ui/react-context/dist/index.mjs:27:15)
    at DialogPortal (file:///home/alex/projects/fin-model/frontend/node_modules/.pnpm/@radix-ui+react-dialog@1.1.14_@types+react-dom@18.3.7_@types+react@18.3.23__@types+reac_979338a14129bfbd4b93c15b369f3450/node_modules/@radix-ui/react-dialog/dist/index.mjs:85:11)
    at AlertDialogPortal (file:///home/alex/projects/fin-model/frontend/node_modules/.pnpm/@radix-ui+react-alert-dialog@1.1.14_@types+react-dom@18.3.7_@types+react@18.3.23__@type_66f0df9c34c45541864174e824164977/node_modules/@radix-ui/react-alert-dialog/dist/index.mjs:34:11)
    at /home/alex/projects/fin-model/frontend/src/design-system/components/AlertDialog.tsx:24:78
    at Provider (file:///home/alex/projects/fin-model/frontend/node_modules/.pnpm/@radix-ui+react-context@1.1.2_@types+react@18.3.23_react@18.3.1/node_modules/@radix-ui/react-context/dist/index.mjs:27:15)
    at Dialog (file:///home/alex/projects/fin-model/frontend/node_modules/.pnpm/@radix-ui+react-dialog@1.1.14_@types+react-dom@18.3.7_@types+react@18.3.23__@types+reac_979338a14129bfbd4b93c15b369f3450/node_modules/@radix-ui/react-dialog/dist/index.mjs:25:5)
    at AlertDialog (file:///home/alex/projects/fin-model/frontend/node_modules/.pnpm/@radix-ui+react-alert-dialog@1.1.14_@types+react-dom@18.3.7_@types+react@18.3.23__@type_66f0df9c34c45541864174e824164977/node_modules/@radix-ui/react-alert-dialog/dist/index.mjs:18:11)
    at ConfirmDialog (/home/alex/projects/fin-model/frontend/src/components/ui/ConfirmDialog.tsx:11:26)
    at div
    at AdminDashboard (/home/alex/projects/fin-model/frontend/src/pages/AdminDashboard.tsx:46:79)
Warning: An update to FocusScope inside a test was not wrapped in act(...).

When testing, code that causes React state updates should be wrapped into act(...):

act(() =&gt; {
  /* fire events that update state */
});
/* assert on the output */

This ensures that you&apos;re testing the behavior the user would see in the browser. Learn more at https://reactjs.org/link/wrap-tests-with-act
    at file:///home/alex/projects/fin-model/frontend/node_modules/.pnpm/@radix-ui+react-focus-scope@1.1.7_@types+react-dom@18.3.7_@types+react@18.3.23__@types+_f761c2ff2dd8a5cebf4e03dd795af57f/node_modules/@radix-ui/react-focus-scope/dist/index.mjs:15:5
    at file:///home/alex/projects/fin-model/frontend/node_modules/.pnpm/@radix-ui+react-dialog@1.1.14_@types+react-dom@18.3.7_@types+react@18.3.23__@types+reac_979338a14129bfbd4b93c15b369f3450/node_modules/@radix-ui/react-dialog/dist/index.mjs:206:13
    at file:///home/alex/projects/fin-model/frontend/node_modules/.pnpm/@radix-ui+react-dialog@1.1.14_@types+react-dom@18.3.7_@types+react@18.3.23__@types+reac_979338a14129bfbd4b93c15b369f3450/node_modules/@radix-ui/react-dialog/dist/index.mjs:132:58
    at Presence (file:///home/alex/projects/fin-model/frontend/node_modules/.pnpm/@radix-ui+react-presence@1.1.4_@types+react-dom@18.3.7_@types+react@18.3.23__@types+rea_587c7e8c3eecba09139e2afe2a783727/node_modules/@radix-ui/react-presence/dist/index.mjs:19:11)
    at file:///home/alex/projects/fin-model/frontend/node_modules/.pnpm/@radix-ui+react-dialog@1.1.14_@types+react-dom@18.3.7_@types+react@18.3.23__@types+reac_979338a14129bfbd4b93c15b369f3450/node_modules/@radix-ui/react-dialog/dist/index.mjs:123:64
    at Provider (file:///home/alex/projects/fin-model/frontend/node_modules/.pnpm/@radix-ui+react-context@1.1.2_@types+react@18.3.23_react@18.3.1/node_modules/@radix-ui/react-context/dist/index.mjs:27:15)
    at Provider (file:///home/alex/projects/fin-model/frontend/node_modules/.pnpm/@radix-ui+react-context@1.1.2_@types+react@18.3.23_react@18.3.1/node_modules/@radix-ui/react-context/dist/index.mjs:7:13)
    at file:///home/alex/projects/fin-model/frontend/node_modules/.pnpm/@radix-ui+react-alert-dialog@1.1.14_@types+react-dom@18.3.7_@types+react@18.3.23__@type_66f0df9c34c45541864174e824164977/node_modules/@radix-ui/react-alert-dialog/dist/index.mjs:53:13
    at file:///home/alex/projects/fin-model/frontend/node_modules/.pnpm/@radix-ui+react-slot@1.2.3_@types+react@18.3.23_react@18.3.1/node_modules/@radix-ui/react-slot/dist/index.mjs:33:13
    at file:///home/alex/projects/fin-model/frontend/node_modules/.pnpm/@radix-ui+react-slot@1.2.3_@types+react@18.3.23_react@18.3.1/node_modules/@radix-ui/react-slot/dist/index.mjs:9:13
    at file:///home/alex/projects/fin-model/frontend/node_modules/.pnpm/@radix-ui+react-primitive@2.1.3_@types+react-dom@18.3.7_@types+react@18.3.23__@types+re_db0ee435667e42f4b05fd5a9bb21abc3/node_modules/@radix-ui/react-primitive/dist/index.mjs:28:13
    at file:///home/alex/projects/fin-model/frontend/node_modules/.pnpm/@radix-ui+react-portal@1.1.9_@types+react-dom@18.3.7_@types+react@18.3.23__@types+react_6c1cd0a6f7cc4779efee75f9fbbe7053/node_modules/@radix-ui/react-portal/dist/index.mjs:11:22
    at Presence (file:///home/alex/projects/fin-model/frontend/node_modules/.pnpm/@radix-ui+react-presence@1.1.4_@types+react-dom@18.3.7_@types+react@18.3.23__@types+rea_587c7e8c3eecba09139e2afe2a783727/node_modules/@radix-ui/react-presence/dist/index.mjs:19:11)
    at Provider (file:///home/alex/projects/fin-model/frontend/node_modules/.pnpm/@radix-ui+react-context@1.1.2_@types+react@18.3.23_react@18.3.1/node_modules/@radix-ui/react-context/dist/index.mjs:27:15)
    at DialogPortal (file:///home/alex/projects/fin-model/frontend/node_modules/.pnpm/@radix-ui+react-dialog@1.1.14_@types+react-dom@18.3.7_@types+react@18.3.23__@types+reac_979338a14129bfbd4b93c15b369f3450/node_modules/@radix-ui/react-dialog/dist/index.mjs:85:11)
    at AlertDialogPortal (file:///home/alex/projects/fin-model/frontend/node_modules/.pnpm/@radix-ui+react-alert-dialog@1.1.14_@types+react-dom@18.3.7_@types+react@18.3.23__@type_66f0df9c34c45541864174e824164977/node_modules/@radix-ui/react-alert-dialog/dist/index.mjs:34:11)
    at /home/alex/projects/fin-model/frontend/src/design-system/components/AlertDialog.tsx:24:78
    at Provider (file:///home/alex/projects/fin-model/frontend/node_modules/.pnpm/@radix-ui+react-context@1.1.2_@types+react@18.3.23_react@18.3.1/node_modules/@radix-ui/react-context/dist/index.mjs:27:15)
    at Dialog (file:///home/alex/projects/fin-model/frontend/node_modules/.pnpm/@radix-ui+react-dialog@1.1.14_@types+react-dom@18.3.7_@types+react@18.3.23__@types+reac_979338a14129bfbd4b93c15b369f3450/node_modules/@radix-ui/react-dialog/dist/index.mjs:25:5)
    at AlertDialog (file:///home/alex/projects/fin-model/frontend/node_modules/.pnpm/@radix-ui+react-alert-dialog@1.1.14_@types+react-dom@18.3.7_@types+react@18.3.23__@type_66f0df9c34c45541864174e824164977/node_modules/@radix-ui/react-alert-dialog/dist/index.mjs:18:11)
    at ConfirmDialog (/home/alex/projects/fin-model/frontend/src/components/ui/ConfirmDialog.tsx:11:26)
    at div
    at AdminDashboard (/home/alex/projects/fin-model/frontend/src/pages/AdminDashboard.tsx:46:79)
Warning: An update to Presence inside a test was not wrapped in act(...).

When testing, code that causes React state updates should be wrapped into act(...):

act(() =&gt; {
  /* fire events that update state */
});
/* assert on the output */

This ensures that you&apos;re testing the behavior the user would see in the browser. Learn more at https://reactjs.org/link/wrap-tests-with-act
    at Presence (file:///home/alex/projects/fin-model/frontend/node_modules/.pnpm/@radix-ui+react-presence@1.1.4_@types+react-dom@18.3.7_@types+react@18.3.23__@types+rea_587c7e8c3eecba09139e2afe2a783727/node_modules/@radix-ui/react-presence/dist/index.mjs:19:11)
    at file:///home/alex/projects/fin-model/frontend/node_modules/.pnpm/@radix-ui+react-dialog@1.1.14_@types+react-dom@18.3.7_@types+react@18.3.23__@types+reac_979338a14129bfbd4b93c15b369f3450/node_modules/@radix-ui/react-dialog/dist/index.mjs:123:64
    at Provider (file:///home/alex/projects/fin-model/frontend/node_modules/.pnpm/@radix-ui+react-context@1.1.2_@types+react@18.3.23_react@18.3.1/node_modules/@radix-ui/react-context/dist/index.mjs:27:15)
    at Provider (file:///home/alex/projects/fin-model/frontend/node_modules/.pnpm/@radix-ui+react-context@1.1.2_@types+react@18.3.23_react@18.3.1/node_modules/@radix-ui/react-context/dist/index.mjs:7:13)
    at file:///home/alex/projects/fin-model/frontend/node_modules/.pnpm/@radix-ui+react-alert-dialog@1.1.14_@types+react-dom@18.3.7_@types+react@18.3.23__@type_66f0df9c34c45541864174e824164977/node_modules/@radix-ui/react-alert-dialog/dist/index.mjs:53:13
    at file:///home/alex/projects/fin-model/frontend/node_modules/.pnpm/@radix-ui+react-slot@1.2.3_@types+react@18.3.23_react@18.3.1/node_modules/@radix-ui/react-slot/dist/index.mjs:33:13
    at file:///home/alex/projects/fin-model/frontend/node_modules/.pnpm/@radix-ui+react-slot@1.2.3_@types+react@18.3.23_react@18.3.1/node_modules/@radix-ui/react-slot/dist/index.mjs:9:13
    at file:///home/alex/projects/fin-model/frontend/node_modules/.pnpm/@radix-ui+react-primitive@2.1.3_@types+react-dom@18.3.7_@types+react@18.3.23__@types+re_db0ee435667e42f4b05fd5a9bb21abc3/node_modules/@radix-ui/react-primitive/dist/index.mjs:28:13
    at file:///home/alex/projects/fin-model/frontend/node_modules/.pnpm/@radix-ui+react-portal@1.1.9_@types+react-dom@18.3.7_@types+react@18.3.23__@types+react_6c1cd0a6f7cc4779efee75f9fbbe7053/node_modules/@radix-ui/react-portal/dist/index.mjs:11:22
    at Presence (file:///home/alex/projects/fin-model/frontend/node_modules/.pnpm/@radix-ui+react-presence@1.1.4_@types+react-dom@18.3.7_@types+react@18.3.23__@types+rea_587c7e8c3eecba09139e2afe2a783727/node_modules/@radix-ui/react-presence/dist/index.mjs:19:11)
    at Provider (file:///home/alex/projects/fin-model/frontend/node_modules/.pnpm/@radix-ui+react-context@1.1.2_@types+react@18.3.23_react@18.3.1/node_modules/@radix-ui/react-context/dist/index.mjs:27:15)
    at DialogPortal (file:///home/alex/projects/fin-model/frontend/node_modules/.pnpm/@radix-ui+react-dialog@1.1.14_@types+react-dom@18.3.7_@types+react@18.3.23__@types+reac_979338a14129bfbd4b93c15b369f3450/node_modules/@radix-ui/react-dialog/dist/index.mjs:85:11)
    at AlertDialogPortal (file:///home/alex/projects/fin-model/frontend/node_modules/.pnpm/@radix-ui+react-alert-dialog@1.1.14_@types+react-dom@18.3.7_@types+react@18.3.23__@type_66f0df9c34c45541864174e824164977/node_modules/@radix-ui/react-alert-dialog/dist/index.mjs:34:11)
    at /home/alex/projects/fin-model/frontend/src/design-system/components/AlertDialog.tsx:24:78
    at Provider (file:///home/alex/projects/fin-model/frontend/node_modules/.pnpm/@radix-ui+react-context@1.1.2_@types+react@18.3.23_react@18.3.1/node_modules/@radix-ui/react-context/dist/index.mjs:27:15)
    at Dialog (file:///home/alex/projects/fin-model/frontend/node_modules/.pnpm/@radix-ui+react-dialog@1.1.14_@types+react-dom@18.3.7_@types+react@18.3.23__@types+reac_979338a14129bfbd4b93c15b369f3450/node_modules/@radix-ui/react-dialog/dist/index.mjs:25:5)
    at AlertDialog (file:///home/alex/projects/fin-model/frontend/node_modules/.pnpm/@radix-ui+react-alert-dialog@1.1.14_@types+react-dom@18.3.7_@types+react@18.3.23__@type_66f0df9c34c45541864174e824164977/node_modules/@radix-ui/react-alert-dialog/dist/index.mjs:18:11)
    at ConfirmDialog (/home/alex/projects/fin-model/frontend/src/components/ui/ConfirmDialog.tsx:11:26)
    at div
    at AdminDashboard (/home/alex/projects/fin-model/frontend/src/pages/AdminDashboard.tsx:46:79)
Warning: An update to Presence inside a test was not wrapped in act(...).

When testing, code that causes React state updates should be wrapped into act(...):

act(() =&gt; {
  /* fire events that update state */
});
/* assert on the output */

This ensures that you&apos;re testing the behavior the user would see in the browser. Learn more at https://reactjs.org/link/wrap-tests-with-act
    at Presence (file:///home/alex/projects/fin-model/frontend/node_modules/.pnpm/@radix-ui+react-presence@1.1.4_@types+react-dom@18.3.7_@types+react@18.3.23__@types+rea_587c7e8c3eecba09139e2afe2a783727/node_modules/@radix-ui/react-presence/dist/index.mjs:19:11)
    at Provider (file:///home/alex/projects/fin-model/frontend/node_modules/.pnpm/@radix-ui+react-context@1.1.2_@types+react@18.3.23_react@18.3.1/node_modules/@radix-ui/react-context/dist/index.mjs:27:15)
    at DialogPortal (file:///home/alex/projects/fin-model/frontend/node_modules/.pnpm/@radix-ui+react-dialog@1.1.14_@types+react-dom@18.3.7_@types+react@18.3.23__@types+reac_979338a14129bfbd4b93c15b369f3450/node_modules/@radix-ui/react-dialog/dist/index.mjs:85:11)
    at AlertDialogPortal (file:///home/alex/projects/fin-model/frontend/node_modules/.pnpm/@radix-ui+react-alert-dialog@1.1.14_@types+react-dom@18.3.7_@types+react@18.3.23__@type_66f0df9c34c45541864174e824164977/node_modules/@radix-ui/react-alert-dialog/dist/index.mjs:34:11)
    at /home/alex/projects/fin-model/frontend/src/design-system/components/AlertDialog.tsx:24:78
    at Provider (file:///home/alex/projects/fin-model/frontend/node_modules/.pnpm/@radix-ui+react-context@1.1.2_@types+react@18.3.23_react@18.3.1/node_modules/@radix-ui/react-context/dist/index.mjs:27:15)
    at Dialog (file:///home/alex/projects/fin-model/frontend/node_modules/.pnpm/@radix-ui+react-dialog@1.1.14_@types+react-dom@18.3.7_@types+react@18.3.23__@types+reac_979338a14129bfbd4b93c15b369f3450/node_modules/@radix-ui/react-dialog/dist/index.mjs:25:5)
    at AlertDialog (file:///home/alex/projects/fin-model/frontend/node_modules/.pnpm/@radix-ui+react-alert-dialog@1.1.14_@types+react-dom@18.3.7_@types+react@18.3.23__@type_66f0df9c34c45541864174e824164977/node_modules/@radix-ui/react-alert-dialog/dist/index.mjs:18:11)
    at ConfirmDialog (/home/alex/projects/fin-model/frontend/src/components/ui/ConfirmDialog.tsx:11:26)
    at div
    at AdminDashboard (/home/alex/projects/fin-model/frontend/src/pages/AdminDashboard.tsx:46:79)
Warning: An update to DismissableLayer inside a test was not wrapped in act(...).

When testing, code that causes React state updates should be wrapped into act(...):

act(() =&gt; {
  /* fire events that update state */
});
/* assert on the output */

This ensures that you&apos;re testing the behavior the user would see in the browser. Learn more at https://reactjs.org/link/wrap-tests-with-act
    at file:///home/alex/projects/fin-model/frontend/node_modules/.pnpm/@radix-ui+react-dismissable-layer@1.1.10_@types+react-dom@18.3.7_@types+react@18.3.23___dbf8386523191e50867cd199de52aa0e/node_modules/@radix-ui/react-dismissable-layer/dist/index.mjs:24:7
    at file:///home/alex/projects/fin-model/frontend/node_modules/.pnpm/@radix-ui+react-slot@1.2.3_@types+react@18.3.23_react@18.3.1/node_modules/@radix-ui/react-slot/dist/index.mjs:33:13
    at file:///home/alex/projects/fin-model/frontend/node_modules/.pnpm/@radix-ui+react-slot@1.2.3_@types+react@18.3.23_react@18.3.1/node_modules/@radix-ui/react-slot/dist/index.mjs:9:13
    at file:///home/alex/projects/fin-model/frontend/node_modules/.pnpm/@radix-ui+react-primitive@2.1.3_@types+react-dom@18.3.7_@types+react@18.3.23__@types+re_db0ee435667e42f4b05fd5a9bb21abc3/node_modules/@radix-ui/react-primitive/dist/index.mjs:28:13
    at file:///home/alex/projects/fin-model/frontend/node_modules/.pnpm/@radix-ui+react-focus-scope@1.1.7_@types+react-dom@18.3.7_@types+react@18.3.23__@types+_f761c2ff2dd8a5cebf4e03dd795af57f/node_modules/@radix-ui/react-focus-scope/dist/index.mjs:15:5
    at file:///home/alex/projects/fin-model/frontend/node_modules/.pnpm/@radix-ui+react-dialog@1.1.14_@types+react-dom@18.3.7_@types+react@18.3.23__@types+reac_979338a14129bfbd4b93c15b369f3450/node_modules/@radix-ui/react-dialog/dist/index.mjs:206:13
    at file:///home/alex/projects/fin-model/frontend/node_modules/.pnpm/@radix-ui+react-dialog@1.1.14_@types+react-dom@18.3.7_@types+react@18.3.23__@types+reac_979338a14129bfbd4b93c15b369f3450/node_modules/@radix-ui/react-dialog/dist/index.mjs:132:58
    at Presence (file:///home/alex/projects/fin-model/frontend/node_modules/.pnpm/@radix-ui+react-presence@1.1.4_@types+react-dom@18.3.7_@types+react@18.3.23__@types+rea_587c7e8c3eecba09139e2afe2a783727/node_modules/@radix-ui/react-presence/dist/index.mjs:19:11)
    at file:///home/alex/projects/fin-model/frontend/node_modules/.pnpm/@radix-ui+react-dialog@1.1.14_@types+react-dom@18.3.7_@types+react@18.3.23__@types+reac_979338a14129bfbd4b93c15b369f3450/node_modules/@radix-ui/react-dialog/dist/index.mjs:123:64
    at Provider (file:///home/alex/projects/fin-model/frontend/node_modules/.pnpm/@radix-ui+react-context@1.1.2_@types+react@18.3.23_react@18.3.1/node_modules/@radix-ui/react-context/dist/index.mjs:27:15)
    at Provider (file:///home/alex/projects/fin-model/frontend/node_modules/.pnpm/@radix-ui+react-context@1.1.2_@types+react@18.3.23_react@18.3.1/node_modules/@radix-ui/react-context/dist/index.mjs:7:13)
    at file:///home/alex/projects/fin-model/frontend/node_modules/.pnpm/@radix-ui+react-alert-dialog@1.1.14_@types+react-dom@18.3.7_@types+react@18.3.23__@type_66f0df9c34c45541864174e824164977/node_modules/@radix-ui/react-alert-dialog/dist/index.mjs:53:13
    at file:///home/alex/projects/fin-model/frontend/node_modules/.pnpm/@radix-ui+react-slot@1.2.3_@types+react@18.3.23_react@18.3.1/node_modules/@radix-ui/react-slot/dist/index.mjs:33:13
    at file:///home/alex/projects/fin-model/frontend/node_modules/.pnpm/@radix-ui+react-slot@1.2.3_@types+react@18.3.23_react@18.3.1/node_modules/@radix-ui/react-slot/dist/index.mjs:9:13
    at file:///home/alex/projects/fin-model/frontend/node_modules/.pnpm/@radix-ui+react-primitive@2.1.3_@types+react-dom@18.3.7_@types+react@18.3.23__@types+re_db0ee435667e42f4b05fd5a9bb21abc3/node_modules/@radix-ui/react-primitive/dist/index.mjs:28:13
    at file:///home/alex/projects/fin-model/frontend/node_modules/.pnpm/@radix-ui+react-portal@1.1.9_@types+react-dom@18.3.7_@types+react@18.3.23__@types+react_6c1cd0a6f7cc4779efee75f9fbbe7053/node_modules/@radix-ui/react-portal/dist/index.mjs:11:22
    at Presence (file:///home/alex/projects/fin-model/frontend/node_modules/.pnpm/@radix-ui+react-presence@1.1.4_@types+react-dom@18.3.7_@types+react@18.3.23__@types+rea_587c7e8c3eecba09139e2afe2a783727/node_modules/@radix-ui/react-presence/dist/index.mjs:19:11)
    at Provider (file:///home/alex/projects/fin-model/frontend/node_modules/.pnpm/@radix-ui+react-context@1.1.2_@types+react@18.3.23_react@18.3.1/node_modules/@radix-ui/react-context/dist/index.mjs:27:15)
    at DialogPortal (file:///home/alex/projects/fin-model/frontend/node_modules/.pnpm/@radix-ui+react-dialog@1.1.14_@types+react-dom@18.3.7_@types+react@18.3.23__@types+reac_979338a14129bfbd4b93c15b369f3450/node_modules/@radix-ui/react-dialog/dist/index.mjs:85:11)
    at AlertDialogPortal (file:///home/alex/projects/fin-model/frontend/node_modules/.pnpm/@radix-ui+react-alert-dialog@1.1.14_@types+react-dom@18.3.7_@types+react@18.3.23__@type_66f0df9c34c45541864174e824164977/node_modules/@radix-ui/react-alert-dialog/dist/index.mjs:34:11)
    at /home/alex/projects/fin-model/frontend/src/design-system/components/AlertDialog.tsx:24:78
    at Provider (file:///home/alex/projects/fin-model/frontend/node_modules/.pnpm/@radix-ui+react-context@1.1.2_@types+react@18.3.23_react@18.3.1/node_modules/@radix-ui/react-context/dist/index.mjs:27:15)
    at Dialog (file:///home/alex/projects/fin-model/frontend/node_modules/.pnpm/@radix-ui+react-dialog@1.1.14_@types+react-dom@18.3.7_@types+react@18.3.23__@types+reac_979338a14129bfbd4b93c15b369f3450/node_modules/@radix-ui/react-dialog/dist/index.mjs:25:5)
    at AlertDialog (file:///home/alex/projects/fin-model/frontend/node_modules/.pnpm/@radix-ui+react-alert-dialog@1.1.14_@types+react-dom@18.3.7_@types+react@18.3.23__@type_66f0df9c34c45541864174e824164977/node_modules/@radix-ui/react-alert-dialog/dist/index.mjs:18:11)
    at ConfirmDialog (/home/alex/projects/fin-model/frontend/src/components/ui/ConfirmDialog.tsx:11:26)
    at div
    at AdminDashboard (/home/alex/projects/fin-model/frontend/src/pages/AdminDashboard.tsx:46:79)
Warning: An update to Presence inside a test was not wrapped in act(...).

When testing, code that causes React state updates should be wrapped into act(...):

act(() =&gt; {
  /* fire events that update state */
});
/* assert on the output */

This ensures that you&apos;re testing the behavior the user would see in the browser. Learn more at https://reactjs.org/link/wrap-tests-with-act
    at Presence (file:///home/alex/projects/fin-model/frontend/node_modules/.pnpm/@radix-ui+react-presence@1.1.4_@types+react-dom@18.3.7_@types+react@18.3.23__@types+rea_587c7e8c3eecba09139e2afe2a783727/node_modules/@radix-ui/react-presence/dist/index.mjs:19:11)
    at file:///home/alex/projects/fin-model/frontend/node_modules/.pnpm/@radix-ui+react-dialog@1.1.14_@types+react-dom@18.3.7_@types+react@18.3.23__@types+reac_979338a14129bfbd4b93c15b369f3450/node_modules/@radix-ui/react-dialog/dist/index.mjs:93:64
    at file:///home/alex/projects/fin-model/frontend/node_modules/.pnpm/@radix-ui+react-alert-dialog@1.1.14_@types+react-dom@18.3.7_@types+react@18.3.23__@type_66f0df9c34c45541864174e824164977/node_modules/@radix-ui/react-alert-dialog/dist/index.mjs:42:13
    at /home/alex/projects/fin-model/frontend/src/design-system/components/AlertDialog.tsx:14:78
    at file:///home/alex/projects/fin-model/frontend/node_modules/.pnpm/@radix-ui+react-slot@1.2.3_@types+react@18.3.23_react@18.3.1/node_modules/@radix-ui/react-slot/dist/index.mjs:33:13
    at file:///home/alex/projects/fin-model/frontend/node_modules/.pnpm/@radix-ui+react-slot@1.2.3_@types+react@18.3.23_react@18.3.1/node_modules/@radix-ui/react-slot/dist/index.mjs:9:13
    at file:///home/alex/projects/fin-model/frontend/node_modules/.pnpm/@radix-ui+react-primitive@2.1.3_@types+react-dom@18.3.7_@types+react@18.3.23__@types+re_db0ee435667e42f4b05fd5a9bb21abc3/node_modules/@radix-ui/react-primitive/dist/index.mjs:28:13
    at file:///home/alex/projects/fin-model/frontend/node_modules/.pnpm/@radix-ui+react-portal@1.1.9_@types+react-dom@18.3.7_@types+react@18.3.23__@types+react_6c1cd0a6f7cc4779efee75f9fbbe7053/node_modules/@radix-ui/react-portal/dist/index.mjs:11:22
    at Presence (file:///home/alex/projects/fin-model/frontend/node_modules/.pnpm/@radix-ui+react-presence@1.1.4_@types+react-dom@18.3.7_@types+react@18.3.23__@types+rea_587c7e8c3eecba09139e2afe2a783727/node_modules/@radix-ui/react-presence/dist/index.mjs:19:11)
    at Provider (file:///home/alex/projects/fin-model/frontend/node_modules/.pnpm/@radix-ui+react-context@1.1.2_@types+react@18.3.23_react@18.3.1/node_modules/@radix-ui/react-context/dist/index.mjs:27:15)
    at DialogPortal (file:///home/alex/projects/fin-model/frontend/node_modules/.pnpm/@radix-ui+react-dialog@1.1.14_@types+react-dom@18.3.7_@types+react@18.3.23__@types+reac_979338a14129bfbd4b93c15b369f3450/node_modules/@radix-ui/react-dialog/dist/index.mjs:85:11)
    at AlertDialogPortal (file:///home/alex/projects/fin-model/frontend/node_modules/.pnpm/@radix-ui+react-alert-dialog@1.1.14_@types+react-dom@18.3.7_@types+react@18.3.23__@type_66f0df9c34c45541864174e824164977/node_modules/@radix-ui/react-alert-dialog/dist/index.mjs:34:11)
    at /home/alex/projects/fin-model/frontend/src/design-system/components/AlertDialog.tsx:24:78
    at Provider (file:///home/alex/projects/fin-model/frontend/node_modules/.pnpm/@radix-ui+react-context@1.1.2_@types+react@18.3.23_react@18.3.1/node_modules/@radix-ui/react-context/dist/index.mjs:27:15)
    at Dialog (file:///home/alex/projects/fin-model/frontend/node_modules/.pnpm/@radix-ui+react-dialog@1.1.14_@types+react-dom@18.3.7_@types+react@18.3.23__@types+reac_979338a14129bfbd4b93c15b369f3450/node_modules/@radix-ui/react-dialog/dist/index.mjs:25:5)
    at AlertDialog (file:///home/alex/projects/fin-model/frontend/node_modules/.pnpm/@radix-ui+react-alert-dialog@1.1.14_@types+react-dom@18.3.7_@types+react@18.3.23__@type_66f0df9c34c45541864174e824164977/node_modules/@radix-ui/react-alert-dialog/dist/index.mjs:18:11)
    at ConfirmDialog (/home/alex/projects/fin-model/frontend/src/components/ui/ConfirmDialog.tsx:11:26)
    at div
    at AdminDashboard (/home/alex/projects/fin-model/frontend/src/pages/AdminDashboard.tsx:46:79)
Warning: An update to Presence inside a test was not wrapped in act(...).

When testing, code that causes React state updates should be wrapped into act(...):

act(() =&gt; {
  /* fire events that update state */
});
/* assert on the output */

This ensures that you&apos;re testing the behavior the user would see in the browser. Learn more at https://reactjs.org/link/wrap-tests-with-act
    at Presence (file:///home/alex/projects/fin-model/frontend/node_modules/.pnpm/@radix-ui+react-presence@1.1.4_@types+react-dom@18.3.7_@types+react@18.3.23__@types+rea_587c7e8c3eecba09139e2afe2a783727/node_modules/@radix-ui/react-presence/dist/index.mjs:19:11)
    at Provider (file:///home/alex/projects/fin-model/frontend/node_modules/.pnpm/@radix-ui+react-context@1.1.2_@types+react@18.3.23_react@18.3.1/node_modules/@radix-ui/react-context/dist/index.mjs:27:15)
    at DialogPortal (file:///home/alex/projects/fin-model/frontend/node_modules/.pnpm/@radix-ui+react-dialog@1.1.14_@types+react-dom@18.3.7_@types+react@18.3.23__@types+reac_979338a14129bfbd4b93c15b369f3450/node_modules/@radix-ui/react-dialog/dist/index.mjs:85:11)
    at AlertDialogPortal (file:///home/alex/projects/fin-model/frontend/node_modules/.pnpm/@radix-ui+react-alert-dialog@1.1.14_@types+react-dom@18.3.7_@types+react@18.3.23__@type_66f0df9c34c45541864174e824164977/node_modules/@radix-ui/react-alert-dialog/dist/index.mjs:34:11)
    at /home/alex/projects/fin-model/frontend/src/design-system/components/AlertDialog.tsx:24:78
    at Provider (file:///home/alex/projects/fin-model/frontend/node_modules/.pnpm/@radix-ui+react-context@1.1.2_@types+react@18.3.23_react@18.3.1/node_modules/@radix-ui/react-context/dist/index.mjs:27:15)
    at Dialog (file:///home/alex/projects/fin-model/frontend/node_modules/.pnpm/@radix-ui+react-dialog@1.1.14_@types+react-dom@18.3.7_@types+react@18.3.23__@types+reac_979338a14129bfbd4b93c15b369f3450/node_modules/@radix-ui/react-dialog/dist/index.mjs:25:5)
    at AlertDialog (file:///home/alex/projects/fin-model/frontend/node_modules/.pnpm/@radix-ui+react-alert-dialog@1.1.14_@types+react-dom@18.3.7_@types+react@18.3.23__@type_66f0df9c34c45541864174e824164977/node_modules/@radix-ui/react-alert-dialog/dist/index.mjs:18:11)
    at ConfirmDialog (/home/alex/projects/fin-model/frontend/src/components/ui/ConfirmDialog.tsx:11:26)
    at div
    at AdminDashboard (/home/alex/projects/fin-model/frontend/src/pages/AdminDashboard.tsx:46:79)
Warning: An update to FocusScope inside a test was not wrapped in act(...).

When testing, code that causes React state updates should be wrapped into act(...):

act(() =&gt; {
  /* fire events that update state */
});
/* assert on the output */

This ensures that you&apos;re testing the behavior the user would see in the browser. Learn more at https://reactjs.org/link/wrap-tests-with-act
    at file:///home/alex/projects/fin-model/frontend/node_modules/.pnpm/@radix-ui+react-focus-scope@1.1.7_@types+react-dom@18.3.7_@types+react@18.3.23__@types+_f761c2ff2dd8a5cebf4e03dd795af57f/node_modules/@radix-ui/react-focus-scope/dist/index.mjs:15:5
    at file:///home/alex/projects/fin-model/frontend/node_modules/.pnpm/@radix-ui+react-dialog@1.1.14_@types+react-dom@18.3.7_@types+react@18.3.23__@types+reac_979338a14129bfbd4b93c15b369f3450/node_modules/@radix-ui/react-dialog/dist/index.mjs:206:13
    at file:///home/alex/projects/fin-model/frontend/node_modules/.pnpm/@radix-ui+react-dialog@1.1.14_@types+react-dom@18.3.7_@types+react@18.3.23__@types+reac_979338a14129bfbd4b93c15b369f3450/node_modules/@radix-ui/react-dialog/dist/index.mjs:132:58
    at Presence (file:///home/alex/projects/fin-model/frontend/node_modules/.pnpm/@radix-ui+react-presence@1.1.4_@types+react-dom@18.3.7_@types+react@18.3.23__@types+rea_587c7e8c3eecba09139e2afe2a783727/node_modules/@radix-ui/react-presence/dist/index.mjs:19:11)
    at file:///home/alex/projects/fin-model/frontend/node_modules/.pnpm/@radix-ui+react-dialog@1.1.14_@types+react-dom@18.3.7_@types+react@18.3.23__@types+reac_979338a14129bfbd4b93c15b369f3450/node_modules/@radix-ui/react-dialog/dist/index.mjs:123:64
    at Provider (file:///home/alex/projects/fin-model/frontend/node_modules/.pnpm/@radix-ui+react-context@1.1.2_@types+react@18.3.23_react@18.3.1/node_modules/@radix-ui/react-context/dist/index.mjs:27:15)
    at Provider (file:///home/alex/projects/fin-model/frontend/node_modules/.pnpm/@radix-ui+react-context@1.1.2_@types+react@18.3.23_react@18.3.1/node_modules/@radix-ui/react-context/dist/index.mjs:7:13)
    at file:///home/alex/projects/fin-model/frontend/node_modules/.pnpm/@radix-ui+react-alert-dialog@1.1.14_@types+react-dom@18.3.7_@types+react@18.3.23__@type_66f0df9c34c45541864174e824164977/node_modules/@radix-ui/react-alert-dialog/dist/index.mjs:53:13
    at file:///home/alex/projects/fin-model/frontend/node_modules/.pnpm/@radix-ui+react-slot@1.2.3_@types+react@18.3.23_react@18.3.1/node_modules/@radix-ui/react-slot/dist/index.mjs:33:13
    at file:///home/alex/projects/fin-model/frontend/node_modules/.pnpm/@radix-ui+react-slot@1.2.3_@types+react@18.3.23_react@18.3.1/node_modules/@radix-ui/react-slot/dist/index.mjs:9:13
    at file:///home/alex/projects/fin-model/frontend/node_modules/.pnpm/@radix-ui+react-primitive@2.1.3_@types+react-dom@18.3.7_@types+react@18.3.23__@types+re_db0ee435667e42f4b05fd5a9bb21abc3/node_modules/@radix-ui/react-primitive/dist/index.mjs:28:13
    at file:///home/alex/projects/fin-model/frontend/node_modules/.pnpm/@radix-ui+react-portal@1.1.9_@types+react-dom@18.3.7_@types+react@18.3.23__@types+react_6c1cd0a6f7cc4779efee75f9fbbe7053/node_modules/@radix-ui/react-portal/dist/index.mjs:11:22
    at Presence (file:///home/alex/projects/fin-model/frontend/node_modules/.pnpm/@radix-ui+react-presence@1.1.4_@types+react-dom@18.3.7_@types+react@18.3.23__@types+rea_587c7e8c3eecba09139e2afe2a783727/node_modules/@radix-ui/react-presence/dist/index.mjs:19:11)
    at Provider (file:///home/alex/projects/fin-model/frontend/node_modules/.pnpm/@radix-ui+react-context@1.1.2_@types+react@18.3.23_react@18.3.1/node_modules/@radix-ui/react-context/dist/index.mjs:27:15)
    at DialogPortal (file:///home/alex/projects/fin-model/frontend/node_modules/.pnpm/@radix-ui+react-dialog@1.1.14_@types+react-dom@18.3.7_@types+react@18.3.23__@types+reac_979338a14129bfbd4b93c15b369f3450/node_modules/@radix-ui/react-dialog/dist/index.mjs:85:11)
    at AlertDialogPortal (file:///home/alex/projects/fin-model/frontend/node_modules/.pnpm/@radix-ui+react-alert-dialog@1.1.14_@types+react-dom@18.3.7_@types+react@18.3.23__@type_66f0df9c34c45541864174e824164977/node_modules/@radix-ui/react-alert-dialog/dist/index.mjs:34:11)
    at /home/alex/projects/fin-model/frontend/src/design-system/components/AlertDialog.tsx:24:78
    at Provider (file:///home/alex/projects/fin-model/frontend/node_modules/.pnpm/@radix-ui+react-context@1.1.2_@types+react@18.3.23_react@18.3.1/node_modules/@radix-ui/react-context/dist/index.mjs:27:15)
    at Dialog (file:///home/alex/projects/fin-model/frontend/node_modules/.pnpm/@radix-ui+react-dialog@1.1.14_@types+react-dom@18.3.7_@types+react@18.3.23__@types+reac_979338a14129bfbd4b93c15b369f3450/node_modules/@radix-ui/react-dialog/dist/index.mjs:25:5)
    at AlertDialog (file:///home/alex/projects/fin-model/frontend/node_modules/.pnpm/@radix-ui+react-alert-dialog@1.1.14_@types+react-dom@18.3.7_@types+react@18.3.23__@type_66f0df9c34c45541864174e824164977/node_modules/@radix-ui/react-alert-dialog/dist/index.mjs:18:11)
    at ConfirmDialog (/home/alex/projects/fin-model/frontend/src/components/ui/ConfirmDialog.tsx:11:26)
    at div
    at AdminDashboard (/home/alex/projects/fin-model/frontend/src/pages/AdminDashboard.tsx:46:79)
Warning: An update to Presence inside a test was not wrapped in act(...).

When testing, code that causes React state updates should be wrapped into act(...):

act(() =&gt; {
  /* fire events that update state */
});
/* assert on the output */

This ensures that you&apos;re testing the behavior the user would see in the browser. Learn more at https://reactjs.org/link/wrap-tests-with-act
    at Presence (file:///home/alex/projects/fin-model/frontend/node_modules/.pnpm/@radix-ui+react-presence@1.1.4_@types+react-dom@18.3.7_@types+react@18.3.23__@types+rea_587c7e8c3eecba09139e2afe2a783727/node_modules/@radix-ui/react-presence/dist/index.mjs:19:11)
    at file:///home/alex/projects/fin-model/frontend/node_modules/.pnpm/@radix-ui+react-dialog@1.1.14_@types+react-dom@18.3.7_@types+react@18.3.23__@types+reac_979338a14129bfbd4b93c15b369f3450/node_modules/@radix-ui/react-dialog/dist/index.mjs:123:64
    at Provider (file:///home/alex/projects/fin-model/frontend/node_modules/.pnpm/@radix-ui+react-context@1.1.2_@types+react@18.3.23_react@18.3.1/node_modules/@radix-ui/react-context/dist/index.mjs:27:15)
    at Provider (file:///home/alex/projects/fin-model/frontend/node_modules/.pnpm/@radix-ui+react-context@1.1.2_@types+react@18.3.23_react@18.3.1/node_modules/@radix-ui/react-context/dist/index.mjs:7:13)
    at file:///home/alex/projects/fin-model/frontend/node_modules/.pnpm/@radix-ui+react-alert-dialog@1.1.14_@types+react-dom@18.3.7_@types+react@18.3.23__@type_66f0df9c34c45541864174e824164977/node_modules/@radix-ui/react-alert-dialog/dist/index.mjs:53:13
    at file:///home/alex/projects/fin-model/frontend/node_modules/.pnpm/@radix-ui+react-slot@1.2.3_@types+react@18.3.23_react@18.3.1/node_modules/@radix-ui/react-slot/dist/index.mjs:33:13
    at file:///home/alex/projects/fin-model/frontend/node_modules/.pnpm/@radix-ui+react-slot@1.2.3_@types+react@18.3.23_react@18.3.1/node_modules/@radix-ui/react-slot/dist/index.mjs:9:13
    at file:///home/alex/projects/fin-model/frontend/node_modules/.pnpm/@radix-ui+react-primitive@2.1.3_@types+react-dom@18.3.7_@types+react@18.3.23__@types+re_db0ee435667e42f4b05fd5a9bb21abc3/node_modules/@radix-ui/react-primitive/dist/index.mjs:28:13
    at file:///home/alex/projects/fin-model/frontend/node_modules/.pnpm/@radix-ui+react-portal@1.1.9_@types+react-dom@18.3.7_@types+react@18.3.23__@types+react_6c1cd0a6f7cc4779efee75f9fbbe7053/node_modules/@radix-ui/react-portal/dist/index.mjs:11:22
    at Presence (file:///home/alex/projects/fin-model/frontend/node_modules/.pnpm/@radix-ui+react-presence@1.1.4_@types+react-dom@18.3.7_@types+react@18.3.23__@types+rea_587c7e8c3eecba09139e2afe2a783727/node_modules/@radix-ui/react-presence/dist/index.mjs:19:11)
    at Provider (file:///home/alex/projects/fin-model/frontend/node_modules/.pnpm/@radix-ui+react-context@1.1.2_@types+react@18.3.23_react@18.3.1/node_modules/@radix-ui/react-context/dist/index.mjs:27:15)
    at DialogPortal (file:///home/alex/projects/fin-model/frontend/node_modules/.pnpm/@radix-ui+react-dialog@1.1.14_@types+react-dom@18.3.7_@types+react@18.3.23__@types+reac_979338a14129bfbd4b93c15b369f3450/node_modules/@radix-ui/react-dialog/dist/index.mjs:85:11)
    at AlertDialogPortal (file:///home/alex/projects/fin-model/frontend/node_modules/.pnpm/@radix-ui+react-alert-dialog@1.1.14_@types+react-dom@18.3.7_@types+react@18.3.23__@type_66f0df9c34c45541864174e824164977/node_modules/@radix-ui/react-alert-dialog/dist/index.mjs:34:11)
    at /home/alex/projects/fin-model/frontend/src/design-system/components/AlertDialog.tsx:24:78
    at Provider (file:///home/alex/projects/fin-model/frontend/node_modules/.pnpm/@radix-ui+react-context@1.1.2_@types+react@18.3.23_react@18.3.1/node_modules/@radix-ui/react-context/dist/index.mjs:27:15)
    at Dialog (file:///home/alex/projects/fin-model/frontend/node_modules/.pnpm/@radix-ui+react-dialog@1.1.14_@types+react-dom@18.3.7_@types+react@18.3.23__@types+reac_979338a14129bfbd4b93c15b369f3450/node_modules/@radix-ui/react-dialog/dist/index.mjs:25:5)
    at AlertDialog (file:///home/alex/projects/fin-model/frontend/node_modules/.pnpm/@radix-ui+react-alert-dialog@1.1.14_@types+react-dom@18.3.7_@types+react@18.3.23__@type_66f0df9c34c45541864174e824164977/node_modules/@radix-ui/react-alert-dialog/dist/index.mjs:18:11)
    at ConfirmDialog (/home/alex/projects/fin-model/frontend/src/components/ui/ConfirmDialog.tsx:11:26)
    at div
    at AdminDashboard (/home/alex/projects/fin-model/frontend/src/pages/AdminDashboard.tsx:46:79)
Warning: An update to Presence inside a test was not wrapped in act(...).

When testing, code that causes React state updates should be wrapped into act(...):

act(() =&gt; {
  /* fire events that update state */
});
/* assert on the output */

This ensures that you&apos;re testing the behavior the user would see in the browser. Learn more at https://reactjs.org/link/wrap-tests-with-act
    at Presence (file:///home/alex/projects/fin-model/frontend/node_modules/.pnpm/@radix-ui+react-presence@1.1.4_@types+react-dom@18.3.7_@types+react@18.3.23__@types+rea_587c7e8c3eecba09139e2afe2a783727/node_modules/@radix-ui/react-presence/dist/index.mjs:19:11)
    at Provider (file:///home/alex/projects/fin-model/frontend/node_modules/.pnpm/@radix-ui+react-context@1.1.2_@types+react@18.3.23_react@18.3.1/node_modules/@radix-ui/react-context/dist/index.mjs:27:15)
    at DialogPortal (file:///home/alex/projects/fin-model/frontend/node_modules/.pnpm/@radix-ui+react-dialog@1.1.14_@types+react-dom@18.3.7_@types+react@18.3.23__@types+reac_979338a14129bfbd4b93c15b369f3450/node_modules/@radix-ui/react-dialog/dist/index.mjs:85:11)
    at AlertDialogPortal (file:///home/alex/projects/fin-model/frontend/node_modules/.pnpm/@radix-ui+react-alert-dialog@1.1.14_@types+react-dom@18.3.7_@types+react@18.3.23__@type_66f0df9c34c45541864174e824164977/node_modules/@radix-ui/react-alert-dialog/dist/index.mjs:34:11)
    at /home/alex/projects/fin-model/frontend/src/design-system/components/AlertDialog.tsx:24:78
    at Provider (file:///home/alex/projects/fin-model/frontend/node_modules/.pnpm/@radix-ui+react-context@1.1.2_@types+react@18.3.23_react@18.3.1/node_modules/@radix-ui/react-context/dist/index.mjs:27:15)
    at Dialog (file:///home/alex/projects/fin-model/frontend/node_modules/.pnpm/@radix-ui+react-dialog@1.1.14_@types+react-dom@18.3.7_@types+react@18.3.23__@types+reac_979338a14129bfbd4b93c15b369f3450/node_modules/@radix-ui/react-dialog/dist/index.mjs:25:5)
    at AlertDialog (file:///home/alex/projects/fin-model/frontend/node_modules/.pnpm/@radix-ui+react-alert-dialog@1.1.14_@types+react-dom@18.3.7_@types+react@18.3.23__@type_66f0df9c34c45541864174e824164977/node_modules/@radix-ui/react-alert-dialog/dist/index.mjs:18:11)
    at ConfirmDialog (/home/alex/projects/fin-model/frontend/src/components/ui/ConfirmDialog.tsx:11:26)
    at div
    at AdminDashboard (/home/alex/projects/fin-model/frontend/src/pages/AdminDashboard.tsx:46:79)
Warning: An update to DismissableLayer inside a test was not wrapped in act(...).

When testing, code that causes React state updates should be wrapped into act(...):

act(() =&gt; {
  /* fire events that update state */
});
/* assert on the output */

This ensures that you&apos;re testing the behavior the user would see in the browser. Learn more at https://reactjs.org/link/wrap-tests-with-act
    at file:///home/alex/projects/fin-model/frontend/node_modules/.pnpm/@radix-ui+react-dismissable-layer@1.1.10_@types+react-dom@18.3.7_@types+react@18.3.23___dbf8386523191e50867cd199de52aa0e/node_modules/@radix-ui/react-dismissable-layer/dist/index.mjs:24:7
    at file:///home/alex/projects/fin-model/frontend/node_modules/.pnpm/@radix-ui+react-slot@1.2.3_@types+react@18.3.23_react@18.3.1/node_modules/@radix-ui/react-slot/dist/index.mjs:33:13
    at file:///home/alex/projects/fin-model/frontend/node_modules/.pnpm/@radix-ui+react-slot@1.2.3_@types+react@18.3.23_react@18.3.1/node_modules/@radix-ui/react-slot/dist/index.mjs:9:13
    at file:///home/alex/projects/fin-model/frontend/node_modules/.pnpm/@radix-ui+react-primitive@2.1.3_@types+react-dom@18.3.7_@types+react@18.3.23__@types+re_db0ee435667e42f4b05fd5a9bb21abc3/node_modules/@radix-ui/react-primitive/dist/index.mjs:28:13
    at file:///home/alex/projects/fin-model/frontend/node_modules/.pnpm/@radix-ui+react-focus-scope@1.1.7_@types+react-dom@18.3.7_@types+react@18.3.23__@types+_f761c2ff2dd8a5cebf4e03dd795af57f/node_modules/@radix-ui/react-focus-scope/dist/index.mjs:15:5
    at file:///home/alex/projects/fin-model/frontend/node_modules/.pnpm/@radix-ui+react-dialog@1.1.14_@types+react-dom@18.3.7_@types+react@18.3.23__@types+reac_979338a14129bfbd4b93c15b369f3450/node_modules/@radix-ui/react-dialog/dist/index.mjs:206:13
    at file:///home/alex/projects/fin-model/frontend/node_modules/.pnpm/@radix-ui+react-dialog@1.1.14_@types+react-dom@18.3.7_@types+react@18.3.23__@types+reac_979338a14129bfbd4b93c15b369f3450/node_modules/@radix-ui/react-dialog/dist/index.mjs:132:58
    at Presence (file:///home/alex/projects/fin-model/frontend/node_modules/.pnpm/@radix-ui+react-presence@1.1.4_@types+react-dom@18.3.7_@types+react@18.3.23__@types+rea_587c7e8c3eecba09139e2afe2a783727/node_modules/@radix-ui/react-presence/dist/index.mjs:19:11)
    at file:///home/alex/projects/fin-model/frontend/node_modules/.pnpm/@radix-ui+react-dialog@1.1.14_@types+react-dom@18.3.7_@types+react@18.3.23__@types+reac_979338a14129bfbd4b93c15b369f3450/node_modules/@radix-ui/react-dialog/dist/index.mjs:123:64
    at Provider (file:///home/alex/projects/fin-model/frontend/node_modules/.pnpm/@radix-ui+react-context@1.1.2_@types+react@18.3.23_react@18.3.1/node_modules/@radix-ui/react-context/dist/index.mjs:27:15)
    at Provider (file:///home/alex/projects/fin-model/frontend/node_modules/.pnpm/@radix-ui+react-context@1.1.2_@types+react@18.3.23_react@18.3.1/node_modules/@radix-ui/react-context/dist/index.mjs:7:13)
    at file:///home/alex/projects/fin-model/frontend/node_modules/.pnpm/@radix-ui+react-alert-dialog@1.1.14_@types+react-dom@18.3.7_@types+react@18.3.23__@type_66f0df9c34c45541864174e824164977/node_modules/@radix-ui/react-alert-dialog/dist/index.mjs:53:13
    at file:///home/alex/projects/fin-model/frontend/node_modules/.pnpm/@radix-ui+react-slot@1.2.3_@types+react@18.3.23_react@18.3.1/node_modules/@radix-ui/react-slot/dist/index.mjs:33:13
    at file:///home/alex/projects/fin-model/frontend/node_modules/.pnpm/@radix-ui+react-slot@1.2.3_@types+react@18.3.23_react@18.3.1/node_modules/@radix-ui/react-slot/dist/index.mjs:9:13
    at file:///home/alex/projects/fin-model/frontend/node_modules/.pnpm/@radix-ui+react-primitive@2.1.3_@types+react-dom@18.3.7_@types+react@18.3.23__@types+re_db0ee435667e42f4b05fd5a9bb21abc3/node_modules/@radix-ui/react-primitive/dist/index.mjs:28:13
    at file:///home/alex/projects/fin-model/frontend/node_modules/.pnpm/@radix-ui+react-portal@1.1.9_@types+react-dom@18.3.7_@types+react@18.3.23__@types+react_6c1cd0a6f7cc4779efee75f9fbbe7053/node_modules/@radix-ui/react-portal/dist/index.mjs:11:22
    at Presence (file:///home/alex/projects/fin-model/frontend/node_modules/.pnpm/@radix-ui+react-presence@1.1.4_@types+react-dom@18.3.7_@types+react@18.3.23__@types+rea_587c7e8c3eecba09139e2afe2a783727/node_modules/@radix-ui/react-presence/dist/index.mjs:19:11)
    at Provider (file:///home/alex/projects/fin-model/frontend/node_modules/.pnpm/@radix-ui+react-context@1.1.2_@types+react@18.3.23_react@18.3.1/node_modules/@radix-ui/react-context/dist/index.mjs:27:15)
    at DialogPortal (file:///home/alex/projects/fin-model/frontend/node_modules/.pnpm/@radix-ui+react-dialog@1.1.14_@types+react-dom@18.3.7_@types+react@18.3.23__@types+reac_979338a14129bfbd4b93c15b369f3450/node_modules/@radix-ui/react-dialog/dist/index.mjs:85:11)
    at AlertDialogPortal (file:///home/alex/projects/fin-model/frontend/node_modules/.pnpm/@radix-ui+react-alert-dialog@1.1.14_@types+react-dom@18.3.7_@types+react@18.3.23__@type_66f0df9c34c45541864174e824164977/node_modules/@radix-ui/react-alert-dialog/dist/index.mjs:34:11)
    at /home/alex/projects/fin-model/frontend/src/design-system/components/AlertDialog.tsx:24:78
    at Provider (file:///home/alex/projects/fin-model/frontend/node_modules/.pnpm/@radix-ui+react-context@1.1.2_@types+react@18.3.23_react@18.3.1/node_modules/@radix-ui/react-context/dist/index.mjs:27:15)
    at Dialog (file:///home/alex/projects/fin-model/frontend/node_modules/.pnpm/@radix-ui+react-dialog@1.1.14_@types+react-dom@18.3.7_@types+react@18.3.23__@types+reac_979338a14129bfbd4b93c15b369f3450/node_modules/@radix-ui/react-dialog/dist/index.mjs:25:5)
    at AlertDialog (file:///home/alex/projects/fin-model/frontend/node_modules/.pnpm/@radix-ui+react-alert-dialog@1.1.14_@types+react-dom@18.3.7_@types+react@18.3.23__@type_66f0df9c34c45541864174e824164977/node_modules/@radix-ui/react-alert-dialog/dist/index.mjs:18:11)
    at ConfirmDialog (/home/alex/projects/fin-model/frontend/src/components/ui/ConfirmDialog.tsx:11:26)
    at div
    at AdminDashboard (/home/alex/projects/fin-model/frontend/src/pages/AdminDashboard.tsx:46:79)

Warning: An update to AdminDashboard inside a test was not wrapped in act(...).

When testing, code that causes React state updates should be wrapped into act(...):

act(() =&gt; {
  /* fire events that update state */
});
/* assert on the output */

This ensures that you&apos;re testing the behavior the user would see in the browser. Learn more at https://reactjs.org/link/wrap-tests-with-act
    at AdminDashboard (/home/alex/projects/fin-model/frontend/src/pages/AdminDashboard.tsx:46:79)
Warning: An update to AdminDashboard inside a test was not wrapped in act(...).

When testing, code that causes React state updates should be wrapped into act(...):

act(() =&gt; {
  /* fire events that update state */
});
/* assert on the output */

This ensures that you&apos;re testing the behavior the user would see in the browser. Learn more at https://reactjs.org/link/wrap-tests-with-act
    at AdminDashboard (/home/alex/projects/fin-model/frontend/src/pages/AdminDashboard.tsx:46:79)
Warning: An update to Presence inside a test was not wrapped in act(...).

When testing, code that causes React state updates should be wrapped into act(...):

act(() =&gt; {
  /* fire events that update state */
});
/* assert on the output */

This ensures that you&apos;re testing the behavior the user would see in the browser. Learn more at https://reactjs.org/link/wrap-tests-with-act
    at Presence (file:///home/alex/projects/fin-model/frontend/node_modules/.pnpm/@radix-ui+react-presence@1.1.4_@types+react-dom@18.3.7_@types+react@18.3.23__@types+rea_587c7e8c3eecba09139e2afe2a783727/node_modules/@radix-ui/react-presence/dist/index.mjs:19:11)
    at file:///home/alex/projects/fin-model/frontend/node_modules/.pnpm/@radix-ui+react-dialog@1.1.14_@types+react-dom@18.3.7_@types+react@18.3.23__@types+reac_979338a14129bfbd4b93c15b369f3450/node_modules/@radix-ui/react-dialog/dist/index.mjs:93:64
    at file:///home/alex/projects/fin-model/frontend/node_modules/.pnpm/@radix-ui+react-alert-dialog@1.1.14_@types+react-dom@18.3.7_@types+react@18.3.23__@type_66f0df9c34c45541864174e824164977/node_modules/@radix-ui/react-alert-dialog/dist/index.mjs:42:13
    at /home/alex/projects/fin-model/frontend/src/design-system/components/AlertDialog.tsx:14:78
    at file:///home/alex/projects/fin-model/frontend/node_modules/.pnpm/@radix-ui+react-slot@1.2.3_@types+react@18.3.23_react@18.3.1/node_modules/@radix-ui/react-slot/dist/index.mjs:33:13
    at file:///home/alex/projects/fin-model/frontend/node_modules/.pnpm/@radix-ui+react-slot@1.2.3_@types+react@18.3.23_react@18.3.1/node_modules/@radix-ui/react-slot/dist/index.mjs:9:13
    at file:///home/alex/projects/fin-model/frontend/node_modules/.pnpm/@radix-ui+react-primitive@2.1.3_@types+react-dom@18.3.7_@types+react@18.3.23__@types+re_db0ee435667e42f4b05fd5a9bb21abc3/node_modules/@radix-ui/react-primitive/dist/index.mjs:28:13
    at file:///home/alex/projects/fin-model/frontend/node_modules/.pnpm/@radix-ui+react-portal@1.1.9_@types+react-dom@18.3.7_@types+react@18.3.23__@types+react_6c1cd0a6f7cc4779efee75f9fbbe7053/node_modules/@radix-ui/react-portal/dist/index.mjs:11:22
    at Presence (file:///home/alex/projects/fin-model/frontend/node_modules/.pnpm/@radix-ui+react-presence@1.1.4_@types+react-dom@18.3.7_@types+react@18.3.23__@types+rea_587c7e8c3eecba09139e2afe2a783727/node_modules/@radix-ui/react-presence/dist/index.mjs:19:11)
    at Provider (file:///home/alex/projects/fin-model/frontend/node_modules/.pnpm/@radix-ui+react-context@1.1.2_@types+react@18.3.23_react@18.3.1/node_modules/@radix-ui/react-context/dist/index.mjs:27:15)
    at DialogPortal (file:///home/alex/projects/fin-model/frontend/node_modules/.pnpm/@radix-ui+react-dialog@1.1.14_@types+react-dom@18.3.7_@types+react@18.3.23__@types+reac_979338a14129bfbd4b93c15b369f3450/node_modules/@radix-ui/react-dialog/dist/index.mjs:85:11)
    at AlertDialogPortal (file:///home/alex/projects/fin-model/frontend/node_modules/.pnpm/@radix-ui+react-alert-dialog@1.1.14_@types+react-dom@18.3.7_@types+react@18.3.23__@type_66f0df9c34c45541864174e824164977/node_modules/@radix-ui/react-alert-dialog/dist/index.mjs:34:11)
    at /home/alex/projects/fin-model/frontend/src/design-system/components/AlertDialog.tsx:24:78
    at Provider (file:///home/alex/projects/fin-model/frontend/node_modules/.pnpm/@radix-ui+react-context@1.1.2_@types+react@18.3.23_react@18.3.1/node_modules/@radix-ui/react-context/dist/index.mjs:27:15)
    at Dialog (file:///home/alex/projects/fin-model/frontend/node_modules/.pnpm/@radix-ui+react-dialog@1.1.14_@types+react-dom@18.3.7_@types+react@18.3.23__@types+reac_979338a14129bfbd4b93c15b369f3450/node_modules/@radix-ui/react-dialog/dist/index.mjs:25:5)
    at AlertDialog (file:///home/alex/projects/fin-model/frontend/node_modules/.pnpm/@radix-ui+react-alert-dialog@1.1.14_@types+react-dom@18.3.7_@types+react@18.3.23__@type_66f0df9c34c45541864174e824164977/node_modules/@radix-ui/react-alert-dialog/dist/index.mjs:18:11)
    at ConfirmDialog (/home/alex/projects/fin-model/frontend/src/components/ui/ConfirmDialog.tsx:11:26)
    at div
    at AdminDashboard (/home/alex/projects/fin-model/frontend/src/pages/AdminDashboard.tsx:46:79)
Warning: An update to Presence inside a test was not wrapped in act(...).

When testing, code that causes React state updates should be wrapped into act(...):

act(() =&gt; {
  /* fire events that update state */
});
/* assert on the output */

This ensures that you&apos;re testing the behavior the user would see in the browser. Learn more at https://reactjs.org/link/wrap-tests-with-act
    at Presence (file:///home/alex/projects/fin-model/frontend/node_modules/.pnpm/@radix-ui+react-presence@1.1.4_@types+react-dom@18.3.7_@types+react@18.3.23__@types+rea_587c7e8c3eecba09139e2afe2a783727/node_modules/@radix-ui/react-presence/dist/index.mjs:19:11)
    at Provider (file:///home/alex/projects/fin-model/frontend/node_modules/.pnpm/@radix-ui+react-context@1.1.2_@types+react@18.3.23_react@18.3.1/node_modules/@radix-ui/react-context/dist/index.mjs:27:15)
    at DialogPortal (file:///home/alex/projects/fin-model/frontend/node_modules/.pnpm/@radix-ui+react-dialog@1.1.14_@types+react-dom@18.3.7_@types+react@18.3.23__@types+reac_979338a14129bfbd4b93c15b369f3450/node_modules/@radix-ui/react-dialog/dist/index.mjs:85:11)
    at AlertDialogPortal (file:///home/alex/projects/fin-model/frontend/node_modules/.pnpm/@radix-ui+react-alert-dialog@1.1.14_@types+react-dom@18.3.7_@types+react@18.3.23__@type_66f0df9c34c45541864174e824164977/node_modules/@radix-ui/react-alert-dialog/dist/index.mjs:34:11)
    at /home/alex/projects/fin-model/frontend/src/design-system/components/AlertDialog.tsx:24:78
    at Provider (file:///home/alex/projects/fin-model/frontend/node_modules/.pnpm/@radix-ui+react-context@1.1.2_@types+react@18.3.23_react@18.3.1/node_modules/@radix-ui/react-context/dist/index.mjs:27:15)
    at Dialog (file:///home/alex/projects/fin-model/frontend/node_modules/.pnpm/@radix-ui+react-dialog@1.1.14_@types+react-dom@18.3.7_@types+react@18.3.23__@types+reac_979338a14129bfbd4b93c15b369f3450/node_modules/@radix-ui/react-dialog/dist/index.mjs:25:5)
    at AlertDialog (file:///home/alex/projects/fin-model/frontend/node_modules/.pnpm/@radix-ui+react-alert-dialog@1.1.14_@types+react-dom@18.3.7_@types+react@18.3.23__@type_66f0df9c34c45541864174e824164977/node_modules/@radix-ui/react-alert-dialog/dist/index.mjs:18:11)
    at ConfirmDialog (/home/alex/projects/fin-model/frontend/src/components/ui/ConfirmDialog.tsx:11:26)
    at div
    at AdminDashboard (/home/alex/projects/fin-model/frontend/src/pages/AdminDashboard.tsx:46:79)
Warning: An update to FocusScope inside a test was not wrapped in act(...).

When testing, code that causes React state updates should be wrapped into act(...):

act(() =&gt; {
  /* fire events that update state */
});
/* assert on the output */

This ensures that you&apos;re testing the behavior the user would see in the browser. Learn more at https://reactjs.org/link/wrap-tests-with-act
    at file:///home/alex/projects/fin-model/frontend/node_modules/.pnpm/@radix-ui+react-focus-scope@1.1.7_@types+react-dom@18.3.7_@types+react@18.3.23__@types+_f761c2ff2dd8a5cebf4e03dd795af57f/node_modules/@radix-ui/react-focus-scope/dist/index.mjs:15:5
    at file:///home/alex/projects/fin-model/frontend/node_modules/.pnpm/@radix-ui+react-dialog@1.1.14_@types+react-dom@18.3.7_@types+react@18.3.23__@types+reac_979338a14129bfbd4b93c15b369f3450/node_modules/@radix-ui/react-dialog/dist/index.mjs:206:13
    at file:///home/alex/projects/fin-model/frontend/node_modules/.pnpm/@radix-ui+react-dialog@1.1.14_@types+react-dom@18.3.7_@types+react@18.3.23__@types+reac_979338a14129bfbd4b93c15b369f3450/node_modules/@radix-ui/react-dialog/dist/index.mjs:132:58
    at Presence (file:///home/alex/projects/fin-model/frontend/node_modules/.pnpm/@radix-ui+react-presence@1.1.4_@types+react-dom@18.3.7_@types+react@18.3.23__@types+rea_587c7e8c3eecba09139e2afe2a783727/node_modules/@radix-ui/react-presence/dist/index.mjs:19:11)
    at file:///home/alex/projects/fin-model/frontend/node_modules/.pnpm/@radix-ui+react-dialog@1.1.14_@types+react-dom@18.3.7_@types+react@18.3.23__@types+reac_979338a14129bfbd4b93c15b369f3450/node_modules/@radix-ui/react-dialog/dist/index.mjs:123:64
    at Provider (file:///home/alex/projects/fin-model/frontend/node_modules/.pnpm/@radix-ui+react-context@1.1.2_@types+react@18.3.23_react@18.3.1/node_modules/@radix-ui/react-context/dist/index.mjs:27:15)
    at Provider (file:///home/alex/projects/fin-model/frontend/node_modules/.pnpm/@radix-ui+react-context@1.1.2_@types+react@18.3.23_react@18.3.1/node_modules/@radix-ui/react-context/dist/index.mjs:7:13)
    at file:///home/alex/projects/fin-model/frontend/node_modules/.pnpm/@radix-ui+react-alert-dialog@1.1.14_@types+react-dom@18.3.7_@types+react@18.3.23__@type_66f0df9c34c45541864174e824164977/node_modules/@radix-ui/react-alert-dialog/dist/index.mjs:53:13
    at file:///home/alex/projects/fin-model/frontend/node_modules/.pnpm/@radix-ui+react-slot@1.2.3_@types+react@18.3.23_react@18.3.1/node_modules/@radix-ui/react-slot/dist/index.mjs:33:13
    at file:///home/alex/projects/fin-model/frontend/node_modules/.pnpm/@radix-ui+react-slot@1.2.3_@types+react@18.3.23_react@18.3.1/node_modules/@radix-ui/react-slot/dist/index.mjs:9:13
    at file:///home/alex/projects/fin-model/frontend/node_modules/.pnpm/@radix-ui+react-primitive@2.1.3_@types+react-dom@18.3.7_@types+react@18.3.23__@types+re_db0ee435667e42f4b05fd5a9bb21abc3/node_modules/@radix-ui/react-primitive/dist/index.mjs:28:13
    at file:///home/alex/projects/fin-model/frontend/node_modules/.pnpm/@radix-ui+react-portal@1.1.9_@types+react-dom@18.3.7_@types+react@18.3.23__@types+react_6c1cd0a6f7cc4779efee75f9fbbe7053/node_modules/@radix-ui/react-portal/dist/index.mjs:11:22
    at Presence (file:///home/alex/projects/fin-model/frontend/node_modules/.pnpm/@radix-ui+react-presence@1.1.4_@types+react-dom@18.3.7_@types+react@18.3.23__@types+rea_587c7e8c3eecba09139e2afe2a783727/node_modules/@radix-ui/react-presence/dist/index.mjs:19:11)
    at Provider (file:///home/alex/projects/fin-model/frontend/node_modules/.pnpm/@radix-ui+react-context@1.1.2_@types+react@18.3.23_react@18.3.1/node_modules/@radix-ui/react-context/dist/index.mjs:27:15)
    at DialogPortal (file:///home/alex/projects/fin-model/frontend/node_modules/.pnpm/@radix-ui+react-dialog@1.1.14_@types+react-dom@18.3.7_@types+react@18.3.23__@types+reac_979338a14129bfbd4b93c15b369f3450/node_modules/@radix-ui/react-dialog/dist/index.mjs:85:11)
    at AlertDialogPortal (file:///home/alex/projects/fin-model/frontend/node_modules/.pnpm/@radix-ui+react-alert-dialog@1.1.14_@types+react-dom@18.3.7_@types+react@18.3.23__@type_66f0df9c34c45541864174e824164977/node_modules/@radix-ui/react-alert-dialog/dist/index.mjs:34:11)
    at /home/alex/projects/fin-model/frontend/src/design-system/components/AlertDialog.tsx:24:78
    at Provider (file:///home/alex/projects/fin-model/frontend/node_modules/.pnpm/@radix-ui+react-context@1.1.2_@types+react@18.3.23_react@18.3.1/node_modules/@radix-ui/react-context/dist/index.mjs:27:15)
    at Dialog (file:///home/alex/projects/fin-model/frontend/node_modules/.pnpm/@radix-ui+react-dialog@1.1.14_@types+react-dom@18.3.7_@types+react@18.3.23__@types+reac_979338a14129bfbd4b93c15b369f3450/node_modules/@radix-ui/react-dialog/dist/index.mjs:25:5)
    at AlertDialog (file:///home/alex/projects/fin-model/frontend/node_modules/.pnpm/@radix-ui+react-alert-dialog@1.1.14_@types+react-dom@18.3.7_@types+react@18.3.23__@type_66f0df9c34c45541864174e824164977/node_modules/@radix-ui/react-alert-dialog/dist/index.mjs:18:11)
    at ConfirmDialog (/home/alex/projects/fin-model/frontend/src/components/ui/ConfirmDialog.tsx:11:26)
    at div
    at AdminDashboard (/home/alex/projects/fin-model/frontend/src/pages/AdminDashboard.tsx:46:79)
Warning: An update to Presence inside a test was not wrapped in act(...).

When testing, code that causes React state updates should be wrapped into act(...):

act(() =&gt; {
  /* fire events that update state */
});
/* assert on the output */

This ensures that you&apos;re testing the behavior the user would see in the browser. Learn more at https://reactjs.org/link/wrap-tests-with-act
    at Presence (file:///home/alex/projects/fin-model/frontend/node_modules/.pnpm/@radix-ui+react-presence@1.1.4_@types+react-dom@18.3.7_@types+react@18.3.23__@types+rea_587c7e8c3eecba09139e2afe2a783727/node_modules/@radix-ui/react-presence/dist/index.mjs:19:11)
    at file:///home/alex/projects/fin-model/frontend/node_modules/.pnpm/@radix-ui+react-dialog@1.1.14_@types+react-dom@18.3.7_@types+react@18.3.23__@types+reac_979338a14129bfbd4b93c15b369f3450/node_modules/@radix-ui/react-dialog/dist/index.mjs:123:64
    at Provider (file:///home/alex/projects/fin-model/frontend/node_modules/.pnpm/@radix-ui+react-context@1.1.2_@types+react@18.3.23_react@18.3.1/node_modules/@radix-ui/react-context/dist/index.mjs:27:15)
    at Provider (file:///home/alex/projects/fin-model/frontend/node_modules/.pnpm/@radix-ui+react-context@1.1.2_@types+react@18.3.23_react@18.3.1/node_modules/@radix-ui/react-context/dist/index.mjs:7:13)
    at file:///home/alex/projects/fin-model/frontend/node_modules/.pnpm/@radix-ui+react-alert-dialog@1.1.14_@types+react-dom@18.3.7_@types+react@18.3.23__@type_66f0df9c34c45541864174e824164977/node_modules/@radix-ui/react-alert-dialog/dist/index.mjs:53:13
    at file:///home/alex/projects/fin-model/frontend/node_modules/.pnpm/@radix-ui+react-slot@1.2.3_@types+react@18.3.23_react@18.3.1/node_modules/@radix-ui/react-slot/dist/index.mjs:33:13
    at file:///home/alex/projects/fin-model/frontend/node_modules/.pnpm/@radix-ui+react-slot@1.2.3_@types+react@18.3.23_react@18.3.1/node_modules/@radix-ui/react-slot/dist/index.mjs:9:13
    at file:///home/alex/projects/fin-model/frontend/node_modules/.pnpm/@radix-ui+react-primitive@2.1.3_@types+react-dom@18.3.7_@types+react@18.3.23__@types+re_db0ee435667e42f4b05fd5a9bb21abc3/node_modules/@radix-ui/react-primitive/dist/index.mjs:28:13
    at file:///home/alex/projects/fin-model/frontend/node_modules/.pnpm/@radix-ui+react-portal@1.1.9_@types+react-dom@18.3.7_@types+react@18.3.23__@types+react_6c1cd0a6f7cc4779efee75f9fbbe7053/node_modules/@radix-ui/react-portal/dist/index.mjs:11:22
    at Presence (file:///home/alex/projects/fin-model/frontend/node_modules/.pnpm/@radix-ui+react-presence@1.1.4_@types+react-dom@18.3.7_@types+react@18.3.23__@types+rea_587c7e8c3eecba09139e2afe2a783727/node_modules/@radix-ui/react-presence/dist/index.mjs:19:11)
    at Provider (file:///home/alex/projects/fin-model/frontend/node_modules/.pnpm/@radix-ui+react-context@1.1.2_@types+react@18.3.23_react@18.3.1/node_modules/@radix-ui/react-context/dist/index.mjs:27:15)
    at DialogPortal (file:///home/alex/projects/fin-model/frontend/node_modules/.pnpm/@radix-ui+react-dialog@1.1.14_@types+react-dom@18.3.7_@types+react@18.3.23__@types+reac_979338a14129bfbd4b93c15b369f3450/node_modules/@radix-ui/react-dialog/dist/index.mjs:85:11)
    at AlertDialogPortal (file:///home/alex/projects/fin-model/frontend/node_modules/.pnpm/@radix-ui+react-alert-dialog@1.1.14_@types+react-dom@18.3.7_@types+react@18.3.23__@type_66f0df9c34c45541864174e824164977/node_modules/@radix-ui/react-alert-dialog/dist/index.mjs:34:11)
    at /home/alex/projects/fin-model/frontend/src/design-system/components/AlertDialog.tsx:24:78
    at Provider (file:///home/alex/projects/fin-model/frontend/node_modules/.pnpm/@radix-ui+react-context@1.1.2_@types+react@18.3.23_react@18.3.1/node_modules/@radix-ui/react-context/dist/index.mjs:27:15)
    at Dialog (file:///home/alex/projects/fin-model/frontend/node_modules/.pnpm/@radix-ui+react-dialog@1.1.14_@types+react-dom@18.3.7_@types+react@18.3.23__@types+reac_979338a14129bfbd4b93c15b369f3450/node_modules/@radix-ui/react-dialog/dist/index.mjs:25:5)
    at AlertDialog (file:///home/alex/projects/fin-model/frontend/node_modules/.pnpm/@radix-ui+react-alert-dialog@1.1.14_@types+react-dom@18.3.7_@types+react@18.3.23__@type_66f0df9c34c45541864174e824164977/node_modules/@radix-ui/react-alert-dialog/dist/index.mjs:18:11)
    at ConfirmDialog (/home/alex/projects/fin-model/frontend/src/components/ui/ConfirmDialog.tsx:11:26)
    at div
    at AdminDashboard (/home/alex/projects/fin-model/frontend/src/pages/AdminDashboard.tsx:46:79)
Warning: An update to Presence inside a test was not wrapped in act(...).

When testing, code that causes React state updates should be wrapped into act(...):

act(() =&gt; {
  /* fire events that update state */
});
/* assert on the output */

This ensures that you&apos;re testing the behavior the user would see in the browser. Learn more at https://reactjs.org/link/wrap-tests-with-act
    at Presence (file:///home/alex/projects/fin-model/frontend/node_modules/.pnpm/@radix-ui+react-presence@1.1.4_@types+react-dom@18.3.7_@types+react@18.3.23__@types+rea_587c7e8c3eecba09139e2afe2a783727/node_modules/@radix-ui/react-presence/dist/index.mjs:19:11)
    at Provider (file:///home/alex/projects/fin-model/frontend/node_modules/.pnpm/@radix-ui+react-context@1.1.2_@types+react@18.3.23_react@18.3.1/node_modules/@radix-ui/react-context/dist/index.mjs:27:15)
    at DialogPortal (file:///home/alex/projects/fin-model/frontend/node_modules/.pnpm/@radix-ui+react-dialog@1.1.14_@types+react-dom@18.3.7_@types+react@18.3.23__@types+reac_979338a14129bfbd4b93c15b369f3450/node_modules/@radix-ui/react-dialog/dist/index.mjs:85:11)
    at AlertDialogPortal (file:///home/alex/projects/fin-model/frontend/node_modules/.pnpm/@radix-ui+react-alert-dialog@1.1.14_@types+react-dom@18.3.7_@types+react@18.3.23__@type_66f0df9c34c45541864174e824164977/node_modules/@radix-ui/react-alert-dialog/dist/index.mjs:34:11)
    at /home/alex/projects/fin-model/frontend/src/design-system/components/AlertDialog.tsx:24:78
    at Provider (file:///home/alex/projects/fin-model/frontend/node_modules/.pnpm/@radix-ui+react-context@1.1.2_@types+react@18.3.23_react@18.3.1/node_modules/@radix-ui/react-context/dist/index.mjs:27:15)
    at Dialog (file:///home/alex/projects/fin-model/frontend/node_modules/.pnpm/@radix-ui+react-dialog@1.1.14_@types+react-dom@18.3.7_@types+react@18.3.23__@types+reac_979338a14129bfbd4b93c15b369f3450/node_modules/@radix-ui/react-dialog/dist/index.mjs:25:5)
    at AlertDialog (file:///home/alex/projects/fin-model/frontend/node_modules/.pnpm/@radix-ui+react-alert-dialog@1.1.14_@types+react-dom@18.3.7_@types+react@18.3.23__@type_66f0df9c34c45541864174e824164977/node_modules/@radix-ui/react-alert-dialog/dist/index.mjs:18:11)
    at ConfirmDialog (/home/alex/projects/fin-model/frontend/src/components/ui/ConfirmDialog.tsx:11:26)
    at div
    at AdminDashboard (/home/alex/projects/fin-model/frontend/src/pages/AdminDashboard.tsx:46:79)
Warning: An update to DismissableLayer inside a test was not wrapped in act(...).

When testing, code that causes React state updates should be wrapped into act(...):

act(() =&gt; {
  /* fire events that update state */
});
/* assert on the output */

This ensures that you&apos;re testing the behavior the user would see in the browser. Learn more at https://reactjs.org/link/wrap-tests-with-act
    at file:///home/alex/projects/fin-model/frontend/node_modules/.pnpm/@radix-ui+react-dismissable-layer@1.1.10_@types+react-dom@18.3.7_@types+react@18.3.23___dbf8386523191e50867cd199de52aa0e/node_modules/@radix-ui/react-dismissable-layer/dist/index.mjs:24:7
    at file:///home/alex/projects/fin-model/frontend/node_modules/.pnpm/@radix-ui+react-slot@1.2.3_@types+react@18.3.23_react@18.3.1/node_modules/@radix-ui/react-slot/dist/index.mjs:33:13
    at file:///home/alex/projects/fin-model/frontend/node_modules/.pnpm/@radix-ui+react-slot@1.2.3_@types+react@18.3.23_react@18.3.1/node_modules/@radix-ui/react-slot/dist/index.mjs:9:13
    at file:///home/alex/projects/fin-model/frontend/node_modules/.pnpm/@radix-ui+react-primitive@2.1.3_@types+react-dom@18.3.7_@types+react@18.3.23__@types+re_db0ee435667e42f4b05fd5a9bb21abc3/node_modules/@radix-ui/react-primitive/dist/index.mjs:28:13
    at file:///home/alex/projects/fin-model/frontend/node_modules/.pnpm/@radix-ui+react-focus-scope@1.1.7_@types+react-dom@18.3.7_@types+react@18.3.23__@types+_f761c2ff2dd8a5cebf4e03dd795af57f/node_modules/@radix-ui/react-focus-scope/dist/index.mjs:15:5
    at file:///home/alex/projects/fin-model/frontend/node_modules/.pnpm/@radix-ui+react-dialog@1.1.14_@types+react-dom@18.3.7_@types+react@18.3.23__@types+reac_979338a14129bfbd4b93c15b369f3450/node_modules/@radix-ui/react-dialog/dist/index.mjs:206:13
    at file:///home/alex/projects/fin-model/frontend/node_modules/.pnpm/@radix-ui+react-dialog@1.1.14_@types+react-dom@18.3.7_@types+react@18.3.23__@types+reac_979338a14129bfbd4b93c15b369f3450/node_modules/@radix-ui/react-dialog/dist/index.mjs:132:58
    at Presence (file:///home/alex/projects/fin-model/frontend/node_modules/.pnpm/@radix-ui+react-presence@1.1.4_@types+react-dom@18.3.7_@types+react@18.3.23__@types+rea_587c7e8c3eecba09139e2afe2a783727/node_modules/@radix-ui/react-presence/dist/index.mjs:19:11)
    at file:///home/alex/projects/fin-model/frontend/node_modules/.pnpm/@radix-ui+react-dialog@1.1.14_@types+react-dom@18.3.7_@types+react@18.3.23__@types+reac_979338a14129bfbd4b93c15b369f3450/node_modules/@radix-ui/react-dialog/dist/index.mjs:123:64
    at Provider (file:///home/alex/projects/fin-model/frontend/node_modules/.pnpm/@radix-ui+react-context@1.1.2_@types+react@18.3.23_react@18.3.1/node_modules/@radix-ui/react-context/dist/index.mjs:27:15)
    at Provider (file:///home/alex/projects/fin-model/frontend/node_modules/.pnpm/@radix-ui+react-context@1.1.2_@types+react@18.3.23_react@18.3.1/node_modules/@radix-ui/react-context/dist/index.mjs:7:13)
    at file:///home/alex/projects/fin-model/frontend/node_modules/.pnpm/@radix-ui+react-alert-dialog@1.1.14_@types+react-dom@18.3.7_@types+react@18.3.23__@type_66f0df9c34c45541864174e824164977/node_modules/@radix-ui/react-alert-dialog/dist/index.mjs:53:13
    at file:///home/alex/projects/fin-model/frontend/node_modules/.pnpm/@radix-ui+react-slot@1.2.3_@types+react@18.3.23_react@18.3.1/node_modules/@radix-ui/react-slot/dist/index.mjs:33:13
    at file:///home/alex/projects/fin-model/frontend/node_modules/.pnpm/@radix-ui+react-slot@1.2.3_@types+react@18.3.23_react@18.3.1/node_modules/@radix-ui/react-slot/dist/index.mjs:9:13
    at file:///home/alex/projects/fin-model/frontend/node_modules/.pnpm/@radix-ui+react-primitive@2.1.3_@types+react-dom@18.3.7_@types+react@18.3.23__@types+re_db0ee435667e42f4b05fd5a9bb21abc3/node_modules/@radix-ui/react-primitive/dist/index.mjs:28:13
    at file:///home/alex/projects/fin-model/frontend/node_modules/.pnpm/@radix-ui+react-portal@1.1.9_@types+react-dom@18.3.7_@types+react@18.3.23__@types+react_6c1cd0a6f7cc4779efee75f9fbbe7053/node_modules/@radix-ui/react-portal/dist/index.mjs:11:22
    at Presence (file:///home/alex/projects/fin-model/frontend/node_modules/.pnpm/@radix-ui+react-presence@1.1.4_@types+react-dom@18.3.7_@types+react@18.3.23__@types+rea_587c7e8c3eecba09139e2afe2a783727/node_modules/@radix-ui/react-presence/dist/index.mjs:19:11)
    at Provider (file:///home/alex/projects/fin-model/frontend/node_modules/.pnpm/@radix-ui+react-context@1.1.2_@types+react@18.3.23_react@18.3.1/node_modules/@radix-ui/react-context/dist/index.mjs:27:15)
    at DialogPortal (file:///home/alex/projects/fin-model/frontend/node_modules/.pnpm/@radix-ui+react-dialog@1.1.14_@types+react-dom@18.3.7_@types+react@18.3.23__@types+reac_979338a14129bfbd4b93c15b369f3450/node_modules/@radix-ui/react-dialog/dist/index.mjs:85:11)
    at AlertDialogPortal (file:///home/alex/projects/fin-model/frontend/node_modules/.pnpm/@radix-ui+react-alert-dialog@1.1.14_@types+react-dom@18.3.7_@types+react@18.3.23__@type_66f0df9c34c45541864174e824164977/node_modules/@radix-ui/react-alert-dialog/dist/index.mjs:34:11)
    at /home/alex/projects/fin-model/frontend/src/design-system/components/AlertDialog.tsx:24:78
    at Provider (file:///home/alex/projects/fin-model/frontend/node_modules/.pnpm/@radix-ui+react-context@1.1.2_@types+react@18.3.23_react@18.3.1/node_modules/@radix-ui/react-context/dist/index.mjs:27:15)
    at Dialog (file:///home/alex/projects/fin-model/frontend/node_modules/.pnpm/@radix-ui+react-dialog@1.1.14_@types+react-dom@18.3.7_@types+react@18.3.23__@types+reac_979338a14129bfbd4b93c15b369f3450/node_modules/@radix-ui/react-dialog/dist/index.mjs:25:5)
    at AlertDialog (file:///home/alex/projects/fin-model/frontend/node_modules/.pnpm/@radix-ui+react-alert-dialog@1.1.14_@types+react-dom@18.3.7_@types+react@18.3.23__@type_66f0df9c34c45541864174e824164977/node_modules/@radix-ui/react-alert-dialog/dist/index.mjs:18:11)
    at ConfirmDialog (/home/alex/projects/fin-model/frontend/src/components/ui/ConfirmDialog.tsx:11:26)
    at div
    at AdminDashboard (/home/alex/projects/fin-model/frontend/src/pages/AdminDashboard.tsx:46:79)
Warning: An update to Presence inside a test was not wrapped in act(...).

When testing, code that causes React state updates should be wrapped into act(...):

act(() =&gt; {
  /* fire events that update state */
});
/* assert on the output */

This ensures that you&apos;re testing the behavior the user would see in the browser. Learn more at https://reactjs.org/link/wrap-tests-with-act
    at Presence (file:///home/alex/projects/fin-model/frontend/node_modules/.pnpm/@radix-ui+react-presence@1.1.4_@types+react-dom@18.3.7_@types+react@18.3.23__@types+rea_587c7e8c3eecba09139e2afe2a783727/node_modules/@radix-ui/react-presence/dist/index.mjs:19:11)
    at file:///home/alex/projects/fin-model/frontend/node_modules/.pnpm/@radix-ui+react-dialog@1.1.14_@types+react-dom@18.3.7_@types+react@18.3.23__@types+reac_979338a14129bfbd4b93c15b369f3450/node_modules/@radix-ui/react-dialog/dist/index.mjs:93:64
    at file:///home/alex/projects/fin-model/frontend/node_modules/.pnpm/@radix-ui+react-alert-dialog@1.1.14_@types+react-dom@18.3.7_@types+react@18.3.23__@type_66f0df9c34c45541864174e824164977/node_modules/@radix-ui/react-alert-dialog/dist/index.mjs:42:13
    at /home/alex/projects/fin-model/frontend/src/design-system/components/AlertDialog.tsx:14:78
    at file:///home/alex/projects/fin-model/frontend/node_modules/.pnpm/@radix-ui+react-slot@1.2.3_@types+react@18.3.23_react@18.3.1/node_modules/@radix-ui/react-slot/dist/index.mjs:33:13
    at file:///home/alex/projects/fin-model/frontend/node_modules/.pnpm/@radix-ui+react-slot@1.2.3_@types+react@18.3.23_react@18.3.1/node_modules/@radix-ui/react-slot/dist/index.mjs:9:13
    at file:///home/alex/projects/fin-model/frontend/node_modules/.pnpm/@radix-ui+react-primitive@2.1.3_@types+react-dom@18.3.7_@types+react@18.3.23__@types+re_db0ee435667e42f4b05fd5a9bb21abc3/node_modules/@radix-ui/react-primitive/dist/index.mjs:28:13
    at file:///home/alex/projects/fin-model/frontend/node_modules/.pnpm/@radix-ui+react-portal@1.1.9_@types+react-dom@18.3.7_@types+react@18.3.23__@types+react_6c1cd0a6f7cc4779efee75f9fbbe7053/node_modules/@radix-ui/react-portal/dist/index.mjs:11:22
    at Presence (file:///home/alex/projects/fin-model/frontend/node_modules/.pnpm/@radix-ui+react-presence@1.1.4_@types+react-dom@18.3.7_@types+react@18.3.23__@types+rea_587c7e8c3eecba09139e2afe2a783727/node_modules/@radix-ui/react-presence/dist/index.mjs:19:11)
    at Provider (file:///home/alex/projects/fin-model/frontend/node_modules/.pnpm/@radix-ui+react-context@1.1.2_@types+react@18.3.23_react@18.3.1/node_modules/@radix-ui/react-context/dist/index.mjs:27:15)
    at DialogPortal (file:///home/alex/projects/fin-model/frontend/node_modules/.pnpm/@radix-ui+react-dialog@1.1.14_@types+react-dom@18.3.7_@types+react@18.3.23__@types+reac_979338a14129bfbd4b93c15b369f3450/node_modules/@radix-ui/react-dialog/dist/index.mjs:85:11)
    at AlertDialogPortal (file:///home/alex/projects/fin-model/frontend/node_modules/.pnpm/@radix-ui+react-alert-dialog@1.1.14_@types+react-dom@18.3.7_@types+react@18.3.23__@type_66f0df9c34c45541864174e824164977/node_modules/@radix-ui/react-alert-dialog/dist/index.mjs:34:11)
    at /home/alex/projects/fin-model/frontend/src/design-system/components/AlertDialog.tsx:24:78
    at Provider (file:///home/alex/projects/fin-model/frontend/node_modules/.pnpm/@radix-ui+react-context@1.1.2_@types+react@18.3.23_react@18.3.1/node_modules/@radix-ui/react-context/dist/index.mjs:27:15)
    at Dialog (file:///home/alex/projects/fin-model/frontend/node_modules/.pnpm/@radix-ui+react-dialog@1.1.14_@types+react-dom@18.3.7_@types+react@18.3.23__@types+reac_979338a14129bfbd4b93c15b369f3450/node_modules/@radix-ui/react-dialog/dist/index.mjs:25:5)
    at AlertDialog (file:///home/alex/projects/fin-model/frontend/node_modules/.pnpm/@radix-ui+react-alert-dialog@1.1.14_@types+react-dom@18.3.7_@types+react@18.3.23__@type_66f0df9c34c45541864174e824164977/node_modules/@radix-ui/react-alert-dialog/dist/index.mjs:18:11)
    at ConfirmDialog (/home/alex/projects/fin-model/frontend/src/components/ui/ConfirmDialog.tsx:11:26)
    at div
    at AdminDashboard (/home/alex/projects/fin-model/frontend/src/pages/AdminDashboard.tsx:46:79)
Warning: An update to Presence inside a test was not wrapped in act(...).

When testing, code that causes React state updates should be wrapped into act(...):

act(() =&gt; {
  /* fire events that update state */
});
/* assert on the output */

This ensures that you&apos;re testing the behavior the user would see in the browser. Learn more at https://reactjs.org/link/wrap-tests-with-act
    at Presence (file:///home/alex/projects/fin-model/frontend/node_modules/.pnpm/@radix-ui+react-presence@1.1.4_@types+react-dom@18.3.7_@types+react@18.3.23__@types+rea_587c7e8c3eecba09139e2afe2a783727/node_modules/@radix-ui/react-presence/dist/index.mjs:19:11)
    at Provider (file:///home/alex/projects/fin-model/frontend/node_modules/.pnpm/@radix-ui+react-context@1.1.2_@types+react@18.3.23_react@18.3.1/node_modules/@radix-ui/react-context/dist/index.mjs:27:15)
    at DialogPortal (file:///home/alex/projects/fin-model/frontend/node_modules/.pnpm/@radix-ui+react-dialog@1.1.14_@types+react-dom@18.3.7_@types+react@18.3.23__@types+reac_979338a14129bfbd4b93c15b369f3450/node_modules/@radix-ui/react-dialog/dist/index.mjs:85:11)
    at AlertDialogPortal (file:///home/alex/projects/fin-model/frontend/node_modules/.pnpm/@radix-ui+react-alert-dialog@1.1.14_@types+react-dom@18.3.7_@types+react@18.3.23__@type_66f0df9c34c45541864174e824164977/node_modules/@radix-ui/react-alert-dialog/dist/index.mjs:34:11)
    at /home/alex/projects/fin-model/frontend/src/design-system/components/AlertDialog.tsx:24:78
    at Provider (file:///home/alex/projects/fin-model/frontend/node_modules/.pnpm/@radix-ui+react-context@1.1.2_@types+react@18.3.23_react@18.3.1/node_modules/@radix-ui/react-context/dist/index.mjs:27:15)
    at Dialog (file:///home/alex/projects/fin-model/frontend/node_modules/.pnpm/@radix-ui+react-dialog@1.1.14_@types+react-dom@18.3.7_@types+react@18.3.23__@types+reac_979338a14129bfbd4b93c15b369f3450/node_modules/@radix-ui/react-dialog/dist/index.mjs:25:5)
    at AlertDialog (file:///home/alex/projects/fin-model/frontend/node_modules/.pnpm/@radix-ui+react-alert-dialog@1.1.14_@types+react-dom@18.3.7_@types+react@18.3.23__@type_66f0df9c34c45541864174e824164977/node_modules/@radix-ui/react-alert-dialog/dist/index.mjs:18:11)
    at ConfirmDialog (/home/alex/projects/fin-model/frontend/src/components/ui/ConfirmDialog.tsx:11:26)
    at div
    at AdminDashboard (/home/alex/projects/fin-model/frontend/src/pages/AdminDashboard.tsx:46:79)
Warning: An update to Presence inside a test was not wrapped in act(...).

When testing, code that causes React state updates should be wrapped into act(...):

act(() =&gt; {
  /* fire events that update state */
});
/* assert on the output */

This ensures that you&apos;re testing the behavior the user would see in the browser. Learn more at https://reactjs.org/link/wrap-tests-with-act
    at Presence (file:///home/alex/projects/fin-model/frontend/node_modules/.pnpm/@radix-ui+react-presence@1.1.4_@types+react-dom@18.3.7_@types+react@18.3.23__@types+rea_587c7e8c3eecba09139e2afe2a783727/node_modules/@radix-ui/react-presence/dist/index.mjs:19:11)
    at file:///home/alex/projects/fin-model/frontend/node_modules/.pnpm/@radix-ui+react-dialog@1.1.14_@types+react-dom@18.3.7_@types+react@18.3.23__@types+reac_979338a14129bfbd4b93c15b369f3450/node_modules/@radix-ui/react-dialog/dist/index.mjs:93:64
    at file:///home/alex/projects/fin-model/frontend/node_modules/.pnpm/@radix-ui+react-alert-dialog@1.1.14_@types+react-dom@18.3.7_@types+react@18.3.23__@type_66f0df9c34c45541864174e824164977/node_modules/@radix-ui/react-alert-dialog/dist/index.mjs:42:13
    at /home/alex/projects/fin-model/frontend/src/design-system/components/AlertDialog.tsx:14:78
    at file:///home/alex/projects/fin-model/frontend/node_modules/.pnpm/@radix-ui+react-slot@1.2.3_@types+react@18.3.23_react@18.3.1/node_modules/@radix-ui/react-slot/dist/index.mjs:33:13
    at file:///home/alex/projects/fin-model/frontend/node_modules/.pnpm/@radix-ui+react-slot@1.2.3_@types+react@18.3.23_react@18.3.1/node_modules/@radix-ui/react-slot/dist/index.mjs:9:13
    at file:///home/alex/projects/fin-model/frontend/node_modules/.pnpm/@radix-ui+react-primitive@2.1.3_@types+react-dom@18.3.7_@types+react@18.3.23__@types+re_db0ee435667e42f4b05fd5a9bb21abc3/node_modules/@radix-ui/react-primitive/dist/index.mjs:28:13
    at file:///home/alex/projects/fin-model/frontend/node_modules/.pnpm/@radix-ui+react-portal@1.1.9_@types+react-dom@18.3.7_@types+react@18.3.23__@types+react_6c1cd0a6f7cc4779efee75f9fbbe7053/node_modules/@radix-ui/react-portal/dist/index.mjs:11:22
    at Presence (file:///home/alex/projects/fin-model/frontend/node_modules/.pnpm/@radix-ui+react-presence@1.1.4_@types+react-dom@18.3.7_@types+react@18.3.23__@types+rea_587c7e8c3eecba09139e2afe2a783727/node_modules/@radix-ui/react-presence/dist/index.mjs:19:11)
    at Provider (file:///home/alex/projects/fin-model/frontend/node_modules/.pnpm/@radix-ui+react-context@1.1.2_@types+react@18.3.23_react@18.3.1/node_modules/@radix-ui/react-context/dist/index.mjs:27:15)
    at DialogPortal (file:///home/alex/projects/fin-model/frontend/node_modules/.pnpm/@radix-ui+react-dialog@1.1.14_@types+react-dom@18.3.7_@types+react@18.3.23__@types+reac_979338a14129bfbd4b93c15b369f3450/node_modules/@radix-ui/react-dialog/dist/index.mjs:85:11)
    at AlertDialogPortal (file:///home/alex/projects/fin-model/frontend/node_modules/.pnpm/@radix-ui+react-alert-dialog@1.1.14_@types+react-dom@18.3.7_@types+react@18.3.23__@type_66f0df9c34c45541864174e824164977/node_modules/@radix-ui/react-alert-dialog/dist/index.mjs:34:11)
    at /home/alex/projects/fin-model/frontend/src/design-system/components/AlertDialog.tsx:24:78
    at Provider (file:///home/alex/projects/fin-model/frontend/node_modules/.pnpm/@radix-ui+react-context@1.1.2_@types+react@18.3.23_react@18.3.1/node_modules/@radix-ui/react-context/dist/index.mjs:27:15)
    at Dialog (file:///home/alex/projects/fin-model/frontend/node_modules/.pnpm/@radix-ui+react-dialog@1.1.14_@types+react-dom@18.3.7_@types+react@18.3.23__@types+reac_979338a14129bfbd4b93c15b369f3450/node_modules/@radix-ui/react-dialog/dist/index.mjs:25:5)
    at AlertDialog (file:///home/alex/projects/fin-model/frontend/node_modules/.pnpm/@radix-ui+react-alert-dialog@1.1.14_@types+react-dom@18.3.7_@types+react@18.3.23__@type_66f0df9c34c45541864174e824164977/node_modules/@radix-ui/react-alert-dialog/dist/index.mjs:18:11)
    at ConfirmDialog (/home/alex/projects/fin-model/frontend/src/components/ui/ConfirmDialog.tsx:11:26)
    at div
    at AdminDashboard (/home/alex/projects/fin-model/frontend/src/pages/AdminDashboard.tsx:46:79)
Warning: An update to Presence inside a test was not wrapped in act(...).

When testing, code that causes React state updates should be wrapped into act(...):

act(() =&gt; {
  /* fire events that update state */
});
/* assert on the output */

This ensures that you&apos;re testing the behavior the user would see in the browser. Learn more at https://reactjs.org/link/wrap-tests-with-act
    at Presence (file:///home/alex/projects/fin-model/frontend/node_modules/.pnpm/@radix-ui+react-presence@1.1.4_@types+react-dom@18.3.7_@types+react@18.3.23__@types+rea_587c7e8c3eecba09139e2afe2a783727/node_modules/@radix-ui/react-presence/dist/index.mjs:19:11)
    at Provider (file:///home/alex/projects/fin-model/frontend/node_modules/.pnpm/@radix-ui+react-context@1.1.2_@types+react@18.3.23_react@18.3.1/node_modules/@radix-ui/react-context/dist/index.mjs:27:15)
    at DialogPortal (file:///home/alex/projects/fin-model/frontend/node_modules/.pnpm/@radix-ui+react-dialog@1.1.14_@types+react-dom@18.3.7_@types+react@18.3.23__@types+reac_979338a14129bfbd4b93c15b369f3450/node_modules/@radix-ui/react-dialog/dist/index.mjs:85:11)
    at AlertDialogPortal (file:///home/alex/projects/fin-model/frontend/node_modules/.pnpm/@radix-ui+react-alert-dialog@1.1.14_@types+react-dom@18.3.7_@types+react@18.3.23__@type_66f0df9c34c45541864174e824164977/node_modules/@radix-ui/react-alert-dialog/dist/index.mjs:34:11)
    at /home/alex/projects/fin-model/frontend/src/design-system/components/AlertDialog.tsx:24:78
    at Provider (file:///home/alex/projects/fin-model/frontend/node_modules/.pnpm/@radix-ui+react-context@1.1.2_@types+react@18.3.23_react@18.3.1/node_modules/@radix-ui/react-context/dist/index.mjs:27:15)
    at Dialog (file:///home/alex/projects/fin-model/frontend/node_modules/.pnpm/@radix-ui+react-dialog@1.1.14_@types+react-dom@18.3.7_@types+react@18.3.23__@types+reac_979338a14129bfbd4b93c15b369f3450/node_modules/@radix-ui/react-dialog/dist/index.mjs:25:5)
    at AlertDialog (file:///home/alex/projects/fin-model/frontend/node_modules/.pnpm/@radix-ui+react-alert-dialog@1.1.14_@types+react-dom@18.3.7_@types+react@18.3.23__@type_66f0df9c34c45541864174e824164977/node_modules/@radix-ui/react-alert-dialog/dist/index.mjs:18:11)
    at ConfirmDialog (/home/alex/projects/fin-model/frontend/src/components/ui/ConfirmDialog.tsx:11:26)
    at div
    at AdminDashboard (/home/alex/projects/fin-model/frontend/src/pages/AdminDashboard.tsx:46:79)
Warning: An update to FocusScope inside a test was not wrapped in act(...).

When testing, code that causes React state updates should be wrapped into act(...):

act(() =&gt; {
  /* fire events that update state */
});
/* assert on the output */

This ensures that you&apos;re testing the behavior the user would see in the browser. Learn more at https://reactjs.org/link/wrap-tests-with-act
    at file:///home/alex/projects/fin-model/frontend/node_modules/.pnpm/@radix-ui+react-focus-scope@1.1.7_@types+react-dom@18.3.7_@types+react@18.3.23__@types+_f761c2ff2dd8a5cebf4e03dd795af57f/node_modules/@radix-ui/react-focus-scope/dist/index.mjs:15:5
    at file:///home/alex/projects/fin-model/frontend/node_modules/.pnpm/@radix-ui+react-dialog@1.1.14_@types+react-dom@18.3.7_@types+react@18.3.23__@types+reac_979338a14129bfbd4b93c15b369f3450/node_modules/@radix-ui/react-dialog/dist/index.mjs:206:13
    at file:///home/alex/projects/fin-model/frontend/node_modules/.pnpm/@radix-ui+react-dialog@1.1.14_@types+react-dom@18.3.7_@types+react@18.3.23__@types+reac_979338a14129bfbd4b93c15b369f3450/node_modules/@radix-ui/react-dialog/dist/index.mjs:132:58
    at Presence (file:///home/alex/projects/fin-model/frontend/node_modules/.pnpm/@radix-ui+react-presence@1.1.4_@types+react-dom@18.3.7_@types+react@18.3.23__@types+rea_587c7e8c3eecba09139e2afe2a783727/node_modules/@radix-ui/react-presence/dist/index.mjs:19:11)
    at file:///home/alex/projects/fin-model/frontend/node_modules/.pnpm/@radix-ui+react-dialog@1.1.14_@types+react-dom@18.3.7_@types+react@18.3.23__@types+reac_979338a14129bfbd4b93c15b369f3450/node_modules/@radix-ui/react-dialog/dist/index.mjs:123:64
    at Provider (file:///home/alex/projects/fin-model/frontend/node_modules/.pnpm/@radix-ui+react-context@1.1.2_@types+react@18.3.23_react@18.3.1/node_modules/@radix-ui/react-context/dist/index.mjs:27:15)
    at Provider (file:///home/alex/projects/fin-model/frontend/node_modules/.pnpm/@radix-ui+react-context@1.1.2_@types+react@18.3.23_react@18.3.1/node_modules/@radix-ui/react-context/dist/index.mjs:7:13)
    at file:///home/alex/projects/fin-model/frontend/node_modules/.pnpm/@radix-ui+react-alert-dialog@1.1.14_@types+react-dom@18.3.7_@types+react@18.3.23__@type_66f0df9c34c45541864174e824164977/node_modules/@radix-ui/react-alert-dialog/dist/index.mjs:53:13
    at file:///home/alex/projects/fin-model/frontend/node_modules/.pnpm/@radix-ui+react-slot@1.2.3_@types+react@18.3.23_react@18.3.1/node_modules/@radix-ui/react-slot/dist/index.mjs:33:13
    at file:///home/alex/projects/fin-model/frontend/node_modules/.pnpm/@radix-ui+react-slot@1.2.3_@types+react@18.3.23_react@18.3.1/node_modules/@radix-ui/react-slot/dist/index.mjs:9:13
    at file:///home/alex/projects/fin-model/frontend/node_modules/.pnpm/@radix-ui+react-primitive@2.1.3_@types+react-dom@18.3.7_@types+react@18.3.23__@types+re_db0ee435667e42f4b05fd5a9bb21abc3/node_modules/@radix-ui/react-primitive/dist/index.mjs:28:13
    at file:///home/alex/projects/fin-model/frontend/node_modules/.pnpm/@radix-ui+react-portal@1.1.9_@types+react-dom@18.3.7_@types+react@18.3.23__@types+react_6c1cd0a6f7cc4779efee75f9fbbe7053/node_modules/@radix-ui/react-portal/dist/index.mjs:11:22
    at Presence (file:///home/alex/projects/fin-model/frontend/node_modules/.pnpm/@radix-ui+react-presence@1.1.4_@types+react-dom@18.3.7_@types+react@18.3.23__@types+rea_587c7e8c3eecba09139e2afe2a783727/node_modules/@radix-ui/react-presence/dist/index.mjs:19:11)
    at Provider (file:///home/alex/projects/fin-model/frontend/node_modules/.pnpm/@radix-ui+react-context@1.1.2_@types+react@18.3.23_react@18.3.1/node_modules/@radix-ui/react-context/dist/index.mjs:27:15)
    at DialogPortal (file:///home/alex/projects/fin-model/frontend/node_modules/.pnpm/@radix-ui+react-dialog@1.1.14_@types+react-dom@18.3.7_@types+react@18.3.23__@types+reac_979338a14129bfbd4b93c15b369f3450/node_modules/@radix-ui/react-dialog/dist/index.mjs:85:11)
    at AlertDialogPortal (file:///home/alex/projects/fin-model/frontend/node_modules/.pnpm/@radix-ui+react-alert-dialog@1.1.14_@types+react-dom@18.3.7_@types+react@18.3.23__@type_66f0df9c34c45541864174e824164977/node_modules/@radix-ui/react-alert-dialog/dist/index.mjs:34:11)
    at /home/alex/projects/fin-model/frontend/src/design-system/components/AlertDialog.tsx:24:78
    at Provider (file:///home/alex/projects/fin-model/frontend/node_modules/.pnpm/@radix-ui+react-context@1.1.2_@types+react@18.3.23_react@18.3.1/node_modules/@radix-ui/react-context/dist/index.mjs:27:15)
    at Dialog (file:///home/alex/projects/fin-model/frontend/node_modules/.pnpm/@radix-ui+react-dialog@1.1.14_@types+react-dom@18.3.7_@types+react@18.3.23__@types+reac_979338a14129bfbd4b93c15b369f3450/node_modules/@radix-ui/react-dialog/dist/index.mjs:25:5)
    at AlertDialog (file:///home/alex/projects/fin-model/frontend/node_modules/.pnpm/@radix-ui+react-alert-dialog@1.1.14_@types+react-dom@18.3.7_@types+react@18.3.23__@type_66f0df9c34c45541864174e824164977/node_modules/@radix-ui/react-alert-dialog/dist/index.mjs:18:11)
    at ConfirmDialog (/home/alex/projects/fin-model/frontend/src/components/ui/ConfirmDialog.tsx:11:26)
    at div
    at AdminDashboard (/home/alex/projects/fin-model/frontend/src/pages/AdminDashboard.tsx:46:79)
Warning: An update to Presence inside a test was not wrapped in act(...).

When testing, code that causes React state updates should be wrapped into act(...):

act(() =&gt; {
  /* fire events that update state */
});
/* assert on the output */

This ensures that you&apos;re testing the behavior the user would see in the browser. Learn more at https://reactjs.org/link/wrap-tests-with-act
    at Presence (file:///home/alex/projects/fin-model/frontend/node_modules/.pnpm/@radix-ui+react-presence@1.1.4_@types+react-dom@18.3.7_@types+react@18.3.23__@types+rea_587c7e8c3eecba09139e2afe2a783727/node_modules/@radix-ui/react-presence/dist/index.mjs:19:11)
    at file:///home/alex/projects/fin-model/frontend/node_modules/.pnpm/@radix-ui+react-dialog@1.1.14_@types+react-dom@18.3.7_@types+react@18.3.23__@types+reac_979338a14129bfbd4b93c15b369f3450/node_modules/@radix-ui/react-dialog/dist/index.mjs:123:64
    at Provider (file:///home/alex/projects/fin-model/frontend/node_modules/.pnpm/@radix-ui+react-context@1.1.2_@types+react@18.3.23_react@18.3.1/node_modules/@radix-ui/react-context/dist/index.mjs:27:15)
    at Provider (file:///home/alex/projects/fin-model/frontend/node_modules/.pnpm/@radix-ui+react-context@1.1.2_@types+react@18.3.23_react@18.3.1/node_modules/@radix-ui/react-context/dist/index.mjs:7:13)
    at file:///home/alex/projects/fin-model/frontend/node_modules/.pnpm/@radix-ui+react-alert-dialog@1.1.14_@types+react-dom@18.3.7_@types+react@18.3.23__@type_66f0df9c34c45541864174e824164977/node_modules/@radix-ui/react-alert-dialog/dist/index.mjs:53:13
    at file:///home/alex/projects/fin-model/frontend/node_modules/.pnpm/@radix-ui+react-slot@1.2.3_@types+react@18.3.23_react@18.3.1/node_modules/@radix-ui/react-slot/dist/index.mjs:33:13
    at file:///home/alex/projects/fin-model/frontend/node_modules/.pnpm/@radix-ui+react-slot@1.2.3_@types+react@18.3.23_react@18.3.1/node_modules/@radix-ui/react-slot/dist/index.mjs:9:13
    at file:///home/alex/projects/fin-model/frontend/node_modules/.pnpm/@radix-ui+react-primitive@2.1.3_@types+react-dom@18.3.7_@types+react@18.3.23__@types+re_db0ee435667e42f4b05fd5a9bb21abc3/node_modules/@radix-ui/react-primitive/dist/index.mjs:28:13
    at file:///home/alex/projects/fin-model/frontend/node_modules/.pnpm/@radix-ui+react-portal@1.1.9_@types+react-dom@18.3.7_@types+react@18.3.23__@types+react_6c1cd0a6f7cc4779efee75f9fbbe7053/node_modules/@radix-ui/react-portal/dist/index.mjs:11:22
    at Presence (file:///home/alex/projects/fin-model/frontend/node_modules/.pnpm/@radix-ui+react-presence@1.1.4_@types+react-dom@18.3.7_@types+react@18.3.23__@types+rea_587c7e8c3eecba09139e2afe2a783727/node_modules/@radix-ui/react-presence/dist/index.mjs:19:11)
    at Provider (file:///home/alex/projects/fin-model/frontend/node_modules/.pnpm/@radix-ui+react-context@1.1.2_@types+react@18.3.23_react@18.3.1/node_modules/@radix-ui/react-context/dist/index.mjs:27:15)
    at DialogPortal (file:///home/alex/projects/fin-model/frontend/node_modules/.pnpm/@radix-ui+react-dialog@1.1.14_@types+react-dom@18.3.7_@types+react@18.3.23__@types+reac_979338a14129bfbd4b93c15b369f3450/node_modules/@radix-ui/react-dialog/dist/index.mjs:85:11)
    at AlertDialogPortal (file:///home/alex/projects/fin-model/frontend/node_modules/.pnpm/@radix-ui+react-alert-dialog@1.1.14_@types+react-dom@18.3.7_@types+react@18.3.23__@type_66f0df9c34c45541864174e824164977/node_modules/@radix-ui/react-alert-dialog/dist/index.mjs:34:11)
    at /home/alex/projects/fin-model/frontend/src/design-system/components/AlertDialog.tsx:24:78
    at Provider (file:///home/alex/projects/fin-model/frontend/node_modules/.pnpm/@radix-ui+react-context@1.1.2_@types+react@18.3.23_react@18.3.1/node_modules/@radix-ui/react-context/dist/index.mjs:27:15)
    at Dialog (file:///home/alex/projects/fin-model/frontend/node_modules/.pnpm/@radix-ui+react-dialog@1.1.14_@types+react-dom@18.3.7_@types+react@18.3.23__@types+reac_979338a14129bfbd4b93c15b369f3450/node_modules/@radix-ui/react-dialog/dist/index.mjs:25:5)
    at AlertDialog (file:///home/alex/projects/fin-model/frontend/node_modules/.pnpm/@radix-ui+react-alert-dialog@1.1.14_@types+react-dom@18.3.7_@types+react@18.3.23__@type_66f0df9c34c45541864174e824164977/node_modules/@radix-ui/react-alert-dialog/dist/index.mjs:18:11)
    at ConfirmDialog (/home/alex/projects/fin-model/frontend/src/components/ui/ConfirmDialog.tsx:11:26)
    at div
    at AdminDashboard (/home/alex/projects/fin-model/frontend/src/pages/AdminDashboard.tsx:46:79)
Warning: An update to Presence inside a test was not wrapped in act(...).

When testing, code that causes React state updates should be wrapped into act(...):

act(() =&gt; {
  /* fire events that update state */
});
/* assert on the output */

This ensures that you&apos;re testing the behavior the user would see in the browser. Learn more at https://reactjs.org/link/wrap-tests-with-act
    at Presence (file:///home/alex/projects/fin-model/frontend/node_modules/.pnpm/@radix-ui+react-presence@1.1.4_@types+react-dom@18.3.7_@types+react@18.3.23__@types+rea_587c7e8c3eecba09139e2afe2a783727/node_modules/@radix-ui/react-presence/dist/index.mjs:19:11)
    at Provider (file:///home/alex/projects/fin-model/frontend/node_modules/.pnpm/@radix-ui+react-context@1.1.2_@types+react@18.3.23_react@18.3.1/node_modules/@radix-ui/react-context/dist/index.mjs:27:15)
    at DialogPortal (file:///home/alex/projects/fin-model/frontend/node_modules/.pnpm/@radix-ui+react-dialog@1.1.14_@types+react-dom@18.3.7_@types+react@18.3.23__@types+reac_979338a14129bfbd4b93c15b369f3450/node_modules/@radix-ui/react-dialog/dist/index.mjs:85:11)
    at AlertDialogPortal (file:///home/alex/projects/fin-model/frontend/node_modules/.pnpm/@radix-ui+react-alert-dialog@1.1.14_@types+react-dom@18.3.7_@types+react@18.3.23__@type_66f0df9c34c45541864174e824164977/node_modules/@radix-ui/react-alert-dialog/dist/index.mjs:34:11)
    at /home/alex/projects/fin-model/frontend/src/design-system/components/AlertDialog.tsx:24:78
    at Provider (file:///home/alex/projects/fin-model/frontend/node_modules/.pnpm/@radix-ui+react-context@1.1.2_@types+react@18.3.23_react@18.3.1/node_modules/@radix-ui/react-context/dist/index.mjs:27:15)
    at Dialog (file:///home/alex/projects/fin-model/frontend/node_modules/.pnpm/@radix-ui+react-dialog@1.1.14_@types+react-dom@18.3.7_@types+react@18.3.23__@types+reac_979338a14129bfbd4b93c15b369f3450/node_modules/@radix-ui/react-dialog/dist/index.mjs:25:5)
    at AlertDialog (file:///home/alex/projects/fin-model/frontend/node_modules/.pnpm/@radix-ui+react-alert-dialog@1.1.14_@types+react-dom@18.3.7_@types+react@18.3.23__@type_66f0df9c34c45541864174e824164977/node_modules/@radix-ui/react-alert-dialog/dist/index.mjs:18:11)
    at ConfirmDialog (/home/alex/projects/fin-model/frontend/src/components/ui/ConfirmDialog.tsx:11:26)
    at div
    at AdminDashboard (/home/alex/projects/fin-model/frontend/src/pages/AdminDashboard.tsx:46:79)
Warning: An update to DismissableLayer inside a test was not wrapped in act(...).

When testing, code that causes React state updates should be wrapped into act(...):

act(() =&gt; {
  /* fire events that update state */
});
/* assert on the output */

This ensures that you&apos;re testing the behavior the user would see in the browser. Learn more at https://reactjs.org/link/wrap-tests-with-act
    at file:///home/alex/projects/fin-model/frontend/node_modules/.pnpm/@radix-ui+react-dismissable-layer@1.1.10_@types+react-dom@18.3.7_@types+react@18.3.23___dbf8386523191e50867cd199de52aa0e/node_modules/@radix-ui/react-dismissable-layer/dist/index.mjs:24:7
    at file:///home/alex/projects/fin-model/frontend/node_modules/.pnpm/@radix-ui+react-slot@1.2.3_@types+react@18.3.23_react@18.3.1/node_modules/@radix-ui/react-slot/dist/index.mjs:33:13
    at file:///home/alex/projects/fin-model/frontend/node_modules/.pnpm/@radix-ui+react-slot@1.2.3_@types+react@18.3.23_react@18.3.1/node_modules/@radix-ui/react-slot/dist/index.mjs:9:13
    at file:///home/alex/projects/fin-model/frontend/node_modules/.pnpm/@radix-ui+react-primitive@2.1.3_@types+react-dom@18.3.7_@types+react@18.3.23__@types+re_db0ee435667e42f4b05fd5a9bb21abc3/node_modules/@radix-ui/react-primitive/dist/index.mjs:28:13
    at file:///home/alex/projects/fin-model/frontend/node_modules/.pnpm/@radix-ui+react-focus-scope@1.1.7_@types+react-dom@18.3.7_@types+react@18.3.23__@types+_f761c2ff2dd8a5cebf4e03dd795af57f/node_modules/@radix-ui/react-focus-scope/dist/index.mjs:15:5
    at file:///home/alex/projects/fin-model/frontend/node_modules/.pnpm/@radix-ui+react-dialog@1.1.14_@types+react-dom@18.3.7_@types+react@18.3.23__@types+reac_979338a14129bfbd4b93c15b369f3450/node_modules/@radix-ui/react-dialog/dist/index.mjs:206:13
    at file:///home/alex/projects/fin-model/frontend/node_modules/.pnpm/@radix-ui+react-dialog@1.1.14_@types+react-dom@18.3.7_@types+react@18.3.23__@types+reac_979338a14129bfbd4b93c15b369f3450/node_modules/@radix-ui/react-dialog/dist/index.mjs:132:58
    at Presence (file:///home/alex/projects/fin-model/frontend/node_modules/.pnpm/@radix-ui+react-presence@1.1.4_@types+react-dom@18.3.7_@types+react@18.3.23__@types+rea_587c7e8c3eecba09139e2afe2a783727/node_modules/@radix-ui/react-presence/dist/index.mjs:19:11)
    at file:///home/alex/projects/fin-model/frontend/node_modules/.pnpm/@radix-ui+react-dialog@1.1.14_@types+react-dom@18.3.7_@types+react@18.3.23__@types+reac_979338a14129bfbd4b93c15b369f3450/node_modules/@radix-ui/react-dialog/dist/index.mjs:123:64
    at Provider (file:///home/alex/projects/fin-model/frontend/node_modules/.pnpm/@radix-ui+react-context@1.1.2_@types+react@18.3.23_react@18.3.1/node_modules/@radix-ui/react-context/dist/index.mjs:27:15)
    at Provider (file:///home/alex/projects/fin-model/frontend/node_modules/.pnpm/@radix-ui+react-context@1.1.2_@types+react@18.3.23_react@18.3.1/node_modules/@radix-ui/react-context/dist/index.mjs:7:13)
    at file:///home/alex/projects/fin-model/frontend/node_modules/.pnpm/@radix-ui+react-alert-dialog@1.1.14_@types+react-dom@18.3.7_@types+react@18.3.23__@type_66f0df9c34c45541864174e824164977/node_modules/@radix-ui/react-alert-dialog/dist/index.mjs:53:13
    at file:///home/alex/projects/fin-model/frontend/node_modules/.pnpm/@radix-ui+react-slot@1.2.3_@types+react@18.3.23_react@18.3.1/node_modules/@radix-ui/react-slot/dist/index.mjs:33:13
    at file:///home/alex/projects/fin-model/frontend/node_modules/.pnpm/@radix-ui+react-slot@1.2.3_@types+react@18.3.23_react@18.3.1/node_modules/@radix-ui/react-slot/dist/index.mjs:9:13
    at file:///home/alex/projects/fin-model/frontend/node_modules/.pnpm/@radix-ui+react-primitive@2.1.3_@types+react-dom@18.3.7_@types+react@18.3.23__@types+re_db0ee435667e42f4b05fd5a9bb21abc3/node_modules/@radix-ui/react-primitive/dist/index.mjs:28:13
    at file:///home/alex/projects/fin-model/frontend/node_modules/.pnpm/@radix-ui+react-portal@1.1.9_@types+react-dom@18.3.7_@types+react@18.3.23__@types+react_6c1cd0a6f7cc4779efee75f9fbbe7053/node_modules/@radix-ui/react-portal/dist/index.mjs:11:22
    at Presence (file:///home/alex/projects/fin-model/frontend/node_modules/.pnpm/@radix-ui+react-presence@1.1.4_@types+react-dom@18.3.7_@types+react@18.3.23__@types+rea_587c7e8c3eecba09139e2afe2a783727/node_modules/@radix-ui/react-presence/dist/index.mjs:19:11)
    at Provider (file:///home/alex/projects/fin-model/frontend/node_modules/.pnpm/@radix-ui+react-context@1.1.2_@types+react@18.3.23_react@18.3.1/node_modules/@radix-ui/react-context/dist/index.mjs:27:15)
    at DialogPortal (file:///home/alex/projects/fin-model/frontend/node_modules/.pnpm/@radix-ui+react-dialog@1.1.14_@types+react-dom@18.3.7_@types+react@18.3.23__@types+reac_979338a14129bfbd4b93c15b369f3450/node_modules/@radix-ui/react-dialog/dist/index.mjs:85:11)
    at AlertDialogPortal (file:///home/alex/projects/fin-model/frontend/node_modules/.pnpm/@radix-ui+react-alert-dialog@1.1.14_@types+react-dom@18.3.7_@types+react@18.3.23__@type_66f0df9c34c45541864174e824164977/node_modules/@radix-ui/react-alert-dialog/dist/index.mjs:34:11)
    at /home/alex/projects/fin-model/frontend/src/design-system/components/AlertDialog.tsx:24:78
    at Provider (file:///home/alex/projects/fin-model/frontend/node_modules/.pnpm/@radix-ui+react-context@1.1.2_@types+react@18.3.23_react@18.3.1/node_modules/@radix-ui/react-context/dist/index.mjs:27:15)
    at Dialog (file:///home/alex/projects/fin-model/frontend/node_modules/.pnpm/@radix-ui+react-dialog@1.1.14_@types+react-dom@18.3.7_@types+react@18.3.23__@types+reac_979338a14129bfbd4b93c15b369f3450/node_modules/@radix-ui/react-dialog/dist/index.mjs:25:5)
    at AlertDialog (file:///home/alex/projects/fin-model/frontend/node_modules/.pnpm/@radix-ui+react-alert-dialog@1.1.14_@types+react-dom@18.3.7_@types+react@18.3.23__@type_66f0df9c34c45541864174e824164977/node_modules/@radix-ui/react-alert-dialog/dist/index.mjs:18:11)
    at ConfirmDialog (/home/alex/projects/fin-model/frontend/src/components/ui/ConfirmDialog.tsx:11:26)
    at div
    at AdminDashboard (/home/alex/projects/fin-model/frontend/src/pages/AdminDashboard.tsx:46:79)
Warning: An update to Presence inside a test was not wrapped in act(...).

When testing, code that causes React state updates should be wrapped into act(...):

act(() =&gt; {
  /* fire events that update state */
});
/* assert on the output */

This ensures that you&apos;re testing the behavior the user would see in the browser. Learn more at https://reactjs.org/link/wrap-tests-with-act
    at Presence (file:///home/alex/projects/fin-model/frontend/node_modules/.pnpm/@radix-ui+react-presence@1.1.4_@types+react-dom@18.3.7_@types+react@18.3.23__@types+rea_587c7e8c3eecba09139e2afe2a783727/node_modules/@radix-ui/react-presence/dist/index.mjs:19:11)
    at file:///home/alex/projects/fin-model/frontend/node_modules/.pnpm/@radix-ui+react-dialog@1.1.14_@types+react-dom@18.3.7_@types+react@18.3.23__@types+reac_979338a14129bfbd4b93c15b369f3450/node_modules/@radix-ui/react-dialog/dist/index.mjs:123:64
    at Provider (file:///home/alex/projects/fin-model/frontend/node_modules/.pnpm/@radix-ui+react-context@1.1.2_@types+react@18.3.23_react@18.3.1/node_modules/@radix-ui/react-context/dist/index.mjs:27:15)
    at Provider (file:///home/alex/projects/fin-model/frontend/node_modules/.pnpm/@radix-ui+react-context@1.1.2_@types+react@18.3.23_react@18.3.1/node_modules/@radix-ui/react-context/dist/index.mjs:7:13)
    at file:///home/alex/projects/fin-model/frontend/node_modules/.pnpm/@radix-ui+react-alert-dialog@1.1.14_@types+react-dom@18.3.7_@types+react@18.3.23__@type_66f0df9c34c45541864174e824164977/node_modules/@radix-ui/react-alert-dialog/dist/index.mjs:53:13
    at file:///home/alex/projects/fin-model/frontend/node_modules/.pnpm/@radix-ui+react-slot@1.2.3_@types+react@18.3.23_react@18.3.1/node_modules/@radix-ui/react-slot/dist/index.mjs:33:13
    at file:///home/alex/projects/fin-model/frontend/node_modules/.pnpm/@radix-ui+react-slot@1.2.3_@types+react@18.3.23_react@18.3.1/node_modules/@radix-ui/react-slot/dist/index.mjs:9:13
    at file:///home/alex/projects/fin-model/frontend/node_modules/.pnpm/@radix-ui+react-primitive@2.1.3_@types+react-dom@18.3.7_@types+react@18.3.23__@types+re_db0ee435667e42f4b05fd5a9bb21abc3/node_modules/@radix-ui/react-primitive/dist/index.mjs:28:13
    at file:///home/alex/projects/fin-model/frontend/node_modules/.pnpm/@radix-ui+react-portal@1.1.9_@types+react-dom@18.3.7_@types+react@18.3.23__@types+react_6c1cd0a6f7cc4779efee75f9fbbe7053/node_modules/@radix-ui/react-portal/dist/index.mjs:11:22
    at Presence (file:///home/alex/projects/fin-model/frontend/node_modules/.pnpm/@radix-ui+react-presence@1.1.4_@types+react-dom@18.3.7_@types+react@18.3.23__@types+rea_587c7e8c3eecba09139e2afe2a783727/node_modules/@radix-ui/react-presence/dist/index.mjs:19:11)
    at Provider (file:///home/alex/projects/fin-model/frontend/node_modules/.pnpm/@radix-ui+react-context@1.1.2_@types+react@18.3.23_react@18.3.1/node_modules/@radix-ui/react-context/dist/index.mjs:27:15)
    at DialogPortal (file:///home/alex/projects/fin-model/frontend/node_modules/.pnpm/@radix-ui+react-dialog@1.1.14_@types+react-dom@18.3.7_@types+react@18.3.23__@types+reac_979338a14129bfbd4b93c15b369f3450/node_modules/@radix-ui/react-dialog/dist/index.mjs:85:11)
    at AlertDialogPortal (file:///home/alex/projects/fin-model/frontend/node_modules/.pnpm/@radix-ui+react-alert-dialog@1.1.14_@types+react-dom@18.3.7_@types+react@18.3.23__@type_66f0df9c34c45541864174e824164977/node_modules/@radix-ui/react-alert-dialog/dist/index.mjs:34:11)
    at /home/alex/projects/fin-model/frontend/src/design-system/components/AlertDialog.tsx:24:78
    at Provider (file:///home/alex/projects/fin-model/frontend/node_modules/.pnpm/@radix-ui+react-context@1.1.2_@types+react@18.3.23_react@18.3.1/node_modules/@radix-ui/react-context/dist/index.mjs:27:15)
    at Dialog (file:///home/alex/projects/fin-model/frontend/node_modules/.pnpm/@radix-ui+react-dialog@1.1.14_@types+react-dom@18.3.7_@types+react@18.3.23__@types+reac_979338a14129bfbd4b93c15b369f3450/node_modules/@radix-ui/react-dialog/dist/index.mjs:25:5)
    at AlertDialog (file:///home/alex/projects/fin-model/frontend/node_modules/.pnpm/@radix-ui+react-alert-dialog@1.1.14_@types+react-dom@18.3.7_@types+react@18.3.23__@type_66f0df9c34c45541864174e824164977/node_modules/@radix-ui/react-alert-dialog/dist/index.mjs:18:11)
    at ConfirmDialog (/home/alex/projects/fin-model/frontend/src/components/ui/ConfirmDialog.tsx:11:26)
    at div
    at AdminDashboard (/home/alex/projects/fin-model/frontend/src/pages/AdminDashboard.tsx:46:79)
Warning: An update to Presence inside a test was not wrapped in act(...).

When testing, code that causes React state updates should be wrapped into act(...):

act(() =&gt; {
  /* fire events that update state */
});
/* assert on the output */

This ensures that you&apos;re testing the behavior the user would see in the browser. Learn more at https://reactjs.org/link/wrap-tests-with-act
    at Presence (file:///home/alex/projects/fin-model/frontend/node_modules/.pnpm/@radix-ui+react-presence@1.1.4_@types+react-dom@18.3.7_@types+react@18.3.23__@types+rea_587c7e8c3eecba09139e2afe2a783727/node_modules/@radix-ui/react-presence/dist/index.mjs:19:11)
    at Provider (file:///home/alex/projects/fin-model/frontend/node_modules/.pnpm/@radix-ui+react-context@1.1.2_@types+react@18.3.23_react@18.3.1/node_modules/@radix-ui/react-context/dist/index.mjs:27:15)
    at DialogPortal (file:///home/alex/projects/fin-model/frontend/node_modules/.pnpm/@radix-ui+react-dialog@1.1.14_@types+react-dom@18.3.7_@types+react@18.3.23__@types+reac_979338a14129bfbd4b93c15b369f3450/node_modules/@radix-ui/react-dialog/dist/index.mjs:85:11)
    at AlertDialogPortal (file:///home/alex/projects/fin-model/frontend/node_modules/.pnpm/@radix-ui+react-alert-dialog@1.1.14_@types+react-dom@18.3.7_@types+react@18.3.23__@type_66f0df9c34c45541864174e824164977/node_modules/@radix-ui/react-alert-dialog/dist/index.mjs:34:11)
    at /home/alex/projects/fin-model/frontend/src/design-system/components/AlertDialog.tsx:24:78
    at Provider (file:///home/alex/projects/fin-model/frontend/node_modules/.pnpm/@radix-ui+react-context@1.1.2_@types+react@18.3.23_react@18.3.1/node_modules/@radix-ui/react-context/dist/index.mjs:27:15)
    at Dialog (file:///home/alex/projects/fin-model/frontend/node_modules/.pnpm/@radix-ui+react-dialog@1.1.14_@types+react-dom@18.3.7_@types+react@18.3.23__@types+reac_979338a14129bfbd4b93c15b369f3450/node_modules/@radix-ui/react-dialog/dist/index.mjs:25:5)
    at AlertDialog (file:///home/alex/projects/fin-model/frontend/node_modules/.pnpm/@radix-ui+react-alert-dialog@1.1.14_@types+react-dom@18.3.7_@types+react@18.3.23__@type_66f0df9c34c45541864174e824164977/node_modules/@radix-ui/react-alert-dialog/dist/index.mjs:18:11)
    at ConfirmDialog (/home/alex/projects/fin-model/frontend/src/components/ui/ConfirmDialog.tsx:11:26)
    at div
    at AdminDashboard (/home/alex/projects/fin-model/frontend/src/pages/AdminDashboard.tsx:46:79)
Warning: An update to Presence inside a test was not wrapped in act(...).

When testing, code that causes React state updates should be wrapped into act(...):

act(() =&gt; {
  /* fire events that update state */
});
/* assert on the output */

This ensures that you&apos;re testing the behavior the user would see in the browser. Learn more at https://reactjs.org/link/wrap-tests-with-act
    at Presence (file:///home/alex/projects/fin-model/frontend/node_modules/.pnpm/@radix-ui+react-presence@1.1.4_@types+react-dom@18.3.7_@types+react@18.3.23__@types+rea_587c7e8c3eecba09139e2afe2a783727/node_modules/@radix-ui/react-presence/dist/index.mjs:19:11)
    at file:///home/alex/projects/fin-model/frontend/node_modules/.pnpm/@radix-ui+react-dialog@1.1.14_@types+react-dom@18.3.7_@types+react@18.3.23__@types+reac_979338a14129bfbd4b93c15b369f3450/node_modules/@radix-ui/react-dialog/dist/index.mjs:93:64
    at file:///home/alex/projects/fin-model/frontend/node_modules/.pnpm/@radix-ui+react-alert-dialog@1.1.14_@types+react-dom@18.3.7_@types+react@18.3.23__@type_66f0df9c34c45541864174e824164977/node_modules/@radix-ui/react-alert-dialog/dist/index.mjs:42:13
    at /home/alex/projects/fin-model/frontend/src/design-system/components/AlertDialog.tsx:14:78
    at file:///home/alex/projects/fin-model/frontend/node_modules/.pnpm/@radix-ui+react-slot@1.2.3_@types+react@18.3.23_react@18.3.1/node_modules/@radix-ui/react-slot/dist/index.mjs:33:13
    at file:///home/alex/projects/fin-model/frontend/node_modules/.pnpm/@radix-ui+react-slot@1.2.3_@types+react@18.3.23_react@18.3.1/node_modules/@radix-ui/react-slot/dist/index.mjs:9:13
    at file:///home/alex/projects/fin-model/frontend/node_modules/.pnpm/@radix-ui+react-primitive@2.1.3_@types+react-dom@18.3.7_@types+react@18.3.23__@types+re_db0ee435667e42f4b05fd5a9bb21abc3/node_modules/@radix-ui/react-primitive/dist/index.mjs:28:13
    at file:///home/alex/projects/fin-model/frontend/node_modules/.pnpm/@radix-ui+react-portal@1.1.9_@types+react-dom@18.3.7_@types+react@18.3.23__@types+react_6c1cd0a6f7cc4779efee75f9fbbe7053/node_modules/@radix-ui/react-portal/dist/index.mjs:11:22
    at Presence (file:///home/alex/projects/fin-model/frontend/node_modules/.pnpm/@radix-ui+react-presence@1.1.4_@types+react-dom@18.3.7_@types+react@18.3.23__@types+rea_587c7e8c3eecba09139e2afe2a783727/node_modules/@radix-ui/react-presence/dist/index.mjs:19:11)
    at Provider (file:///home/alex/projects/fin-model/frontend/node_modules/.pnpm/@radix-ui+react-context@1.1.2_@types+react@18.3.23_react@18.3.1/node_modules/@radix-ui/react-context/dist/index.mjs:27:15)
    at DialogPortal (file:///home/alex/projects/fin-model/frontend/node_modules/.pnpm/@radix-ui+react-dialog@1.1.14_@types+react-dom@18.3.7_@types+react@18.3.23__@types+reac_979338a14129bfbd4b93c15b369f3450/node_modules/@radix-ui/react-dialog/dist/index.mjs:85:11)
    at AlertDialogPortal (file:///home/alex/projects/fin-model/frontend/node_modules/.pnpm/@radix-ui+react-alert-dialog@1.1.14_@types+react-dom@18.3.7_@types+react@18.3.23__@type_66f0df9c34c45541864174e824164977/node_modules/@radix-ui/react-alert-dialog/dist/index.mjs:34:11)
    at /home/alex/projects/fin-model/frontend/src/design-system/components/AlertDialog.tsx:24:78
    at Provider (file:///home/alex/projects/fin-model/frontend/node_modules/.pnpm/@radix-ui+react-context@1.1.2_@types+react@18.3.23_react@18.3.1/node_modules/@radix-ui/react-context/dist/index.mjs:27:15)
    at Dialog (file:///home/alex/projects/fin-model/frontend/node_modules/.pnpm/@radix-ui+react-dialog@1.1.14_@types+react-dom@18.3.7_@types+react@18.3.23__@types+reac_979338a14129bfbd4b93c15b369f3450/node_modules/@radix-ui/react-dialog/dist/index.mjs:25:5)
    at AlertDialog (file:///home/alex/projects/fin-model/frontend/node_modules/.pnpm/@radix-ui+react-alert-dialog@1.1.14_@types+react-dom@18.3.7_@types+react@18.3.23__@type_66f0df9c34c45541864174e824164977/node_modules/@radix-ui/react-alert-dialog/dist/index.mjs:18:11)
    at ConfirmDialog (/home/alex/projects/fin-model/frontend/src/components/ui/ConfirmDialog.tsx:11:26)
    at div
    at AdminDashboard (/home/alex/projects/fin-model/frontend/src/pages/AdminDashboard.tsx:46:79)
Warning: An update to Presence inside a test was not wrapped in act(...).

When testing, code that causes React state updates should be wrapped into act(...):

act(() =&gt; {
  /* fire events that update state */
});
/* assert on the output */

This ensures that you&apos;re testing the behavior the user would see in the browser. Learn more at https://reactjs.org/link/wrap-tests-with-act
    at Presence (file:///home/alex/projects/fin-model/frontend/node_modules/.pnpm/@radix-ui+react-presence@1.1.4_@types+react-dom@18.3.7_@types+react@18.3.23__@types+rea_587c7e8c3eecba09139e2afe2a783727/node_modules/@radix-ui/react-presence/dist/index.mjs:19:11)
    at Provider (file:///home/alex/projects/fin-model/frontend/node_modules/.pnpm/@radix-ui+react-context@1.1.2_@types+react@18.3.23_react@18.3.1/node_modules/@radix-ui/react-context/dist/index.mjs:27:15)
    at DialogPortal (file:///home/alex/projects/fin-model/frontend/node_modules/.pnpm/@radix-ui+react-dialog@1.1.14_@types+react-dom@18.3.7_@types+react@18.3.23__@types+reac_979338a14129bfbd4b93c15b369f3450/node_modules/@radix-ui/react-dialog/dist/index.mjs:85:11)
    at AlertDialogPortal (file:///home/alex/projects/fin-model/frontend/node_modules/.pnpm/@radix-ui+react-alert-dialog@1.1.14_@types+react-dom@18.3.7_@types+react@18.3.23__@type_66f0df9c34c45541864174e824164977/node_modules/@radix-ui/react-alert-dialog/dist/index.mjs:34:11)
    at /home/alex/projects/fin-model/frontend/src/design-system/components/AlertDialog.tsx:24:78
    at Provider (file:///home/alex/projects/fin-model/frontend/node_modules/.pnpm/@radix-ui+react-context@1.1.2_@types+react@18.3.23_react@18.3.1/node_modules/@radix-ui/react-context/dist/index.mjs:27:15)
    at Dialog (file:///home/alex/projects/fin-model/frontend/node_modules/.pnpm/@radix-ui+react-dialog@1.1.14_@types+react-dom@18.3.7_@types+react@18.3.23__@types+reac_979338a14129bfbd4b93c15b369f3450/node_modules/@radix-ui/react-dialog/dist/index.mjs:25:5)
    at AlertDialog (file:///home/alex/projects/fin-model/frontend/node_modules/.pnpm/@radix-ui+react-alert-dialog@1.1.14_@types+react-dom@18.3.7_@types+react@18.3.23__@type_66f0df9c34c45541864174e824164977/node_modules/@radix-ui/react-alert-dialog/dist/index.mjs:18:11)
    at ConfirmDialog (/home/alex/projects/fin-model/frontend/src/components/ui/ConfirmDialog.tsx:11:26)
    at div
    at AdminDashboard (/home/alex/projects/fin-model/frontend/src/pages/AdminDashboard.tsx:46:79)
Warning: An update to FocusScope inside a test was not wrapped in act(...).

When testing, code that causes React state updates should be wrapped into act(...):

act(() =&gt; {
  /* fire events that update state */
});
/* assert on the output */

This ensures that you&apos;re testing the behavior the user would see in the browser. Learn more at https://reactjs.org/link/wrap-tests-with-act
    at file:///home/alex/projects/fin-model/frontend/node_modules/.pnpm/@radix-ui+react-focus-scope@1.1.7_@types+react-dom@18.3.7_@types+react@18.3.23__@types+_f761c2ff2dd8a5cebf4e03dd795af57f/node_modules/@radix-ui/react-focus-scope/dist/index.mjs:15:5
    at file:///home/alex/projects/fin-model/frontend/node_modules/.pnpm/@radix-ui+react-dialog@1.1.14_@types+react-dom@18.3.7_@types+react@18.3.23__@types+reac_979338a14129bfbd4b93c15b369f3450/node_modules/@radix-ui/react-dialog/dist/index.mjs:206:13
    at file:///home/alex/projects/fin-model/frontend/node_modules/.pnpm/@radix-ui+react-dialog@1.1.14_@types+react-dom@18.3.7_@types+react@18.3.23__@types+reac_979338a14129bfbd4b93c15b369f3450/node_modules/@radix-ui/react-dialog/dist/index.mjs:132:58
    at Presence (file:///home/alex/projects/fin-model/frontend/node_modules/.pnpm/@radix-ui+react-presence@1.1.4_@types+react-dom@18.3.7_@types+react@18.3.23__@types+rea_587c7e8c3eecba09139e2afe2a783727/node_modules/@radix-ui/react-presence/dist/index.mjs:19:11)
    at file:///home/alex/projects/fin-model/frontend/node_modules/.pnpm/@radix-ui+react-dialog@1.1.14_@types+react-dom@18.3.7_@types+react@18.3.23__@types+reac_979338a14129bfbd4b93c15b369f3450/node_modules/@radix-ui/react-dialog/dist/index.mjs:123:64
    at Provider (file:///home/alex/projects/fin-model/frontend/node_modules/.pnpm/@radix-ui+react-context@1.1.2_@types+react@18.3.23_react@18.3.1/node_modules/@radix-ui/react-context/dist/index.mjs:27:15)
    at Provider (file:///home/alex/projects/fin-model/frontend/node_modules/.pnpm/@radix-ui+react-context@1.1.2_@types+react@18.3.23_react@18.3.1/node_modules/@radix-ui/react-context/dist/index.mjs:7:13)
    at file:///home/alex/projects/fin-model/frontend/node_modules/.pnpm/@radix-ui+react-alert-dialog@1.1.14_@types+react-dom@18.3.7_@types+react@18.3.23__@type_66f0df9c34c45541864174e824164977/node_modules/@radix-ui/react-alert-dialog/dist/index.mjs:53:13
    at file:///home/alex/projects/fin-model/frontend/node_modules/.pnpm/@radix-ui+react-slot@1.2.3_@types+react@18.3.23_react@18.3.1/node_modules/@radix-ui/react-slot/dist/index.mjs:33:13
    at file:///home/alex/projects/fin-model/frontend/node_modules/.pnpm/@radix-ui+react-slot@1.2.3_@types+react@18.3.23_react@18.3.1/node_modules/@radix-ui/react-slot/dist/index.mjs:9:13
    at file:///home/alex/projects/fin-model/frontend/node_modules/.pnpm/@radix-ui+react-primitive@2.1.3_@types+react-dom@18.3.7_@types+react@18.3.23__@types+re_db0ee435667e42f4b05fd5a9bb21abc3/node_modules/@radix-ui/react-primitive/dist/index.mjs:28:13
    at file:///home/alex/projects/fin-model/frontend/node_modules/.pnpm/@radix-ui+react-portal@1.1.9_@types+react-dom@18.3.7_@types+react@18.3.23__@types+react_6c1cd0a6f7cc4779efee75f9fbbe7053/node_modules/@radix-ui/react-portal/dist/index.mjs:11:22
    at Presence (file:///home/alex/projects/fin-model/frontend/node_modules/.pnpm/@radix-ui+react-presence@1.1.4_@types+react-dom@18.3.7_@types+react@18.3.23__@types+rea_587c7e8c3eecba09139e2afe2a783727/node_modules/@radix-ui/react-presence/dist/index.mjs:19:11)
    at Provider (file:///home/alex/projects/fin-model/frontend/node_modules/.pnpm/@radix-ui+react-context@1.1.2_@types+react@18.3.23_react@18.3.1/node_modules/@radix-ui/react-context/dist/index.mjs:27:15)
    at DialogPortal (file:///home/alex/projects/fin-model/frontend/node_modules/.pnpm/@radix-ui+react-dialog@1.1.14_@types+react-dom@18.3.7_@types+react@18.3.23__@types+reac_979338a14129bfbd4b93c15b369f3450/node_modules/@radix-ui/react-dialog/dist/index.mjs:85:11)
    at AlertDialogPortal (file:///home/alex/projects/fin-model/frontend/node_modules/.pnpm/@radix-ui+react-alert-dialog@1.1.14_@types+react-dom@18.3.7_@types+react@18.3.23__@type_66f0df9c34c45541864174e824164977/node_modules/@radix-ui/react-alert-dialog/dist/index.mjs:34:11)
    at /home/alex/projects/fin-model/frontend/src/design-system/components/AlertDialog.tsx:24:78
    at Provider (file:///home/alex/projects/fin-model/frontend/node_modules/.pnpm/@radix-ui+react-context@1.1.2_@types+react@18.3.23_react@18.3.1/node_modules/@radix-ui/react-context/dist/index.mjs:27:15)
    at Dialog (file:///home/alex/projects/fin-model/frontend/node_modules/.pnpm/@radix-ui+react-dialog@1.1.14_@types+react-dom@18.3.7_@types+react@18.3.23__@types+reac_979338a14129bfbd4b93c15b369f3450/node_modules/@radix-ui/react-dialog/dist/index.mjs:25:5)
    at AlertDialog (file:///home/alex/projects/fin-model/frontend/node_modules/.pnpm/@radix-ui+react-alert-dialog@1.1.14_@types+react-dom@18.3.7_@types+react@18.3.23__@type_66f0df9c34c45541864174e824164977/node_modules/@radix-ui/react-alert-dialog/dist/index.mjs:18:11)
    at ConfirmDialog (/home/alex/projects/fin-model/frontend/src/components/ui/ConfirmDialog.tsx:11:26)
    at div
    at AdminDashboard (/home/alex/projects/fin-model/frontend/src/pages/AdminDashboard.tsx:46:79)
Warning: An update to Presence inside a test was not wrapped in act(...).

When testing, code that causes React state updates should be wrapped into act(...):

act(() =&gt; {
  /* fire events that update state */
});
/* assert on the output */

This ensures that you&apos;re testing the behavior the user would see in the browser. Learn more at https://reactjs.org/link/wrap-tests-with-act
    at Presence (file:///home/alex/projects/fin-model/frontend/node_modules/.pnpm/@radix-ui+react-presence@1.1.4_@types+react-dom@18.3.7_@types+react@18.3.23__@types+rea_587c7e8c3eecba09139e2afe2a783727/node_modules/@radix-ui/react-presence/dist/index.mjs:19:11)
    at file:///home/alex/projects/fin-model/frontend/node_modules/.pnpm/@radix-ui+react-dialog@1.1.14_@types+react-dom@18.3.7_@types+react@18.3.23__@types+reac_979338a14129bfbd4b93c15b369f3450/node_modules/@radix-ui/react-dialog/dist/index.mjs:123:64
    at Provider (file:///home/alex/projects/fin-model/frontend/node_modules/.pnpm/@radix-ui+react-context@1.1.2_@types+react@18.3.23_react@18.3.1/node_modules/@radix-ui/react-context/dist/index.mjs:27:15)
    at Provider (file:///home/alex/projects/fin-model/frontend/node_modules/.pnpm/@radix-ui+react-context@1.1.2_@types+react@18.3.23_react@18.3.1/node_modules/@radix-ui/react-context/dist/index.mjs:7:13)
    at file:///home/alex/projects/fin-model/frontend/node_modules/.pnpm/@radix-ui+react-alert-dialog@1.1.14_@types+react-dom@18.3.7_@types+react@18.3.23__@type_66f0df9c34c45541864174e824164977/node_modules/@radix-ui/react-alert-dialog/dist/index.mjs:53:13
    at file:///home/alex/projects/fin-model/frontend/node_modules/.pnpm/@radix-ui+react-slot@1.2.3_@types+react@18.3.23_react@18.3.1/node_modules/@radix-ui/react-slot/dist/index.mjs:33:13
    at file:///home/alex/projects/fin-model/frontend/node_modules/.pnpm/@radix-ui+react-slot@1.2.3_@types+react@18.3.23_react@18.3.1/node_modules/@radix-ui/react-slot/dist/index.mjs:9:13
    at file:///home/alex/projects/fin-model/frontend/node_modules/.pnpm/@radix-ui+react-primitive@2.1.3_@types+react-dom@18.3.7_@types+react@18.3.23__@types+re_db0ee435667e42f4b05fd5a9bb21abc3/node_modules/@radix-ui/react-primitive/dist/index.mjs:28:13
    at file:///home/alex/projects/fin-model/frontend/node_modules/.pnpm/@radix-ui+react-portal@1.1.9_@types+react-dom@18.3.7_@types+react@18.3.23__@types+react_6c1cd0a6f7cc4779efee75f9fbbe7053/node_modules/@radix-ui/react-portal/dist/index.mjs:11:22
    at Presence (file:///home/alex/projects/fin-model/frontend/node_modules/.pnpm/@radix-ui+react-presence@1.1.4_@types+react-dom@18.3.7_@types+react@18.3.23__@types+rea_587c7e8c3eecba09139e2afe2a783727/node_modules/@radix-ui/react-presence/dist/index.mjs:19:11)
    at Provider (file:///home/alex/projects/fin-model/frontend/node_modules/.pnpm/@radix-ui+react-context@1.1.2_@types+react@18.3.23_react@18.3.1/node_modules/@radix-ui/react-context/dist/index.mjs:27:15)
    at DialogPortal (file:///home/alex/projects/fin-model/frontend/node_modules/.pnpm/@radix-ui+react-dialog@1.1.14_@types+react-dom@18.3.7_@types+react@18.3.23__@types+reac_979338a14129bfbd4b93c15b369f3450/node_modules/@radix-ui/react-dialog/dist/index.mjs:85:11)
    at AlertDialogPortal (file:///home/alex/projects/fin-model/frontend/node_modules/.pnpm/@radix-ui+react-alert-dialog@1.1.14_@types+react-dom@18.3.7_@types+react@18.3.23__@type_66f0df9c34c45541864174e824164977/node_modules/@radix-ui/react-alert-dialog/dist/index.mjs:34:11)
    at /home/alex/projects/fin-model/frontend/src/design-system/components/AlertDialog.tsx:24:78
    at Provider (file:///home/alex/projects/fin-model/frontend/node_modules/.pnpm/@radix-ui+react-context@1.1.2_@types+react@18.3.23_react@18.3.1/node_modules/@radix-ui/react-context/dist/index.mjs:27:15)
    at Dialog (file:///home/alex/projects/fin-model/frontend/node_modules/.pnpm/@radix-ui+react-dialog@1.1.14_@types+react-dom@18.3.7_@types+react@18.3.23__@types+reac_979338a14129bfbd4b93c15b369f3450/node_modules/@radix-ui/react-dialog/dist/index.mjs:25:5)
    at AlertDialog (file:///home/alex/projects/fin-model/frontend/node_modules/.pnpm/@radix-ui+react-alert-dialog@1.1.14_@types+react-dom@18.3.7_@types+react@18.3.23__@type_66f0df9c34c45541864174e824164977/node_modules/@radix-ui/react-alert-dialog/dist/index.mjs:18:11)
    at ConfirmDialog (/home/alex/projects/fin-model/frontend/src/components/ui/ConfirmDialog.tsx:11:26)
    at div
    at AdminDashboard (/home/alex/projects/fin-model/frontend/src/pages/AdminDashboard.tsx:46:79)
Warning: An update to Presence inside a test was not wrapped in act(...).

When testing, code that causes React state updates should be wrapped into act(...):

act(() =&gt; {
  /* fire events that update state */
});
/* assert on the output */

This ensures that you&apos;re testing the behavior the user would see in the browser. Learn more at https://reactjs.org/link/wrap-tests-with-act
    at Presence (file:///home/alex/projects/fin-model/frontend/node_modules/.pnpm/@radix-ui+react-presence@1.1.4_@types+react-dom@18.3.7_@types+react@18.3.23__@types+rea_587c7e8c3eecba09139e2afe2a783727/node_modules/@radix-ui/react-presence/dist/index.mjs:19:11)
    at Provider (file:///home/alex/projects/fin-model/frontend/node_modules/.pnpm/@radix-ui+react-context@1.1.2_@types+react@18.3.23_react@18.3.1/node_modules/@radix-ui/react-context/dist/index.mjs:27:15)
    at DialogPortal (file:///home/alex/projects/fin-model/frontend/node_modules/.pnpm/@radix-ui+react-dialog@1.1.14_@types+react-dom@18.3.7_@types+react@18.3.23__@types+reac_979338a14129bfbd4b93c15b369f3450/node_modules/@radix-ui/react-dialog/dist/index.mjs:85:11)
    at AlertDialogPortal (file:///home/alex/projects/fin-model/frontend/node_modules/.pnpm/@radix-ui+react-alert-dialog@1.1.14_@types+react-dom@18.3.7_@types+react@18.3.23__@type_66f0df9c34c45541864174e824164977/node_modules/@radix-ui/react-alert-dialog/dist/index.mjs:34:11)
    at /home/alex/projects/fin-model/frontend/src/design-system/components/AlertDialog.tsx:24:78
    at Provider (file:///home/alex/projects/fin-model/frontend/node_modules/.pnpm/@radix-ui+react-context@1.1.2_@types+react@18.3.23_react@18.3.1/node_modules/@radix-ui/react-context/dist/index.mjs:27:15)
    at Dialog (file:///home/alex/projects/fin-model/frontend/node_modules/.pnpm/@radix-ui+react-dialog@1.1.14_@types+react-dom@18.3.7_@types+react@18.3.23__@types+reac_979338a14129bfbd4b93c15b369f3450/node_modules/@radix-ui/react-dialog/dist/index.mjs:25:5)
    at AlertDialog (file:///home/alex/projects/fin-model/frontend/node_modules/.pnpm/@radix-ui+react-alert-dialog@1.1.14_@types+react-dom@18.3.7_@types+react@18.3.23__@type_66f0df9c34c45541864174e824164977/node_modules/@radix-ui/react-alert-dialog/dist/index.mjs:18:11)
    at ConfirmDialog (/home/alex/projects/fin-model/frontend/src/components/ui/ConfirmDialog.tsx:11:26)
    at div
    at AdminDashboard (/home/alex/projects/fin-model/frontend/src/pages/AdminDashboard.tsx:46:79)
Warning: An update to DismissableLayer inside a test was not wrapped in act(...).

When testing, code that causes React state updates should be wrapped into act(...):

act(() =&gt; {
  /* fire events that update state */
});
/* assert on the output */

This ensures that you&apos;re testing the behavior the user would see in the browser. Learn more at https://reactjs.org/link/wrap-tests-with-act
    at file:///home/alex/projects/fin-model/frontend/node_modules/.pnpm/@radix-ui+react-dismissable-layer@1.1.10_@types+react-dom@18.3.7_@types+react@18.3.23___dbf8386523191e50867cd199de52aa0e/node_modules/@radix-ui/react-dismissable-layer/dist/index.mjs:24:7
    at file:///home/alex/projects/fin-model/frontend/node_modules/.pnpm/@radix-ui+react-slot@1.2.3_@types+react@18.3.23_react@18.3.1/node_modules/@radix-ui/react-slot/dist/index.mjs:33:13
    at file:///home/alex/projects/fin-model/frontend/node_modules/.pnpm/@radix-ui+react-slot@1.2.3_@types+react@18.3.23_react@18.3.1/node_modules/@radix-ui/react-slot/dist/index.mjs:9:13
    at file:///home/alex/projects/fin-model/frontend/node_modules/.pnpm/@radix-ui+react-primitive@2.1.3_@types+react-dom@18.3.7_@types+react@18.3.23__@types+re_db0ee435667e42f4b05fd5a9bb21abc3/node_modules/@radix-ui/react-primitive/dist/index.mjs:28:13
    at file:///home/alex/projects/fin-model/frontend/node_modules/.pnpm/@radix-ui+react-focus-scope@1.1.7_@types+react-dom@18.3.7_@types+react@18.3.23__@types+_f761c2ff2dd8a5cebf4e03dd795af57f/node_modules/@radix-ui/react-focus-scope/dist/index.mjs:15:5
    at file:///home/alex/projects/fin-model/frontend/node_modules/.pnpm/@radix-ui+react-dialog@1.1.14_@types+react-dom@18.3.7_@types+react@18.3.23__@types+reac_979338a14129bfbd4b93c15b369f3450/node_modules/@radix-ui/react-dialog/dist/index.mjs:206:13
    at file:///home/alex/projects/fin-model/frontend/node_modules/.pnpm/@radix-ui+react-dialog@1.1.14_@types+react-dom@18.3.7_@types+react@18.3.23__@types+reac_979338a14129bfbd4b93c15b369f3450/node_modules/@radix-ui/react-dialog/dist/index.mjs:132:58
    at Presence (file:///home/alex/projects/fin-model/frontend/node_modules/.pnpm/@radix-ui+react-presence@1.1.4_@types+react-dom@18.3.7_@types+react@18.3.23__@types+rea_587c7e8c3eecba09139e2afe2a783727/node_modules/@radix-ui/react-presence/dist/index.mjs:19:11)
    at file:///home/alex/projects/fin-model/frontend/node_modules/.pnpm/@radix-ui+react-dialog@1.1.14_@types+react-dom@18.3.7_@types+react@18.3.23__@types+reac_979338a14129bfbd4b93c15b369f3450/node_modules/@radix-ui/react-dialog/dist/index.mjs:123:64
    at Provider (file:///home/alex/projects/fin-model/frontend/node_modules/.pnpm/@radix-ui+react-context@1.1.2_@types+react@18.3.23_react@18.3.1/node_modules/@radix-ui/react-context/dist/index.mjs:27:15)
    at Provider (file:///home/alex/projects/fin-model/frontend/node_modules/.pnpm/@radix-ui+react-context@1.1.2_@types+react@18.3.23_react@18.3.1/node_modules/@radix-ui/react-context/dist/index.mjs:7:13)
    at file:///home/alex/projects/fin-model/frontend/node_modules/.pnpm/@radix-ui+react-alert-dialog@1.1.14_@types+react-dom@18.3.7_@types+react@18.3.23__@type_66f0df9c34c45541864174e824164977/node_modules/@radix-ui/react-alert-dialog/dist/index.mjs:53:13
    at file:///home/alex/projects/fin-model/frontend/node_modules/.pnpm/@radix-ui+react-slot@1.2.3_@types+react@18.3.23_react@18.3.1/node_modules/@radix-ui/react-slot/dist/index.mjs:33:13
    at file:///home/alex/projects/fin-model/frontend/node_modules/.pnpm/@radix-ui+react-slot@1.2.3_@types+react@18.3.23_react@18.3.1/node_modules/@radix-ui/react-slot/dist/index.mjs:9:13
    at file:///home/alex/projects/fin-model/frontend/node_modules/.pnpm/@radix-ui+react-primitive@2.1.3_@types+react-dom@18.3.7_@types+react@18.3.23__@types+re_db0ee435667e42f4b05fd5a9bb21abc3/node_modules/@radix-ui/react-primitive/dist/index.mjs:28:13
    at file:///home/alex/projects/fin-model/frontend/node_modules/.pnpm/@radix-ui+react-portal@1.1.9_@types+react-dom@18.3.7_@types+react@18.3.23__@types+react_6c1cd0a6f7cc4779efee75f9fbbe7053/node_modules/@radix-ui/react-portal/dist/index.mjs:11:22
    at Presence (file:///home/alex/projects/fin-model/frontend/node_modules/.pnpm/@radix-ui+react-presence@1.1.4_@types+react-dom@18.3.7_@types+react@18.3.23__@types+rea_587c7e8c3eecba09139e2afe2a783727/node_modules/@radix-ui/react-presence/dist/index.mjs:19:11)
    at Provider (file:///home/alex/projects/fin-model/frontend/node_modules/.pnpm/@radix-ui+react-context@1.1.2_@types+react@18.3.23_react@18.3.1/node_modules/@radix-ui/react-context/dist/index.mjs:27:15)
    at DialogPortal (file:///home/alex/projects/fin-model/frontend/node_modules/.pnpm/@radix-ui+react-dialog@1.1.14_@types+react-dom@18.3.7_@types+react@18.3.23__@types+reac_979338a14129bfbd4b93c15b369f3450/node_modules/@radix-ui/react-dialog/dist/index.mjs:85:11)
    at AlertDialogPortal (file:///home/alex/projects/fin-model/frontend/node_modules/.pnpm/@radix-ui+react-alert-dialog@1.1.14_@types+react-dom@18.3.7_@types+react@18.3.23__@type_66f0df9c34c45541864174e824164977/node_modules/@radix-ui/react-alert-dialog/dist/index.mjs:34:11)
    at /home/alex/projects/fin-model/frontend/src/design-system/components/AlertDialog.tsx:24:78
    at Provider (file:///home/alex/projects/fin-model/frontend/node_modules/.pnpm/@radix-ui+react-context@1.1.2_@types+react@18.3.23_react@18.3.1/node_modules/@radix-ui/react-context/dist/index.mjs:27:15)
    at Dialog (file:///home/alex/projects/fin-model/frontend/node_modules/.pnpm/@radix-ui+react-dialog@1.1.14_@types+react-dom@18.3.7_@types+react@18.3.23__@types+reac_979338a14129bfbd4b93c15b369f3450/node_modules/@radix-ui/react-dialog/dist/index.mjs:25:5)
    at AlertDialog (file:///home/alex/projects/fin-model/frontend/node_modules/.pnpm/@radix-ui+react-alert-dialog@1.1.14_@types+react-dom@18.3.7_@types+react@18.3.23__@type_66f0df9c34c45541864174e824164977/node_modules/@radix-ui/react-alert-dialog/dist/index.mjs:18:11)
    at ConfirmDialog (/home/alex/projects/fin-model/frontend/src/components/ui/ConfirmDialog.tsx:11:26)
    at div
    at AdminDashboard (/home/alex/projects/fin-model/frontend/src/pages/AdminDashboard.tsx:46:79)
Warning: An update to Presence inside a test was not wrapped in act(...).

When testing, code that causes React state updates should be wrapped into act(...):

act(() =&gt; {
  /* fire events that update state */
});
/* assert on the output */

This ensures that you&apos;re testing the behavior the user would see in the browser. Learn more at https://reactjs.org/link/wrap-tests-with-act
    at Presence (file:///home/alex/projects/fin-model/frontend/node_modules/.pnpm/@radix-ui+react-presence@1.1.4_@types+react-dom@18.3.7_@types+react@18.3.23__@types+rea_587c7e8c3eecba09139e2afe2a783727/node_modules/@radix-ui/react-presence/dist/index.mjs:19:11)
    at Provider (file:///home/alex/projects/fin-model/frontend/node_modules/.pnpm/@radix-ui+react-context@1.1.2_@types+react@18.3.23_react@18.3.1/node_modules/@radix-ui/react-context/dist/index.mjs:27:15)
    at DialogPortal (file:///home/alex/projects/fin-model/frontend/node_modules/.pnpm/@radix-ui+react-dialog@1.1.14_@types+react-dom@18.3.7_@types+react@18.3.23__@types+reac_979338a14129bfbd4b93c15b369f3450/node_modules/@radix-ui/react-dialog/dist/index.mjs:85:11)
    at AlertDialogPortal (file:///home/alex/projects/fin-model/frontend/node_modules/.pnpm/@radix-ui+react-alert-dialog@1.1.14_@types+react-dom@18.3.7_@types+react@18.3.23__@type_66f0df9c34c45541864174e824164977/node_modules/@radix-ui/react-alert-dialog/dist/index.mjs:34:11)
    at /home/alex/projects/fin-model/frontend/src/design-system/components/AlertDialog.tsx:24:78
    at Provider (file:///home/alex/projects/fin-model/frontend/node_modules/.pnpm/@radix-ui+react-context@1.1.2_@types+react@18.3.23_react@18.3.1/node_modules/@radix-ui/react-context/dist/index.mjs:27:15)
    at Dialog (file:///home/alex/projects/fin-model/frontend/node_modules/.pnpm/@radix-ui+react-dialog@1.1.14_@types+react-dom@18.3.7_@types+react@18.3.23__@types+reac_979338a14129bfbd4b93c15b369f3450/node_modules/@radix-ui/react-dialog/dist/index.mjs:25:5)
    at AlertDialog (file:///home/alex/projects/fin-model/frontend/node_modules/.pnpm/@radix-ui+react-alert-dialog@1.1.14_@types+react-dom@18.3.7_@types+react@18.3.23__@type_66f0df9c34c45541864174e824164977/node_modules/@radix-ui/react-alert-dialog/dist/index.mjs:18:11)
    at ConfirmDialog (/home/alex/projects/fin-model/frontend/src/components/ui/ConfirmDialog.tsx:11:26)
    at div
    at AdminDashboard (/home/alex/projects/fin-model/frontend/src/pages/AdminDashboard.tsx:46:79)
Warning: An update to Presence inside a test was not wrapped in act(...).

When testing, code that causes React state updates should be wrapped into act(...):

act(() =&gt; {
  /* fire events that update state */
});
/* assert on the output */

This ensures that you&apos;re testing the behavior the user would see in the browser. Learn more at https://reactjs.org/link/wrap-tests-with-act
    at Presence (file:///home/alex/projects/fin-model/frontend/node_modules/.pnpm/@radix-ui+react-presence@1.1.4_@types+react-dom@18.3.7_@types+react@18.3.23__@types+rea_587c7e8c3eecba09139e2afe2a783727/node_modules/@radix-ui/react-presence/dist/index.mjs:19:11)
    at Provider (file:///home/alex/projects/fin-model/frontend/node_modules/.pnpm/@radix-ui+react-context@1.1.2_@types+react@18.3.23_react@18.3.1/node_modules/@radix-ui/react-context/dist/index.mjs:27:15)
    at DialogPortal (file:///home/alex/projects/fin-model/frontend/node_modules/.pnpm/@radix-ui+react-dialog@1.1.14_@types+react-dom@18.3.7_@types+react@18.3.23__@types+reac_979338a14129bfbd4b93c15b369f3450/node_modules/@radix-ui/react-dialog/dist/index.mjs:85:11)
    at AlertDialogPortal (file:///home/alex/projects/fin-model/frontend/node_modules/.pnpm/@radix-ui+react-alert-dialog@1.1.14_@types+react-dom@18.3.7_@types+react@18.3.23__@type_66f0df9c34c45541864174e824164977/node_modules/@radix-ui/react-alert-dialog/dist/index.mjs:34:11)
    at /home/alex/projects/fin-model/frontend/src/design-system/components/AlertDialog.tsx:24:78
    at Provider (file:///home/alex/projects/fin-model/frontend/node_modules/.pnpm/@radix-ui+react-context@1.1.2_@types+react@18.3.23_react@18.3.1/node_modules/@radix-ui/react-context/dist/index.mjs:27:15)
    at Dialog (file:///home/alex/projects/fin-model/frontend/node_modules/.pnpm/@radix-ui+react-dialog@1.1.14_@types+react-dom@18.3.7_@types+react@18.3.23__@types+reac_979338a14129bfbd4b93c15b369f3450/node_modules/@radix-ui/react-dialog/dist/index.mjs:25:5)
    at AlertDialog (file:///home/alex/projects/fin-model/frontend/node_modules/.pnpm/@radix-ui+react-alert-dialog@1.1.14_@types+react-dom@18.3.7_@types+react@18.3.23__@type_66f0df9c34c45541864174e824164977/node_modules/@radix-ui/react-alert-dialog/dist/index.mjs:18:11)
    at ConfirmDialog (/home/alex/projects/fin-model/frontend/src/components/ui/ConfirmDialog.tsx:11:26)
    at div
    at AdminDashboard (/home/alex/projects/fin-model/frontend/src/pages/AdminDashboard.tsx:46:79)
Warning: An update to OverviewTab inside a test was not wrapped in act(...).

When testing, code that causes React state updates should be wrapped into act(...):

act(() =&gt; {
  /* fire events that update state */
});
/* assert on the output */

This ensures that you&apos;re testing the behavior the user would see in the browser. Learn more at https://reactjs.org/link/wrap-tests-with-act
    at OverviewTab (/home/alex/projects/fin-model/frontend/src/components/AdminDashboard/OverviewTab.tsx:22:94)
    at div
    at TabsContent (/home/alex/projects/fin-model/frontend/src/test/setup.ts:37:25)
    at div
    at Tabs (/home/alex/projects/fin-model/frontend/src/test/setup.ts:28:18)
    at div
    at div
    at AdminDashboard (/home/alex/projects/fin-model/frontend/src/pages/AdminDashboard.tsx:46:79)
Warning: An update to HealthTab inside a test was not wrapped in act(...).

When testing, code that causes React state updates should be wrapped into act(...):

act(() =&gt; {
  /* fire events that update state */
});
/* assert on the output */

This ensures that you&apos;re testing the behavior the user would see in the browser. Learn more at https://reactjs.org/link/wrap-tests-with-act
    at HealthTab (/home/alex/projects/fin-model/frontend/src/components/AdminDashboard/HealthTab.tsx:10:68)
    at div
    at TabsContent (/home/alex/projects/fin-model/frontend/src/test/setup.ts:37:25)
    at div
    at Tabs (/home/alex/projects/fin-model/frontend/src/test/setup.ts:28:18)
    at div
    at div
    at AdminDashboard (/home/alex/projects/fin-model/frontend/src/pages/AdminDashboard.tsx:46:79)
Warning: An update to AdminDashboard inside a test was not wrapped in act(...).

When testing, code that causes React state updates should be wrapped into act(...):

act(() =&gt; {
  /* fire events that update state */
});
/* assert on the output */

This ensures that you&apos;re testing the behavior the user would see in the browser. Learn more at https://reactjs.org/link/wrap-tests-with-act
    at AdminDashboard (/home/alex/projects/fin-model/frontend/src/pages/AdminDashboard.tsx:46:79)
Warning: An update to OverviewTab inside a test was not wrapped in act(...).

When testing, code that causes React state updates should be wrapped into act(...):

act(() =&gt; {
  /* fire events that update state */
});
/* assert on the output */

This ensures that you&apos;re testing the behavior the user would see in the browser. Learn more at https://reactjs.org/link/wrap-tests-with-act
    at OverviewTab (/home/alex/projects/fin-model/frontend/src/components/AdminDashboard/OverviewTab.tsx:22:94)
    at div
    at TabsContent (/home/alex/projects/fin-model/frontend/src/test/setup.ts:37:25)
    at div
    at Tabs (/home/alex/projects/fin-model/frontend/src/test/setup.ts:28:18)
    at div
    at div
    at AdminDashboard (/home/alex/projects/fin-model/frontend/src/pages/AdminDashboard.tsx:46:79)
Warning: An update to HealthTab inside a test was not wrapped in act(...).

When testing, code that causes React state updates should be wrapped into act(...):

act(() =&gt; {
  /* fire events that update state */
});
/* assert on the output */

This ensures that you&apos;re testing the behavior the user would see in the browser. Learn more at https://reactjs.org/link/wrap-tests-with-act
    at HealthTab (/home/alex/projects/fin-model/frontend/src/components/AdminDashboard/HealthTab.tsx:10:68)
    at div
    at TabsContent (/home/alex/projects/fin-model/frontend/src/test/setup.ts:37:25)
    at div
    at Tabs (/home/alex/projects/fin-model/frontend/src/test/setup.ts:28:18)
    at div
    at div
    at AdminDashboard (/home/alex/projects/fin-model/frontend/src/pages/AdminDashboard.tsx:46:79)
Warning: An update to AdminDashboard inside a test was not wrapped in act(...).

When testing, code that causes React state updates should be wrapped into act(...):

act(() =&gt; {
  /* fire events that update state */
});
/* assert on the output */

This ensures that you&apos;re testing the behavior the user would see in the browser. Learn more at https://reactjs.org/link/wrap-tests-with-act
    at AdminDashboard (/home/alex/projects/fin-model/frontend/src/pages/AdminDashboard.tsx:46:79)
Warning: An update to OverviewTab inside a test was not wrapped in act(...).

When testing, code that causes React state updates should be wrapped into act(...):

act(() =&gt; {
  /* fire events that update state */
});
/* assert on the output */

This ensures that you&apos;re testing the behavior the user would see in the browser. Learn more at https://reactjs.org/link/wrap-tests-with-act
    at OverviewTab (/home/alex/projects/fin-model/frontend/src/components/AdminDashboard/OverviewTab.tsx:22:94)
    at div
    at TabsContent (/home/alex/projects/fin-model/frontend/src/test/setup.ts:37:25)
    at div
    at Tabs (/home/alex/projects/fin-model/frontend/src/test/setup.ts:28:18)
    at div
    at div
    at AdminDashboard (/home/alex/projects/fin-model/frontend/src/pages/AdminDashboard.tsx:46:79)
Warning: An update to HealthTab inside a test was not wrapped in act(...).

When testing, code that causes React state updates should be wrapped into act(...):

act(() =&gt; {
  /* fire events that update state */
});
/* assert on the output */

This ensures that you&apos;re testing the behavior the user would see in the browser. Learn more at https://reactjs.org/link/wrap-tests-with-act
    at HealthTab (/home/alex/projects/fin-model/frontend/src/components/AdminDashboard/HealthTab.tsx:10:68)
    at div
    at TabsContent (/home/alex/projects/fin-model/frontend/src/test/setup.ts:37:25)
    at div
    at Tabs (/home/alex/projects/fin-model/frontend/src/test/setup.ts:28:18)
    at div
    at div
    at AdminDashboard (/home/alex/projects/fin-model/frontend/src/pages/AdminDashboard.tsx:46:79)
Warning: An update to AdminDashboard inside a test was not wrapped in act(...).

When testing, code that causes React state updates should be wrapped into act(...):

act(() =&gt; {
  /* fire events that update state */
});
/* assert on the output */

This ensures that you&apos;re testing the behavior the user would see in the browser. Learn more at https://reactjs.org/link/wrap-tests-with-act
    at AdminDashboard (/home/alex/projects/fin-model/frontend/src/pages/AdminDashboard.tsx:46:79)
Warning: An update to OverviewTab inside a test was not wrapped in act(...).

When testing, code that causes React state updates should be wrapped into act(...):

act(() =&gt; {
  /* fire events that update state */
});
/* assert on the output */

This ensures that you&apos;re testing the behavior the user would see in the browser. Learn more at https://reactjs.org/link/wrap-tests-with-act
    at OverviewTab (/home/alex/projects/fin-model/frontend/src/components/AdminDashboard/OverviewTab.tsx:22:94)
    at div
    at TabsContent (/home/alex/projects/fin-model/frontend/src/test/setup.ts:37:25)
    at div
    at Tabs (/home/alex/projects/fin-model/frontend/src/test/setup.ts:28:18)
    at div
    at div
    at AdminDashboard (/home/alex/projects/fin-model/frontend/src/pages/AdminDashboard.tsx:46:79)
Warning: An update to HealthTab inside a test was not wrapped in act(...).

When testing, code that causes React state updates should be wrapped into act(...):

act(() =&gt; {
  /* fire events that update state */
});
/* assert on the output */

This ensures that you&apos;re testing the behavior the user would see in the browser. Learn more at https://reactjs.org/link/wrap-tests-with-act
    at HealthTab (/home/alex/projects/fin-model/frontend/src/components/AdminDashboard/HealthTab.tsx:10:68)
    at div
    at TabsContent (/home/alex/projects/fin-model/frontend/src/test/setup.ts:37:25)
    at div
    at Tabs (/home/alex/projects/fin-model/frontend/src/test/setup.ts:28:18)
    at div
    at div
    at AdminDashboard (/home/alex/projects/fin-model/frontend/src/pages/AdminDashboard.tsx:46:79)
Warning: An update to AdminDashboard inside a test was not wrapped in act(...).

When testing, code that causes React state updates should be wrapped into act(...):

act(() =&gt; {
  /* fire events that update state */
});
/* assert on the output */

This ensures that you&apos;re testing the behavior the user would see in the browser. Learn more at https://reactjs.org/link/wrap-tests-with-act
    at AdminDashboard (/home/alex/projects/fin-model/frontend/src/pages/AdminDashboard.tsx:46:79)
Warning: An update to OverviewTab inside a test was not wrapped in act(...).

When testing, code that causes React state updates should be wrapped into act(...):

act(() =&gt; {
  /* fire events that update state */
});
/* assert on the output */

This ensures that you&apos;re testing the behavior the user would see in the browser. Learn more at https://reactjs.org/link/wrap-tests-with-act
    at OverviewTab (/home/alex/projects/fin-model/frontend/src/components/AdminDashboard/OverviewTab.tsx:22:94)
    at div
    at TabsContent (/home/alex/projects/fin-model/frontend/src/test/setup.ts:37:25)
    at div
    at Tabs (/home/alex/projects/fin-model/frontend/src/test/setup.ts:28:18)
    at div
    at div
    at AdminDashboard (/home/alex/projects/fin-model/frontend/src/pages/AdminDashboard.tsx:46:79)
Warning: An update to HealthTab inside a test was not wrapped in act(...).

When testing, code that causes React state updates should be wrapped into act(...):

act(() =&gt; {
  /* fire events that update state */
});
/* assert on the output */

This ensures that you&apos;re testing the behavior the user would see in the browser. Learn more at https://reactjs.org/link/wrap-tests-with-act
    at HealthTab (/home/alex/projects/fin-model/frontend/src/components/AdminDashboard/HealthTab.tsx:10:68)
    at div
    at TabsContent (/home/alex/projects/fin-model/frontend/src/test/setup.ts:37:25)
    at div
    at Tabs (/home/alex/projects/fin-model/frontend/src/test/setup.ts:28:18)
    at div
    at div
    at AdminDashboard (/home/alex/projects/fin-model/frontend/src/pages/AdminDashboard.tsx:46:79)
Warning: An update to AdminDashboard inside a test was not wrapped in act(...).

When testing, code that causes React state updates should be wrapped into act(...):

act(() =&gt; {
  /* fire events that update state */
});
/* assert on the output */

This ensures that you&apos;re testing the behavior the user would see in the browser. Learn more at https://reactjs.org/link/wrap-tests-with-act
    at AdminDashboard (/home/alex/projects/fin-model/frontend/src/pages/AdminDashboard.tsx:46:79)
Warning: An update to OverviewTab inside a test was not wrapped in act(...).

When testing, code that causes React state updates should be wrapped into act(...):

act(() =&gt; {
  /* fire events that update state */
});
/* assert on the output */

This ensures that you&apos;re testing the behavior the user would see in the browser. Learn more at https://reactjs.org/link/wrap-tests-with-act
    at OverviewTab (/home/alex/projects/fin-model/frontend/src/components/AdminDashboard/OverviewTab.tsx:22:94)
    at div
    at TabsContent (/home/alex/projects/fin-model/frontend/src/test/setup.ts:37:25)
    at div
    at Tabs (/home/alex/projects/fin-model/frontend/src/test/setup.ts:28:18)
    at div
    at div
    at AdminDashboard (/home/alex/projects/fin-model/frontend/src/pages/AdminDashboard.tsx:46:79)
Warning: An update to HealthTab inside a test was not wrapped in act(...).

When testing, code that causes React state updates should be wrapped into act(...):

act(() =&gt; {
  /* fire events that update state */
});
/* assert on the output */

This ensures that you&apos;re testing the behavior the user would see in the browser. Learn more at https://reactjs.org/link/wrap-tests-with-act
    at HealthTab (/home/alex/projects/fin-model/frontend/src/components/AdminDashboard/HealthTab.tsx:10:68)
    at div
    at TabsContent (/home/alex/projects/fin-model/frontend/src/test/setup.ts:37:25)
    at div
    at Tabs (/home/alex/projects/fin-model/frontend/src/test/setup.ts:28:18)
    at div
    at div
    at AdminDashboard (/home/alex/projects/fin-model/frontend/src/pages/AdminDashboard.tsx:46:79)
Warning: An update to AdminDashboard inside a test was not wrapped in act(...).

When testing, code that causes React state updates should be wrapped into act(...):

act(() =&gt; {
  /* fire events that update state */
});
/* assert on the output */

This ensures that you&apos;re testing the behavior the user would see in the browser. Learn more at https://reactjs.org/link/wrap-tests-with-act
    at AdminDashboard (/home/alex/projects/fin-model/frontend/src/pages/AdminDashboard.tsx:46:79)
Warning: An update to OverviewTab inside a test was not wrapped in act(...).

When testing, code that causes React state updates should be wrapped into act(...):

act(() =&gt; {
  /* fire events that update state */
});
/* assert on the output */

This ensures that you&apos;re testing the behavior the user would see in the browser. Learn more at https://reactjs.org/link/wrap-tests-with-act
    at OverviewTab (/home/alex/projects/fin-model/frontend/src/components/AdminDashboard/OverviewTab.tsx:22:94)
    at div
    at TabsContent (/home/alex/projects/fin-model/frontend/src/test/setup.ts:37:25)
    at div
    at Tabs (/home/alex/projects/fin-model/frontend/src/test/setup.ts:28:18)
    at div
    at div
    at AdminDashboard (/home/alex/projects/fin-model/frontend/src/pages/AdminDashboard.tsx:46:79)
Warning: An update to HealthTab inside a test was not wrapped in act(...).

When testing, code that causes React state updates should be wrapped into act(...):

act(() =&gt; {
  /* fire events that update state */
});
/* assert on the output */

This ensures that you&apos;re testing the behavior the user would see in the browser. Learn more at https://reactjs.org/link/wrap-tests-with-act
    at HealthTab (/home/alex/projects/fin-model/frontend/src/components/AdminDashboard/HealthTab.tsx:10:68)
    at div
    at TabsContent (/home/alex/projects/fin-model/frontend/src/test/setup.ts:37:25)
    at div
    at Tabs (/home/alex/projects/fin-model/frontend/src/test/setup.ts:28:18)
    at div
    at div
    at AdminDashboard (/home/alex/projects/fin-model/frontend/src/pages/AdminDashboard.tsx:46:79)
Warning: An update to AdminDashboard inside a test was not wrapped in act(...).

When testing, code that causes React state updates should be wrapped into act(...):

act(() =&gt; {
  /* fire events that update state */
});
/* assert on the output */

This ensures that you&apos;re testing the behavior the user would see in the browser. Learn more at https://reactjs.org/link/wrap-tests-with-act
    at AdminDashboard (/home/alex/projects/fin-model/frontend/src/pages/AdminDashboard.tsx:46:79)
Warning: An update to OverviewTab inside a test was not wrapped in act(...).

When testing, code that causes React state updates should be wrapped into act(...):

act(() =&gt; {
  /* fire events that update state */
});
/* assert on the output */

This ensures that you&apos;re testing the behavior the user would see in the browser. Learn more at https://reactjs.org/link/wrap-tests-with-act
    at OverviewTab (/home/alex/projects/fin-model/frontend/src/components/AdminDashboard/OverviewTab.tsx:22:94)
    at div
    at TabsContent (/home/alex/projects/fin-model/frontend/src/test/setup.ts:37:25)
    at div
    at Tabs (/home/alex/projects/fin-model/frontend/src/test/setup.ts:28:18)
    at div
    at div
    at AdminDashboard (/home/alex/projects/fin-model/frontend/src/pages/AdminDashboard.tsx:46:79)
Warning: An update to HealthTab inside a test was not wrapped in act(...).

When testing, code that causes React state updates should be wrapped into act(...):

act(() =&gt; {
  /* fire events that update state */
});
/* assert on the output */

This ensures that you&apos;re testing the behavior the user would see in the browser. Learn more at https://reactjs.org/link/wrap-tests-with-act
    at HealthTab (/home/alex/projects/fin-model/frontend/src/components/AdminDashboard/HealthTab.tsx:10:68)
    at div
    at TabsContent (/home/alex/projects/fin-model/frontend/src/test/setup.ts:37:25)
    at div
    at Tabs (/home/alex/projects/fin-model/frontend/src/test/setup.ts:28:18)
    at div
    at div
    at AdminDashboard (/home/alex/projects/fin-model/frontend/src/pages/AdminDashboard.tsx:46:79)
Warning: An update to AdminDashboard inside a test was not wrapped in act(...).

When testing, code that causes React state updates should be wrapped into act(...):

act(() =&gt; {
  /* fire events that update state */
});
/* assert on the output */

This ensures that you&apos;re testing the behavior the user would see in the browser. Learn more at https://reactjs.org/link/wrap-tests-with-act
    at AdminDashboard (/home/alex/projects/fin-model/frontend/src/pages/AdminDashboard.tsx:46:79)
Warning: An update to AdminDashboard inside a test was not wrapped in act(...).

When testing, code that causes React state updates should be wrapped into act(...):

act(() =&gt; {
  /* fire events that update state */
});
/* assert on the output */

This ensures that you&apos;re testing the behavior the user would see in the browser. Learn more at https://reactjs.org/link/wrap-tests-with-act
    at AdminDashboard (/home/alex/projects/fin-model/frontend/src/pages/AdminDashboard.tsx:46:79)

            </system-err>
            <failure message="Cannot read properties of undefined (reading &apos;cleanupFiles&apos;)" type="TypeError">
TypeError: Cannot read properties of undefined (reading &apos;cleanupFiles&apos;)
 ❯ src/pages/__tests__/AdminDashboard.overview-maintenance.test.tsx:109:31
            </failure>
        </testcase>
    </testsuite>
    <testsuite name="src/pages/__tests__/AdminDashboard.robustness.test.tsx" timestamp="2025-08-10T08:32:00.784Z" hostname="DESKTOP-CSMHNRS" tests="2" failures="2" errors="0" skipped="0" time="6.553">
        <testcase classname="src/pages/__tests__/AdminDashboard.robustness.test.tsx" name="AdminDashboard robustness to API failures &gt; shows warning toast when some sections fail" time="3.865">
            <system-err>
Warning: `ReactDOMTestUtils.act` is deprecated in favor of `React.act`. Import `act` from `react` instead of `react-dom/test-utils`. See https://react.dev/warnings/react-dom-test-utils for more info.

            </system-err>
            <failure message="expected 0 to be greater than or equal to 1

Ignored nodes: comments, script, style
[36m&lt;html&gt;[39m
  [36m&lt;head /&gt;[39m
  [36m&lt;body&gt;[39m
    [36m&lt;div&gt;[39m
      [36m&lt;div[39m
        [33mclass[39m=[32m&quot;min-h-screen bg-background&quot;[39m
      [36m&gt;[39m
        [36m&lt;div[39m
          [33mclass[39m=[32m&quot;border-b bg-card&quot;[39m
        [36m&gt;[39m
          [36m&lt;div[39m
            [33mclass[39m=[32m&quot;container mx-auto px-4 py-4&quot;[39m
          [36m&gt;[39m
            [36m&lt;div[39m
              [33mclass[39m=[32m&quot;flex items-center justify-between&quot;[39m
            [36m&gt;[39m
              [36m&lt;div&gt;[39m
                [36m&lt;h1[39m
                  [33mclass[39m=[32m&quot;text-2xl font-bold&quot;[39m
                [36m&gt;[39m
                  [0mAdmin Dashboard[0m
                [36m&lt;/h1&gt;[39m
                [36m&lt;p[39m
                  [33mclass[39m=[32m&quot;text-muted-foreground&quot;[39m
                [36m&gt;[39m
                  [0mSystem administration and monitoring[0m
                [36m&lt;/p&gt;[39m
              [36m&lt;/div&gt;[39m
              [36m&lt;div[39m
                [33mclass[39m=[32m&quot;flex items-center space-x-2&quot;[39m
              [36m&gt;[39m
                [36m&lt;button[39m
                  [33mclass[39m=[32m&quot;inline-flex items-center justify-center whitespace-nowrap rounded-md font-medium transition-all duration-200 disabled:pointer-events-none disabled:opacity-50 focus-visible:outline-none focus-visible:ring-2 focus-visible:ring-offset-2 active:scale-[0.98] [&amp;_svg]:pointer-events-none [&amp;_svg:not([class*=\&quot;size-\&quot;])]:size-4 [&amp;_svg]:shrink-0 border border-input bg-background hover:bg-accent hover:text-accent-foreground hover:shadow-sm focus-visible:ring-ring/20 h-8 px-3 text-sm gap-1.5 has-[&gt;svg]:px-2.5&quot;[39m
                [36m&gt;[39m
                  [36m&lt;svg[39m
                    [33maria-hidden[39m=[32m&quot;true&quot;[39m
                    [33mclass[39m=[32m&quot;lucide lucide-refresh-cw h-4 w-4 mr-2&quot;[39m
                    [33mfill[39m=[32m&quot;none&quot;[39m
                    [33mheight[39m=[32m&quot;24&quot;[39m
                    [33mstroke[39m=[32m&quot;currentColor&quot;[39m
                    [33mstroke-linecap[39m=[32m&quot;round&quot;[39m
                    [33mstroke-linejoin[39m=[32m&quot;round&quot;[39m
                    [33mstroke-width[39m=[32m&quot;2&quot;[39m
                    [33mviewBox[39m=[32m&quot;0 0 24 24&quot;[39m
                    [33mwidth[39m=[32m&quot;24&quot;[39m
                    [33mxmlns[39m=[32m&quot;http://www.w3.org/2000/svg&quot;[39m
                  [36m&gt;[39m
                    [36m&lt;path[39m
                      [33md[39m=[32m&quot;M3 12a9 9 0 0 1 9-9 9.75 9.75 0 0 1 6.74 2.74L21 8&quot;[39m
                    [36m/&gt;[39m
                    [36m&lt;path[39m
                      [33md[39m=[32m&quot;M21 3v5h-5&quot;[39m
                    [36m/&gt;[39m
                    [36m&lt;path[39m
                      [33md[39m=[32m&quot;M21 12a9 9 0 0 1-9 9 9.75 9.75 0 0 1-6.74-2.74L3 16&quot;[39m
                    [36m/&gt;[39m
                    [36m&lt;path[39m
                      [33md[39m=[32m&quot;M8 16H3v5&quot;[39m
                    [36m/&gt;[39m
                  [36m&lt;/svg&gt;[39m
                  [0mRefresh[0m
                [36m&lt;/button&gt;[39m
                [36m&lt;div[39m
                  [33mclass[39m=[32m&quot;flex items-center space-x-2 pl-2&quot;[39m
                [36m&gt;[39m
                  [36m&lt;span[39m
                    [33mclass[39m=[32m&quot;text-xs text-muted-foreground&quot;[39m
                  [36m&gt;[39m
                    [0mAuto Refresh[0m
                  [36m&lt;/span&gt;[39m
                  [36m&lt;button[39m
                    [33maria-checked[39m=[32m&quot;true&quot;[39m
                    [33mrole[39m=[32m&quot;switch&quot;[39m
                  [36m/&gt;[39m
                [36m&lt;/div&gt;[39m
                [36m&lt;button[39m
                  [33mclass[39m=[32m&quot;inline-flex items-center justify-center whitespace-nowrap rounded-md font-medium transition-all duration-200 disabled:pointer-events-none disabled:opacity-50 focus-visible:outline-none focus-visible:ring-2 focus-visible:ring-offset-2 active:scale-[0.98] [&amp;_svg]:pointer-events-none [&amp;_svg:not([class*=\&quot;size-\&quot;])]:size-4 [&amp;_svg]:shrink-0 border border-input bg-background hover:bg-accent hover:text-accent-foreground hover:shadow-sm focus-visible:ring-ring/20 h-8 px-3 text-sm gap-1.5 has-[&gt;svg]:px-2.5&quot;[39m
                [36m&gt;[39m
                  [0mBack to App[0m
                [36m&lt;/button&gt;[39m
              [36m&lt;/div&gt;[39m
            [36m&lt;/div&gt;[39m
          [36m&lt;/div&gt;[39m
        [36m&lt;/div&gt;[39m
        [36m&lt;div[39m
          [33mclass[39m=[32m&quot;container mx-auto px-4 py-6&quot;[39m
        [36m&gt;[39m
          [36m&lt;div[39m
            [33mdata-testid[39m=[32m&quot;Tabs&quot;[39m
          [36m&gt;[39m
            [36m&lt;div[39m
              [33mrole[39m=[32m&quot;tablist&quot;[39m
            [36m&gt;[39m
              [36m&lt;button[39m
                [33mrole[39m=[32m&quot;tab&quot;[39m
              [36m&gt;[39m
                [36m&lt;svg[39m
                  [33maria-hidden[39m=[32m&quot;true&quot;[39m
                  [33mclass[39m=[32m&quot;lucide lucide-activity h-4 w-4&quot;[39m
                  [33mfill[39m=[32m&quot;none&quot;[39m
                  [33mheight[39m=[32m&quot;24&quot;[39m
                  [33mstroke[39m=[32m&quot;currentColor&quot;[39m
                  [33mstroke-linecap[39m=[32m&quot;round&quot;[39m
                  [33mstroke-linejoin[39m=[32m&quot;round&quot;[39m
                  [33mstroke-width[39m=[32m&quot;2&quot;[39m
                  [33mviewBox[39m=[32m&quot;0 0 24 24&quot;[39m
                  [33mwidth[39m=[32m&quot;24&quot;[39m
                  [33mxmlns[39m=[32m&quot;http://www.w3.org/2000/svg&quot;[39m
                [36m&gt;[39m
                  [36m&lt;path[39m
                    [33md[39m=[32m&quot;M22 12h-2.48a2 2 0 0 0-1.93 1.46l-2.35 8.36a.25.25 0 0 1-.48 0L9.24 2.18a.25.25 0 0 0-.48 0l-2.35 8.36A2 2 0 0 1 4.49 12H2&quot;[39m
                  [36m/&gt;[39m
                [36m&lt;/svg&gt;[39m
                [36m&lt;span[39m
                  [33mclass[39m=[32m&quot;hidden lg:inline&quot;[39m
                [36m&gt;[39m
                  [0mOverview[0m
                [36m&lt;/span&gt;[39m
              [36m&lt;/button&gt;[39m
              [36m&lt;button[39m
                [33mrole[39m=[32m&quot;tab&quot;[39m
              [36m&gt;[39m
                [36m&lt;svg[39m
                  [33maria-hidden[39m=[32m&quot;true&quot;[39m
                  [33mclass[39m=[32m&quot;lucide lucide-users h-4 w-4&quot;[39m
                  [33mfill[39m=[32m&quot;none&quot;[39m
                  [33mheight[39m=[32m&quot;24&quot;[39m
                  [33mstroke[39m=[32m&quot;currentColor&quot;[39m
                  [33mstroke-linecap[39m=[32m&quot;round&quot;[39m
                  [33mstroke-linejoin[39m=[32m&quot;round&quot;[39m
                  [33mstroke-width[39m=[32m&quot;2&quot;[39m
                  [33mviewBox[39m=[32m&quot;0 0 24 24&quot;[39m
                  [33mwidth[39m=[32m&quot;24&quot;[39m
                  [33mxmlns[39m=[32m&quot;http://www.w3.org/2000/svg&quot;[39m
                [36m&gt;[39m
                  [36m&lt;path[39m
    ..." type="AssertionError">
AssertionError: expected 0 to be greater than or equal to 1

Ignored nodes: comments, script, style
[36m&lt;html&gt;[39m
  [36m&lt;head /&gt;[39m
  [36m&lt;body&gt;[39m
    [36m&lt;div&gt;[39m
      [36m&lt;div[39m
        [33mclass[39m=[32m&quot;min-h-screen bg-background&quot;[39m
      [36m&gt;[39m
        [36m&lt;div[39m
          [33mclass[39m=[32m&quot;border-b bg-card&quot;[39m
        [36m&gt;[39m
          [36m&lt;div[39m
            [33mclass[39m=[32m&quot;container mx-auto px-4 py-4&quot;[39m
          [36m&gt;[39m
            [36m&lt;div[39m
              [33mclass[39m=[32m&quot;flex items-center justify-between&quot;[39m
            [36m&gt;[39m
              [36m&lt;div&gt;[39m
                [36m&lt;h1[39m
                  [33mclass[39m=[32m&quot;text-2xl font-bold&quot;[39m
                [36m&gt;[39m
                  [0mAdmin Dashboard[0m
                [36m&lt;/h1&gt;[39m
                [36m&lt;p[39m
                  [33mclass[39m=[32m&quot;text-muted-foreground&quot;[39m
                [36m&gt;[39m
                  [0mSystem administration and monitoring[0m
                [36m&lt;/p&gt;[39m
              [36m&lt;/div&gt;[39m
              [36m&lt;div[39m
                [33mclass[39m=[32m&quot;flex items-center space-x-2&quot;[39m
              [36m&gt;[39m
                [36m&lt;button[39m
                  [33mclass[39m=[32m&quot;inline-flex items-center justify-center whitespace-nowrap rounded-md font-medium transition-all duration-200 disabled:pointer-events-none disabled:opacity-50 focus-visible:outline-none focus-visible:ring-2 focus-visible:ring-offset-2 active:scale-[0.98] [&amp;_svg]:pointer-events-none [&amp;_svg:not([class*=\&quot;size-\&quot;])]:size-4 [&amp;_svg]:shrink-0 border border-input bg-background hover:bg-accent hover:text-accent-foreground hover:shadow-sm focus-visible:ring-ring/20 h-8 px-3 text-sm gap-1.5 has-[&gt;svg]:px-2.5&quot;[39m
                [36m&gt;[39m
                  [36m&lt;svg[39m
                    [33maria-hidden[39m=[32m&quot;true&quot;[39m
                    [33mclass[39m=[32m&quot;lucide lucide-refresh-cw h-4 w-4 mr-2&quot;[39m
                    [33mfill[39m=[32m&quot;none&quot;[39m
                    [33mheight[39m=[32m&quot;24&quot;[39m
                    [33mstroke[39m=[32m&quot;currentColor&quot;[39m
                    [33mstroke-linecap[39m=[32m&quot;round&quot;[39m
                    [33mstroke-linejoin[39m=[32m&quot;round&quot;[39m
                    [33mstroke-width[39m=[32m&quot;2&quot;[39m
                    [33mviewBox[39m=[32m&quot;0 0 24 24&quot;[39m
                    [33mwidth[39m=[32m&quot;24&quot;[39m
                    [33mxmlns[39m=[32m&quot;http://www.w3.org/2000/svg&quot;[39m
                  [36m&gt;[39m
                    [36m&lt;path[39m
                      [33md[39m=[32m&quot;M3 12a9 9 0 0 1 9-9 9.75 9.75 0 0 1 6.74 2.74L21 8&quot;[39m
                    [36m/&gt;[39m
                    [36m&lt;path[39m
                      [33md[39m=[32m&quot;M21 3v5h-5&quot;[39m
                    [36m/&gt;[39m
                    [36m&lt;path[39m
                      [33md[39m=[32m&quot;M21 12a9 9 0 0 1-9 9 9.75 9.75 0 0 1-6.74-2.74L3 16&quot;[39m
                    [36m/&gt;[39m
                    [36m&lt;path[39m
                      [33md[39m=[32m&quot;M8 16H3v5&quot;[39m
                    [36m/&gt;[39m
                  [36m&lt;/svg&gt;[39m
                  [0mRefresh[0m
                [36m&lt;/button&gt;[39m
                [36m&lt;div[39m
                  [33mclass[39m=[32m&quot;flex items-center space-x-2 pl-2&quot;[39m
                [36m&gt;[39m
                  [36m&lt;span[39m
                    [33mclass[39m=[32m&quot;text-xs text-muted-foreground&quot;[39m
                  [36m&gt;[39m
                    [0mAuto Refresh[0m
                  [36m&lt;/span&gt;[39m
                  [36m&lt;button[39m
                    [33maria-checked[39m=[32m&quot;true&quot;[39m
                    [33mrole[39m=[32m&quot;switch&quot;[39m
                  [36m/&gt;[39m
                [36m&lt;/div&gt;[39m
                [36m&lt;button[39m
                  [33mclass[39m=[32m&quot;inline-flex items-center justify-center whitespace-nowrap rounded-md font-medium transition-all duration-200 disabled:pointer-events-none disabled:opacity-50 focus-visible:outline-none focus-visible:ring-2 focus-visible:ring-offset-2 active:scale-[0.98] [&amp;_svg]:pointer-events-none [&amp;_svg:not([class*=\&quot;size-\&quot;])]:size-4 [&amp;_svg]:shrink-0 border border-input bg-background hover:bg-accent hover:text-accent-foreground hover:shadow-sm focus-visible:ring-ring/20 h-8 px-3 text-sm gap-1.5 has-[&gt;svg]:px-2.5&quot;[39m
                [36m&gt;[39m
                  [0mBack to App[0m
                [36m&lt;/button&gt;[39m
              [36m&lt;/div&gt;[39m
            [36m&lt;/div&gt;[39m
          [36m&lt;/div&gt;[39m
        [36m&lt;/div&gt;[39m
        [36m&lt;div[39m
          [33mclass[39m=[32m&quot;container mx-auto px-4 py-6&quot;[39m
        [36m&gt;[39m
          [36m&lt;div[39m
            [33mdata-testid[39m=[32m&quot;Tabs&quot;[39m
          [36m&gt;[39m
            [36m&lt;div[39m
              [33mrole[39m=[32m&quot;tablist&quot;[39m
            [36m&gt;[39m
              [36m&lt;button[39m
                [33mrole[39m=[32m&quot;tab&quot;[39m
              [36m&gt;[39m
                [36m&lt;svg[39m
                  [33maria-hidden[39m=[32m&quot;true&quot;[39m
                  [33mclass[39m=[32m&quot;lucide lucide-activity h-4 w-4&quot;[39m
                  [33mfill[39m=[32m&quot;none&quot;[39m
                  [33mheight[39m=[32m&quot;24&quot;[39m
                  [33mstroke[39m=[32m&quot;currentColor&quot;[39m
                  [33mstroke-linecap[39m=[32m&quot;round&quot;[39m
                  [33mstroke-linejoin[39m=[32m&quot;round&quot;[39m
                  [33mstroke-width[39m=[32m&quot;2&quot;[39m
                  [33mviewBox[39m=[32m&quot;0 0 24 24&quot;[39m
                  [33mwidth[39m=[32m&quot;24&quot;[39m
                  [33mxmlns[39m=[32m&quot;http://www.w3.org/2000/svg&quot;[39m
                [36m&gt;[39m
                  [36m&lt;path[39m
                    [33md[39m=[32m&quot;M22 12h-2.48a2 2 0 0 0-1.93 1.46l-2.35 8.36a.25.25 0 0 1-.48 0L9.24 2.18a.25.25 0 0 0-.48 0l-2.35 8.36A2 2 0 0 1 4.49 12H2&quot;[39m
                  [36m/&gt;[39m
                [36m&lt;/svg&gt;[39m
                [36m&lt;span[39m
                  [33mclass[39m=[32m&quot;hidden lg:inline&quot;[39m
                [36m&gt;[39m
                  [0mOverview[0m
                [36m&lt;/span&gt;[39m
              [36m&lt;/button&gt;[39m
              [36m&lt;button[39m
                [33mrole[39m=[32m&quot;tab&quot;[39m
              [36m&gt;[39m
                [36m&lt;svg[39m
                  [33maria-hidden[39m=[32m&quot;true&quot;[39m
                  [33mclass[39m=[32m&quot;lucide lucide-users h-4 w-4&quot;[39m
                  [33mfill[39m=[32m&quot;none&quot;[39m
                  [33mheight[39m=[32m&quot;24&quot;[39m
                  [33mstroke[39m=[32m&quot;currentColor&quot;[39m
                  [33mstroke-linecap[39m=[32m&quot;round&quot;[39m
                  [33mstroke-linejoin[39m=[32m&quot;round&quot;[39m
                  [33mstroke-width[39m=[32m&quot;2&quot;[39m
                  [33mviewBox[39m=[32m&quot;0 0 24 24&quot;[39m
                  [33mwidth[39m=[32m&quot;24&quot;[39m
                  [33mxmlns[39m=[32m&quot;http://www.w3.org/2000/svg&quot;[39m
                [36m&gt;[39m
                  [36m&lt;path[39m
    ...
 ❯ src/pages/__tests__/AdminDashboard.robustness.test.tsx:35:78
 ❯ runWithExpensiveErrorDiagnosticsDisabled node_modules/.pnpm/@testing-library+dom@8.20.1/node_modules/@testing-library/dom/dist/config.js:47:12
 ❯ checkCallback node_modules/.pnpm/@testing-library+dom@8.20.1/node_modules/@testing-library/dom/dist/wait-for.js:127:77
 ❯ MutationObserver.checkRealTimersCallback node_modules/.pnpm/@testing-library+dom@8.20.1/node_modules/@testing-library/dom/dist/wait-for.js:121:16
 ❯ MutationObserver.invokeTheCallbackFunction node_modules/.pnpm/jsdom@22.1.0/node_modules/jsdom/lib/jsdom/living/generated/MutationCallback.js:19:26
 ❯ notifyMutationObservers node_modules/.pnpm/jsdom@22.1.0/node_modules/jsdom/lib/jsdom/living/helpers/mutation-observers.js:160:22
 ❯ node_modules/.pnpm/jsdom@22.1.0/node_modules/jsdom/lib/jsdom/living/helpers/mutation-observers.js:133:5
            </failure>
        </testcase>
        <testcase classname="src/pages/__tests__/AdminDashboard.robustness.test.tsx" name="AdminDashboard robustness to API failures &gt; shows error toast when all sections fail" time="2.663">
            <failure message="expected 0 to be greater than or equal to 1

Ignored nodes: comments, script, style
[36m&lt;html&gt;[39m
  [36m&lt;head /&gt;[39m
  [36m&lt;body&gt;[39m
    [36m&lt;div&gt;[39m
      [36m&lt;div[39m
        [33mclass[39m=[32m&quot;min-h-screen bg-background&quot;[39m
      [36m&gt;[39m
        [36m&lt;div[39m
          [33mclass[39m=[32m&quot;border-b bg-card&quot;[39m
        [36m&gt;[39m
          [36m&lt;div[39m
            [33mclass[39m=[32m&quot;container mx-auto px-4 py-4&quot;[39m
          [36m&gt;[39m
            [36m&lt;div[39m
              [33mclass[39m=[32m&quot;flex items-center justify-between&quot;[39m
            [36m&gt;[39m
              [36m&lt;div&gt;[39m
                [36m&lt;h1[39m
                  [33mclass[39m=[32m&quot;text-2xl font-bold&quot;[39m
                [36m&gt;[39m
                  [0mAdmin Dashboard[0m
                [36m&lt;/h1&gt;[39m
                [36m&lt;p[39m
                  [33mclass[39m=[32m&quot;text-muted-foreground&quot;[39m
                [36m&gt;[39m
                  [0mSystem administration and monitoring[0m
                [36m&lt;/p&gt;[39m
              [36m&lt;/div&gt;[39m
              [36m&lt;div[39m
                [33mclass[39m=[32m&quot;flex items-center space-x-2&quot;[39m
              [36m&gt;[39m
                [36m&lt;button[39m
                  [33mclass[39m=[32m&quot;inline-flex items-center justify-center whitespace-nowrap rounded-md font-medium transition-all duration-200 disabled:pointer-events-none disabled:opacity-50 focus-visible:outline-none focus-visible:ring-2 focus-visible:ring-offset-2 active:scale-[0.98] [&amp;_svg]:pointer-events-none [&amp;_svg:not([class*=\&quot;size-\&quot;])]:size-4 [&amp;_svg]:shrink-0 border border-input bg-background hover:bg-accent hover:text-accent-foreground hover:shadow-sm focus-visible:ring-ring/20 h-8 px-3 text-sm gap-1.5 has-[&gt;svg]:px-2.5&quot;[39m
                [36m&gt;[39m
                  [36m&lt;svg[39m
                    [33maria-hidden[39m=[32m&quot;true&quot;[39m
                    [33mclass[39m=[32m&quot;lucide lucide-refresh-cw h-4 w-4 mr-2&quot;[39m
                    [33mfill[39m=[32m&quot;none&quot;[39m
                    [33mheight[39m=[32m&quot;24&quot;[39m
                    [33mstroke[39m=[32m&quot;currentColor&quot;[39m
                    [33mstroke-linecap[39m=[32m&quot;round&quot;[39m
                    [33mstroke-linejoin[39m=[32m&quot;round&quot;[39m
                    [33mstroke-width[39m=[32m&quot;2&quot;[39m
                    [33mviewBox[39m=[32m&quot;0 0 24 24&quot;[39m
                    [33mwidth[39m=[32m&quot;24&quot;[39m
                    [33mxmlns[39m=[32m&quot;http://www.w3.org/2000/svg&quot;[39m
                  [36m&gt;[39m
                    [36m&lt;path[39m
                      [33md[39m=[32m&quot;M3 12a9 9 0 0 1 9-9 9.75 9.75 0 0 1 6.74 2.74L21 8&quot;[39m
                    [36m/&gt;[39m
                    [36m&lt;path[39m
                      [33md[39m=[32m&quot;M21 3v5h-5&quot;[39m
                    [36m/&gt;[39m
                    [36m&lt;path[39m
                      [33md[39m=[32m&quot;M21 12a9 9 0 0 1-9 9 9.75 9.75 0 0 1-6.74-2.74L3 16&quot;[39m
                    [36m/&gt;[39m
                    [36m&lt;path[39m
                      [33md[39m=[32m&quot;M8 16H3v5&quot;[39m
                    [36m/&gt;[39m
                  [36m&lt;/svg&gt;[39m
                  [0mRefresh[0m
                [36m&lt;/button&gt;[39m
                [36m&lt;div[39m
                  [33mclass[39m=[32m&quot;flex items-center space-x-2 pl-2&quot;[39m
                [36m&gt;[39m
                  [36m&lt;span[39m
                    [33mclass[39m=[32m&quot;text-xs text-muted-foreground&quot;[39m
                  [36m&gt;[39m
                    [0mAuto Refresh[0m
                  [36m&lt;/span&gt;[39m
                  [36m&lt;button[39m
                    [33maria-checked[39m=[32m&quot;true&quot;[39m
                    [33mrole[39m=[32m&quot;switch&quot;[39m
                  [36m/&gt;[39m
                [36m&lt;/div&gt;[39m
                [36m&lt;button[39m
                  [33mclass[39m=[32m&quot;inline-flex items-center justify-center whitespace-nowrap rounded-md font-medium transition-all duration-200 disabled:pointer-events-none disabled:opacity-50 focus-visible:outline-none focus-visible:ring-2 focus-visible:ring-offset-2 active:scale-[0.98] [&amp;_svg]:pointer-events-none [&amp;_svg:not([class*=\&quot;size-\&quot;])]:size-4 [&amp;_svg]:shrink-0 border border-input bg-background hover:bg-accent hover:text-accent-foreground hover:shadow-sm focus-visible:ring-ring/20 h-8 px-3 text-sm gap-1.5 has-[&gt;svg]:px-2.5&quot;[39m
                [36m&gt;[39m
                  [0mBack to App[0m
                [36m&lt;/button&gt;[39m
              [36m&lt;/div&gt;[39m
            [36m&lt;/div&gt;[39m
          [36m&lt;/div&gt;[39m
        [36m&lt;/div&gt;[39m
        [36m&lt;div[39m
          [33mclass[39m=[32m&quot;container mx-auto px-4 py-6&quot;[39m
        [36m&gt;[39m
          [36m&lt;div[39m
            [33mdata-testid[39m=[32m&quot;Tabs&quot;[39m
          [36m&gt;[39m
            [36m&lt;div[39m
              [33mrole[39m=[32m&quot;tablist&quot;[39m
            [36m&gt;[39m
              [36m&lt;button[39m
                [33mrole[39m=[32m&quot;tab&quot;[39m
              [36m&gt;[39m
                [36m&lt;svg[39m
                  [33maria-hidden[39m=[32m&quot;true&quot;[39m
                  [33mclass[39m=[32m&quot;lucide lucide-activity h-4 w-4&quot;[39m
                  [33mfill[39m=[32m&quot;none&quot;[39m
                  [33mheight[39m=[32m&quot;24&quot;[39m
                  [33mstroke[39m=[32m&quot;currentColor&quot;[39m
                  [33mstroke-linecap[39m=[32m&quot;round&quot;[39m
                  [33mstroke-linejoin[39m=[32m&quot;round&quot;[39m
                  [33mstroke-width[39m=[32m&quot;2&quot;[39m
                  [33mviewBox[39m=[32m&quot;0 0 24 24&quot;[39m
                  [33mwidth[39m=[32m&quot;24&quot;[39m
                  [33mxmlns[39m=[32m&quot;http://www.w3.org/2000/svg&quot;[39m
                [36m&gt;[39m
                  [36m&lt;path[39m
                    [33md[39m=[32m&quot;M22 12h-2.48a2 2 0 0 0-1.93 1.46l-2.35 8.36a.25.25 0 0 1-.48 0L9.24 2.18a.25.25 0 0 0-.48 0l-2.35 8.36A2 2 0 0 1 4.49 12H2&quot;[39m
                  [36m/&gt;[39m
                [36m&lt;/svg&gt;[39m
                [36m&lt;span[39m
                  [33mclass[39m=[32m&quot;hidden lg:inline&quot;[39m
                [36m&gt;[39m
                  [0mOverview[0m
                [36m&lt;/span&gt;[39m
              [36m&lt;/button&gt;[39m
              [36m&lt;button[39m
                [33mrole[39m=[32m&quot;tab&quot;[39m
              [36m&gt;[39m
                [36m&lt;svg[39m
                  [33maria-hidden[39m=[32m&quot;true&quot;[39m
                  [33mclass[39m=[32m&quot;lucide lucide-users h-4 w-4&quot;[39m
                  [33mfill[39m=[32m&quot;none&quot;[39m
                  [33mheight[39m=[32m&quot;24&quot;[39m
                  [33mstroke[39m=[32m&quot;currentColor&quot;[39m
                  [33mstroke-linecap[39m=[32m&quot;round&quot;[39m
                  [33mstroke-linejoin[39m=[32m&quot;round&quot;[39m
                  [33mstroke-width[39m=[32m&quot;2&quot;[39m
                  [33mviewBox[39m=[32m&quot;0 0 24 24&quot;[39m
                  [33mwidth[39m=[32m&quot;24&quot;[39m
                  [33mxmlns[39m=[32m&quot;http://www.w3.org/2000/svg&quot;[39m
                [36m&gt;[39m
                  [36m&lt;path[39m
    ..." type="AssertionError">
AssertionError: expected 0 to be greater than or equal to 1

Ignored nodes: comments, script, style
[36m&lt;html&gt;[39m
  [36m&lt;head /&gt;[39m
  [36m&lt;body&gt;[39m
    [36m&lt;div&gt;[39m
      [36m&lt;div[39m
        [33mclass[39m=[32m&quot;min-h-screen bg-background&quot;[39m
      [36m&gt;[39m
        [36m&lt;div[39m
          [33mclass[39m=[32m&quot;border-b bg-card&quot;[39m
        [36m&gt;[39m
          [36m&lt;div[39m
            [33mclass[39m=[32m&quot;container mx-auto px-4 py-4&quot;[39m
          [36m&gt;[39m
            [36m&lt;div[39m
              [33mclass[39m=[32m&quot;flex items-center justify-between&quot;[39m
            [36m&gt;[39m
              [36m&lt;div&gt;[39m
                [36m&lt;h1[39m
                  [33mclass[39m=[32m&quot;text-2xl font-bold&quot;[39m
                [36m&gt;[39m
                  [0mAdmin Dashboard[0m
                [36m&lt;/h1&gt;[39m
                [36m&lt;p[39m
                  [33mclass[39m=[32m&quot;text-muted-foreground&quot;[39m
                [36m&gt;[39m
                  [0mSystem administration and monitoring[0m
                [36m&lt;/p&gt;[39m
              [36m&lt;/div&gt;[39m
              [36m&lt;div[39m
                [33mclass[39m=[32m&quot;flex items-center space-x-2&quot;[39m
              [36m&gt;[39m
                [36m&lt;button[39m
                  [33mclass[39m=[32m&quot;inline-flex items-center justify-center whitespace-nowrap rounded-md font-medium transition-all duration-200 disabled:pointer-events-none disabled:opacity-50 focus-visible:outline-none focus-visible:ring-2 focus-visible:ring-offset-2 active:scale-[0.98] [&amp;_svg]:pointer-events-none [&amp;_svg:not([class*=\&quot;size-\&quot;])]:size-4 [&amp;_svg]:shrink-0 border border-input bg-background hover:bg-accent hover:text-accent-foreground hover:shadow-sm focus-visible:ring-ring/20 h-8 px-3 text-sm gap-1.5 has-[&gt;svg]:px-2.5&quot;[39m
                [36m&gt;[39m
                  [36m&lt;svg[39m
                    [33maria-hidden[39m=[32m&quot;true&quot;[39m
                    [33mclass[39m=[32m&quot;lucide lucide-refresh-cw h-4 w-4 mr-2&quot;[39m
                    [33mfill[39m=[32m&quot;none&quot;[39m
                    [33mheight[39m=[32m&quot;24&quot;[39m
                    [33mstroke[39m=[32m&quot;currentColor&quot;[39m
                    [33mstroke-linecap[39m=[32m&quot;round&quot;[39m
                    [33mstroke-linejoin[39m=[32m&quot;round&quot;[39m
                    [33mstroke-width[39m=[32m&quot;2&quot;[39m
                    [33mviewBox[39m=[32m&quot;0 0 24 24&quot;[39m
                    [33mwidth[39m=[32m&quot;24&quot;[39m
                    [33mxmlns[39m=[32m&quot;http://www.w3.org/2000/svg&quot;[39m
                  [36m&gt;[39m
                    [36m&lt;path[39m
                      [33md[39m=[32m&quot;M3 12a9 9 0 0 1 9-9 9.75 9.75 0 0 1 6.74 2.74L21 8&quot;[39m
                    [36m/&gt;[39m
                    [36m&lt;path[39m
                      [33md[39m=[32m&quot;M21 3v5h-5&quot;[39m
                    [36m/&gt;[39m
                    [36m&lt;path[39m
                      [33md[39m=[32m&quot;M21 12a9 9 0 0 1-9 9 9.75 9.75 0 0 1-6.74-2.74L3 16&quot;[39m
                    [36m/&gt;[39m
                    [36m&lt;path[39m
                      [33md[39m=[32m&quot;M8 16H3v5&quot;[39m
                    [36m/&gt;[39m
                  [36m&lt;/svg&gt;[39m
                  [0mRefresh[0m
                [36m&lt;/button&gt;[39m
                [36m&lt;div[39m
                  [33mclass[39m=[32m&quot;flex items-center space-x-2 pl-2&quot;[39m
                [36m&gt;[39m
                  [36m&lt;span[39m
                    [33mclass[39m=[32m&quot;text-xs text-muted-foreground&quot;[39m
                  [36m&gt;[39m
                    [0mAuto Refresh[0m
                  [36m&lt;/span&gt;[39m
                  [36m&lt;button[39m
                    [33maria-checked[39m=[32m&quot;true&quot;[39m
                    [33mrole[39m=[32m&quot;switch&quot;[39m
                  [36m/&gt;[39m
                [36m&lt;/div&gt;[39m
                [36m&lt;button[39m
                  [33mclass[39m=[32m&quot;inline-flex items-center justify-center whitespace-nowrap rounded-md font-medium transition-all duration-200 disabled:pointer-events-none disabled:opacity-50 focus-visible:outline-none focus-visible:ring-2 focus-visible:ring-offset-2 active:scale-[0.98] [&amp;_svg]:pointer-events-none [&amp;_svg:not([class*=\&quot;size-\&quot;])]:size-4 [&amp;_svg]:shrink-0 border border-input bg-background hover:bg-accent hover:text-accent-foreground hover:shadow-sm focus-visible:ring-ring/20 h-8 px-3 text-sm gap-1.5 has-[&gt;svg]:px-2.5&quot;[39m
                [36m&gt;[39m
                  [0mBack to App[0m
                [36m&lt;/button&gt;[39m
              [36m&lt;/div&gt;[39m
            [36m&lt;/div&gt;[39m
          [36m&lt;/div&gt;[39m
        [36m&lt;/div&gt;[39m
        [36m&lt;div[39m
          [33mclass[39m=[32m&quot;container mx-auto px-4 py-6&quot;[39m
        [36m&gt;[39m
          [36m&lt;div[39m
            [33mdata-testid[39m=[32m&quot;Tabs&quot;[39m
          [36m&gt;[39m
            [36m&lt;div[39m
              [33mrole[39m=[32m&quot;tablist&quot;[39m
            [36m&gt;[39m
              [36m&lt;button[39m
                [33mrole[39m=[32m&quot;tab&quot;[39m
              [36m&gt;[39m
                [36m&lt;svg[39m
                  [33maria-hidden[39m=[32m&quot;true&quot;[39m
                  [33mclass[39m=[32m&quot;lucide lucide-activity h-4 w-4&quot;[39m
                  [33mfill[39m=[32m&quot;none&quot;[39m
                  [33mheight[39m=[32m&quot;24&quot;[39m
                  [33mstroke[39m=[32m&quot;currentColor&quot;[39m
                  [33mstroke-linecap[39m=[32m&quot;round&quot;[39m
                  [33mstroke-linejoin[39m=[32m&quot;round&quot;[39m
                  [33mstroke-width[39m=[32m&quot;2&quot;[39m
                  [33mviewBox[39m=[32m&quot;0 0 24 24&quot;[39m
                  [33mwidth[39m=[32m&quot;24&quot;[39m
                  [33mxmlns[39m=[32m&quot;http://www.w3.org/2000/svg&quot;[39m
                [36m&gt;[39m
                  [36m&lt;path[39m
                    [33md[39m=[32m&quot;M22 12h-2.48a2 2 0 0 0-1.93 1.46l-2.35 8.36a.25.25 0 0 1-.48 0L9.24 2.18a.25.25 0 0 0-.48 0l-2.35 8.36A2 2 0 0 1 4.49 12H2&quot;[39m
                  [36m/&gt;[39m
                [36m&lt;/svg&gt;[39m
                [36m&lt;span[39m
                  [33mclass[39m=[32m&quot;hidden lg:inline&quot;[39m
                [36m&gt;[39m
                  [0mOverview[0m
                [36m&lt;/span&gt;[39m
              [36m&lt;/button&gt;[39m
              [36m&lt;button[39m
                [33mrole[39m=[32m&quot;tab&quot;[39m
              [36m&gt;[39m
                [36m&lt;svg[39m
                  [33maria-hidden[39m=[32m&quot;true&quot;[39m
                  [33mclass[39m=[32m&quot;lucide lucide-users h-4 w-4&quot;[39m
                  [33mfill[39m=[32m&quot;none&quot;[39m
                  [33mheight[39m=[32m&quot;24&quot;[39m
                  [33mstroke[39m=[32m&quot;currentColor&quot;[39m
                  [33mstroke-linecap[39m=[32m&quot;round&quot;[39m
                  [33mstroke-linejoin[39m=[32m&quot;round&quot;[39m
                  [33mstroke-width[39m=[32m&quot;2&quot;[39m
                  [33mviewBox[39m=[32m&quot;0 0 24 24&quot;[39m
                  [33mwidth[39m=[32m&quot;24&quot;[39m
                  [33mxmlns[39m=[32m&quot;http://www.w3.org/2000/svg&quot;[39m
                [36m&gt;[39m
                  [36m&lt;path[39m
    ...
 ❯ src/pages/__tests__/AdminDashboard.robustness.test.tsx:53:76
 ❯ runWithExpensiveErrorDiagnosticsDisabled node_modules/.pnpm/@testing-library+dom@8.20.1/node_modules/@testing-library/dom/dist/config.js:47:12
 ❯ checkCallback node_modules/.pnpm/@testing-library+dom@8.20.1/node_modules/@testing-library/dom/dist/wait-for.js:127:77
 ❯ MutationObserver.checkRealTimersCallback node_modules/.pnpm/@testing-library+dom@8.20.1/node_modules/@testing-library/dom/dist/wait-for.js:121:16
 ❯ MutationObserver.invokeTheCallbackFunction node_modules/.pnpm/jsdom@22.1.0/node_modules/jsdom/lib/jsdom/living/generated/MutationCallback.js:19:26
 ❯ notifyMutationObservers node_modules/.pnpm/jsdom@22.1.0/node_modules/jsdom/lib/jsdom/living/helpers/mutation-observers.js:160:22
 ❯ node_modules/.pnpm/jsdom@22.1.0/node_modules/jsdom/lib/jsdom/living/helpers/mutation-observers.js:133:5
            </failure>
        </testcase>
    </testsuite>
    <testsuite name="src/services/__tests__/adminApi.contract.test.ts" timestamp="2025-08-10T08:32:00.797Z" hostname="DESKTOP-CSMHNRS" tests="10" failures="0" errors="0" skipped="0" time="0.121">
        <testcase classname="src/services/__tests__/adminApi.contract.test.ts" name="AdminApi contracts &gt; getSystemStats GET /admin/stats" time="0.023">
        </testcase>
        <testcase classname="src/services/__tests__/adminApi.contract.test.ts" name="AdminApi contracts &gt; getUserActivity GET /admin/users/activity-list with params" time="0.01">
        </testcase>
        <testcase classname="src/services/__tests__/adminApi.contract.test.ts" name="AdminApi contracts &gt; getSecurityAudit maps from/to to from_ts/to_ts" time="0.004">
        </testcase>
        <testcase classname="src/services/__tests__/adminApi.contract.test.ts" name="AdminApi contracts &gt; getSystemLogs maps options and envelope default" time="0.007">
        </testcase>
        <testcase classname="src/services/__tests__/adminApi.contract.test.ts" name="AdminApi contracts &gt; getAuditLogs maps filters and envelope" time="0.019">
        </testcase>
        <testcase classname="src/services/__tests__/adminApi.contract.test.ts" name="AdminApi contracts &gt; cleanupFiles POST with dry_run param" time="0.005">
        </testcase>
        <testcase classname="src/services/__tests__/adminApi.contract.test.ts" name="AdminApi contracts &gt; clearRateLimits POST no body" time="0.003">
        </testcase>
        <testcase classname="src/services/__tests__/adminApi.contract.test.ts" name="AdminApi contracts &gt; listUsers GET with pagination and envelope" time="0.007">
        </testcase>
        <testcase classname="src/services/__tests__/adminApi.contract.test.ts" name="AdminApi contracts &gt; updateUser PUT with body" time="0.007">
        </testcase>
        <testcase classname="src/services/__tests__/adminApi.contract.test.ts" name="AdminApi contracts &gt; bulkUserAction POST with payload" time="0.008">
        </testcase>
    </testsuite>
    <testsuite name="src/services/__tests__/adminApi.responses.test.ts" timestamp="2025-08-10T08:32:00.806Z" hostname="DESKTOP-CSMHNRS" tests="8" failures="0" errors="0" skipped="0" time="0.139">
        <testcase classname="src/services/__tests__/adminApi.responses.test.ts" name="AdminApi response shapes &gt; returns SystemStats shape" time="0.066">
        </testcase>
        <testcase classname="src/services/__tests__/adminApi.responses.test.ts" name="AdminApi response shapes &gt; returns UserActivity array" time="0.006">
        </testcase>
        <testcase classname="src/services/__tests__/adminApi.responses.test.ts" name="AdminApi response shapes &gt; returns SystemMetrics" time="0.009">
        </testcase>
        <testcase classname="src/services/__tests__/adminApi.responses.test.ts" name="AdminApi response shapes &gt; returns SecurityAudit" time="0.007">
        </testcase>
        <testcase classname="src/services/__tests__/adminApi.responses.test.ts" name="AdminApi response shapes &gt; returns listUsers envelope and raw" time="0.012">
        </testcase>
        <testcase classname="src/services/__tests__/adminApi.responses.test.ts" name="AdminApi response shapes &gt; returns logs envelope and raw" time="0.005">
        </testcase>
        <testcase classname="src/services/__tests__/adminApi.responses.test.ts" name="AdminApi response shapes &gt; returns audit envelope variants" time="0.004">
        </testcase>
        <testcase classname="src/services/__tests__/adminApi.responses.test.ts" name="AdminApi response shapes &gt; returns health and maintenance schedules" time="0.004">
        </testcase>
    </testsuite>
    <testsuite name="src/services/__tests__/api.client.test.ts" timestamp="2025-08-10T08:32:00.813Z" hostname="DESKTOP-CSMHNRS" tests="3" failures="0" errors="0" skipped="0" time="0.028">
        <testcase classname="src/services/__tests__/api.client.test.ts" name="apiClient interceptors &gt; adds Authorization header when access_token is present" time="0.01">
        </testcase>
        <testcase classname="src/services/__tests__/api.client.test.ts" name="apiClient interceptors &gt; does not add Authorization when token missing" time="0.004">
        </testcase>
        <testcase classname="src/services/__tests__/api.client.test.ts" name="apiClient interceptors &gt; on 401 clears tokens" time="0.005">
        </testcase>
    </testsuite>
    <testsuite name="src/stores/__tests__/utils.test.ts" timestamp="2025-08-10T08:32:00.817Z" hostname="DESKTOP-CSMHNRS" tests="2" failures="0" errors="0" skipped="0" time="0.048">
        <testcase classname="src/stores/__tests__/utils.test.ts" name="createAsyncResource &gt; updates state on success" time="0.025">
        </testcase>
        <testcase classname="src/stores/__tests__/utils.test.ts" name="createAsyncResource &gt; handles errors" time="0.01">
        </testcase>
    </testsuite>
    <testsuite name="src/components/Admin/__tests__/OverviewSection.test.tsx" timestamp="2025-08-10T08:32:00.820Z" hostname="DESKTOP-CSMHNRS" tests="22" failures="0" errors="0" skipped="0" time="11.791">
        <testcase classname="src/components/Admin/__tests__/OverviewSection.test.tsx" name="OverviewSection &gt; Loading States &gt; should show loading skeleton when data is loading" time="0.126">
            <system-err>
Warning: `ReactDOMTestUtils.act` is deprecated in favor of `React.act`. Import `act` from `react` instead of `react-dom/test-utils`. See https://react.dev/warnings/react-dom-test-utils for more info.

            </system-err>
        </testcase>
        <testcase classname="src/components/Admin/__tests__/OverviewSection.test.tsx" name="OverviewSection &gt; Loading States &gt; should not show loading skeleton when data exists" time="0.459">
        </testcase>
        <testcase classname="src/components/Admin/__tests__/OverviewSection.test.tsx" name="OverviewSection &gt; System Statistics Display &gt; should display system statistics correctly" time="0.369">
        </testcase>
        <testcase classname="src/components/Admin/__tests__/OverviewSection.test.tsx" name="OverviewSection &gt; System Statistics Display &gt; should handle missing data gracefully" time="0.313">
        </testcase>
        <testcase classname="src/components/Admin/__tests__/OverviewSection.test.tsx" name="OverviewSection &gt; System Statistics Display &gt; should display progress bars with correct percentages" time="0.458">
        </testcase>
        <testcase classname="src/components/Admin/__tests__/OverviewSection.test.tsx" name="OverviewSection &gt; System Health Indicators &gt; should show green indicators for healthy metrics" time="1.868">
        </testcase>
        <testcase classname="src/components/Admin/__tests__/OverviewSection.test.tsx" name="OverviewSection &gt; System Health Indicators &gt; should show warning indicators for medium usage" time="0.121">
        </testcase>
        <testcase classname="src/components/Admin/__tests__/OverviewSection.test.tsx" name="OverviewSection &gt; System Health Indicators &gt; should show critical indicators for high usage" time="0.219">
        </testcase>
        <testcase classname="src/components/Admin/__tests__/OverviewSection.test.tsx" name="OverviewSection &gt; Performance Metrics &gt; should display performance metrics correctly" time="0.257">
        </testcase>
        <testcase classname="src/components/Admin/__tests__/OverviewSection.test.tsx" name="OverviewSection &gt; Performance Metrics &gt; should handle null values in metrics" time="0.241">
        </testcase>
        <testcase classname="src/components/Admin/__tests__/OverviewSection.test.tsx" name="OverviewSection &gt; User Activity Section &gt; should display user activity when data is available" time="0.452">
        </testcase>
        <testcase classname="src/components/Admin/__tests__/OverviewSection.test.tsx" name="OverviewSection &gt; User Activity Section &gt; should not show user activity section when no data" time="0.266">
        </testcase>
        <testcase classname="src/components/Admin/__tests__/OverviewSection.test.tsx" name="OverviewSection &gt; User Activity Section &gt; should display activity summary correctly" time="0.669">
        </testcase>
        <testcase classname="src/components/Admin/__tests__/OverviewSection.test.tsx" name="OverviewSection &gt; User Activity Section &gt; should limit displayed users to 6" time="0.591">
        </testcase>
        <testcase classname="src/components/Admin/__tests__/OverviewSection.test.tsx" name="OverviewSection &gt; Error States &gt; should show unavailable message when no data is present" time="0.04">
        </testcase>
        <testcase classname="src/components/Admin/__tests__/OverviewSection.test.tsx" name="OverviewSection &gt; Error Boundary Integration &gt; should wrap content in error boundary" time="0.277">
        </testcase>
        <testcase classname="src/components/Admin/__tests__/OverviewSection.test.tsx" name="OverviewSection &gt; Error Boundary Integration &gt; should call fetchOverviewData when retry is clicked" time="0.789">
        </testcase>
        <testcase classname="src/components/Admin/__tests__/OverviewSection.test.tsx" name="OverviewSection &gt; Accessibility &gt; should have proper ARIA labels and roles" time="0.853">
        </testcase>
        <testcase classname="src/components/Admin/__tests__/OverviewSection.test.tsx" name="OverviewSection &gt; Accessibility &gt; should have keyboard accessible buttons" time="0.749">
        </testcase>
        <testcase classname="src/components/Admin/__tests__/OverviewSection.test.tsx" name="OverviewSection &gt; Data Formatting &gt; should format numbers with commas" time="0.892">
        </testcase>
        <testcase classname="src/components/Admin/__tests__/OverviewSection.test.tsx" name="OverviewSection &gt; Data Formatting &gt; should handle zero values correctly" time="0.936">
        </testcase>
        <testcase classname="src/components/Admin/__tests__/OverviewSection.test.tsx" name="OverviewSection &gt; Data Formatting &gt; should handle null/undefined values gracefully" time="0.822">
        </testcase>
    </testsuite>
    <testsuite name="src/components/AdminDashboard/__tests__/HealthTab.test.tsx" timestamp="2025-08-10T08:32:00.852Z" hostname="DESKTOP-CSMHNRS" tests="2" failures="0" errors="0" skipped="0" time="0.604">
        <testcase classname="src/components/AdminDashboard/__tests__/HealthTab.test.tsx" name="HealthTab &gt; shows system and database health when present" time="0.409">
            <system-err>
Warning: `ReactDOMTestUtils.act` is deprecated in favor of `React.act`. Import `act` from `react` instead of `react-dom/test-utils`. See https://react.dev/warnings/react-dom-test-utils for more info.

            </system-err>
        </testcase>
        <testcase classname="src/components/AdminDashboard/__tests__/HealthTab.test.tsx" name="HealthTab &gt; shows absent messages when health not available" time="0.158">
        </testcase>
    </testsuite>
    <testsuite name="src/components/AdminDashboard/__tests__/LogFilterForm.test.tsx" timestamp="2025-08-10T08:32:00.855Z" hostname="DESKTOP-CSMHNRS" tests="1" failures="0" errors="0" skipped="0" time="2.165">
        <testcase classname="src/components/AdminDashboard/__tests__/LogFilterForm.test.tsx" name="LogFilterForm &gt; triggers callbacks on user interactions" time="2.157">
            <system-err>
Warning: `ReactDOMTestUtils.act` is deprecated in favor of `React.act`. Import `act` from `react` instead of `react-dom/test-utils`. See https://react.dev/warnings/react-dom-test-utils for more info.

            </system-err>
        </testcase>
    </testsuite>
    <testsuite name="src/components/AdminDashboard/__tests__/LogsTab.filters.test.tsx" timestamp="2025-08-10T08:32:00.858Z" hostname="DESKTOP-CSMHNRS" tests="1" failures="1" errors="0" skipped="0" time="0.652">
        <testcase classname="src/components/AdminDashboard/__tests__/LogsTab.filters.test.tsx" name="LogsTab filters &gt; applies filters and refreshes logs" time="0.621">
            <system-err>
Warning: `ReactDOMTestUtils.act` is deprecated in favor of `React.act`. Import `act` from `react` instead of `react-dom/test-utils`. See https://react.dev/warnings/react-dom-test-utils for more info.
Error: Uncaught [TypeError: Cannot read properties of undefined (reading &apos;length&apos;)]
    at reportException (/home/alex/projects/fin-model/frontend/node_modules/.pnpm/jsdom@22.1.0/node_modules/jsdom/lib/jsdom/living/helpers/runtime-script-errors.js:66:24)
    at innerInvokeEventListeners (/home/alex/projects/fin-model/frontend/node_modules/.pnpm/jsdom@22.1.0/node_modules/jsdom/lib/jsdom/living/events/EventTarget-impl.js:353:9)
    at invokeEventListeners (/home/alex/projects/fin-model/frontend/node_modules/.pnpm/jsdom@22.1.0/node_modules/jsdom/lib/jsdom/living/events/EventTarget-impl.js:286:3)
    at HTMLUnknownElementImpl._dispatch (/home/alex/projects/fin-model/frontend/node_modules/.pnpm/jsdom@22.1.0/node_modules/jsdom/lib/jsdom/living/events/EventTarget-impl.js:233:9)
    at HTMLUnknownElementImpl.dispatchEvent (/home/alex/projects/fin-model/frontend/node_modules/.pnpm/jsdom@22.1.0/node_modules/jsdom/lib/jsdom/living/events/EventTarget-impl.js:104:17)
    at HTMLUnknownElement.dispatchEvent (/home/alex/projects/fin-model/frontend/node_modules/.pnpm/jsdom@22.1.0/node_modules/jsdom/lib/jsdom/living/generated/EventTarget.js:241:34)
    at Object.invokeGuardedCallbackDev (/home/alex/projects/fin-model/frontend/node_modules/.pnpm/react-dom@18.3.1_react@18.3.1/node_modules/react-dom/cjs/react-dom.development.js:4213:16)
    at invokeGuardedCallback (/home/alex/projects/fin-model/frontend/node_modules/.pnpm/react-dom@18.3.1_react@18.3.1/node_modules/react-dom/cjs/react-dom.development.js:4277:31)
    at beginWork$1 (/home/alex/projects/fin-model/frontend/node_modules/.pnpm/react-dom@18.3.1_react@18.3.1/node_modules/react-dom/cjs/react-dom.development.js:27490:7)
    at performUnitOfWork (/home/alex/projects/fin-model/frontend/node_modules/.pnpm/react-dom@18.3.1_react@18.3.1/node_modules/react-dom/cjs/react-dom.development.js:26599:12) TypeError: Cannot read properties of undefined (reading &apos;length&apos;)
    at LogsTab [90m(/home/alex/projects/fin-model/frontend/[39msrc/components/AdminDashboard/LogsTab.tsx:37:20[90m)[39m
    at renderWithHooks [90m(/home/alex/projects/fin-model/frontend/[39mnode_modules/[4m.pnpm[24m/react-dom@18.3.1_react@18.3.1/node_modules/[4mreact-dom[24m/cjs/react-dom.development.js:15486:18[90m)[39m
    at mountIndeterminateComponent [90m(/home/alex/projects/fin-model/frontend/[39mnode_modules/[4m.pnpm[24m/react-dom@18.3.1_react@18.3.1/node_modules/[4mreact-dom[24m/cjs/react-dom.development.js:20103:13[90m)[39m
    at beginWork [90m(/home/alex/projects/fin-model/frontend/[39mnode_modules/[4m.pnpm[24m/react-dom@18.3.1_react@18.3.1/node_modules/[4mreact-dom[24m/cjs/react-dom.development.js:21626:16[90m)[39m
    at HTMLUnknownElement.callCallback [90m(/home/alex/projects/fin-model/frontend/[39mnode_modules/[4m.pnpm[24m/react-dom@18.3.1_react@18.3.1/node_modules/[4mreact-dom[24m/cjs/react-dom.development.js:4164:14[90m)[39m
    at HTMLUnknownElement.callTheUserObjectsOperation [90m(/home/alex/projects/fin-model/frontend/[39mnode_modules/[4m.pnpm[24m/jsdom@22.1.0/node_modules/[4mjsdom[24m/lib/jsdom/living/generated/EventListener.js:26:30[90m)[39m
    at innerInvokeEventListeners [90m(/home/alex/projects/fin-model/frontend/[39mnode_modules/[4m.pnpm[24m/jsdom@22.1.0/node_modules/[4mjsdom[24m/lib/jsdom/living/events/EventTarget-impl.js:350:25[90m)[39m
    at invokeEventListeners [90m(/home/alex/projects/fin-model/frontend/[39mnode_modules/[4m.pnpm[24m/jsdom@22.1.0/node_modules/[4mjsdom[24m/lib/jsdom/living/events/EventTarget-impl.js:286:3[90m)[39m
    at HTMLUnknownElementImpl._dispatch [90m(/home/alex/projects/fin-model/frontend/[39mnode_modules/[4m.pnpm[24m/jsdom@22.1.0/node_modules/[4mjsdom[24m/lib/jsdom/living/events/EventTarget-impl.js:233:9[90m)[39m
    at HTMLUnknownElementImpl.dispatchEvent [90m(/home/alex/projects/fin-model/frontend/[39mnode_modules/[4m.pnpm[24m/jsdom@22.1.0/node_modules/[4mjsdom[24m/lib/jsdom/living/events/EventTarget-impl.js:104:17[90m)[39m
Error: Uncaught [TypeError: Cannot read properties of undefined (reading &apos;length&apos;)]
    at reportException (/home/alex/projects/fin-model/frontend/node_modules/.pnpm/jsdom@22.1.0/node_modules/jsdom/lib/jsdom/living/helpers/runtime-script-errors.js:66:24)
    at innerInvokeEventListeners (/home/alex/projects/fin-model/frontend/node_modules/.pnpm/jsdom@22.1.0/node_modules/jsdom/lib/jsdom/living/events/EventTarget-impl.js:353:9)
    at invokeEventListeners (/home/alex/projects/fin-model/frontend/node_modules/.pnpm/jsdom@22.1.0/node_modules/jsdom/lib/jsdom/living/events/EventTarget-impl.js:286:3)
    at HTMLUnknownElementImpl._dispatch (/home/alex/projects/fin-model/frontend/node_modules/.pnpm/jsdom@22.1.0/node_modules/jsdom/lib/jsdom/living/events/EventTarget-impl.js:233:9)
    at HTMLUnknownElementImpl.dispatchEvent (/home/alex/projects/fin-model/frontend/node_modules/.pnpm/jsdom@22.1.0/node_modules/jsdom/lib/jsdom/living/events/EventTarget-impl.js:104:17)
    at HTMLUnknownElement.dispatchEvent (/home/alex/projects/fin-model/frontend/node_modules/.pnpm/jsdom@22.1.0/node_modules/jsdom/lib/jsdom/living/generated/EventTarget.js:241:34)
    at Object.invokeGuardedCallbackDev (/home/alex/projects/fin-model/frontend/node_modules/.pnpm/react-dom@18.3.1_react@18.3.1/node_modules/react-dom/cjs/react-dom.development.js:4213:16)
    at invokeGuardedCallback (/home/alex/projects/fin-model/frontend/node_modules/.pnpm/react-dom@18.3.1_react@18.3.1/node_modules/react-dom/cjs/react-dom.development.js:4277:31)
    at beginWork$1 (/home/alex/projects/fin-model/frontend/node_modules/.pnpm/react-dom@18.3.1_react@18.3.1/node_modules/react-dom/cjs/react-dom.development.js:27490:7)
    at performUnitOfWork (/home/alex/projects/fin-model/frontend/node_modules/.pnpm/react-dom@18.3.1_react@18.3.1/node_modules/react-dom/cjs/react-dom.development.js:26599:12) TypeError: Cannot read properties of undefined (reading &apos;length&apos;)
    at LogsTab [90m(/home/alex/projects/fin-model/frontend/[39msrc/components/AdminDashboard/LogsTab.tsx:37:20[90m)[39m
    at renderWithHooks [90m(/home/alex/projects/fin-model/frontend/[39mnode_modules/[4m.pnpm[24m/react-dom@18.3.1_react@18.3.1/node_modules/[4mreact-dom[24m/cjs/react-dom.development.js:15486:18[90m)[39m
    at mountIndeterminateComponent [90m(/home/alex/projects/fin-model/frontend/[39mnode_modules/[4m.pnpm[24m/react-dom@18.3.1_react@18.3.1/node_modules/[4mreact-dom[24m/cjs/react-dom.development.js:20103:13[90m)[39m
    at beginWork [90m(/home/alex/projects/fin-model/frontend/[39mnode_modules/[4m.pnpm[24m/react-dom@18.3.1_react@18.3.1/node_modules/[4mreact-dom[24m/cjs/react-dom.development.js:21626:16[90m)[39m
    at HTMLUnknownElement.callCallback [90m(/home/alex/projects/fin-model/frontend/[39mnode_modules/[4m.pnpm[24m/react-dom@18.3.1_react@18.3.1/node_modules/[4mreact-dom[24m/cjs/react-dom.development.js:4164:14[90m)[39m
    at HTMLUnknownElement.callTheUserObjectsOperation [90m(/home/alex/projects/fin-model/frontend/[39mnode_modules/[4m.pnpm[24m/jsdom@22.1.0/node_modules/[4mjsdom[24m/lib/jsdom/living/generated/EventListener.js:26:30[90m)[39m
    at innerInvokeEventListeners [90m(/home/alex/projects/fin-model/frontend/[39mnode_modules/[4m.pnpm[24m/jsdom@22.1.0/node_modules/[4mjsdom[24m/lib/jsdom/living/events/EventTarget-impl.js:350:25[90m)[39m
    at invokeEventListeners [90m(/home/alex/projects/fin-model/frontend/[39mnode_modules/[4m.pnpm[24m/jsdom@22.1.0/node_modules/[4mjsdom[24m/lib/jsdom/living/events/EventTarget-impl.js:286:3[90m)[39m
    at HTMLUnknownElementImpl._dispatch [90m(/home/alex/projects/fin-model/frontend/[39mnode_modules/[4m.pnpm[24m/jsdom@22.1.0/node_modules/[4mjsdom[24m/lib/jsdom/living/events/EventTarget-impl.js:233:9[90m)[39m
    at HTMLUnknownElementImpl.dispatchEvent [90m(/home/alex/projects/fin-model/frontend/[39mnode_modules/[4m.pnpm[24m/jsdom@22.1.0/node_modules/[4mjsdom[24m/lib/jsdom/living/events/EventTarget-impl.js:104:17[90m)[39m
The above error occurred in the &lt;LogsTab&gt; component:

    at LogsTab (/home/alex/projects/fin-model/frontend/src/components/AdminDashboard/LogsTab.tsx:52:45)

Consider adding an error boundary to your tree to customize error handling behavior.
Visit https://reactjs.org/link/error-boundaries to learn more about error boundaries.

            </system-err>
            <failure message="Cannot read properties of undefined (reading &apos;length&apos;)" type="TypeError">
TypeError: Cannot read properties of undefined (reading &apos;length&apos;)
 ❯ LogsTab src/components/AdminDashboard/LogsTab.tsx:37:20
 ❯ renderWithHooks node_modules/.pnpm/react-dom@18.3.1_react@18.3.1/node_modules/react-dom/cjs/react-dom.development.js:15486:18
 ❯ mountIndeterminateComponent node_modules/.pnpm/react-dom@18.3.1_react@18.3.1/node_modules/react-dom/cjs/react-dom.development.js:20103:13
 ❯ beginWork node_modules/.pnpm/react-dom@18.3.1_react@18.3.1/node_modules/react-dom/cjs/react-dom.development.js:21626:16
 ❯ beginWork$1 node_modules/.pnpm/react-dom@18.3.1_react@18.3.1/node_modules/react-dom/cjs/react-dom.development.js:27465:14
 ❯ performUnitOfWork node_modules/.pnpm/react-dom@18.3.1_react@18.3.1/node_modules/react-dom/cjs/react-dom.development.js:26599:12
 ❯ workLoopSync node_modules/.pnpm/react-dom@18.3.1_react@18.3.1/node_modules/react-dom/cjs/react-dom.development.js:26505:5
 ❯ renderRootSync node_modules/.pnpm/react-dom@18.3.1_react@18.3.1/node_modules/react-dom/cjs/react-dom.development.js:26473:7
 ❯ recoverFromConcurrentError node_modules/.pnpm/react-dom@18.3.1_react@18.3.1/node_modules/react-dom/cjs/react-dom.development.js:25889:20
 ❯ performConcurrentWorkOnRoot node_modules/.pnpm/react-dom@18.3.1_react@18.3.1/node_modules/react-dom/cjs/react-dom.development.js:25789:22
            </failure>
        </testcase>
    </testsuite>
    <testsuite name="src/components/AdminDashboard/__tests__/LogsTab.test.tsx" timestamp="2025-08-10T08:32:00.874Z" hostname="DESKTOP-CSMHNRS" tests="1" failures="1" errors="0" skipped="0" time="0.289">
        <testcase classname="src/components/AdminDashboard/__tests__/LogsTab.test.tsx" name="LogsTab &gt; renders logs and paging controls" time="0.152">
            <system-err>
Warning: `ReactDOMTestUtils.act` is deprecated in favor of `React.act`. Import `act` from `react` instead of `react-dom/test-utils`. See https://react.dev/warnings/react-dom-test-utils for more info.
Error: Uncaught [TypeError: Cannot read properties of undefined (reading &apos;length&apos;)]
    at reportException (/home/alex/projects/fin-model/frontend/node_modules/.pnpm/jsdom@22.1.0/node_modules/jsdom/lib/jsdom/living/helpers/runtime-script-errors.js:66:24)
    at innerInvokeEventListeners (/home/alex/projects/fin-model/frontend/node_modules/.pnpm/jsdom@22.1.0/node_modules/jsdom/lib/jsdom/living/events/EventTarget-impl.js:353:9)
    at invokeEventListeners (/home/alex/projects/fin-model/frontend/node_modules/.pnpm/jsdom@22.1.0/node_modules/jsdom/lib/jsdom/living/events/EventTarget-impl.js:286:3)
    at HTMLUnknownElementImpl._dispatch (/home/alex/projects/fin-model/frontend/node_modules/.pnpm/jsdom@22.1.0/node_modules/jsdom/lib/jsdom/living/events/EventTarget-impl.js:233:9)
    at HTMLUnknownElementImpl.dispatchEvent (/home/alex/projects/fin-model/frontend/node_modules/.pnpm/jsdom@22.1.0/node_modules/jsdom/lib/jsdom/living/events/EventTarget-impl.js:104:17)
    at HTMLUnknownElement.dispatchEvent (/home/alex/projects/fin-model/frontend/node_modules/.pnpm/jsdom@22.1.0/node_modules/jsdom/lib/jsdom/living/generated/EventTarget.js:241:34)
    at Object.invokeGuardedCallbackDev (/home/alex/projects/fin-model/frontend/node_modules/.pnpm/react-dom@18.3.1_react@18.3.1/node_modules/react-dom/cjs/react-dom.development.js:4213:16)
    at invokeGuardedCallback (/home/alex/projects/fin-model/frontend/node_modules/.pnpm/react-dom@18.3.1_react@18.3.1/node_modules/react-dom/cjs/react-dom.development.js:4277:31)
    at beginWork$1 (/home/alex/projects/fin-model/frontend/node_modules/.pnpm/react-dom@18.3.1_react@18.3.1/node_modules/react-dom/cjs/react-dom.development.js:27490:7)
    at performUnitOfWork (/home/alex/projects/fin-model/frontend/node_modules/.pnpm/react-dom@18.3.1_react@18.3.1/node_modules/react-dom/cjs/react-dom.development.js:26599:12) TypeError: Cannot read properties of undefined (reading &apos;length&apos;)
    at LogsTab [90m(/home/alex/projects/fin-model/frontend/[39msrc/components/AdminDashboard/LogsTab.tsx:37:20[90m)[39m
    at renderWithHooks [90m(/home/alex/projects/fin-model/frontend/[39mnode_modules/[4m.pnpm[24m/react-dom@18.3.1_react@18.3.1/node_modules/[4mreact-dom[24m/cjs/react-dom.development.js:15486:18[90m)[39m
    at mountIndeterminateComponent [90m(/home/alex/projects/fin-model/frontend/[39mnode_modules/[4m.pnpm[24m/react-dom@18.3.1_react@18.3.1/node_modules/[4mreact-dom[24m/cjs/react-dom.development.js:20103:13[90m)[39m
    at beginWork [90m(/home/alex/projects/fin-model/frontend/[39mnode_modules/[4m.pnpm[24m/react-dom@18.3.1_react@18.3.1/node_modules/[4mreact-dom[24m/cjs/react-dom.development.js:21626:16[90m)[39m
    at HTMLUnknownElement.callCallback [90m(/home/alex/projects/fin-model/frontend/[39mnode_modules/[4m.pnpm[24m/react-dom@18.3.1_react@18.3.1/node_modules/[4mreact-dom[24m/cjs/react-dom.development.js:4164:14[90m)[39m
    at HTMLUnknownElement.callTheUserObjectsOperation [90m(/home/alex/projects/fin-model/frontend/[39mnode_modules/[4m.pnpm[24m/jsdom@22.1.0/node_modules/[4mjsdom[24m/lib/jsdom/living/generated/EventListener.js:26:30[90m)[39m
    at innerInvokeEventListeners [90m(/home/alex/projects/fin-model/frontend/[39mnode_modules/[4m.pnpm[24m/jsdom@22.1.0/node_modules/[4mjsdom[24m/lib/jsdom/living/events/EventTarget-impl.js:350:25[90m)[39m
    at invokeEventListeners [90m(/home/alex/projects/fin-model/frontend/[39mnode_modules/[4m.pnpm[24m/jsdom@22.1.0/node_modules/[4mjsdom[24m/lib/jsdom/living/events/EventTarget-impl.js:286:3[90m)[39m
    at HTMLUnknownElementImpl._dispatch [90m(/home/alex/projects/fin-model/frontend/[39mnode_modules/[4m.pnpm[24m/jsdom@22.1.0/node_modules/[4mjsdom[24m/lib/jsdom/living/events/EventTarget-impl.js:233:9[90m)[39m
    at HTMLUnknownElementImpl.dispatchEvent [90m(/home/alex/projects/fin-model/frontend/[39mnode_modules/[4m.pnpm[24m/jsdom@22.1.0/node_modules/[4mjsdom[24m/lib/jsdom/living/events/EventTarget-impl.js:104:17[90m)[39m
Error: Uncaught [TypeError: Cannot read properties of undefined (reading &apos;length&apos;)]
    at reportException (/home/alex/projects/fin-model/frontend/node_modules/.pnpm/jsdom@22.1.0/node_modules/jsdom/lib/jsdom/living/helpers/runtime-script-errors.js:66:24)
    at innerInvokeEventListeners (/home/alex/projects/fin-model/frontend/node_modules/.pnpm/jsdom@22.1.0/node_modules/jsdom/lib/jsdom/living/events/EventTarget-impl.js:353:9)
    at invokeEventListeners (/home/alex/projects/fin-model/frontend/node_modules/.pnpm/jsdom@22.1.0/node_modules/jsdom/lib/jsdom/living/events/EventTarget-impl.js:286:3)
    at HTMLUnknownElementImpl._dispatch (/home/alex/projects/fin-model/frontend/node_modules/.pnpm/jsdom@22.1.0/node_modules/jsdom/lib/jsdom/living/events/EventTarget-impl.js:233:9)
    at HTMLUnknownElementImpl.dispatchEvent (/home/alex/projects/fin-model/frontend/node_modules/.pnpm/jsdom@22.1.0/node_modules/jsdom/lib/jsdom/living/events/EventTarget-impl.js:104:17)
    at HTMLUnknownElement.dispatchEvent (/home/alex/projects/fin-model/frontend/node_modules/.pnpm/jsdom@22.1.0/node_modules/jsdom/lib/jsdom/living/generated/EventTarget.js:241:34)
    at Object.invokeGuardedCallbackDev (/home/alex/projects/fin-model/frontend/node_modules/.pnpm/react-dom@18.3.1_react@18.3.1/node_modules/react-dom/cjs/react-dom.development.js:4213:16)
    at invokeGuardedCallback (/home/alex/projects/fin-model/frontend/node_modules/.pnpm/react-dom@18.3.1_react@18.3.1/node_modules/react-dom/cjs/react-dom.development.js:4277:31)
    at beginWork$1 (/home/alex/projects/fin-model/frontend/node_modules/.pnpm/react-dom@18.3.1_react@18.3.1/node_modules/react-dom/cjs/react-dom.development.js:27490:7)
    at performUnitOfWork (/home/alex/projects/fin-model/frontend/node_modules/.pnpm/react-dom@18.3.1_react@18.3.1/node_modules/react-dom/cjs/react-dom.development.js:26599:12) TypeError: Cannot read properties of undefined (reading &apos;length&apos;)
    at LogsTab [90m(/home/alex/projects/fin-model/frontend/[39msrc/components/AdminDashboard/LogsTab.tsx:37:20[90m)[39m
    at renderWithHooks [90m(/home/alex/projects/fin-model/frontend/[39mnode_modules/[4m.pnpm[24m/react-dom@18.3.1_react@18.3.1/node_modules/[4mreact-dom[24m/cjs/react-dom.development.js:15486:18[90m)[39m
    at mountIndeterminateComponent [90m(/home/alex/projects/fin-model/frontend/[39mnode_modules/[4m.pnpm[24m/react-dom@18.3.1_react@18.3.1/node_modules/[4mreact-dom[24m/cjs/react-dom.development.js:20103:13[90m)[39m
    at beginWork [90m(/home/alex/projects/fin-model/frontend/[39mnode_modules/[4m.pnpm[24m/react-dom@18.3.1_react@18.3.1/node_modules/[4mreact-dom[24m/cjs/react-dom.development.js:21626:16[90m)[39m
    at HTMLUnknownElement.callCallback [90m(/home/alex/projects/fin-model/frontend/[39mnode_modules/[4m.pnpm[24m/react-dom@18.3.1_react@18.3.1/node_modules/[4mreact-dom[24m/cjs/react-dom.development.js:4164:14[90m)[39m
    at HTMLUnknownElement.callTheUserObjectsOperation [90m(/home/alex/projects/fin-model/frontend/[39mnode_modules/[4m.pnpm[24m/jsdom@22.1.0/node_modules/[4mjsdom[24m/lib/jsdom/living/generated/EventListener.js:26:30[90m)[39m
    at innerInvokeEventListeners [90m(/home/alex/projects/fin-model/frontend/[39mnode_modules/[4m.pnpm[24m/jsdom@22.1.0/node_modules/[4mjsdom[24m/lib/jsdom/living/events/EventTarget-impl.js:350:25[90m)[39m
    at invokeEventListeners [90m(/home/alex/projects/fin-model/frontend/[39mnode_modules/[4m.pnpm[24m/jsdom@22.1.0/node_modules/[4mjsdom[24m/lib/jsdom/living/events/EventTarget-impl.js:286:3[90m)[39m
    at HTMLUnknownElementImpl._dispatch [90m(/home/alex/projects/fin-model/frontend/[39mnode_modules/[4m.pnpm[24m/jsdom@22.1.0/node_modules/[4mjsdom[24m/lib/jsdom/living/events/EventTarget-impl.js:233:9[90m)[39m
    at HTMLUnknownElementImpl.dispatchEvent [90m(/home/alex/projects/fin-model/frontend/[39mnode_modules/[4m.pnpm[24m/jsdom@22.1.0/node_modules/[4mjsdom[24m/lib/jsdom/living/events/EventTarget-impl.js:104:17[90m)[39m
The above error occurred in the &lt;LogsTab&gt; component:

    at LogsTab (/home/alex/projects/fin-model/frontend/src/components/AdminDashboard/LogsTab.tsx:52:45)

Consider adding an error boundary to your tree to customize error handling behavior.
Visit https://reactjs.org/link/error-boundaries to learn more about error boundaries.

            </system-err>
            <failure message="Cannot read properties of undefined (reading &apos;length&apos;)" type="TypeError">
TypeError: Cannot read properties of undefined (reading &apos;length&apos;)
 ❯ LogsTab src/components/AdminDashboard/LogsTab.tsx:37:20
 ❯ renderWithHooks node_modules/.pnpm/react-dom@18.3.1_react@18.3.1/node_modules/react-dom/cjs/react-dom.development.js:15486:18
 ❯ mountIndeterminateComponent node_modules/.pnpm/react-dom@18.3.1_react@18.3.1/node_modules/react-dom/cjs/react-dom.development.js:20103:13
 ❯ beginWork node_modules/.pnpm/react-dom@18.3.1_react@18.3.1/node_modules/react-dom/cjs/react-dom.development.js:21626:16
 ❯ beginWork$1 node_modules/.pnpm/react-dom@18.3.1_react@18.3.1/node_modules/react-dom/cjs/react-dom.development.js:27465:14
 ❯ performUnitOfWork node_modules/.pnpm/react-dom@18.3.1_react@18.3.1/node_modules/react-dom/cjs/react-dom.development.js:26599:12
 ❯ workLoopSync node_modules/.pnpm/react-dom@18.3.1_react@18.3.1/node_modules/react-dom/cjs/react-dom.development.js:26505:5
 ❯ renderRootSync node_modules/.pnpm/react-dom@18.3.1_react@18.3.1/node_modules/react-dom/cjs/react-dom.development.js:26473:7
 ❯ recoverFromConcurrentError node_modules/.pnpm/react-dom@18.3.1_react@18.3.1/node_modules/react-dom/cjs/react-dom.development.js:25889:20
 ❯ performConcurrentWorkOnRoot node_modules/.pnpm/react-dom@18.3.1_react@18.3.1/node_modules/react-dom/cjs/react-dom.development.js:25789:22
            </failure>
        </testcase>
    </testsuite>
    <testsuite name="src/components/AdminDashboard/__tests__/OverviewTab.metrics-alerts.test.tsx" timestamp="2025-08-10T08:32:00.883Z" hostname="DESKTOP-CSMHNRS" tests="1" failures="0" errors="0" skipped="0" time="0.606">
        <testcase classname="src/components/AdminDashboard/__tests__/OverviewTab.metrics-alerts.test.tsx" name="OverviewTab metrics alerts &gt; shows High Memory Usage and Disk Usage alerts" time="0.586">
            <system-err>
Warning: `ReactDOMTestUtils.act` is deprecated in favor of `React.act`. Import `act` from `react` instead of `react-dom/test-utils`. See https://react.dev/warnings/react-dom-test-utils for more info.

            </system-err>
        </testcase>
    </testsuite>
    <testsuite name="src/components/ui/__tests__/ConfirmDialog.test.tsx" timestamp="2025-08-10T08:32:00.886Z" hostname="DESKTOP-CSMHNRS" tests="1" failures="0" errors="0" skipped="0" time="0.442">
        <testcase classname="src/components/ui/__tests__/ConfirmDialog.test.tsx" name="ConfirmDialog &gt; is accessible and handles confirmation" time="0.436">
            <system-err>
Warning: `ReactDOMTestUtils.act` is deprecated in favor of `React.act`. Import `act` from `react` instead of `react-dom/test-utils`. See https://react.dev/warnings/react-dom-test-utils for more info.

            </system-err>
        </testcase>
    </testsuite>
</testsuites>
